Traceback (most recent call last):
  File "<string>", line 1, in <module>
ImportError: cannot import name 'UIConstants' from 'src.common.constants' (C:\Users\darkzard05\hy\rag-system-ollama\src\common\constants.py)
