============================= test session starts =============================
platform win32 -- Python 3.12.7, pytest-9.0.2, pluggy-1.6.0
rootdir: C:\Users\darkzard05\hy\rag-system-ollama
configfile: pyproject.toml
plugins: asyncio-1.3.0, anyio-4.2.0, langsmith-0.7.1, cov-7.0.0, mock-3.15.1
asyncio: mode=Mode.AUTO, debug=False, asyncio_default_fixture_loop_scope=function, asyncio_default_test_loop_scope=function
collected 1 item

tests\unit\test_graph_flow.py F                                          [100%]

================================== FAILURES ===================================
________________________ test_workflow_cache_hit_path _________________________

compiled_workflow = <langgraph.graph.state.CompiledStateGraph object at 0x0000018F11049CA0>
mock_llm = (<MagicMock id='1713969291168'>, <AsyncMock name='mock.with_structured_output()' id='1713977623136'>)

    @pytest.mark.asyncio
    async def test_workflow_cache_hit_path(compiled_workflow, mock_llm):
        """캐시 적중 시 즉시 종료 테스트"""
        llm, structured_llm = mock_llm
    
        with patch("core.graph_builder.get_response_cache") as mock_cache_factory:
            mock_cache = AsyncMock()
            # cached_res.response 속성을 가진 객체 모사
            mock_res = MagicMock()
            mock_res.response = "캐시된 결과"
            mock_res.metadata = {"thought": "캐시된 생각"}
    
            mock_cache.get.return_value = mock_res
            mock_cache_factory.return_value = mock_cache
    
            config = {"configurable": {"llm": llm, "thread_id": "test_thread_cache"}}
            inputs = {"input": "테스트", "chat_history": []}
    
            # Execute
>           result = await compiled_workflow.ainvoke(inputs, config=config)
                     ^^^^^^^^^^^^^^^^^^^^^^^^^^^^^^^^^^^^^^^^^^^^^^^^^^^^^^

tests\unit\test_graph_flow.py:176: 
_ _ _ _ _ _ _ _ _ _ _ _ _ _ _ _ _ _ _ _ _ _ _ _ _ _ _ _ _ _ _ _ _ _ _ _ _ _ _ _
C:\ProgramData\anaconda3\Lib\site-packages\langgraph\pregel\main.py:3161: in ainvoke
    async for chunk in self.astream(
C:\ProgramData\anaconda3\Lib\site-packages\langgraph\pregel\main.py:2891: in astream
    async with AsyncPregelLoop(
C:\ProgramData\anaconda3\Lib\site-packages\langgraph\pregel\_loop.py:1323: in __aexit__
    return await exit_task
           ^^^^^^^^^^^^^^^
C:\ProgramData\anaconda3\Lib\contextlib.py:754: in __aexit__
    raise exc_details[1]
C:\ProgramData\anaconda3\Lib\contextlib.py:737: in __aexit__
    cb_suppress = await cb(*exc_details)
                  ^^^^^^^^^^^^^^^^^^^^^^
C:\ProgramData\anaconda3\Lib\site-packages\langgraph\pregel\_executor.py:209: in __aexit__
    raise exc
C:\ProgramData\anaconda3\Lib\site-packages\langgraph\checkpoint\memory\__init__.py:505: in aput_writes
    return self.put_writes(config, writes, task_id, task_path)
           ^^^^^^^^^^^^^^^^^^^^^^^^^^^^^^^^^^^^^^^^^^^^^^^^^^^
C:\ProgramData\anaconda3\Lib\site-packages\langgraph\checkpoint\memory\__init__.py:406: in put_writes
    self.serde.dumps_typed(v),
    ^^^^^^^^^^^^^^^^^^^^^^^^^
C:\ProgramData\anaconda3\Lib\site-packages\langgraph\checkpoint\serde\jsonplus.py:191: in dumps_typed
    raise exc
C:\ProgramData\anaconda3\Lib\site-packages\langgraph\checkpoint\serde\jsonplus.py:187: in dumps_typed
    return "msgpack", _msgpack_enc(obj)
                      ^^^^^^^^^^^^^^^^^
_ _ _ _ _ _ _ _ _ _ _ _ _ _ _ _ _ _ _ _ _ _ _ _ _ _ _ _ _ _ _ _ _ _ _ _ _ _ _ _

data = 18446744073709551616

    def _msgpack_enc(data: Any) -> bytes:
>       return ormsgpack.packb(data, default=_msgpack_default, option=_option)
               ^^^^^^^^^^^^^^^^^^^^^^^^^^^^^^^^^^^^^^^^^^^^^^^^^^^^^^^^^^^^^^^
E       TypeError: Integer exceeds 64-bit range

C:\ProgramData\anaconda3\Lib\site-packages\langgraph\checkpoint\serde\jsonplus.py:650: TypeError
------------------------------ Captured log call ------------------------------
ERROR    core.graph_builder:graph_builder.py:124 LLM 호출 중 오류 발생: expected string or bytes-like object, got 'AsyncMock'
WARNING  core.graph_builder:graph_builder.py:542 [RAG] [REWRITE] 모든 시도 실패, 원본 유지: expected string or bytes-like object, got 'AsyncMock'
ERROR    core.graph_builder:graph_builder.py:124 LLM 호출 중 오류 발생: expected string or bytes-like object, got 'AsyncMock'
WARNING  core.graph_builder:graph_builder.py:542 [RAG] [REWRITE] 모든 시도 실패, 원본 유지: expected string or bytes-like object, got 'AsyncMock'
ERROR    core.graph_builder:graph_builder.py:124 LLM 호출 중 오류 발생: expected string or bytes-like object, got 'AsyncMock'
WARNING  core.graph_builder:graph_builder.py:542 [RAG] [REWRITE] 모든 시도 실패, 원본 유지: expected string or bytes-like object, got 'AsyncMock'
ERROR    core.graph_builder:graph_builder.py:124 LLM 호출 중 오류 발생: expected string or bytes-like object, got 'AsyncMock'
WARNING  core.graph_builder:graph_builder.py:542 [RAG] [REWRITE] 모든 시도 실패, 원본 유지: expected string or bytes-like object, got 'AsyncMock'
ERROR    core.graph_builder:graph_builder.py:124 LLM 호출 중 오류 발생: expected string or bytes-like object, got 'AsyncMock'
WARNING  core.graph_builder:graph_builder.py:542 [RAG] [REWRITE] 모든 시도 실패, 원본 유지: expected string or bytes-like object, got 'AsyncMock'
ERROR    core.graph_builder:graph_builder.py:124 LLM 호출 중 오류 발생: expected string or bytes-like object, got 'AsyncMock'
WARNING  core.graph_builder:graph_builder.py:542 [RAG] [REWRITE] 모든 시도 실패, 원본 유지: expected string or bytes-like object, got 'AsyncMock'
ERROR    core.graph_builder:graph_builder.py:124 LLM 호출 중 오류 발생: expected string or bytes-like object, got 'AsyncMock'
WARNING  core.graph_builder:graph_builder.py:542 [RAG] [REWRITE] 모든 시도 실패, 원본 유지: expected string or bytes-like object, got 'AsyncMock'
ERROR    core.graph_builder:graph_builder.py:124 LLM 호출 중 오류 발생: expected string or bytes-like object, got 'AsyncMock'
WARNING  core.graph_builder:graph_builder.py:542 [RAG] [REWRITE] 모든 시도 실패, 원본 유지: expected string or bytes-like object, got 'AsyncMock'
ERROR    core.graph_builder:graph_builder.py:124 LLM 호출 중 오류 발생: expected string or bytes-like object, got 'AsyncMock'
WARNING  core.graph_builder:graph_builder.py:542 [RAG] [REWRITE] 모든 시도 실패, 원본 유지: expected string or bytes-like object, got 'AsyncMock'
ERROR    core.graph_builder:graph_builder.py:124 LLM 호출 중 오류 발생: expected string or bytes-like object, got 'AsyncMock'
WARNING  core.graph_builder:graph_builder.py:542 [RAG] [REWRITE] 모든 시도 실패, 원본 유지: expected string or bytes-like object, got 'AsyncMock'
ERROR    core.graph_builder:graph_builder.py:124 LLM 호출 중 오류 발생: expected string or bytes-like object, got 'AsyncMock'
WARNING  core.graph_builder:graph_builder.py:542 [RAG] [REWRITE] 모든 시도 실패, 원본 유지: expected string or bytes-like object, got 'AsyncMock'
ERROR    core.graph_builder:graph_builder.py:124 LLM 호출 중 오류 발생: expected string or bytes-like object, got 'AsyncMock'
WARNING  core.graph_builder:graph_builder.py:542 [RAG] [REWRITE] 모든 시도 실패, 원본 유지: expected string or bytes-like object, got 'AsyncMock'
ERROR    core.graph_builder:graph_builder.py:124 LLM 호출 중 오류 발생: expected string or bytes-like object, got 'AsyncMock'
WARNING  core.graph_builder:graph_builder.py:542 [RAG] [REWRITE] 모든 시도 실패, 원본 유지: expected string or bytes-like object, got 'AsyncMock'
ERROR    core.graph_builder:graph_builder.py:124 LLM 호출 중 오류 발생: expected string or bytes-like object, got 'AsyncMock'
WARNING  core.graph_builder:graph_builder.py:542 [RAG] [REWRITE] 모든 시도 실패, 원본 유지: expected string or bytes-like object, got 'AsyncMock'
ERROR    core.graph_builder:graph_builder.py:124 LLM 호출 중 오류 발생: expected string or bytes-like object, got 'AsyncMock'
WARNING  core.graph_builder:graph_builder.py:542 [RAG] [REWRITE] 모든 시도 실패, 원본 유지: expected string or bytes-like object, got 'AsyncMock'
ERROR    core.graph_builder:graph_builder.py:124 LLM 호출 중 오류 발생: expected string or bytes-like object, got 'AsyncMock'
WARNING  core.graph_builder:graph_builder.py:542 [RAG] [REWRITE] 모든 시도 실패, 원본 유지: expected string or bytes-like object, got 'AsyncMock'
ERROR    core.graph_builder:graph_builder.py:124 LLM 호출 중 오류 발생: expected string or bytes-like object, got 'AsyncMock'
WARNING  core.graph_builder:graph_builder.py:542 [RAG] [REWRITE] 모든 시도 실패, 원본 유지: expected string or bytes-like object, got 'AsyncMock'
ERROR    core.graph_builder:graph_builder.py:124 LLM 호출 중 오류 발생: expected string or bytes-like object, got 'AsyncMock'
WARNING  core.graph_builder:graph_builder.py:542 [RAG] [REWRITE] 모든 시도 실패, 원본 유지: expected string or bytes-like object, got 'AsyncMock'
ERROR    core.graph_builder:graph_builder.py:124 LLM 호출 중 오류 발생: expected string or bytes-like object, got 'AsyncMock'
WARNING  core.graph_builder:graph_builder.py:542 [RAG] [REWRITE] 모든 시도 실패, 원본 유지: expected string or bytes-like object, got 'AsyncMock'
ERROR    core.graph_builder:graph_builder.py:124 LLM 호출 중 오류 발생: expected string or bytes-like object, got 'AsyncMock'
WARNING  core.graph_builder:graph_builder.py:542 [RAG] [REWRITE] 모든 시도 실패, 원본 유지: expected string or bytes-like object, got 'AsyncMock'
ERROR    core.graph_builder:graph_builder.py:124 LLM 호출 중 오류 발생: expected string or bytes-like object, got 'AsyncMock'
WARNING  core.graph_builder:graph_builder.py:542 [RAG] [REWRITE] 모든 시도 실패, 원본 유지: expected string or bytes-like object, got 'AsyncMock'
ERROR    core.graph_builder:graph_builder.py:124 LLM 호출 중 오류 발생: expected string or bytes-like object, got 'AsyncMock'
WARNING  core.graph_builder:graph_builder.py:542 [RAG] [REWRITE] 모든 시도 실패, 원본 유지: expected string or bytes-like object, got 'AsyncMock'
ERROR    core.graph_builder:graph_builder.py:124 LLM 호출 중 오류 발생: expected string or bytes-like object, got 'AsyncMock'
WARNING  core.graph_builder:graph_builder.py:542 [RAG] [REWRITE] 모든 시도 실패, 원본 유지: expected string or bytes-like object, got 'AsyncMock'
ERROR    core.graph_builder:graph_builder.py:124 LLM 호출 중 오류 발생: expected string or bytes-like object, got 'AsyncMock'
WARNING  core.graph_builder:graph_builder.py:542 [RAG] [REWRITE] 모든 시도 실패, 원본 유지: expected string or bytes-like object, got 'AsyncMock'
ERROR    core.graph_builder:graph_builder.py:124 LLM 호출 중 오류 발생: expected string or bytes-like object, got 'AsyncMock'
WARNING  core.graph_builder:graph_builder.py:542 [RAG] [REWRITE] 모든 시도 실패, 원본 유지: expected string or bytes-like object, got 'AsyncMock'
ERROR    core.graph_builder:graph_builder.py:124 LLM 호출 중 오류 발생: expected string or bytes-like object, got 'AsyncMock'
WARNING  core.graph_builder:graph_builder.py:542 [RAG] [REWRITE] 모든 시도 실패, 원본 유지: expected string or bytes-like object, got 'AsyncMock'
ERROR    core.graph_builder:graph_builder.py:124 LLM 호출 중 오류 발생: expected string or bytes-like object, got 'AsyncMock'
WARNING  core.graph_builder:graph_builder.py:542 [RAG] [REWRITE] 모든 시도 실패, 원본 유지: expected string or bytes-like object, got 'AsyncMock'
ERROR    core.graph_builder:graph_builder.py:124 LLM 호출 중 오류 발생: expected string or bytes-like object, got 'AsyncMock'
WARNING  core.graph_builder:graph_builder.py:542 [RAG] [REWRITE] 모든 시도 실패, 원본 유지: expected string or bytes-like object, got 'AsyncMock'
ERROR    core.graph_builder:graph_builder.py:124 LLM 호출 중 오류 발생: expected string or bytes-like object, got 'AsyncMock'
WARNING  core.graph_builder:graph_builder.py:542 [RAG] [REWRITE] 모든 시도 실패, 원본 유지: expected string or bytes-like object, got 'AsyncMock'
ERROR    core.graph_builder:graph_builder.py:124 LLM 호출 중 오류 발생: expected string or bytes-like object, got 'AsyncMock'
WARNING  core.graph_builder:graph_builder.py:542 [RAG] [REWRITE] 모든 시도 실패, 원본 유지: expected string or bytes-like object, got 'AsyncMock'
ERROR    core.graph_builder:graph_builder.py:124 LLM 호출 중 오류 발생: expected string or bytes-like object, got 'AsyncMock'
WARNING  core.graph_builder:graph_builder.py:542 [RAG] [REWRITE] 모든 시도 실패, 원본 유지: expected string or bytes-like object, got 'AsyncMock'
ERROR    core.graph_builder:graph_builder.py:124 LLM 호출 중 오류 발생: expected string or bytes-like object, got 'AsyncMock'
WARNING  core.graph_builder:graph_builder.py:542 [RAG] [REWRITE] 모든 시도 실패, 원본 유지: expected string or bytes-like object, got 'AsyncMock'
ERROR    core.graph_builder:graph_builder.py:124 LLM 호출 중 오류 발생: expected string or bytes-like object, got 'AsyncMock'
WARNING  core.graph_builder:graph_builder.py:542 [RAG] [REWRITE] 모든 시도 실패, 원본 유지: expected string or bytes-like object, got 'AsyncMock'
ERROR    core.graph_builder:graph_builder.py:124 LLM 호출 중 오류 발생: expected string or bytes-like object, got 'AsyncMock'
WARNING  core.graph_builder:graph_builder.py:542 [RAG] [REWRITE] 모든 시도 실패, 원본 유지: expected string or bytes-like object, got 'AsyncMock'
ERROR    core.graph_builder:graph_builder.py:124 LLM 호출 중 오류 발생: expected string or bytes-like object, got 'AsyncMock'
WARNING  core.graph_builder:graph_builder.py:542 [RAG] [REWRITE] 모든 시도 실패, 원본 유지: expected string or bytes-like object, got 'AsyncMock'
ERROR    core.graph_builder:graph_builder.py:124 LLM 호출 중 오류 발생: expected string or bytes-like object, got 'AsyncMock'
WARNING  core.graph_builder:graph_builder.py:542 [RAG] [REWRITE] 모든 시도 실패, 원본 유지: expected string or bytes-like object, got 'AsyncMock'
ERROR    core.graph_builder:graph_builder.py:124 LLM 호출 중 오류 발생: expected string or bytes-like object, got 'AsyncMock'
WARNING  core.graph_builder:graph_builder.py:542 [RAG] [REWRITE] 모든 시도 실패, 원본 유지: expected string or bytes-like object, got 'AsyncMock'
ERROR    core.graph_builder:graph_builder.py:124 LLM 호출 중 오류 발생: expected string or bytes-like object, got 'AsyncMock'
WARNING  core.graph_builder:graph_builder.py:542 [RAG] [REWRITE] 모든 시도 실패, 원본 유지: expected string or bytes-like object, got 'AsyncMock'
ERROR    core.graph_builder:graph_builder.py:124 LLM 호출 중 오류 발생: expected string or bytes-like object, got 'AsyncMock'
WARNING  core.graph_builder:graph_builder.py:542 [RAG] [REWRITE] 모든 시도 실패, 원본 유지: expected string or bytes-like object, got 'AsyncMock'
ERROR    core.graph_builder:graph_builder.py:124 LLM 호출 중 오류 발생: expected string or bytes-like object, got 'AsyncMock'
WARNING  core.graph_builder:graph_builder.py:542 [RAG] [REWRITE] 모든 시도 실패, 원본 유지: expected string or bytes-like object, got 'AsyncMock'
ERROR    core.graph_builder:graph_builder.py:124 LLM 호출 중 오류 발생: expected string or bytes-like object, got 'AsyncMock'
WARNING  core.graph_builder:graph_builder.py:542 [RAG] [REWRITE] 모든 시도 실패, 원본 유지: expected string or bytes-like object, got 'AsyncMock'
ERROR    core.graph_builder:graph_builder.py:124 LLM 호출 중 오류 발생: expected string or bytes-like object, got 'AsyncMock'
WARNING  core.graph_builder:graph_builder.py:542 [RAG] [REWRITE] 모든 시도 실패, 원본 유지: expected string or bytes-like object, got 'AsyncMock'
ERROR    core.graph_builder:graph_builder.py:124 LLM 호출 중 오류 발생: expected string or bytes-like object, got 'AsyncMock'
WARNING  core.graph_builder:graph_builder.py:542 [RAG] [REWRITE] 모든 시도 실패, 원본 유지: expected string or bytes-like object, got 'AsyncMock'
ERROR    core.graph_builder:graph_builder.py:124 LLM 호출 중 오류 발생: expected string or bytes-like object, got 'AsyncMock'
WARNING  core.graph_builder:graph_builder.py:542 [RAG] [REWRITE] 모든 시도 실패, 원본 유지: expected string or bytes-like object, got 'AsyncMock'
ERROR    core.graph_builder:graph_builder.py:124 LLM 호출 중 오류 발생: expected string or bytes-like object, got 'AsyncMock'
WARNING  core.graph_builder:graph_builder.py:542 [RAG] [REWRITE] 모든 시도 실패, 원본 유지: expected string or bytes-like object, got 'AsyncMock'
ERROR    core.graph_builder:graph_builder.py:124 LLM 호출 중 오류 발생: expected string or bytes-like object, got 'AsyncMock'
WARNING  core.graph_builder:graph_builder.py:542 [RAG] [REWRITE] 모든 시도 실패, 원본 유지: expected string or bytes-like object, got 'AsyncMock'
ERROR    core.graph_builder:graph_builder.py:124 LLM 호출 중 오류 발생: expected string or bytes-like object, got 'AsyncMock'
WARNING  core.graph_builder:graph_builder.py:542 [RAG] [REWRITE] 모든 시도 실패, 원본 유지: expected string or bytes-like object, got 'AsyncMock'
ERROR    core.graph_builder:graph_builder.py:124 LLM 호출 중 오류 발생: expected string or bytes-like object, got 'AsyncMock'
WARNING  core.graph_builder:graph_builder.py:542 [RAG] [REWRITE] 모든 시도 실패, 원본 유지: expected string or bytes-like object, got 'AsyncMock'
ERROR    core.graph_builder:graph_builder.py:124 LLM 호출 중 오류 발생: expected string or bytes-like object, got 'AsyncMock'
WARNING  core.graph_builder:graph_builder.py:542 [RAG] [REWRITE] 모든 시도 실패, 원본 유지: expected string or bytes-like object, got 'AsyncMock'
ERROR    core.graph_builder:graph_builder.py:124 LLM 호출 중 오류 발생: expected string or bytes-like object, got 'AsyncMock'
WARNING  core.graph_builder:graph_builder.py:542 [RAG] [REWRITE] 모든 시도 실패, 원본 유지: expected string or bytes-like object, got 'AsyncMock'
ERROR    core.graph_builder:graph_builder.py:124 LLM 호출 중 오류 발생: expected string or bytes-like object, got 'AsyncMock'
WARNING  core.graph_builder:graph_builder.py:542 [RAG] [REWRITE] 모든 시도 실패, 원본 유지: expected string or bytes-like object, got 'AsyncMock'
ERROR    core.graph_builder:graph_builder.py:124 LLM 호출 중 오류 발생: expected string or bytes-like object, got 'AsyncMock'
WARNING  core.graph_builder:graph_builder.py:542 [RAG] [REWRITE] 모든 시도 실패, 원본 유지: expected string or bytes-like object, got 'AsyncMock'
ERROR    core.graph_builder:graph_builder.py:124 LLM 호출 중 오류 발생: expected string or bytes-like object, got 'AsyncMock'
WARNING  core.graph_builder:graph_builder.py:542 [RAG] [REWRITE] 모든 시도 실패, 원본 유지: expected string or bytes-like object, got 'AsyncMock'
ERROR    core.graph_builder:graph_builder.py:124 LLM 호출 중 오류 발생: expected string or bytes-like object, got 'AsyncMock'
WARNING  core.graph_builder:graph_builder.py:542 [RAG] [REWRITE] 모든 시도 실패, 원본 유지: expected string or bytes-like object, got 'AsyncMock'
ERROR    core.graph_builder:graph_builder.py:124 LLM 호출 중 오류 발생: expected string or bytes-like object, got 'AsyncMock'
WARNING  core.graph_builder:graph_builder.py:542 [RAG] [REWRITE] 모든 시도 실패, 원본 유지: expected string or bytes-like object, got 'AsyncMock'
ERROR    core.graph_builder:graph_builder.py:124 LLM 호출 중 오류 발생: expected string or bytes-like object, got 'AsyncMock'
WARNING  core.graph_builder:graph_builder.py:542 [RAG] [REWRITE] 모든 시도 실패, 원본 유지: expected string or bytes-like object, got 'AsyncMock'
ERROR    core.graph_builder:graph_builder.py:124 LLM 호출 중 오류 발생: expected string or bytes-like object, got 'AsyncMock'
WARNING  core.graph_builder:graph_builder.py:542 [RAG] [REWRITE] 모든 시도 실패, 원본 유지: expected string or bytes-like object, got 'AsyncMock'
ERROR    core.graph_builder:graph_builder.py:124 LLM 호출 중 오류 발생: expected string or bytes-like object, got 'AsyncMock'
WARNING  core.graph_builder:graph_builder.py:542 [RAG] [REWRITE] 모든 시도 실패, 원본 유지: expected string or bytes-like object, got 'AsyncMock'
ERROR    core.graph_builder:graph_builder.py:124 LLM 호출 중 오류 발생: expected string or bytes-like object, got 'AsyncMock'
WARNING  core.graph_builder:graph_builder.py:542 [RAG] [REWRITE] 모든 시도 실패, 원본 유지: expected string or bytes-like object, got 'AsyncMock'
ERROR    core.graph_builder:graph_builder.py:124 LLM 호출 중 오류 발생: expected string or bytes-like object, got 'AsyncMock'
WARNING  core.graph_builder:graph_builder.py:542 [RAG] [REWRITE] 모든 시도 실패, 원본 유지: expected string or bytes-like object, got 'AsyncMock'
ERROR    core.graph_builder:graph_builder.py:124 LLM 호출 중 오류 발생: expected string or bytes-like object, got 'AsyncMock'
WARNING  core.graph_builder:graph_builder.py:542 [RAG] [REWRITE] 모든 시도 실패, 원본 유지: expected string or bytes-like object, got 'AsyncMock'
ERROR    core.graph_builder:graph_builder.py:124 LLM 호출 중 오류 발생: expected string or bytes-like object, got 'AsyncMock'
WARNING  core.graph_builder:graph_builder.py:542 [RAG] [REWRITE] 모든 시도 실패, 원본 유지: expected string or bytes-like object, got 'AsyncMock'
ERROR    core.graph_builder:graph_builder.py:124 LLM 호출 중 오류 발생: expected string or bytes-like object, got 'AsyncMock'
WARNING  core.graph_builder:graph_builder.py:542 [RAG] [REWRITE] 모든 시도 실패, 원본 유지: expected string or bytes-like object, got 'AsyncMock'
ERROR    core.graph_builder:graph_builder.py:124 LLM 호출 중 오류 발생: expected string or bytes-like object, got 'AsyncMock'
WARNING  core.graph_builder:graph_builder.py:542 [RAG] [REWRITE] 모든 시도 실패, 원본 유지: expected string or bytes-like object, got 'AsyncMock'
ERROR    core.graph_builder:graph_builder.py:124 LLM 호출 중 오류 발생: expected string or bytes-like object, got 'AsyncMock'
WARNING  core.graph_builder:graph_builder.py:542 [RAG] [REWRITE] 모든 시도 실패, 원본 유지: expected string or bytes-like object, got 'AsyncMock'
ERROR    core.graph_builder:graph_builder.py:124 LLM 호출 중 오류 발생: expected string or bytes-like object, got 'AsyncMock'
WARNING  core.graph_builder:graph_builder.py:542 [RAG] [REWRITE] 모든 시도 실패, 원본 유지: expected string or bytes-like object, got 'AsyncMock'
ERROR    core.graph_builder:graph_builder.py:124 LLM 호출 중 오류 발생: expected string or bytes-like object, got 'AsyncMock'
WARNING  core.graph_builder:graph_builder.py:542 [RAG] [REWRITE] 모든 시도 실패, 원본 유지: expected string or bytes-like object, got 'AsyncMock'
ERROR    core.graph_builder:graph_builder.py:124 LLM 호출 중 오류 발생: expected string or bytes-like object, got 'AsyncMock'
WARNING  core.graph_builder:graph_builder.py:542 [RAG] [REWRITE] 모든 시도 실패, 원본 유지: expected string or bytes-like object, got 'AsyncMock'
ERROR    core.graph_builder:graph_builder.py:124 LLM 호출 중 오류 발생: expected string or bytes-like object, got 'AsyncMock'
WARNING  core.graph_builder:graph_builder.py:542 [RAG] [REWRITE] 모든 시도 실패, 원본 유지: expected string or bytes-like object, got 'AsyncMock'
ERROR    core.graph_builder:graph_builder.py:124 LLM 호출 중 오류 발생: expected string or bytes-like object, got 'AsyncMock'
WARNING  core.graph_builder:graph_builder.py:542 [RAG] [REWRITE] 모든 시도 실패, 원본 유지: expected string or bytes-like object, got 'AsyncMock'
ERROR    core.graph_builder:graph_builder.py:124 LLM 호출 중 오류 발생: expected string or bytes-like object, got 'AsyncMock'
WARNING  core.graph_builder:graph_builder.py:542 [RAG] [REWRITE] 모든 시도 실패, 원본 유지: expected string or bytes-like object, got 'AsyncMock'
ERROR    core.graph_builder:graph_builder.py:124 LLM 호출 중 오류 발생: expected string or bytes-like object, got 'AsyncMock'
WARNING  core.graph_builder:graph_builder.py:542 [RAG] [REWRITE] 모든 시도 실패, 원본 유지: expected string or bytes-like object, got 'AsyncMock'
ERROR    core.graph_builder:graph_builder.py:124 LLM 호출 중 오류 발생: expected string or bytes-like object, got 'AsyncMock'
WARNING  core.graph_builder:graph_builder.py:542 [RAG] [REWRITE] 모든 시도 실패, 원본 유지: expected string or bytes-like object, got 'AsyncMock'
ERROR    core.graph_builder:graph_builder.py:124 LLM 호출 중 오류 발생: expected string or bytes-like object, got 'AsyncMock'
WARNING  core.graph_builder:graph_builder.py:542 [RAG] [REWRITE] 모든 시도 실패, 원본 유지: expected string or bytes-like object, got 'AsyncMock'
ERROR    core.graph_builder:graph_builder.py:124 LLM 호출 중 오류 발생: expected string or bytes-like object, got 'AsyncMock'
WARNING  core.graph_builder:graph_builder.py:542 [RAG] [REWRITE] 모든 시도 실패, 원본 유지: expected string or bytes-like object, got 'AsyncMock'
ERROR    core.graph_builder:graph_builder.py:124 LLM 호출 중 오류 발생: expected string or bytes-like object, got 'AsyncMock'
WARNING  core.graph_builder:graph_builder.py:542 [RAG] [REWRITE] 모든 시도 실패, 원본 유지: expected string or bytes-like object, got 'AsyncMock'
ERROR    core.graph_builder:graph_builder.py:124 LLM 호출 중 오류 발생: expected string or bytes-like object, got 'AsyncMock'
WARNING  core.graph_builder:graph_builder.py:542 [RAG] [REWRITE] 모든 시도 실패, 원본 유지: expected string or bytes-like object, got 'AsyncMock'
ERROR    core.graph_builder:graph_builder.py:124 LLM 호출 중 오류 발생: expected string or bytes-like object, got 'AsyncMock'
WARNING  core.graph_builder:graph_builder.py:542 [RAG] [REWRITE] 모든 시도 실패, 원본 유지: expected string or bytes-like object, got 'AsyncMock'
ERROR    core.graph_builder:graph_builder.py:124 LLM 호출 중 오류 발생: expected string or bytes-like object, got 'AsyncMock'
WARNING  core.graph_builder:graph_builder.py:542 [RAG] [REWRITE] 모든 시도 실패, 원본 유지: expected string or bytes-like object, got 'AsyncMock'
ERROR    core.graph_builder:graph_builder.py:124 LLM 호출 중 오류 발생: expected string or bytes-like object, got 'AsyncMock'
WARNING  core.graph_builder:graph_builder.py:542 [RAG] [REWRITE] 모든 시도 실패, 원본 유지: expected string or bytes-like object, got 'AsyncMock'
ERROR    core.graph_builder:graph_builder.py:124 LLM 호출 중 오류 발생: expected string or bytes-like object, got 'AsyncMock'
WARNING  core.graph_builder:graph_builder.py:542 [RAG] [REWRITE] 모든 시도 실패, 원본 유지: expected string or bytes-like object, got 'AsyncMock'
ERROR    core.graph_builder:graph_builder.py:124 LLM 호출 중 오류 발생: expected string or bytes-like object, got 'AsyncMock'
WARNING  core.graph_builder:graph_builder.py:542 [RAG] [REWRITE] 모든 시도 실패, 원본 유지: expected string or bytes-like object, got 'AsyncMock'
ERROR    core.graph_builder:graph_builder.py:124 LLM 호출 중 오류 발생: expected string or bytes-like object, got 'AsyncMock'
WARNING  core.graph_builder:graph_builder.py:542 [RAG] [REWRITE] 모든 시도 실패, 원본 유지: expected string or bytes-like object, got 'AsyncMock'
ERROR    core.graph_builder:graph_builder.py:124 LLM 호출 중 오류 발생: expected string or bytes-like object, got 'AsyncMock'
WARNING  core.graph_builder:graph_builder.py:542 [RAG] [REWRITE] 모든 시도 실패, 원본 유지: expected string or bytes-like object, got 'AsyncMock'
ERROR    core.graph_builder:graph_builder.py:124 LLM 호출 중 오류 발생: expected string or bytes-like object, got 'AsyncMock'
WARNING  core.graph_builder:graph_builder.py:542 [RAG] [REWRITE] 모든 시도 실패, 원본 유지: expected string or bytes-like object, got 'AsyncMock'
ERROR    core.graph_builder:graph_builder.py:124 LLM 호출 중 오류 발생: expected string or bytes-like object, got 'AsyncMock'
WARNING  core.graph_builder:graph_builder.py:542 [RAG] [REWRITE] 모든 시도 실패, 원본 유지: expected string or bytes-like object, got 'AsyncMock'
ERROR    core.graph_builder:graph_builder.py:124 LLM 호출 중 오류 발생: expected string or bytes-like object, got 'AsyncMock'
WARNING  core.graph_builder:graph_builder.py:542 [RAG] [REWRITE] 모든 시도 실패, 원본 유지: expected string or bytes-like object, got 'AsyncMock'
ERROR    core.graph_builder:graph_builder.py:124 LLM 호출 중 오류 발생: expected string or bytes-like object, got 'AsyncMock'
WARNING  core.graph_builder:graph_builder.py:542 [RAG] [REWRITE] 모든 시도 실패, 원본 유지: expected string or bytes-like object, got 'AsyncMock'
ERROR    core.graph_builder:graph_builder.py:124 LLM 호출 중 오류 발생: expected string or bytes-like object, got 'AsyncMock'
WARNING  core.graph_builder:graph_builder.py:542 [RAG] [REWRITE] 모든 시도 실패, 원본 유지: expected string or bytes-like object, got 'AsyncMock'
ERROR    core.graph_builder:graph_builder.py:124 LLM 호출 중 오류 발생: expected string or bytes-like object, got 'AsyncMock'
WARNING  core.graph_builder:graph_builder.py:542 [RAG] [REWRITE] 모든 시도 실패, 원본 유지: expected string or bytes-like object, got 'AsyncMock'
ERROR    core.graph_builder:graph_builder.py:124 LLM 호출 중 오류 발생: expected string or bytes-like object, got 'AsyncMock'
WARNING  core.graph_builder:graph_builder.py:542 [RAG] [REWRITE] 모든 시도 실패, 원본 유지: expected string or bytes-like object, got 'AsyncMock'
ERROR    core.graph_builder:graph_builder.py:124 LLM 호출 중 오류 발생: expected string or bytes-like object, got 'AsyncMock'
WARNING  core.graph_builder:graph_builder.py:542 [RAG] [REWRITE] 모든 시도 실패, 원본 유지: expected string or bytes-like object, got 'AsyncMock'
ERROR    core.graph_builder:graph_builder.py:124 LLM 호출 중 오류 발생: expected string or bytes-like object, got 'AsyncMock'
WARNING  core.graph_builder:graph_builder.py:542 [RAG] [REWRITE] 모든 시도 실패, 원본 유지: expected string or bytes-like object, got 'AsyncMock'
ERROR    core.graph_builder:graph_builder.py:124 LLM 호출 중 오류 발생: expected string or bytes-like object, got 'AsyncMock'
WARNING  core.graph_builder:graph_builder.py:542 [RAG] [REWRITE] 모든 시도 실패, 원본 유지: expected string or bytes-like object, got 'AsyncMock'
ERROR    core.graph_builder:graph_builder.py:124 LLM 호출 중 오류 발생: expected string or bytes-like object, got 'AsyncMock'
WARNING  core.graph_builder:graph_builder.py:542 [RAG] [REWRITE] 모든 시도 실패, 원본 유지: expected string or bytes-like object, got 'AsyncMock'
ERROR    core.graph_builder:graph_builder.py:124 LLM 호출 중 오류 발생: expected string or bytes-like object, got 'AsyncMock'
WARNING  core.graph_builder:graph_builder.py:542 [RAG] [REWRITE] 모든 시도 실패, 원본 유지: expected string or bytes-like object, got 'AsyncMock'
ERROR    core.graph_builder:graph_builder.py:124 LLM 호출 중 오류 발생: expected string or bytes-like object, got 'AsyncMock'
WARNING  core.graph_builder:graph_builder.py:542 [RAG] [REWRITE] 모든 시도 실패, 원본 유지: expected string or bytes-like object, got 'AsyncMock'
ERROR    core.graph_builder:graph_builder.py:124 LLM 호출 중 오류 발생: expected string or bytes-like object, got 'AsyncMock'
WARNING  core.graph_builder:graph_builder.py:542 [RAG] [REWRITE] 모든 시도 실패, 원본 유지: expected string or bytes-like object, got 'AsyncMock'
ERROR    core.graph_builder:graph_builder.py:124 LLM 호출 중 오류 발생: expected string or bytes-like object, got 'AsyncMock'
WARNING  core.graph_builder:graph_builder.py:542 [RAG] [REWRITE] 모든 시도 실패, 원본 유지: expected string or bytes-like object, got 'AsyncMock'
ERROR    core.graph_builder:graph_builder.py:124 LLM 호출 중 오류 발생: expected string or bytes-like object, got 'AsyncMock'
WARNING  core.graph_builder:graph_builder.py:542 [RAG] [REWRITE] 모든 시도 실패, 원본 유지: expected string or bytes-like object, got 'AsyncMock'
ERROR    core.graph_builder:graph_builder.py:124 LLM 호출 중 오류 발생: expected string or bytes-like object, got 'AsyncMock'
WARNING  core.graph_builder:graph_builder.py:542 [RAG] [REWRITE] 모든 시도 실패, 원본 유지: expected string or bytes-like object, got 'AsyncMock'
ERROR    core.graph_builder:graph_builder.py:124 LLM 호출 중 오류 발생: expected string or bytes-like object, got 'AsyncMock'
WARNING  core.graph_builder:graph_builder.py:542 [RAG] [REWRITE] 모든 시도 실패, 원본 유지: expected string or bytes-like object, got 'AsyncMock'
ERROR    core.graph_builder:graph_builder.py:124 LLM 호출 중 오류 발생: expected string or bytes-like object, got 'AsyncMock'
WARNING  core.graph_builder:graph_builder.py:542 [RAG] [REWRITE] 모든 시도 실패, 원본 유지: expected string or bytes-like object, got 'AsyncMock'
ERROR    core.graph_builder:graph_builder.py:124 LLM 호출 중 오류 발생: expected string or bytes-like object, got 'AsyncMock'
WARNING  core.graph_builder:graph_builder.py:542 [RAG] [REWRITE] 모든 시도 실패, 원본 유지: expected string or bytes-like object, got 'AsyncMock'
ERROR    core.graph_builder:graph_builder.py:124 LLM 호출 중 오류 발생: expected string or bytes-like object, got 'AsyncMock'
WARNING  core.graph_builder:graph_builder.py:542 [RAG] [REWRITE] 모든 시도 실패, 원본 유지: expected string or bytes-like object, got 'AsyncMock'
ERROR    core.graph_builder:graph_builder.py:124 LLM 호출 중 오류 발생: expected string or bytes-like object, got 'AsyncMock'
WARNING  core.graph_builder:graph_builder.py:542 [RAG] [REWRITE] 모든 시도 실패, 원본 유지: expected string or bytes-like object, got 'AsyncMock'
ERROR    core.graph_builder:graph_builder.py:124 LLM 호출 중 오류 발생: expected string or bytes-like object, got 'AsyncMock'
WARNING  core.graph_builder:graph_builder.py:542 [RAG] [REWRITE] 모든 시도 실패, 원본 유지: expected string or bytes-like object, got 'AsyncMock'
ERROR    core.graph_builder:graph_builder.py:124 LLM 호출 중 오류 발생: expected string or bytes-like object, got 'AsyncMock'
WARNING  core.graph_builder:graph_builder.py:542 [RAG] [REWRITE] 모든 시도 실패, 원본 유지: expected string or bytes-like object, got 'AsyncMock'
ERROR    core.graph_builder:graph_builder.py:124 LLM 호출 중 오류 발생: expected string or bytes-like object, got 'AsyncMock'
WARNING  core.graph_builder:graph_builder.py:542 [RAG] [REWRITE] 모든 시도 실패, 원본 유지: expected string or bytes-like object, got 'AsyncMock'
ERROR    core.graph_builder:graph_builder.py:124 LLM 호출 중 오류 발생: expected string or bytes-like object, got 'AsyncMock'
WARNING  core.graph_builder:graph_builder.py:542 [RAG] [REWRITE] 모든 시도 실패, 원본 유지: expected string or bytes-like object, got 'AsyncMock'
ERROR    core.graph_builder:graph_builder.py:124 LLM 호출 중 오류 발생: expected string or bytes-like object, got 'AsyncMock'
WARNING  core.graph_builder:graph_builder.py:542 [RAG] [REWRITE] 모든 시도 실패, 원본 유지: expected string or bytes-like object, got 'AsyncMock'
ERROR    core.graph_builder:graph_builder.py:124 LLM 호출 중 오류 발생: expected string or bytes-like object, got 'AsyncMock'
WARNING  core.graph_builder:graph_builder.py:542 [RAG] [REWRITE] 모든 시도 실패, 원본 유지: expected string or bytes-like object, got 'AsyncMock'
ERROR    core.graph_builder:graph_builder.py:124 LLM 호출 중 오류 발생: expected string or bytes-like object, got 'AsyncMock'
WARNING  core.graph_builder:graph_builder.py:542 [RAG] [REWRITE] 모든 시도 실패, 원본 유지: expected string or bytes-like object, got 'AsyncMock'
ERROR    core.graph_builder:graph_builder.py:124 LLM 호출 중 오류 발생: expected string or bytes-like object, got 'AsyncMock'
WARNING  core.graph_builder:graph_builder.py:542 [RAG] [REWRITE] 모든 시도 실패, 원본 유지: expected string or bytes-like object, got 'AsyncMock'
ERROR    core.graph_builder:graph_builder.py:124 LLM 호출 중 오류 발생: expected string or bytes-like object, got 'AsyncMock'
WARNING  core.graph_builder:graph_builder.py:542 [RAG] [REWRITE] 모든 시도 실패, 원본 유지: expected string or bytes-like object, got 'AsyncMock'
ERROR    core.graph_builder:graph_builder.py:124 LLM 호출 중 오류 발생: expected string or bytes-like object, got 'AsyncMock'
WARNING  core.graph_builder:graph_builder.py:542 [RAG] [REWRITE] 모든 시도 실패, 원본 유지: expected string or bytes-like object, got 'AsyncMock'
ERROR    core.graph_builder:graph_builder.py:124 LLM 호출 중 오류 발생: expected string or bytes-like object, got 'AsyncMock'
WARNING  core.graph_builder:graph_builder.py:542 [RAG] [REWRITE] 모든 시도 실패, 원본 유지: expected string or bytes-like object, got 'AsyncMock'
ERROR    core.graph_builder:graph_builder.py:124 LLM 호출 중 오류 발생: expected string or bytes-like object, got 'AsyncMock'
WARNING  core.graph_builder:graph_builder.py:542 [RAG] [REWRITE] 모든 시도 실패, 원본 유지: expected string or bytes-like object, got 'AsyncMock'
ERROR    core.graph_builder:graph_builder.py:124 LLM 호출 중 오류 발생: expected string or bytes-like object, got 'AsyncMock'
WARNING  core.graph_builder:graph_builder.py:542 [RAG] [REWRITE] 모든 시도 실패, 원본 유지: expected string or bytes-like object, got 'AsyncMock'
ERROR    core.graph_builder:graph_builder.py:124 LLM 호출 중 오류 발생: expected string or bytes-like object, got 'AsyncMock'
WARNING  core.graph_builder:graph_builder.py:542 [RAG] [REWRITE] 모든 시도 실패, 원본 유지: expected string or bytes-like object, got 'AsyncMock'
ERROR    core.graph_builder:graph_builder.py:124 LLM 호출 중 오류 발생: expected string or bytes-like object, got 'AsyncMock'
WARNING  core.graph_builder:graph_builder.py:542 [RAG] [REWRITE] 모든 시도 실패, 원본 유지: expected string or bytes-like object, got 'AsyncMock'
ERROR    core.graph_builder:graph_builder.py:124 LLM 호출 중 오류 발생: expected string or bytes-like object, got 'AsyncMock'
WARNING  core.graph_builder:graph_builder.py:542 [RAG] [REWRITE] 모든 시도 실패, 원본 유지: expected string or bytes-like object, got 'AsyncMock'
ERROR    core.graph_builder:graph_builder.py:124 LLM 호출 중 오류 발생: expected string or bytes-like object, got 'AsyncMock'
WARNING  core.graph_builder:graph_builder.py:542 [RAG] [REWRITE] 모든 시도 실패, 원본 유지: expected string or bytes-like object, got 'AsyncMock'
ERROR    core.graph_builder:graph_builder.py:124 LLM 호출 중 오류 발생: expected string or bytes-like object, got 'AsyncMock'
WARNING  core.graph_builder:graph_builder.py:542 [RAG] [REWRITE] 모든 시도 실패, 원본 유지: expected string or bytes-like object, got 'AsyncMock'
ERROR    core.graph_builder:graph_builder.py:124 LLM 호출 중 오류 발생: expected string or bytes-like object, got 'AsyncMock'
WARNING  core.graph_builder:graph_builder.py:542 [RAG] [REWRITE] 모든 시도 실패, 원본 유지: expected string or bytes-like object, got 'AsyncMock'
ERROR    core.graph_builder:graph_builder.py:124 LLM 호출 중 오류 발생: expected string or bytes-like object, got 'AsyncMock'
WARNING  core.graph_builder:graph_builder.py:542 [RAG] [REWRITE] 모든 시도 실패, 원본 유지: expected string or bytes-like object, got 'AsyncMock'
ERROR    core.graph_builder:graph_builder.py:124 LLM 호출 중 오류 발생: expected string or bytes-like object, got 'AsyncMock'
WARNING  core.graph_builder:graph_builder.py:542 [RAG] [REWRITE] 모든 시도 실패, 원본 유지: expected string or bytes-like object, got 'AsyncMock'
ERROR    core.graph_builder:graph_builder.py:124 LLM 호출 중 오류 발생: expected string or bytes-like object, got 'AsyncMock'
WARNING  core.graph_builder:graph_builder.py:542 [RAG] [REWRITE] 모든 시도 실패, 원본 유지: expected string or bytes-like object, got 'AsyncMock'
ERROR    core.graph_builder:graph_builder.py:124 LLM 호출 중 오류 발생: expected string or bytes-like object, got 'AsyncMock'
WARNING  core.graph_builder:graph_builder.py:542 [RAG] [REWRITE] 모든 시도 실패, 원본 유지: expected string or bytes-like object, got 'AsyncMock'
ERROR    core.graph_builder:graph_builder.py:124 LLM 호출 중 오류 발생: expected string or bytes-like object, got 'AsyncMock'
WARNING  core.graph_builder:graph_builder.py:542 [RAG] [REWRITE] 모든 시도 실패, 원본 유지: expected string or bytes-like object, got 'AsyncMock'
ERROR    core.graph_builder:graph_builder.py:124 LLM 호출 중 오류 발생: expected string or bytes-like object, got 'AsyncMock'
WARNING  core.graph_builder:graph_builder.py:542 [RAG] [REWRITE] 모든 시도 실패, 원본 유지: expected string or bytes-like object, got 'AsyncMock'
ERROR    core.graph_builder:graph_builder.py:124 LLM 호출 중 오류 발생: expected string or bytes-like object, got 'AsyncMock'
WARNING  core.graph_builder:graph_builder.py:542 [RAG] [REWRITE] 모든 시도 실패, 원본 유지: expected string or bytes-like object, got 'AsyncMock'
ERROR    core.graph_builder:graph_builder.py:124 LLM 호출 중 오류 발생: expected string or bytes-like object, got 'AsyncMock'
WARNING  core.graph_builder:graph_builder.py:542 [RAG] [REWRITE] 모든 시도 실패, 원본 유지: expected string or bytes-like object, got 'AsyncMock'
ERROR    core.graph_builder:graph_builder.py:124 LLM 호출 중 오류 발생: expected string or bytes-like object, got 'AsyncMock'
WARNING  core.graph_builder:graph_builder.py:542 [RAG] [REWRITE] 모든 시도 실패, 원본 유지: expected string or bytes-like object, got 'AsyncMock'
ERROR    core.graph_builder:graph_builder.py:124 LLM 호출 중 오류 발생: expected string or bytes-like object, got 'AsyncMock'
WARNING  core.graph_builder:graph_builder.py:542 [RAG] [REWRITE] 모든 시도 실패, 원본 유지: expected string or bytes-like object, got 'AsyncMock'
ERROR    core.graph_builder:graph_builder.py:124 LLM 호출 중 오류 발생: expected string or bytes-like object, got 'AsyncMock'
WARNING  core.graph_builder:graph_builder.py:542 [RAG] [REWRITE] 모든 시도 실패, 원본 유지: expected string or bytes-like object, got 'AsyncMock'
ERROR    core.graph_builder:graph_builder.py:124 LLM 호출 중 오류 발생: expected string or bytes-like object, got 'AsyncMock'
WARNING  core.graph_builder:graph_builder.py:542 [RAG] [REWRITE] 모든 시도 실패, 원본 유지: expected string or bytes-like object, got 'AsyncMock'
ERROR    core.graph_builder:graph_builder.py:124 LLM 호출 중 오류 발생: expected string or bytes-like object, got 'AsyncMock'
WARNING  core.graph_builder:graph_builder.py:542 [RAG] [REWRITE] 모든 시도 실패, 원본 유지: expected string or bytes-like object, got 'AsyncMock'
ERROR    core.graph_builder:graph_builder.py:124 LLM 호출 중 오류 발생: expected string or bytes-like object, got 'AsyncMock'
WARNING  core.graph_builder:graph_builder.py:542 [RAG] [REWRITE] 모든 시도 실패, 원본 유지: expected string or bytes-like object, got 'AsyncMock'
ERROR    core.graph_builder:graph_builder.py:124 LLM 호출 중 오류 발생: expected string or bytes-like object, got 'AsyncMock'
WARNING  core.graph_builder:graph_builder.py:542 [RAG] [REWRITE] 모든 시도 실패, 원본 유지: expected string or bytes-like object, got 'AsyncMock'
ERROR    core.graph_builder:graph_builder.py:124 LLM 호출 중 오류 발생: expected string or bytes-like object, got 'AsyncMock'
WARNING  core.graph_builder:graph_builder.py:542 [RAG] [REWRITE] 모든 시도 실패, 원본 유지: expected string or bytes-like object, got 'AsyncMock'
ERROR    core.graph_builder:graph_builder.py:124 LLM 호출 중 오류 발생: expected string or bytes-like object, got 'AsyncMock'
WARNING  core.graph_builder:graph_builder.py:542 [RAG] [REWRITE] 모든 시도 실패, 원본 유지: expected string or bytes-like object, got 'AsyncMock'
ERROR    core.graph_builder:graph_builder.py:124 LLM 호출 중 오류 발생: expected string or bytes-like object, got 'AsyncMock'
WARNING  core.graph_builder:graph_builder.py:542 [RAG] [REWRITE] 모든 시도 실패, 원본 유지: expected string or bytes-like object, got 'AsyncMock'
ERROR    core.graph_builder:graph_builder.py:124 LLM 호출 중 오류 발생: expected string or bytes-like object, got 'AsyncMock'
WARNING  core.graph_builder:graph_builder.py:542 [RAG] [REWRITE] 모든 시도 실패, 원본 유지: expected string or bytes-like object, got 'AsyncMock'
ERROR    core.graph_builder:graph_builder.py:124 LLM 호출 중 오류 발생: expected string or bytes-like object, got 'AsyncMock'
WARNING  core.graph_builder:graph_builder.py:542 [RAG] [REWRITE] 모든 시도 실패, 원본 유지: expected string or bytes-like object, got 'AsyncMock'
ERROR    core.graph_builder:graph_builder.py:124 LLM 호출 중 오류 발생: expected string or bytes-like object, got 'AsyncMock'
WARNING  core.graph_builder:graph_builder.py:542 [RAG] [REWRITE] 모든 시도 실패, 원본 유지: expected string or bytes-like object, got 'AsyncMock'
ERROR    core.graph_builder:graph_builder.py:124 LLM 호출 중 오류 발생: expected string or bytes-like object, got 'AsyncMock'
WARNING  core.graph_builder:graph_builder.py:542 [RAG] [REWRITE] 모든 시도 실패, 원본 유지: expected string or bytes-like object, got 'AsyncMock'
ERROR    core.graph_builder:graph_builder.py:124 LLM 호출 중 오류 발생: expected string or bytes-like object, got 'AsyncMock'
WARNING  core.graph_builder:graph_builder.py:542 [RAG] [REWRITE] 모든 시도 실패, 원본 유지: expected string or bytes-like object, got 'AsyncMock'
ERROR    core.graph_builder:graph_builder.py:124 LLM 호출 중 오류 발생: expected string or bytes-like object, got 'AsyncMock'
WARNING  core.graph_builder:graph_builder.py:542 [RAG] [REWRITE] 모든 시도 실패, 원본 유지: expected string or bytes-like object, got 'AsyncMock'
ERROR    core.graph_builder:graph_builder.py:124 LLM 호출 중 오류 발생: expected string or bytes-like object, got 'AsyncMock'
WARNING  core.graph_builder:graph_builder.py:542 [RAG] [REWRITE] 모든 시도 실패, 원본 유지: expected string or bytes-like object, got 'AsyncMock'
ERROR    core.graph_builder:graph_builder.py:124 LLM 호출 중 오류 발생: expected string or bytes-like object, got 'AsyncMock'
WARNING  core.graph_builder:graph_builder.py:542 [RAG] [REWRITE] 모든 시도 실패, 원본 유지: expected string or bytes-like object, got 'AsyncMock'
ERROR    core.graph_builder:graph_builder.py:124 LLM 호출 중 오류 발생: expected string or bytes-like object, got 'AsyncMock'
WARNING  core.graph_builder:graph_builder.py:542 [RAG] [REWRITE] 모든 시도 실패, 원본 유지: expected string or bytes-like object, got 'AsyncMock'
ERROR    core.graph_builder:graph_builder.py:124 LLM 호출 중 오류 발생: expected string or bytes-like object, got 'AsyncMock'
WARNING  core.graph_builder:graph_builder.py:542 [RAG] [REWRITE] 모든 시도 실패, 원본 유지: expected string or bytes-like object, got 'AsyncMock'
ERROR    core.graph_builder:graph_builder.py:124 LLM 호출 중 오류 발생: expected string or bytes-like object, got 'AsyncMock'
WARNING  core.graph_builder:graph_builder.py:542 [RAG] [REWRITE] 모든 시도 실패, 원본 유지: expected string or bytes-like object, got 'AsyncMock'
ERROR    core.graph_builder:graph_builder.py:124 LLM 호출 중 오류 발생: expected string or bytes-like object, got 'AsyncMock'
WARNING  core.graph_builder:graph_builder.py:542 [RAG] [REWRITE] 모든 시도 실패, 원본 유지: expected string or bytes-like object, got 'AsyncMock'
ERROR    core.graph_builder:graph_builder.py:124 LLM 호출 중 오류 발생: expected string or bytes-like object, got 'AsyncMock'
WARNING  core.graph_builder:graph_builder.py:542 [RAG] [REWRITE] 모든 시도 실패, 원본 유지: expected string or bytes-like object, got 'AsyncMock'
ERROR    core.graph_builder:graph_builder.py:124 LLM 호출 중 오류 발생: expected string or bytes-like object, got 'AsyncMock'
WARNING  core.graph_builder:graph_builder.py:542 [RAG] [REWRITE] 모든 시도 실패, 원본 유지: expected string or bytes-like object, got 'AsyncMock'
ERROR    core.graph_builder:graph_builder.py:124 LLM 호출 중 오류 발생: expected string or bytes-like object, got 'AsyncMock'
WARNING  core.graph_builder:graph_builder.py:542 [RAG] [REWRITE] 모든 시도 실패, 원본 유지: expected string or bytes-like object, got 'AsyncMock'
ERROR    core.graph_builder:graph_builder.py:124 LLM 호출 중 오류 발생: expected string or bytes-like object, got 'AsyncMock'
WARNING  core.graph_builder:graph_builder.py:542 [RAG] [REWRITE] 모든 시도 실패, 원본 유지: expected string or bytes-like object, got 'AsyncMock'
ERROR    core.graph_builder:graph_builder.py:124 LLM 호출 중 오류 발생: expected string or bytes-like object, got 'AsyncMock'
WARNING  core.graph_builder:graph_builder.py:542 [RAG] [REWRITE] 모든 시도 실패, 원본 유지: expected string or bytes-like object, got 'AsyncMock'
ERROR    core.graph_builder:graph_builder.py:124 LLM 호출 중 오류 발생: expected string or bytes-like object, got 'AsyncMock'
WARNING  core.graph_builder:graph_builder.py:542 [RAG] [REWRITE] 모든 시도 실패, 원본 유지: expected string or bytes-like object, got 'AsyncMock'
ERROR    core.graph_builder:graph_builder.py:124 LLM 호출 중 오류 발생: expected string or bytes-like object, got 'AsyncMock'
WARNING  core.graph_builder:graph_builder.py:542 [RAG] [REWRITE] 모든 시도 실패, 원본 유지: expected string or bytes-like object, got 'AsyncMock'
ERROR    core.graph_builder:graph_builder.py:124 LLM 호출 중 오류 발생: expected string or bytes-like object, got 'AsyncMock'
WARNING  core.graph_builder:graph_builder.py:542 [RAG] [REWRITE] 모든 시도 실패, 원본 유지: expected string or bytes-like object, got 'AsyncMock'
ERROR    core.graph_builder:graph_builder.py:124 LLM 호출 중 오류 발생: expected string or bytes-like object, got 'AsyncMock'
WARNING  core.graph_builder:graph_builder.py:542 [RAG] [REWRITE] 모든 시도 실패, 원본 유지: expected string or bytes-like object, got 'AsyncMock'
ERROR    core.graph_builder:graph_builder.py:124 LLM 호출 중 오류 발생: expected string or bytes-like object, got 'AsyncMock'
WARNING  core.graph_builder:graph_builder.py:542 [RAG] [REWRITE] 모든 시도 실패, 원본 유지: expected string or bytes-like object, got 'AsyncMock'
ERROR    core.graph_builder:graph_builder.py:124 LLM 호출 중 오류 발생: expected string or bytes-like object, got 'AsyncMock'
WARNING  core.graph_builder:graph_builder.py:542 [RAG] [REWRITE] 모든 시도 실패, 원본 유지: expected string or bytes-like object, got 'AsyncMock'
ERROR    core.graph_builder:graph_builder.py:124 LLM 호출 중 오류 발생: expected string or bytes-like object, got 'AsyncMock'
WARNING  core.graph_builder:graph_builder.py:542 [RAG] [REWRITE] 모든 시도 실패, 원본 유지: expected string or bytes-like object, got 'AsyncMock'
ERROR    core.graph_builder:graph_builder.py:124 LLM 호출 중 오류 발생: expected string or bytes-like object, got 'AsyncMock'
WARNING  core.graph_builder:graph_builder.py:542 [RAG] [REWRITE] 모든 시도 실패, 원본 유지: expected string or bytes-like object, got 'AsyncMock'
ERROR    core.graph_builder:graph_builder.py:124 LLM 호출 중 오류 발생: expected string or bytes-like object, got 'AsyncMock'
WARNING  core.graph_builder:graph_builder.py:542 [RAG] [REWRITE] 모든 시도 실패, 원본 유지: expected string or bytes-like object, got 'AsyncMock'
ERROR    core.graph_builder:graph_builder.py:124 LLM 호출 중 오류 발생: expected string or bytes-like object, got 'AsyncMock'
WARNING  core.graph_builder:graph_builder.py:542 [RAG] [REWRITE] 모든 시도 실패, 원본 유지: expected string or bytes-like object, got 'AsyncMock'
ERROR    core.graph_builder:graph_builder.py:124 LLM 호출 중 오류 발생: expected string or bytes-like object, got 'AsyncMock'
WARNING  core.graph_builder:graph_builder.py:542 [RAG] [REWRITE] 모든 시도 실패, 원본 유지: expected string or bytes-like object, got 'AsyncMock'
ERROR    core.graph_builder:graph_builder.py:124 LLM 호출 중 오류 발생: expected string or bytes-like object, got 'AsyncMock'
WARNING  core.graph_builder:graph_builder.py:542 [RAG] [REWRITE] 모든 시도 실패, 원본 유지: expected string or bytes-like object, got 'AsyncMock'
ERROR    core.graph_builder:graph_builder.py:124 LLM 호출 중 오류 발생: expected string or bytes-like object, got 'AsyncMock'
WARNING  core.graph_builder:graph_builder.py:542 [RAG] [REWRITE] 모든 시도 실패, 원본 유지: expected string or bytes-like object, got 'AsyncMock'
ERROR    core.graph_builder:graph_builder.py:124 LLM 호출 중 오류 발생: expected string or bytes-like object, got 'AsyncMock'
WARNING  core.graph_builder:graph_builder.py:542 [RAG] [REWRITE] 모든 시도 실패, 원본 유지: expected string or bytes-like object, got 'AsyncMock'
ERROR    core.graph_builder:graph_builder.py:124 LLM 호출 중 오류 발생: expected string or bytes-like object, got 'AsyncMock'
WARNING  core.graph_builder:graph_builder.py:542 [RAG] [REWRITE] 모든 시도 실패, 원본 유지: expected string or bytes-like object, got 'AsyncMock'
ERROR    core.graph_builder:graph_builder.py:124 LLM 호출 중 오류 발생: expected string or bytes-like object, got 'AsyncMock'
WARNING  core.graph_builder:graph_builder.py:542 [RAG] [REWRITE] 모든 시도 실패, 원본 유지: expected string or bytes-like object, got 'AsyncMock'
ERROR    core.graph_builder:graph_builder.py:124 LLM 호출 중 오류 발생: expected string or bytes-like object, got 'AsyncMock'
WARNING  core.graph_builder:graph_builder.py:542 [RAG] [REWRITE] 모든 시도 실패, 원본 유지: expected string or bytes-like object, got 'AsyncMock'
ERROR    core.graph_builder:graph_builder.py:124 LLM 호출 중 오류 발생: expected string or bytes-like object, got 'AsyncMock'
WARNING  core.graph_builder:graph_builder.py:542 [RAG] [REWRITE] 모든 시도 실패, 원본 유지: expected string or bytes-like object, got 'AsyncMock'
ERROR    core.graph_builder:graph_builder.py:124 LLM 호출 중 오류 발생: expected string or bytes-like object, got 'AsyncMock'
WARNING  core.graph_builder:graph_builder.py:542 [RAG] [REWRITE] 모든 시도 실패, 원본 유지: expected string or bytes-like object, got 'AsyncMock'
ERROR    core.graph_builder:graph_builder.py:124 LLM 호출 중 오류 발생: expected string or bytes-like object, got 'AsyncMock'
WARNING  core.graph_builder:graph_builder.py:542 [RAG] [REWRITE] 모든 시도 실패, 원본 유지: expected string or bytes-like object, got 'AsyncMock'
ERROR    core.graph_builder:graph_builder.py:124 LLM 호출 중 오류 발생: expected string or bytes-like object, got 'AsyncMock'
WARNING  core.graph_builder:graph_builder.py:542 [RAG] [REWRITE] 모든 시도 실패, 원본 유지: expected string or bytes-like object, got 'AsyncMock'
ERROR    core.graph_builder:graph_builder.py:124 LLM 호출 중 오류 발생: expected string or bytes-like object, got 'AsyncMock'
WARNING  core.graph_builder:graph_builder.py:542 [RAG] [REWRITE] 모든 시도 실패, 원본 유지: expected string or bytes-like object, got 'AsyncMock'
ERROR    core.graph_builder:graph_builder.py:124 LLM 호출 중 오류 발생: expected string or bytes-like object, got 'AsyncMock'
WARNING  core.graph_builder:graph_builder.py:542 [RAG] [REWRITE] 모든 시도 실패, 원본 유지: expected string or bytes-like object, got 'AsyncMock'
ERROR    core.graph_builder:graph_builder.py:124 LLM 호출 중 오류 발생: expected string or bytes-like object, got 'AsyncMock'
WARNING  core.graph_builder:graph_builder.py:542 [RAG] [REWRITE] 모든 시도 실패, 원본 유지: expected string or bytes-like object, got 'AsyncMock'
ERROR    core.graph_builder:graph_builder.py:124 LLM 호출 중 오류 발생: expected string or bytes-like object, got 'AsyncMock'
WARNING  core.graph_builder:graph_builder.py:542 [RAG] [REWRITE] 모든 시도 실패, 원본 유지: expected string or bytes-like object, got 'AsyncMock'
ERROR    core.graph_builder:graph_builder.py:124 LLM 호출 중 오류 발생: expected string or bytes-like object, got 'AsyncMock'
WARNING  core.graph_builder:graph_builder.py:542 [RAG] [REWRITE] 모든 시도 실패, 원본 유지: expected string or bytes-like object, got 'AsyncMock'
ERROR    core.graph_builder:graph_builder.py:124 LLM 호출 중 오류 발생: expected string or bytes-like object, got 'AsyncMock'
WARNING  core.graph_builder:graph_builder.py:542 [RAG] [REWRITE] 모든 시도 실패, 원본 유지: expected string or bytes-like object, got 'AsyncMock'
ERROR    core.graph_builder:graph_builder.py:124 LLM 호출 중 오류 발생: expected string or bytes-like object, got 'AsyncMock'
WARNING  core.graph_builder:graph_builder.py:542 [RAG] [REWRITE] 모든 시도 실패, 원본 유지: expected string or bytes-like object, got 'AsyncMock'
ERROR    core.graph_builder:graph_builder.py:124 LLM 호출 중 오류 발생: expected string or bytes-like object, got 'AsyncMock'
WARNING  core.graph_builder:graph_builder.py:542 [RAG] [REWRITE] 모든 시도 실패, 원본 유지: expected string or bytes-like object, got 'AsyncMock'
ERROR    core.graph_builder:graph_builder.py:124 LLM 호출 중 오류 발생: expected string or bytes-like object, got 'AsyncMock'
WARNING  core.graph_builder:graph_builder.py:542 [RAG] [REWRITE] 모든 시도 실패, 원본 유지: expected string or bytes-like object, got 'AsyncMock'
ERROR    core.graph_builder:graph_builder.py:124 LLM 호출 중 오류 발생: expected string or bytes-like object, got 'AsyncMock'
WARNING  core.graph_builder:graph_builder.py:542 [RAG] [REWRITE] 모든 시도 실패, 원본 유지: expected string or bytes-like object, got 'AsyncMock'
ERROR    core.graph_builder:graph_builder.py:124 LLM 호출 중 오류 발생: expected string or bytes-like object, got 'AsyncMock'
WARNING  core.graph_builder:graph_builder.py:542 [RAG] [REWRITE] 모든 시도 실패, 원본 유지: expected string or bytes-like object, got 'AsyncMock'
ERROR    core.graph_builder:graph_builder.py:124 LLM 호출 중 오류 발생: expected string or bytes-like object, got 'AsyncMock'
WARNING  core.graph_builder:graph_builder.py:542 [RAG] [REWRITE] 모든 시도 실패, 원본 유지: expected string or bytes-like object, got 'AsyncMock'
ERROR    core.graph_builder:graph_builder.py:124 LLM 호출 중 오류 발생: expected string or bytes-like object, got 'AsyncMock'
WARNING  core.graph_builder:graph_builder.py:542 [RAG] [REWRITE] 모든 시도 실패, 원본 유지: expected string or bytes-like object, got 'AsyncMock'
ERROR    core.graph_builder:graph_builder.py:124 LLM 호출 중 오류 발생: expected string or bytes-like object, got 'AsyncMock'
WARNING  core.graph_builder:graph_builder.py:542 [RAG] [REWRITE] 모든 시도 실패, 원본 유지: expected string or bytes-like object, got 'AsyncMock'
ERROR    core.graph_builder:graph_builder.py:124 LLM 호출 중 오류 발생: expected string or bytes-like object, got 'AsyncMock'
WARNING  core.graph_builder:graph_builder.py:542 [RAG] [REWRITE] 모든 시도 실패, 원본 유지: expected string or bytes-like object, got 'AsyncMock'
ERROR    core.graph_builder:graph_builder.py:124 LLM 호출 중 오류 발생: expected string or bytes-like object, got 'AsyncMock'
WARNING  core.graph_builder:graph_builder.py:542 [RAG] [REWRITE] 모든 시도 실패, 원본 유지: expected string or bytes-like object, got 'AsyncMock'
ERROR    core.graph_builder:graph_builder.py:124 LLM 호출 중 오류 발생: expected string or bytes-like object, got 'AsyncMock'
WARNING  core.graph_builder:graph_builder.py:542 [RAG] [REWRITE] 모든 시도 실패, 원본 유지: expected string or bytes-like object, got 'AsyncMock'
ERROR    core.graph_builder:graph_builder.py:124 LLM 호출 중 오류 발생: expected string or bytes-like object, got 'AsyncMock'
WARNING  core.graph_builder:graph_builder.py:542 [RAG] [REWRITE] 모든 시도 실패, 원본 유지: expected string or bytes-like object, got 'AsyncMock'
ERROR    core.graph_builder:graph_builder.py:124 LLM 호출 중 오류 발생: expected string or bytes-like object, got 'AsyncMock'
WARNING  core.graph_builder:graph_builder.py:542 [RAG] [REWRITE] 모든 시도 실패, 원본 유지: expected string or bytes-like object, got 'AsyncMock'
ERROR    core.graph_builder:graph_builder.py:124 LLM 호출 중 오류 발생: expected string or bytes-like object, got 'AsyncMock'
WARNING  core.graph_builder:graph_builder.py:542 [RAG] [REWRITE] 모든 시도 실패, 원본 유지: expected string or bytes-like object, got 'AsyncMock'
ERROR    core.graph_builder:graph_builder.py:124 LLM 호출 중 오류 발생: expected string or bytes-like object, got 'AsyncMock'
WARNING  core.graph_builder:graph_builder.py:542 [RAG] [REWRITE] 모든 시도 실패, 원본 유지: expected string or bytes-like object, got 'AsyncMock'
ERROR    core.graph_builder:graph_builder.py:124 LLM 호출 중 오류 발생: expected string or bytes-like object, got 'AsyncMock'
WARNING  core.graph_builder:graph_builder.py:542 [RAG] [REWRITE] 모든 시도 실패, 원본 유지: expected string or bytes-like object, got 'AsyncMock'
ERROR    core.graph_builder:graph_builder.py:124 LLM 호출 중 오류 발생: expected string or bytes-like object, got 'AsyncMock'
WARNING  core.graph_builder:graph_builder.py:542 [RAG] [REWRITE] 모든 시도 실패, 원본 유지: expected string or bytes-like object, got 'AsyncMock'
ERROR    core.graph_builder:graph_builder.py:124 LLM 호출 중 오류 발생: expected string or bytes-like object, got 'AsyncMock'
WARNING  core.graph_builder:graph_builder.py:542 [RAG] [REWRITE] 모든 시도 실패, 원본 유지: expected string or bytes-like object, got 'AsyncMock'
ERROR    core.graph_builder:graph_builder.py:124 LLM 호출 중 오류 발생: expected string or bytes-like object, got 'AsyncMock'
WARNING  core.graph_builder:graph_builder.py:542 [RAG] [REWRITE] 모든 시도 실패, 원본 유지: expected string or bytes-like object, got 'AsyncMock'
ERROR    core.graph_builder:graph_builder.py:124 LLM 호출 중 오류 발생: expected string or bytes-like object, got 'AsyncMock'
WARNING  core.graph_builder:graph_builder.py:542 [RAG] [REWRITE] 모든 시도 실패, 원본 유지: expected string or bytes-like object, got 'AsyncMock'
ERROR    core.graph_builder:graph_builder.py:124 LLM 호출 중 오류 발생: expected string or bytes-like object, got 'AsyncMock'
WARNING  core.graph_builder:graph_builder.py:542 [RAG] [REWRITE] 모든 시도 실패, 원본 유지: expected string or bytes-like object, got 'AsyncMock'
ERROR    core.graph_builder:graph_builder.py:124 LLM 호출 중 오류 발생: expected string or bytes-like object, got 'AsyncMock'
WARNING  core.graph_builder:graph_builder.py:542 [RAG] [REWRITE] 모든 시도 실패, 원본 유지: expected string or bytes-like object, got 'AsyncMock'
ERROR    core.graph_builder:graph_builder.py:124 LLM 호출 중 오류 발생: expected string or bytes-like object, got 'AsyncMock'
WARNING  core.graph_builder:graph_builder.py:542 [RAG] [REWRITE] 모든 시도 실패, 원본 유지: expected string or bytes-like object, got 'AsyncMock'
ERROR    core.graph_builder:graph_builder.py:124 LLM 호출 중 오류 발생: expected string or bytes-like object, got 'AsyncMock'
WARNING  core.graph_builder:graph_builder.py:542 [RAG] [REWRITE] 모든 시도 실패, 원본 유지: expected string or bytes-like object, got 'AsyncMock'
ERROR    core.graph_builder:graph_builder.py:124 LLM 호출 중 오류 발생: expected string or bytes-like object, got 'AsyncMock'
WARNING  core.graph_builder:graph_builder.py:542 [RAG] [REWRITE] 모든 시도 실패, 원본 유지: expected string or bytes-like object, got 'AsyncMock'
ERROR    core.graph_builder:graph_builder.py:124 LLM 호출 중 오류 발생: expected string or bytes-like object, got 'AsyncMock'
WARNING  core.graph_builder:graph_builder.py:542 [RAG] [REWRITE] 모든 시도 실패, 원본 유지: expected string or bytes-like object, got 'AsyncMock'
ERROR    core.graph_builder:graph_builder.py:124 LLM 호출 중 오류 발생: expected string or bytes-like object, got 'AsyncMock'
WARNING  core.graph_builder:graph_builder.py:542 [RAG] [REWRITE] 모든 시도 실패, 원본 유지: expected string or bytes-like object, got 'AsyncMock'
ERROR    core.graph_builder:graph_builder.py:124 LLM 호출 중 오류 발생: expected string or bytes-like object, got 'AsyncMock'
WARNING  core.graph_builder:graph_builder.py:542 [RAG] [REWRITE] 모든 시도 실패, 원본 유지: expected string or bytes-like object, got 'AsyncMock'
ERROR    core.graph_builder:graph_builder.py:124 LLM 호출 중 오류 발생: expected string or bytes-like object, got 'AsyncMock'
WARNING  core.graph_builder:graph_builder.py:542 [RAG] [REWRITE] 모든 시도 실패, 원본 유지: expected string or bytes-like object, got 'AsyncMock'
ERROR    core.graph_builder:graph_builder.py:124 LLM 호출 중 오류 발생: expected string or bytes-like object, got 'AsyncMock'
WARNING  core.graph_builder:graph_builder.py:542 [RAG] [REWRITE] 모든 시도 실패, 원본 유지: expected string or bytes-like object, got 'AsyncMock'
ERROR    core.graph_builder:graph_builder.py:124 LLM 호출 중 오류 발생: expected string or bytes-like object, got 'AsyncMock'
WARNING  core.graph_builder:graph_builder.py:542 [RAG] [REWRITE] 모든 시도 실패, 원본 유지: expected string or bytes-like object, got 'AsyncMock'
ERROR    core.graph_builder:graph_builder.py:124 LLM 호출 중 오류 발생: expected string or bytes-like object, got 'AsyncMock'
WARNING  core.graph_builder:graph_builder.py:542 [RAG] [REWRITE] 모든 시도 실패, 원본 유지: expected string or bytes-like object, got 'AsyncMock'
ERROR    core.graph_builder:graph_builder.py:124 LLM 호출 중 오류 발생: expected string or bytes-like object, got 'AsyncMock'
WARNING  core.graph_builder:graph_builder.py:542 [RAG] [REWRITE] 모든 시도 실패, 원본 유지: expected string or bytes-like object, got 'AsyncMock'
ERROR    core.graph_builder:graph_builder.py:124 LLM 호출 중 오류 발생: expected string or bytes-like object, got 'AsyncMock'
WARNING  core.graph_builder:graph_builder.py:542 [RAG] [REWRITE] 모든 시도 실패, 원본 유지: expected string or bytes-like object, got 'AsyncMock'
ERROR    core.graph_builder:graph_builder.py:124 LLM 호출 중 오류 발생: expected string or bytes-like object, got 'AsyncMock'
WARNING  core.graph_builder:graph_builder.py:542 [RAG] [REWRITE] 모든 시도 실패, 원본 유지: expected string or bytes-like object, got 'AsyncMock'
ERROR    core.graph_builder:graph_builder.py:124 LLM 호출 중 오류 발생: expected string or bytes-like object, got 'AsyncMock'
WARNING  core.graph_builder:graph_builder.py:542 [RAG] [REWRITE] 모든 시도 실패, 원본 유지: expected string or bytes-like object, got 'AsyncMock'
ERROR    core.graph_builder:graph_builder.py:124 LLM 호출 중 오류 발생: expected string or bytes-like object, got 'AsyncMock'
WARNING  core.graph_builder:graph_builder.py:542 [RAG] [REWRITE] 모든 시도 실패, 원본 유지: expected string or bytes-like object, got 'AsyncMock'
ERROR    core.graph_builder:graph_builder.py:124 LLM 호출 중 오류 발생: expected string or bytes-like object, got 'AsyncMock'
WARNING  core.graph_builder:graph_builder.py:542 [RAG] [REWRITE] 모든 시도 실패, 원본 유지: expected string or bytes-like object, got 'AsyncMock'
ERROR    core.graph_builder:graph_builder.py:124 LLM 호출 중 오류 발생: expected string or bytes-like object, got 'AsyncMock'
WARNING  core.graph_builder:graph_builder.py:542 [RAG] [REWRITE] 모든 시도 실패, 원본 유지: expected string or bytes-like object, got 'AsyncMock'
ERROR    core.graph_builder:graph_builder.py:124 LLM 호출 중 오류 발생: expected string or bytes-like object, got 'AsyncMock'
WARNING  core.graph_builder:graph_builder.py:542 [RAG] [REWRITE] 모든 시도 실패, 원본 유지: expected string or bytes-like object, got 'AsyncMock'
ERROR    core.graph_builder:graph_builder.py:124 LLM 호출 중 오류 발생: expected string or bytes-like object, got 'AsyncMock'
WARNING  core.graph_builder:graph_builder.py:542 [RAG] [REWRITE] 모든 시도 실패, 원본 유지: expected string or bytes-like object, got 'AsyncMock'
ERROR    core.graph_builder:graph_builder.py:124 LLM 호출 중 오류 발생: expected string or bytes-like object, got 'AsyncMock'
WARNING  core.graph_builder:graph_builder.py:542 [RAG] [REWRITE] 모든 시도 실패, 원본 유지: expected string or bytes-like object, got 'AsyncMock'
ERROR    core.graph_builder:graph_builder.py:124 LLM 호출 중 오류 발생: expected string or bytes-like object, got 'AsyncMock'
WARNING  core.graph_builder:graph_builder.py:542 [RAG] [REWRITE] 모든 시도 실패, 원본 유지: expected string or bytes-like object, got 'AsyncMock'
ERROR    core.graph_builder:graph_builder.py:124 LLM 호출 중 오류 발생: expected string or bytes-like object, got 'AsyncMock'
WARNING  core.graph_builder:graph_builder.py:542 [RAG] [REWRITE] 모든 시도 실패, 원본 유지: expected string or bytes-like object, got 'AsyncMock'
ERROR    core.graph_builder:graph_builder.py:124 LLM 호출 중 오류 발생: expected string or bytes-like object, got 'AsyncMock'
WARNING  core.graph_builder:graph_builder.py:542 [RAG] [REWRITE] 모든 시도 실패, 원본 유지: expected string or bytes-like object, got 'AsyncMock'
ERROR    core.graph_builder:graph_builder.py:124 LLM 호출 중 오류 발생: expected string or bytes-like object, got 'AsyncMock'
WARNING  core.graph_builder:graph_builder.py:542 [RAG] [REWRITE] 모든 시도 실패, 원본 유지: expected string or bytes-like object, got 'AsyncMock'
ERROR    core.graph_builder:graph_builder.py:124 LLM 호출 중 오류 발생: expected string or bytes-like object, got 'AsyncMock'
WARNING  core.graph_builder:graph_builder.py:542 [RAG] [REWRITE] 모든 시도 실패, 원본 유지: expected string or bytes-like object, got 'AsyncMock'
ERROR    core.graph_builder:graph_builder.py:124 LLM 호출 중 오류 발생: expected string or bytes-like object, got 'AsyncMock'
WARNING  core.graph_builder:graph_builder.py:542 [RAG] [REWRITE] 모든 시도 실패, 원본 유지: expected string or bytes-like object, got 'AsyncMock'
ERROR    core.graph_builder:graph_builder.py:124 LLM 호출 중 오류 발생: expected string or bytes-like object, got 'AsyncMock'
WARNING  core.graph_builder:graph_builder.py:542 [RAG] [REWRITE] 모든 시도 실패, 원본 유지: expected string or bytes-like object, got 'AsyncMock'
ERROR    core.graph_builder:graph_builder.py:124 LLM 호출 중 오류 발생: expected string or bytes-like object, got 'AsyncMock'
WARNING  core.graph_builder:graph_builder.py:542 [RAG] [REWRITE] 모든 시도 실패, 원본 유지: expected string or bytes-like object, got 'AsyncMock'
ERROR    core.graph_builder:graph_builder.py:124 LLM 호출 중 오류 발생: expected string or bytes-like object, got 'AsyncMock'
WARNING  core.graph_builder:graph_builder.py:542 [RAG] [REWRITE] 모든 시도 실패, 원본 유지: expected string or bytes-like object, got 'AsyncMock'
ERROR    core.graph_builder:graph_builder.py:124 LLM 호출 중 오류 발생: expected string or bytes-like object, got 'AsyncMock'
WARNING  core.graph_builder:graph_builder.py:542 [RAG] [REWRITE] 모든 시도 실패, 원본 유지: expected string or bytes-like object, got 'AsyncMock'
ERROR    core.graph_builder:graph_builder.py:124 LLM 호출 중 오류 발생: expected string or bytes-like object, got 'AsyncMock'
WARNING  core.graph_builder:graph_builder.py:542 [RAG] [REWRITE] 모든 시도 실패, 원본 유지: expected string or bytes-like object, got 'AsyncMock'
ERROR    core.graph_builder:graph_builder.py:124 LLM 호출 중 오류 발생: expected string or bytes-like object, got 'AsyncMock'
WARNING  core.graph_builder:graph_builder.py:542 [RAG] [REWRITE] 모든 시도 실패, 원본 유지: expected string or bytes-like object, got 'AsyncMock'
ERROR    core.graph_builder:graph_builder.py:124 LLM 호출 중 오류 발생: expected string or bytes-like object, got 'AsyncMock'
WARNING  core.graph_builder:graph_builder.py:542 [RAG] [REWRITE] 모든 시도 실패, 원본 유지: expected string or bytes-like object, got 'AsyncMock'
ERROR    core.graph_builder:graph_builder.py:124 LLM 호출 중 오류 발생: expected string or bytes-like object, got 'AsyncMock'
WARNING  core.graph_builder:graph_builder.py:542 [RAG] [REWRITE] 모든 시도 실패, 원본 유지: expected string or bytes-like object, got 'AsyncMock'
ERROR    core.graph_builder:graph_builder.py:124 LLM 호출 중 오류 발생: expected string or bytes-like object, got 'AsyncMock'
WARNING  core.graph_builder:graph_builder.py:542 [RAG] [REWRITE] 모든 시도 실패, 원본 유지: expected string or bytes-like object, got 'AsyncMock'
ERROR    core.graph_builder:graph_builder.py:124 LLM 호출 중 오류 발생: expected string or bytes-like object, got 'AsyncMock'
WARNING  core.graph_builder:graph_builder.py:542 [RAG] [REWRITE] 모든 시도 실패, 원본 유지: expected string or bytes-like object, got 'AsyncMock'
ERROR    core.graph_builder:graph_builder.py:124 LLM 호출 중 오류 발생: expected string or bytes-like object, got 'AsyncMock'
WARNING  core.graph_builder:graph_builder.py:542 [RAG] [REWRITE] 모든 시도 실패, 원본 유지: expected string or bytes-like object, got 'AsyncMock'
ERROR    core.graph_builder:graph_builder.py:124 LLM 호출 중 오류 발생: expected string or bytes-like object, got 'AsyncMock'
WARNING  core.graph_builder:graph_builder.py:542 [RAG] [REWRITE] 모든 시도 실패, 원본 유지: expected string or bytes-like object, got 'AsyncMock'
ERROR    core.graph_builder:graph_builder.py:124 LLM 호출 중 오류 발생: expected string or bytes-like object, got 'AsyncMock'
WARNING  core.graph_builder:graph_builder.py:542 [RAG] [REWRITE] 모든 시도 실패, 원본 유지: expected string or bytes-like object, got 'AsyncMock'
ERROR    core.graph_builder:graph_builder.py:124 LLM 호출 중 오류 발생: expected string or bytes-like object, got 'AsyncMock'
WARNING  core.graph_builder:graph_builder.py:542 [RAG] [REWRITE] 모든 시도 실패, 원본 유지: expected string or bytes-like object, got 'AsyncMock'
ERROR    core.graph_builder:graph_builder.py:124 LLM 호출 중 오류 발생: expected string or bytes-like object, got 'AsyncMock'
WARNING  core.graph_builder:graph_builder.py:542 [RAG] [REWRITE] 모든 시도 실패, 원본 유지: expected string or bytes-like object, got 'AsyncMock'
ERROR    core.graph_builder:graph_builder.py:124 LLM 호출 중 오류 발생: expected string or bytes-like object, got 'AsyncMock'
WARNING  core.graph_builder:graph_builder.py:542 [RAG] [REWRITE] 모든 시도 실패, 원본 유지: expected string or bytes-like object, got 'AsyncMock'
ERROR    core.graph_builder:graph_builder.py:124 LLM 호출 중 오류 발생: expected string or bytes-like object, got 'AsyncMock'
WARNING  core.graph_builder:graph_builder.py:542 [RAG] [REWRITE] 모든 시도 실패, 원본 유지: expected string or bytes-like object, got 'AsyncMock'
ERROR    core.graph_builder:graph_builder.py:124 LLM 호출 중 오류 발생: expected string or bytes-like object, got 'AsyncMock'
WARNING  core.graph_builder:graph_builder.py:542 [RAG] [REWRITE] 모든 시도 실패, 원본 유지: expected string or bytes-like object, got 'AsyncMock'
ERROR    core.graph_builder:graph_builder.py:124 LLM 호출 중 오류 발생: expected string or bytes-like object, got 'AsyncMock'
WARNING  core.graph_builder:graph_builder.py:542 [RAG] [REWRITE] 모든 시도 실패, 원본 유지: expected string or bytes-like object, got 'AsyncMock'
ERROR    core.graph_builder:graph_builder.py:124 LLM 호출 중 오류 발생: expected string or bytes-like object, got 'AsyncMock'
WARNING  core.graph_builder:graph_builder.py:542 [RAG] [REWRITE] 모든 시도 실패, 원본 유지: expected string or bytes-like object, got 'AsyncMock'
ERROR    core.graph_builder:graph_builder.py:124 LLM 호출 중 오류 발생: expected string or bytes-like object, got 'AsyncMock'
WARNING  core.graph_builder:graph_builder.py:542 [RAG] [REWRITE] 모든 시도 실패, 원본 유지: expected string or bytes-like object, got 'AsyncMock'
ERROR    core.graph_builder:graph_builder.py:124 LLM 호출 중 오류 발생: expected string or bytes-like object, got 'AsyncMock'
WARNING  core.graph_builder:graph_builder.py:542 [RAG] [REWRITE] 모든 시도 실패, 원본 유지: expected string or bytes-like object, got 'AsyncMock'
ERROR    core.graph_builder:graph_builder.py:124 LLM 호출 중 오류 발생: expected string or bytes-like object, got 'AsyncMock'
WARNING  core.graph_builder:graph_builder.py:542 [RAG] [REWRITE] 모든 시도 실패, 원본 유지: expected string or bytes-like object, got 'AsyncMock'
ERROR    core.graph_builder:graph_builder.py:124 LLM 호출 중 오류 발생: expected string or bytes-like object, got 'AsyncMock'
WARNING  core.graph_builder:graph_builder.py:542 [RAG] [REWRITE] 모든 시도 실패, 원본 유지: expected string or bytes-like object, got 'AsyncMock'
ERROR    core.graph_builder:graph_builder.py:124 LLM 호출 중 오류 발생: expected string or bytes-like object, got 'AsyncMock'
WARNING  core.graph_builder:graph_builder.py:542 [RAG] [REWRITE] 모든 시도 실패, 원본 유지: expected string or bytes-like object, got 'AsyncMock'
ERROR    core.graph_builder:graph_builder.py:124 LLM 호출 중 오류 발생: expected string or bytes-like object, got 'AsyncMock'
WARNING  core.graph_builder:graph_builder.py:542 [RAG] [REWRITE] 모든 시도 실패, 원본 유지: expected string or bytes-like object, got 'AsyncMock'
ERROR    core.graph_builder:graph_builder.py:124 LLM 호출 중 오류 발생: expected string or bytes-like object, got 'AsyncMock'
WARNING  core.graph_builder:graph_builder.py:542 [RAG] [REWRITE] 모든 시도 실패, 원본 유지: expected string or bytes-like object, got 'AsyncMock'
ERROR    core.graph_builder:graph_builder.py:124 LLM 호출 중 오류 발생: expected string or bytes-like object, got 'AsyncMock'
WARNING  core.graph_builder:graph_builder.py:542 [RAG] [REWRITE] 모든 시도 실패, 원본 유지: expected string or bytes-like object, got 'AsyncMock'
ERROR    core.graph_builder:graph_builder.py:124 LLM 호출 중 오류 발생: expected string or bytes-like object, got 'AsyncMock'
WARNING  core.graph_builder:graph_builder.py:542 [RAG] [REWRITE] 모든 시도 실패, 원본 유지: expected string or bytes-like object, got 'AsyncMock'
ERROR    core.graph_builder:graph_builder.py:124 LLM 호출 중 오류 발생: expected string or bytes-like object, got 'AsyncMock'
WARNING  core.graph_builder:graph_builder.py:542 [RAG] [REWRITE] 모든 시도 실패, 원본 유지: expected string or bytes-like object, got 'AsyncMock'
ERROR    core.graph_builder:graph_builder.py:124 LLM 호출 중 오류 발생: expected string or bytes-like object, got 'AsyncMock'
WARNING  core.graph_builder:graph_builder.py:542 [RAG] [REWRITE] 모든 시도 실패, 원본 유지: expected string or bytes-like object, got 'AsyncMock'
ERROR    core.graph_builder:graph_builder.py:124 LLM 호출 중 오류 발생: expected string or bytes-like object, got 'AsyncMock'
WARNING  core.graph_builder:graph_builder.py:542 [RAG] [REWRITE] 모든 시도 실패, 원본 유지: expected string or bytes-like object, got 'AsyncMock'
ERROR    core.graph_builder:graph_builder.py:124 LLM 호출 중 오류 발생: expected string or bytes-like object, got 'AsyncMock'
WARNING  core.graph_builder:graph_builder.py:542 [RAG] [REWRITE] 모든 시도 실패, 원본 유지: expected string or bytes-like object, got 'AsyncMock'
ERROR    core.graph_builder:graph_builder.py:124 LLM 호출 중 오류 발생: expected string or bytes-like object, got 'AsyncMock'
WARNING  core.graph_builder:graph_builder.py:542 [RAG] [REWRITE] 모든 시도 실패, 원본 유지: expected string or bytes-like object, got 'AsyncMock'
ERROR    core.graph_builder:graph_builder.py:124 LLM 호출 중 오류 발생: expected string or bytes-like object, got 'AsyncMock'
WARNING  core.graph_builder:graph_builder.py:542 [RAG] [REWRITE] 모든 시도 실패, 원본 유지: expected string or bytes-like object, got 'AsyncMock'
ERROR    core.graph_builder:graph_builder.py:124 LLM 호출 중 오류 발생: expected string or bytes-like object, got 'AsyncMock'
WARNING  core.graph_builder:graph_builder.py:542 [RAG] [REWRITE] 모든 시도 실패, 원본 유지: expected string or bytes-like object, got 'AsyncMock'
ERROR    core.graph_builder:graph_builder.py:124 LLM 호출 중 오류 발생: expected string or bytes-like object, got 'AsyncMock'
WARNING  core.graph_builder:graph_builder.py:542 [RAG] [REWRITE] 모든 시도 실패, 원본 유지: expected string or bytes-like object, got 'AsyncMock'
ERROR    core.graph_builder:graph_builder.py:124 LLM 호출 중 오류 발생: expected string or bytes-like object, got 'AsyncMock'
WARNING  core.graph_builder:graph_builder.py:542 [RAG] [REWRITE] 모든 시도 실패, 원본 유지: expected string or bytes-like object, got 'AsyncMock'
ERROR    core.graph_builder:graph_builder.py:124 LLM 호출 중 오류 발생: expected string or bytes-like object, got 'AsyncMock'
WARNING  core.graph_builder:graph_builder.py:542 [RAG] [REWRITE] 모든 시도 실패, 원본 유지: expected string or bytes-like object, got 'AsyncMock'
ERROR    core.graph_builder:graph_builder.py:124 LLM 호출 중 오류 발생: expected string or bytes-like object, got 'AsyncMock'
WARNING  core.graph_builder:graph_builder.py:542 [RAG] [REWRITE] 모든 시도 실패, 원본 유지: expected string or bytes-like object, got 'AsyncMock'
ERROR    core.graph_builder:graph_builder.py:124 LLM 호출 중 오류 발생: expected string or bytes-like object, got 'AsyncMock'
WARNING  core.graph_builder:graph_builder.py:542 [RAG] [REWRITE] 모든 시도 실패, 원본 유지: expected string or bytes-like object, got 'AsyncMock'
ERROR    core.graph_builder:graph_builder.py:124 LLM 호출 중 오류 발생: expected string or bytes-like object, got 'AsyncMock'
WARNING  core.graph_builder:graph_builder.py:542 [RAG] [REWRITE] 모든 시도 실패, 원본 유지: expected string or bytes-like object, got 'AsyncMock'
ERROR    core.graph_builder:graph_builder.py:124 LLM 호출 중 오류 발생: expected string or bytes-like object, got 'AsyncMock'
WARNING  core.graph_builder:graph_builder.py:542 [RAG] [REWRITE] 모든 시도 실패, 원본 유지: expected string or bytes-like object, got 'AsyncMock'
ERROR    core.graph_builder:graph_builder.py:124 LLM 호출 중 오류 발생: expected string or bytes-like object, got 'AsyncMock'
WARNING  core.graph_builder:graph_builder.py:542 [RAG] [REWRITE] 모든 시도 실패, 원본 유지: expected string or bytes-like object, got 'AsyncMock'
ERROR    core.graph_builder:graph_builder.py:124 LLM 호출 중 오류 발생: expected string or bytes-like object, got 'AsyncMock'
WARNING  core.graph_builder:graph_builder.py:542 [RAG] [REWRITE] 모든 시도 실패, 원본 유지: expected string or bytes-like object, got 'AsyncMock'
ERROR    core.graph_builder:graph_builder.py:124 LLM 호출 중 오류 발생: expected string or bytes-like object, got 'AsyncMock'
WARNING  core.graph_builder:graph_builder.py:542 [RAG] [REWRITE] 모든 시도 실패, 원본 유지: expected string or bytes-like object, got 'AsyncMock'
ERROR    core.graph_builder:graph_builder.py:124 LLM 호출 중 오류 발생: expected string or bytes-like object, got 'AsyncMock'
WARNING  core.graph_builder:graph_builder.py:542 [RAG] [REWRITE] 모든 시도 실패, 원본 유지: expected string or bytes-like object, got 'AsyncMock'
ERROR    core.graph_builder:graph_builder.py:124 LLM 호출 중 오류 발생: expected string or bytes-like object, got 'AsyncMock'
WARNING  core.graph_builder:graph_builder.py:542 [RAG] [REWRITE] 모든 시도 실패, 원본 유지: expected string or bytes-like object, got 'AsyncMock'
ERROR    core.graph_builder:graph_builder.py:124 LLM 호출 중 오류 발생: expected string or bytes-like object, got 'AsyncMock'
WARNING  core.graph_builder:graph_builder.py:542 [RAG] [REWRITE] 모든 시도 실패, 원본 유지: expected string or bytes-like object, got 'AsyncMock'
ERROR    core.graph_builder:graph_builder.py:124 LLM 호출 중 오류 발생: expected string or bytes-like object, got 'AsyncMock'
WARNING  core.graph_builder:graph_builder.py:542 [RAG] [REWRITE] 모든 시도 실패, 원본 유지: expected string or bytes-like object, got 'AsyncMock'
ERROR    core.graph_builder:graph_builder.py:124 LLM 호출 중 오류 발생: expected string or bytes-like object, got 'AsyncMock'
WARNING  core.graph_builder:graph_builder.py:542 [RAG] [REWRITE] 모든 시도 실패, 원본 유지: expected string or bytes-like object, got 'AsyncMock'
ERROR    core.graph_builder:graph_builder.py:124 LLM 호출 중 오류 발생: expected string or bytes-like object, got 'AsyncMock'
WARNING  core.graph_builder:graph_builder.py:542 [RAG] [REWRITE] 모든 시도 실패, 원본 유지: expected string or bytes-like object, got 'AsyncMock'
ERROR    core.graph_builder:graph_builder.py:124 LLM 호출 중 오류 발생: expected string or bytes-like object, got 'AsyncMock'
WARNING  core.graph_builder:graph_builder.py:542 [RAG] [REWRITE] 모든 시도 실패, 원본 유지: expected string or bytes-like object, got 'AsyncMock'
ERROR    core.graph_builder:graph_builder.py:124 LLM 호출 중 오류 발생: expected string or bytes-like object, got 'AsyncMock'
WARNING  core.graph_builder:graph_builder.py:542 [RAG] [REWRITE] 모든 시도 실패, 원본 유지: expected string or bytes-like object, got 'AsyncMock'
ERROR    core.graph_builder:graph_builder.py:124 LLM 호출 중 오류 발생: expected string or bytes-like object, got 'AsyncMock'
WARNING  core.graph_builder:graph_builder.py:542 [RAG] [REWRITE] 모든 시도 실패, 원본 유지: expected string or bytes-like object, got 'AsyncMock'
ERROR    core.graph_builder:graph_builder.py:124 LLM 호출 중 오류 발생: expected string or bytes-like object, got 'AsyncMock'
WARNING  core.graph_builder:graph_builder.py:542 [RAG] [REWRITE] 모든 시도 실패, 원본 유지: expected string or bytes-like object, got 'AsyncMock'
ERROR    core.graph_builder:graph_builder.py:124 LLM 호출 중 오류 발생: expected string or bytes-like object, got 'AsyncMock'
WARNING  core.graph_builder:graph_builder.py:542 [RAG] [REWRITE] 모든 시도 실패, 원본 유지: expected string or bytes-like object, got 'AsyncMock'
ERROR    core.graph_builder:graph_builder.py:124 LLM 호출 중 오류 발생: expected string or bytes-like object, got 'AsyncMock'
WARNING  core.graph_builder:graph_builder.py:542 [RAG] [REWRITE] 모든 시도 실패, 원본 유지: expected string or bytes-like object, got 'AsyncMock'
ERROR    core.graph_builder:graph_builder.py:124 LLM 호출 중 오류 발생: expected string or bytes-like object, got 'AsyncMock'
WARNING  core.graph_builder:graph_builder.py:542 [RAG] [REWRITE] 모든 시도 실패, 원본 유지: expected string or bytes-like object, got 'AsyncMock'
ERROR    core.graph_builder:graph_builder.py:124 LLM 호출 중 오류 발생: expected string or bytes-like object, got 'AsyncMock'
WARNING  core.graph_builder:graph_builder.py:542 [RAG] [REWRITE] 모든 시도 실패, 원본 유지: expected string or bytes-like object, got 'AsyncMock'
ERROR    core.graph_builder:graph_builder.py:124 LLM 호출 중 오류 발생: expected string or bytes-like object, got 'AsyncMock'
WARNING  core.graph_builder:graph_builder.py:542 [RAG] [REWRITE] 모든 시도 실패, 원본 유지: expected string or bytes-like object, got 'AsyncMock'
ERROR    core.graph_builder:graph_builder.py:124 LLM 호출 중 오류 발생: expected string or bytes-like object, got 'AsyncMock'
WARNING  core.graph_builder:graph_builder.py:542 [RAG] [REWRITE] 모든 시도 실패, 원본 유지: expected string or bytes-like object, got 'AsyncMock'
ERROR    core.graph_builder:graph_builder.py:124 LLM 호출 중 오류 발생: expected string or bytes-like object, got 'AsyncMock'
WARNING  core.graph_builder:graph_builder.py:542 [RAG] [REWRITE] 모든 시도 실패, 원본 유지: expected string or bytes-like object, got 'AsyncMock'
ERROR    core.graph_builder:graph_builder.py:124 LLM 호출 중 오류 발생: expected string or bytes-like object, got 'AsyncMock'
WARNING  core.graph_builder:graph_builder.py:542 [RAG] [REWRITE] 모든 시도 실패, 원본 유지: expected string or bytes-like object, got 'AsyncMock'
ERROR    core.graph_builder:graph_builder.py:124 LLM 호출 중 오류 발생: expected string or bytes-like object, got 'AsyncMock'
WARNING  core.graph_builder:graph_builder.py:542 [RAG] [REWRITE] 모든 시도 실패, 원본 유지: expected string or bytes-like object, got 'AsyncMock'
ERROR    core.graph_builder:graph_builder.py:124 LLM 호출 중 오류 발생: expected string or bytes-like object, got 'AsyncMock'
WARNING  core.graph_builder:graph_builder.py:542 [RAG] [REWRITE] 모든 시도 실패, 원본 유지: expected string or bytes-like object, got 'AsyncMock'
ERROR    core.graph_builder:graph_builder.py:124 LLM 호출 중 오류 발생: expected string or bytes-like object, got 'AsyncMock'
WARNING  core.graph_builder:graph_builder.py:542 [RAG] [REWRITE] 모든 시도 실패, 원본 유지: expected string or bytes-like object, got 'AsyncMock'
ERROR    core.graph_builder:graph_builder.py:124 LLM 호출 중 오류 발생: expected string or bytes-like object, got 'AsyncMock'
WARNING  core.graph_builder:graph_builder.py:542 [RAG] [REWRITE] 모든 시도 실패, 원본 유지: expected string or bytes-like object, got 'AsyncMock'
ERROR    core.graph_builder:graph_builder.py:124 LLM 호출 중 오류 발생: expected string or bytes-like object, got 'AsyncMock'
WARNING  core.graph_builder:graph_builder.py:542 [RAG] [REWRITE] 모든 시도 실패, 원본 유지: expected string or bytes-like object, got 'AsyncMock'
ERROR    core.graph_builder:graph_builder.py:124 LLM 호출 중 오류 발생: expected string or bytes-like object, got 'AsyncMock'
WARNING  core.graph_builder:graph_builder.py:542 [RAG] [REWRITE] 모든 시도 실패, 원본 유지: expected string or bytes-like object, got 'AsyncMock'
ERROR    core.graph_builder:graph_builder.py:124 LLM 호출 중 오류 발생: expected string or bytes-like object, got 'AsyncMock'
WARNING  core.graph_builder:graph_builder.py:542 [RAG] [REWRITE] 모든 시도 실패, 원본 유지: expected string or bytes-like object, got 'AsyncMock'
ERROR    core.graph_builder:graph_builder.py:124 LLM 호출 중 오류 발생: expected string or bytes-like object, got 'AsyncMock'
WARNING  core.graph_builder:graph_builder.py:542 [RAG] [REWRITE] 모든 시도 실패, 원본 유지: expected string or bytes-like object, got 'AsyncMock'
ERROR    core.graph_builder:graph_builder.py:124 LLM 호출 중 오류 발생: expected string or bytes-like object, got 'AsyncMock'
WARNING  core.graph_builder:graph_builder.py:542 [RAG] [REWRITE] 모든 시도 실패, 원본 유지: expected string or bytes-like object, got 'AsyncMock'
ERROR    core.graph_builder:graph_builder.py:124 LLM 호출 중 오류 발생: expected string or bytes-like object, got 'AsyncMock'
WARNING  core.graph_builder:graph_builder.py:542 [RAG] [REWRITE] 모든 시도 실패, 원본 유지: expected string or bytes-like object, got 'AsyncMock'
ERROR    core.graph_builder:graph_builder.py:124 LLM 호출 중 오류 발생: expected string or bytes-like object, got 'AsyncMock'
WARNING  core.graph_builder:graph_builder.py:542 [RAG] [REWRITE] 모든 시도 실패, 원본 유지: expected string or bytes-like object, got 'AsyncMock'
ERROR    core.graph_builder:graph_builder.py:124 LLM 호출 중 오류 발생: expected string or bytes-like object, got 'AsyncMock'
WARNING  core.graph_builder:graph_builder.py:542 [RAG] [REWRITE] 모든 시도 실패, 원본 유지: expected string or bytes-like object, got 'AsyncMock'
ERROR    core.graph_builder:graph_builder.py:124 LLM 호출 중 오류 발생: expected string or bytes-like object, got 'AsyncMock'
WARNING  core.graph_builder:graph_builder.py:542 [RAG] [REWRITE] 모든 시도 실패, 원본 유지: expected string or bytes-like object, got 'AsyncMock'
ERROR    core.graph_builder:graph_builder.py:124 LLM 호출 중 오류 발생: expected string or bytes-like object, got 'AsyncMock'
WARNING  core.graph_builder:graph_builder.py:542 [RAG] [REWRITE] 모든 시도 실패, 원본 유지: expected string or bytes-like object, got 'AsyncMock'
ERROR    core.graph_builder:graph_builder.py:124 LLM 호출 중 오류 발생: expected string or bytes-like object, got 'AsyncMock'
WARNING  core.graph_builder:graph_builder.py:542 [RAG] [REWRITE] 모든 시도 실패, 원본 유지: expected string or bytes-like object, got 'AsyncMock'
ERROR    core.graph_builder:graph_builder.py:124 LLM 호출 중 오류 발생: expected string or bytes-like object, got 'AsyncMock'
WARNING  core.graph_builder:graph_builder.py:542 [RAG] [REWRITE] 모든 시도 실패, 원본 유지: expected string or bytes-like object, got 'AsyncMock'
ERROR    core.graph_builder:graph_builder.py:124 LLM 호출 중 오류 발생: expected string or bytes-like object, got 'AsyncMock'
WARNING  core.graph_builder:graph_builder.py:542 [RAG] [REWRITE] 모든 시도 실패, 원본 유지: expected string or bytes-like object, got 'AsyncMock'
ERROR    core.graph_builder:graph_builder.py:124 LLM 호출 중 오류 발생: expected string or bytes-like object, got 'AsyncMock'
WARNING  core.graph_builder:graph_builder.py:542 [RAG] [REWRITE] 모든 시도 실패, 원본 유지: expected string or bytes-like object, got 'AsyncMock'
ERROR    core.graph_builder:graph_builder.py:124 LLM 호출 중 오류 발생: expected string or bytes-like object, got 'AsyncMock'
WARNING  core.graph_builder:graph_builder.py:542 [RAG] [REWRITE] 모든 시도 실패, 원본 유지: expected string or bytes-like object, got 'AsyncMock'
ERROR    core.graph_builder:graph_builder.py:124 LLM 호출 중 오류 발생: expected string or bytes-like object, got 'AsyncMock'
WARNING  core.graph_builder:graph_builder.py:542 [RAG] [REWRITE] 모든 시도 실패, 원본 유지: expected string or bytes-like object, got 'AsyncMock'
ERROR    core.graph_builder:graph_builder.py:124 LLM 호출 중 오류 발생: expected string or bytes-like object, got 'AsyncMock'
WARNING  core.graph_builder:graph_builder.py:542 [RAG] [REWRITE] 모든 시도 실패, 원본 유지: expected string or bytes-like object, got 'AsyncMock'
ERROR    core.graph_builder:graph_builder.py:124 LLM 호출 중 오류 발생: expected string or bytes-like object, got 'AsyncMock'
WARNING  core.graph_builder:graph_builder.py:542 [RAG] [REWRITE] 모든 시도 실패, 원본 유지: expected string or bytes-like object, got 'AsyncMock'
ERROR    core.graph_builder:graph_builder.py:124 LLM 호출 중 오류 발생: expected string or bytes-like object, got 'AsyncMock'
WARNING  core.graph_builder:graph_builder.py:542 [RAG] [REWRITE] 모든 시도 실패, 원본 유지: expected string or bytes-like object, got 'AsyncMock'
ERROR    core.graph_builder:graph_builder.py:124 LLM 호출 중 오류 발생: expected string or bytes-like object, got 'AsyncMock'
WARNING  core.graph_builder:graph_builder.py:542 [RAG] [REWRITE] 모든 시도 실패, 원본 유지: expected string or bytes-like object, got 'AsyncMock'
ERROR    core.graph_builder:graph_builder.py:124 LLM 호출 중 오류 발생: expected string or bytes-like object, got 'AsyncMock'
WARNING  core.graph_builder:graph_builder.py:542 [RAG] [REWRITE] 모든 시도 실패, 원본 유지: expected string or bytes-like object, got 'AsyncMock'
ERROR    core.graph_builder:graph_builder.py:124 LLM 호출 중 오류 발생: expected string or bytes-like object, got 'AsyncMock'
WARNING  core.graph_builder:graph_builder.py:542 [RAG] [REWRITE] 모든 시도 실패, 원본 유지: expected string or bytes-like object, got 'AsyncMock'
ERROR    core.graph_builder:graph_builder.py:124 LLM 호출 중 오류 발생: expected string or bytes-like object, got 'AsyncMock'
WARNING  core.graph_builder:graph_builder.py:542 [RAG] [REWRITE] 모든 시도 실패, 원본 유지: expected string or bytes-like object, got 'AsyncMock'
ERROR    core.graph_builder:graph_builder.py:124 LLM 호출 중 오류 발생: expected string or bytes-like object, got 'AsyncMock'
WARNING  core.graph_builder:graph_builder.py:542 [RAG] [REWRITE] 모든 시도 실패, 원본 유지: expected string or bytes-like object, got 'AsyncMock'
ERROR    core.graph_builder:graph_builder.py:124 LLM 호출 중 오류 발생: expected string or bytes-like object, got 'AsyncMock'
WARNING  core.graph_builder:graph_builder.py:542 [RAG] [REWRITE] 모든 시도 실패, 원본 유지: expected string or bytes-like object, got 'AsyncMock'
ERROR    core.graph_builder:graph_builder.py:124 LLM 호출 중 오류 발생: expected string or bytes-like object, got 'AsyncMock'
WARNING  core.graph_builder:graph_builder.py:542 [RAG] [REWRITE] 모든 시도 실패, 원본 유지: expected string or bytes-like object, got 'AsyncMock'
ERROR    core.graph_builder:graph_builder.py:124 LLM 호출 중 오류 발생: expected string or bytes-like object, got 'AsyncMock'
WARNING  core.graph_builder:graph_builder.py:542 [RAG] [REWRITE] 모든 시도 실패, 원본 유지: expected string or bytes-like object, got 'AsyncMock'
ERROR    core.graph_builder:graph_builder.py:124 LLM 호출 중 오류 발생: expected string or bytes-like object, got 'AsyncMock'
WARNING  core.graph_builder:graph_builder.py:542 [RAG] [REWRITE] 모든 시도 실패, 원본 유지: expected string or bytes-like object, got 'AsyncMock'
ERROR    core.graph_builder:graph_builder.py:124 LLM 호출 중 오류 발생: expected string or bytes-like object, got 'AsyncMock'
WARNING  core.graph_builder:graph_builder.py:542 [RAG] [REWRITE] 모든 시도 실패, 원본 유지: expected string or bytes-like object, got 'AsyncMock'
ERROR    core.graph_builder:graph_builder.py:124 LLM 호출 중 오류 발생: expected string or bytes-like object, got 'AsyncMock'
WARNING  core.graph_builder:graph_builder.py:542 [RAG] [REWRITE] 모든 시도 실패, 원본 유지: expected string or bytes-like object, got 'AsyncMock'
ERROR    core.graph_builder:graph_builder.py:124 LLM 호출 중 오류 발생: expected string or bytes-like object, got 'AsyncMock'
WARNING  core.graph_builder:graph_builder.py:542 [RAG] [REWRITE] 모든 시도 실패, 원본 유지: expected string or bytes-like object, got 'AsyncMock'
ERROR    core.graph_builder:graph_builder.py:124 LLM 호출 중 오류 발생: expected string or bytes-like object, got 'AsyncMock'
WARNING  core.graph_builder:graph_builder.py:542 [RAG] [REWRITE] 모든 시도 실패, 원본 유지: expected string or bytes-like object, got 'AsyncMock'
ERROR    core.graph_builder:graph_builder.py:124 LLM 호출 중 오류 발생: expected string or bytes-like object, got 'AsyncMock'
WARNING  core.graph_builder:graph_builder.py:542 [RAG] [REWRITE] 모든 시도 실패, 원본 유지: expected string or bytes-like object, got 'AsyncMock'
ERROR    core.graph_builder:graph_builder.py:124 LLM 호출 중 오류 발생: expected string or bytes-like object, got 'AsyncMock'
WARNING  core.graph_builder:graph_builder.py:542 [RAG] [REWRITE] 모든 시도 실패, 원본 유지: expected string or bytes-like object, got 'AsyncMock'
ERROR    core.graph_builder:graph_builder.py:124 LLM 호출 중 오류 발생: expected string or bytes-like object, got 'AsyncMock'
WARNING  core.graph_builder:graph_builder.py:542 [RAG] [REWRITE] 모든 시도 실패, 원본 유지: expected string or bytes-like object, got 'AsyncMock'
ERROR    core.graph_builder:graph_builder.py:124 LLM 호출 중 오류 발생: expected string or bytes-like object, got 'AsyncMock'
WARNING  core.graph_builder:graph_builder.py:542 [RAG] [REWRITE] 모든 시도 실패, 원본 유지: expected string or bytes-like object, got 'AsyncMock'
ERROR    core.graph_builder:graph_builder.py:124 LLM 호출 중 오류 발생: expected string or bytes-like object, got 'AsyncMock'
WARNING  core.graph_builder:graph_builder.py:542 [RAG] [REWRITE] 모든 시도 실패, 원본 유지: expected string or bytes-like object, got 'AsyncMock'
ERROR    core.graph_builder:graph_builder.py:124 LLM 호출 중 오류 발생: expected string or bytes-like object, got 'AsyncMock'
WARNING  core.graph_builder:graph_builder.py:542 [RAG] [REWRITE] 모든 시도 실패, 원본 유지: expected string or bytes-like object, got 'AsyncMock'
ERROR    core.graph_builder:graph_builder.py:124 LLM 호출 중 오류 발생: expected string or bytes-like object, got 'AsyncMock'
WARNING  core.graph_builder:graph_builder.py:542 [RAG] [REWRITE] 모든 시도 실패, 원본 유지: expected string or bytes-like object, got 'AsyncMock'
ERROR    core.graph_builder:graph_builder.py:124 LLM 호출 중 오류 발생: expected string or bytes-like object, got 'AsyncMock'
WARNING  core.graph_builder:graph_builder.py:542 [RAG] [REWRITE] 모든 시도 실패, 원본 유지: expected string or bytes-like object, got 'AsyncMock'
ERROR    core.graph_builder:graph_builder.py:124 LLM 호출 중 오류 발생: expected string or bytes-like object, got 'AsyncMock'
WARNING  core.graph_builder:graph_builder.py:542 [RAG] [REWRITE] 모든 시도 실패, 원본 유지: expected string or bytes-like object, got 'AsyncMock'
ERROR    core.graph_builder:graph_builder.py:124 LLM 호출 중 오류 발생: expected string or bytes-like object, got 'AsyncMock'
WARNING  core.graph_builder:graph_builder.py:542 [RAG] [REWRITE] 모든 시도 실패, 원본 유지: expected string or bytes-like object, got 'AsyncMock'
ERROR    core.graph_builder:graph_builder.py:124 LLM 호출 중 오류 발생: expected string or bytes-like object, got 'AsyncMock'
WARNING  core.graph_builder:graph_builder.py:542 [RAG] [REWRITE] 모든 시도 실패, 원본 유지: expected string or bytes-like object, got 'AsyncMock'
ERROR    core.graph_builder:graph_builder.py:124 LLM 호출 중 오류 발생: expected string or bytes-like object, got 'AsyncMock'
WARNING  core.graph_builder:graph_builder.py:542 [RAG] [REWRITE] 모든 시도 실패, 원본 유지: expected string or bytes-like object, got 'AsyncMock'
ERROR    core.graph_builder:graph_builder.py:124 LLM 호출 중 오류 발생: expected string or bytes-like object, got 'AsyncMock'
WARNING  core.graph_builder:graph_builder.py:542 [RAG] [REWRITE] 모든 시도 실패, 원본 유지: expected string or bytes-like object, got 'AsyncMock'
ERROR    core.graph_builder:graph_builder.py:124 LLM 호출 중 오류 발생: expected string or bytes-like object, got 'AsyncMock'
WARNING  core.graph_builder:graph_builder.py:542 [RAG] [REWRITE] 모든 시도 실패, 원본 유지: expected string or bytes-like object, got 'AsyncMock'
ERROR    core.graph_builder:graph_builder.py:124 LLM 호출 중 오류 발생: expected string or bytes-like object, got 'AsyncMock'
WARNING  core.graph_builder:graph_builder.py:542 [RAG] [REWRITE] 모든 시도 실패, 원본 유지: expected string or bytes-like object, got 'AsyncMock'
ERROR    core.graph_builder:graph_builder.py:124 LLM 호출 중 오류 발생: expected string or bytes-like object, got 'AsyncMock'
WARNING  core.graph_builder:graph_builder.py:542 [RAG] [REWRITE] 모든 시도 실패, 원본 유지: expected string or bytes-like object, got 'AsyncMock'
ERROR    core.graph_builder:graph_builder.py:124 LLM 호출 중 오류 발생: expected string or bytes-like object, got 'AsyncMock'
WARNING  core.graph_builder:graph_builder.py:542 [RAG] [REWRITE] 모든 시도 실패, 원본 유지: expected string or bytes-like object, got 'AsyncMock'
ERROR    core.graph_builder:graph_builder.py:124 LLM 호출 중 오류 발생: expected string or bytes-like object, got 'AsyncMock'
WARNING  core.graph_builder:graph_builder.py:542 [RAG] [REWRITE] 모든 시도 실패, 원본 유지: expected string or bytes-like object, got 'AsyncMock'
ERROR    core.graph_builder:graph_builder.py:124 LLM 호출 중 오류 발생: expected string or bytes-like object, got 'AsyncMock'
WARNING  core.graph_builder:graph_builder.py:542 [RAG] [REWRITE] 모든 시도 실패, 원본 유지: expected string or bytes-like object, got 'AsyncMock'
ERROR    core.graph_builder:graph_builder.py:124 LLM 호출 중 오류 발생: expected string or bytes-like object, got 'AsyncMock'
WARNING  core.graph_builder:graph_builder.py:542 [RAG] [REWRITE] 모든 시도 실패, 원본 유지: expected string or bytes-like object, got 'AsyncMock'
ERROR    core.graph_builder:graph_builder.py:124 LLM 호출 중 오류 발생: expected string or bytes-like object, got 'AsyncMock'
WARNING  core.graph_builder:graph_builder.py:542 [RAG] [REWRITE] 모든 시도 실패, 원본 유지: expected string or bytes-like object, got 'AsyncMock'
ERROR    core.graph_builder:graph_builder.py:124 LLM 호출 중 오류 발생: expected string or bytes-like object, got 'AsyncMock'
WARNING  core.graph_builder:graph_builder.py:542 [RAG] [REWRITE] 모든 시도 실패, 원본 유지: expected string or bytes-like object, got 'AsyncMock'
ERROR    core.graph_builder:graph_builder.py:124 LLM 호출 중 오류 발생: expected string or bytes-like object, got 'AsyncMock'
WARNING  core.graph_builder:graph_builder.py:542 [RAG] [REWRITE] 모든 시도 실패, 원본 유지: expected string or bytes-like object, got 'AsyncMock'
ERROR    core.graph_builder:graph_builder.py:124 LLM 호출 중 오류 발생: expected string or bytes-like object, got 'AsyncMock'
WARNING  core.graph_builder:graph_builder.py:542 [RAG] [REWRITE] 모든 시도 실패, 원본 유지: expected string or bytes-like object, got 'AsyncMock'
ERROR    core.graph_builder:graph_builder.py:124 LLM 호출 중 오류 발생: expected string or bytes-like object, got 'AsyncMock'
WARNING  core.graph_builder:graph_builder.py:542 [RAG] [REWRITE] 모든 시도 실패, 원본 유지: expected string or bytes-like object, got 'AsyncMock'
ERROR    core.graph_builder:graph_builder.py:124 LLM 호출 중 오류 발생: expected string or bytes-like object, got 'AsyncMock'
WARNING  core.graph_builder:graph_builder.py:542 [RAG] [REWRITE] 모든 시도 실패, 원본 유지: expected string or bytes-like object, got 'AsyncMock'
ERROR    core.graph_builder:graph_builder.py:124 LLM 호출 중 오류 발생: expected string or bytes-like object, got 'AsyncMock'
WARNING  core.graph_builder:graph_builder.py:542 [RAG] [REWRITE] 모든 시도 실패, 원본 유지: expected string or bytes-like object, got 'AsyncMock'
ERROR    core.graph_builder:graph_builder.py:124 LLM 호출 중 오류 발생: expected string or bytes-like object, got 'AsyncMock'
WARNING  core.graph_builder:graph_builder.py:542 [RAG] [REWRITE] 모든 시도 실패, 원본 유지: expected string or bytes-like object, got 'AsyncMock'
ERROR    core.graph_builder:graph_builder.py:124 LLM 호출 중 오류 발생: expected string or bytes-like object, got 'AsyncMock'
WARNING  core.graph_builder:graph_builder.py:542 [RAG] [REWRITE] 모든 시도 실패, 원본 유지: expected string or bytes-like object, got 'AsyncMock'
ERROR    core.graph_builder:graph_builder.py:124 LLM 호출 중 오류 발생: expected string or bytes-like object, got 'AsyncMock'
WARNING  core.graph_builder:graph_builder.py:542 [RAG] [REWRITE] 모든 시도 실패, 원본 유지: expected string or bytes-like object, got 'AsyncMock'
ERROR    core.graph_builder:graph_builder.py:124 LLM 호출 중 오류 발생: expected string or bytes-like object, got 'AsyncMock'
WARNING  core.graph_builder:graph_builder.py:542 [RAG] [REWRITE] 모든 시도 실패, 원본 유지: expected string or bytes-like object, got 'AsyncMock'
ERROR    core.graph_builder:graph_builder.py:124 LLM 호출 중 오류 발생: expected string or bytes-like object, got 'AsyncMock'
WARNING  core.graph_builder:graph_builder.py:542 [RAG] [REWRITE] 모든 시도 실패, 원본 유지: expected string or bytes-like object, got 'AsyncMock'
ERROR    core.graph_builder:graph_builder.py:124 LLM 호출 중 오류 발생: expected string or bytes-like object, got 'AsyncMock'
WARNING  core.graph_builder:graph_builder.py:542 [RAG] [REWRITE] 모든 시도 실패, 원본 유지: expected string or bytes-like object, got 'AsyncMock'
ERROR    core.graph_builder:graph_builder.py:124 LLM 호출 중 오류 발생: expected string or bytes-like object, got 'AsyncMock'
WARNING  core.graph_builder:graph_builder.py:542 [RAG] [REWRITE] 모든 시도 실패, 원본 유지: expected string or bytes-like object, got 'AsyncMock'
ERROR    core.graph_builder:graph_builder.py:124 LLM 호출 중 오류 발생: expected string or bytes-like object, got 'AsyncMock'
WARNING  core.graph_builder:graph_builder.py:542 [RAG] [REWRITE] 모든 시도 실패, 원본 유지: expected string or bytes-like object, got 'AsyncMock'
ERROR    core.graph_builder:graph_builder.py:124 LLM 호출 중 오류 발생: expected string or bytes-like object, got 'AsyncMock'
WARNING  core.graph_builder:graph_builder.py:542 [RAG] [REWRITE] 모든 시도 실패, 원본 유지: expected string or bytes-like object, got 'AsyncMock'
ERROR    core.graph_builder:graph_builder.py:124 LLM 호출 중 오류 발생: expected string or bytes-like object, got 'AsyncMock'
WARNING  core.graph_builder:graph_builder.py:542 [RAG] [REWRITE] 모든 시도 실패, 원본 유지: expected string or bytes-like object, got 'AsyncMock'
ERROR    core.graph_builder:graph_builder.py:124 LLM 호출 중 오류 발생: expected string or bytes-like object, got 'AsyncMock'
WARNING  core.graph_builder:graph_builder.py:542 [RAG] [REWRITE] 모든 시도 실패, 원본 유지: expected string or bytes-like object, got 'AsyncMock'
ERROR    core.graph_builder:graph_builder.py:124 LLM 호출 중 오류 발생: expected string or bytes-like object, got 'AsyncMock'
WARNING  core.graph_builder:graph_builder.py:542 [RAG] [REWRITE] 모든 시도 실패, 원본 유지: expected string or bytes-like object, got 'AsyncMock'
ERROR    core.graph_builder:graph_builder.py:124 LLM 호출 중 오류 발생: expected string or bytes-like object, got 'AsyncMock'
WARNING  core.graph_builder:graph_builder.py:542 [RAG] [REWRITE] 모든 시도 실패, 원본 유지: expected string or bytes-like object, got 'AsyncMock'
ERROR    core.graph_builder:graph_builder.py:124 LLM 호출 중 오류 발생: expected string or bytes-like object, got 'AsyncMock'
WARNING  core.graph_builder:graph_builder.py:542 [RAG] [REWRITE] 모든 시도 실패, 원본 유지: expected string or bytes-like object, got 'AsyncMock'
ERROR    core.graph_builder:graph_builder.py:124 LLM 호출 중 오류 발생: expected string or bytes-like object, got 'AsyncMock'
WARNING  core.graph_builder:graph_builder.py:542 [RAG] [REWRITE] 모든 시도 실패, 원본 유지: expected string or bytes-like object, got 'AsyncMock'
ERROR    core.graph_builder:graph_builder.py:124 LLM 호출 중 오류 발생: expected string or bytes-like object, got 'AsyncMock'
WARNING  core.graph_builder:graph_builder.py:542 [RAG] [REWRITE] 모든 시도 실패, 원본 유지: expected string or bytes-like object, got 'AsyncMock'
ERROR    core.graph_builder:graph_builder.py:124 LLM 호출 중 오류 발생: expected string or bytes-like object, got 'AsyncMock'
WARNING  core.graph_builder:graph_builder.py:542 [RAG] [REWRITE] 모든 시도 실패, 원본 유지: expected string or bytes-like object, got 'AsyncMock'
ERROR    core.graph_builder:graph_builder.py:124 LLM 호출 중 오류 발생: expected string or bytes-like object, got 'AsyncMock'
WARNING  core.graph_builder:graph_builder.py:542 [RAG] [REWRITE] 모든 시도 실패, 원본 유지: expected string or bytes-like object, got 'AsyncMock'
ERROR    core.graph_builder:graph_builder.py:124 LLM 호출 중 오류 발생: expected string or bytes-like object, got 'AsyncMock'
WARNING  core.graph_builder:graph_builder.py:542 [RAG] [REWRITE] 모든 시도 실패, 원본 유지: expected string or bytes-like object, got 'AsyncMock'
ERROR    core.graph_builder:graph_builder.py:124 LLM 호출 중 오류 발생: expected string or bytes-like object, got 'AsyncMock'
WARNING  core.graph_builder:graph_builder.py:542 [RAG] [REWRITE] 모든 시도 실패, 원본 유지: expected string or bytes-like object, got 'AsyncMock'
ERROR    core.graph_builder:graph_builder.py:124 LLM 호출 중 오류 발생: expected string or bytes-like object, got 'AsyncMock'
WARNING  core.graph_builder:graph_builder.py:542 [RAG] [REWRITE] 모든 시도 실패, 원본 유지: expected string or bytes-like object, got 'AsyncMock'
ERROR    core.graph_builder:graph_builder.py:124 LLM 호출 중 오류 발생: expected string or bytes-like object, got 'AsyncMock'
WARNING  core.graph_builder:graph_builder.py:542 [RAG] [REWRITE] 모든 시도 실패, 원본 유지: expected string or bytes-like object, got 'AsyncMock'
ERROR    core.graph_builder:graph_builder.py:124 LLM 호출 중 오류 발생: expected string or bytes-like object, got 'AsyncMock'
WARNING  core.graph_builder:graph_builder.py:542 [RAG] [REWRITE] 모든 시도 실패, 원본 유지: expected string or bytes-like object, got 'AsyncMock'
ERROR    core.graph_builder:graph_builder.py:124 LLM 호출 중 오류 발생: expected string or bytes-like object, got 'AsyncMock'
WARNING  core.graph_builder:graph_builder.py:542 [RAG] [REWRITE] 모든 시도 실패, 원본 유지: expected string or bytes-like object, got 'AsyncMock'
ERROR    core.graph_builder:graph_builder.py:124 LLM 호출 중 오류 발생: expected string or bytes-like object, got 'AsyncMock'
WARNING  core.graph_builder:graph_builder.py:542 [RAG] [REWRITE] 모든 시도 실패, 원본 유지: expected string or bytes-like object, got 'AsyncMock'
ERROR    core.graph_builder:graph_builder.py:124 LLM 호출 중 오류 발생: expected string or bytes-like object, got 'AsyncMock'
WARNING  core.graph_builder:graph_builder.py:542 [RAG] [REWRITE] 모든 시도 실패, 원본 유지: expected string or bytes-like object, got 'AsyncMock'
ERROR    core.graph_builder:graph_builder.py:124 LLM 호출 중 오류 발생: expected string or bytes-like object, got 'AsyncMock'
WARNING  core.graph_builder:graph_builder.py:542 [RAG] [REWRITE] 모든 시도 실패, 원본 유지: expected string or bytes-like object, got 'AsyncMock'
ERROR    core.graph_builder:graph_builder.py:124 LLM 호출 중 오류 발생: expected string or bytes-like object, got 'AsyncMock'
WARNING  core.graph_builder:graph_builder.py:542 [RAG] [REWRITE] 모든 시도 실패, 원본 유지: expected string or bytes-like object, got 'AsyncMock'
ERROR    core.graph_builder:graph_builder.py:124 LLM 호출 중 오류 발생: expected string or bytes-like object, got 'AsyncMock'
WARNING  core.graph_builder:graph_builder.py:542 [RAG] [REWRITE] 모든 시도 실패, 원본 유지: expected string or bytes-like object, got 'AsyncMock'
ERROR    core.graph_builder:graph_builder.py:124 LLM 호출 중 오류 발생: expected string or bytes-like object, got 'AsyncMock'
WARNING  core.graph_builder:graph_builder.py:542 [RAG] [REWRITE] 모든 시도 실패, 원본 유지: expected string or bytes-like object, got 'AsyncMock'
ERROR    core.graph_builder:graph_builder.py:124 LLM 호출 중 오류 발생: expected string or bytes-like object, got 'AsyncMock'
WARNING  core.graph_builder:graph_builder.py:542 [RAG] [REWRITE] 모든 시도 실패, 원본 유지: expected string or bytes-like object, got 'AsyncMock'
ERROR    core.graph_builder:graph_builder.py:124 LLM 호출 중 오류 발생: expected string or bytes-like object, got 'AsyncMock'
WARNING  core.graph_builder:graph_builder.py:542 [RAG] [REWRITE] 모든 시도 실패, 원본 유지: expected string or bytes-like object, got 'AsyncMock'
ERROR    core.graph_builder:graph_builder.py:124 LLM 호출 중 오류 발생: expected string or bytes-like object, got 'AsyncMock'
WARNING  core.graph_builder:graph_builder.py:542 [RAG] [REWRITE] 모든 시도 실패, 원본 유지: expected string or bytes-like object, got 'AsyncMock'
ERROR    core.graph_builder:graph_builder.py:124 LLM 호출 중 오류 발생: expected string or bytes-like object, got 'AsyncMock'
WARNING  core.graph_builder:graph_builder.py:542 [RAG] [REWRITE] 모든 시도 실패, 원본 유지: expected string or bytes-like object, got 'AsyncMock'
ERROR    core.graph_builder:graph_builder.py:124 LLM 호출 중 오류 발생: expected string or bytes-like object, got 'AsyncMock'
WARNING  core.graph_builder:graph_builder.py:542 [RAG] [REWRITE] 모든 시도 실패, 원본 유지: expected string or bytes-like object, got 'AsyncMock'
ERROR    core.graph_builder:graph_builder.py:124 LLM 호출 중 오류 발생: expected string or bytes-like object, got 'AsyncMock'
WARNING  core.graph_builder:graph_builder.py:542 [RAG] [REWRITE] 모든 시도 실패, 원본 유지: expected string or bytes-like object, got 'AsyncMock'
ERROR    core.graph_builder:graph_builder.py:124 LLM 호출 중 오류 발생: expected string or bytes-like object, got 'AsyncMock'
WARNING  core.graph_builder:graph_builder.py:542 [RAG] [REWRITE] 모든 시도 실패, 원본 유지: expected string or bytes-like object, got 'AsyncMock'
ERROR    core.graph_builder:graph_builder.py:124 LLM 호출 중 오류 발생: expected string or bytes-like object, got 'AsyncMock'
WARNING  core.graph_builder:graph_builder.py:542 [RAG] [REWRITE] 모든 시도 실패, 원본 유지: expected string or bytes-like object, got 'AsyncMock'
ERROR    core.graph_builder:graph_builder.py:124 LLM 호출 중 오류 발생: expected string or bytes-like object, got 'AsyncMock'
WARNING  core.graph_builder:graph_builder.py:542 [RAG] [REWRITE] 모든 시도 실패, 원본 유지: expected string or bytes-like object, got 'AsyncMock'
ERROR    core.graph_builder:graph_builder.py:124 LLM 호출 중 오류 발생: expected string or bytes-like object, got 'AsyncMock'
WARNING  core.graph_builder:graph_builder.py:542 [RAG] [REWRITE] 모든 시도 실패, 원본 유지: expected string or bytes-like object, got 'AsyncMock'
ERROR    core.graph_builder:graph_builder.py:124 LLM 호출 중 오류 발생: expected string or bytes-like object, got 'AsyncMock'
WARNING  core.graph_builder:graph_builder.py:542 [RAG] [REWRITE] 모든 시도 실패, 원본 유지: expected string or bytes-like object, got 'AsyncMock'
ERROR    core.graph_builder:graph_builder.py:124 LLM 호출 중 오류 발생: expected string or bytes-like object, got 'AsyncMock'
WARNING  core.graph_builder:graph_builder.py:542 [RAG] [REWRITE] 모든 시도 실패, 원본 유지: expected string or bytes-like object, got 'AsyncMock'
ERROR    core.graph_builder:graph_builder.py:124 LLM 호출 중 오류 발생: expected string or bytes-like object, got 'AsyncMock'
WARNING  core.graph_builder:graph_builder.py:542 [RAG] [REWRITE] 모든 시도 실패, 원본 유지: expected string or bytes-like object, got 'AsyncMock'
ERROR    core.graph_builder:graph_builder.py:124 LLM 호출 중 오류 발생: expected string or bytes-like object, got 'AsyncMock'
WARNING  core.graph_builder:graph_builder.py:542 [RAG] [REWRITE] 모든 시도 실패, 원본 유지: expected string or bytes-like object, got 'AsyncMock'
ERROR    core.graph_builder:graph_builder.py:124 LLM 호출 중 오류 발생: expected string or bytes-like object, got 'AsyncMock'
WARNING  core.graph_builder:graph_builder.py:542 [RAG] [REWRITE] 모든 시도 실패, 원본 유지: expected string or bytes-like object, got 'AsyncMock'
ERROR    core.graph_builder:graph_builder.py:124 LLM 호출 중 오류 발생: expected string or bytes-like object, got 'AsyncMock'
WARNING  core.graph_builder:graph_builder.py:542 [RAG] [REWRITE] 모든 시도 실패, 원본 유지: expected string or bytes-like object, got 'AsyncMock'
ERROR    core.graph_builder:graph_builder.py:124 LLM 호출 중 오류 발생: expected string or bytes-like object, got 'AsyncMock'
WARNING  core.graph_builder:graph_builder.py:542 [RAG] [REWRITE] 모든 시도 실패, 원본 유지: expected string or bytes-like object, got 'AsyncMock'
ERROR    core.graph_builder:graph_builder.py:124 LLM 호출 중 오류 발생: expected string or bytes-like object, got 'AsyncMock'
WARNING  core.graph_builder:graph_builder.py:542 [RAG] [REWRITE] 모든 시도 실패, 원본 유지: expected string or bytes-like object, got 'AsyncMock'
ERROR    core.graph_builder:graph_builder.py:124 LLM 호출 중 오류 발생: expected string or bytes-like object, got 'AsyncMock'
WARNING  core.graph_builder:graph_builder.py:542 [RAG] [REWRITE] 모든 시도 실패, 원본 유지: expected string or bytes-like object, got 'AsyncMock'
ERROR    core.graph_builder:graph_builder.py:124 LLM 호출 중 오류 발생: expected string or bytes-like object, got 'AsyncMock'
WARNING  core.graph_builder:graph_builder.py:542 [RAG] [REWRITE] 모든 시도 실패, 원본 유지: expected string or bytes-like object, got 'AsyncMock'
ERROR    core.graph_builder:graph_builder.py:124 LLM 호출 중 오류 발생: expected string or bytes-like object, got 'AsyncMock'
WARNING  core.graph_builder:graph_builder.py:542 [RAG] [REWRITE] 모든 시도 실패, 원본 유지: expected string or bytes-like object, got 'AsyncMock'
ERROR    core.graph_builder:graph_builder.py:124 LLM 호출 중 오류 발생: expected string or bytes-like object, got 'AsyncMock'
WARNING  core.graph_builder:graph_builder.py:542 [RAG] [REWRITE] 모든 시도 실패, 원본 유지: expected string or bytes-like object, got 'AsyncMock'
ERROR    core.graph_builder:graph_builder.py:124 LLM 호출 중 오류 발생: expected string or bytes-like object, got 'AsyncMock'
WARNING  core.graph_builder:graph_builder.py:542 [RAG] [REWRITE] 모든 시도 실패, 원본 유지: expected string or bytes-like object, got 'AsyncMock'
ERROR    core.graph_builder:graph_builder.py:124 LLM 호출 중 오류 발생: expected string or bytes-like object, got 'AsyncMock'
WARNING  core.graph_builder:graph_builder.py:542 [RAG] [REWRITE] 모든 시도 실패, 원본 유지: expected string or bytes-like object, got 'AsyncMock'
ERROR    core.graph_builder:graph_builder.py:124 LLM 호출 중 오류 발생: expected string or bytes-like object, got 'AsyncMock'
WARNING  core.graph_builder:graph_builder.py:542 [RAG] [REWRITE] 모든 시도 실패, 원본 유지: expected string or bytes-like object, got 'AsyncMock'
ERROR    core.graph_builder:graph_builder.py:124 LLM 호출 중 오류 발생: expected string or bytes-like object, got 'AsyncMock'
WARNING  core.graph_builder:graph_builder.py:542 [RAG] [REWRITE] 모든 시도 실패, 원본 유지: expected string or bytes-like object, got 'AsyncMock'
ERROR    core.graph_builder:graph_builder.py:124 LLM 호출 중 오류 발생: expected string or bytes-like object, got 'AsyncMock'
WARNING  core.graph_builder:graph_builder.py:542 [RAG] [REWRITE] 모든 시도 실패, 원본 유지: expected string or bytes-like object, got 'AsyncMock'
ERROR    core.graph_builder:graph_builder.py:124 LLM 호출 중 오류 발생: expected string or bytes-like object, got 'AsyncMock'
WARNING  core.graph_builder:graph_builder.py:542 [RAG] [REWRITE] 모든 시도 실패, 원본 유지: expected string or bytes-like object, got 'AsyncMock'
ERROR    core.graph_builder:graph_builder.py:124 LLM 호출 중 오류 발생: expected string or bytes-like object, got 'AsyncMock'
WARNING  core.graph_builder:graph_builder.py:542 [RAG] [REWRITE] 모든 시도 실패, 원본 유지: expected string or bytes-like object, got 'AsyncMock'
ERROR    core.graph_builder:graph_builder.py:124 LLM 호출 중 오류 발생: expected string or bytes-like object, got 'AsyncMock'
WARNING  core.graph_builder:graph_builder.py:542 [RAG] [REWRITE] 모든 시도 실패, 원본 유지: expected string or bytes-like object, got 'AsyncMock'
ERROR    core.graph_builder:graph_builder.py:124 LLM 호출 중 오류 발생: expected string or bytes-like object, got 'AsyncMock'
WARNING  core.graph_builder:graph_builder.py:542 [RAG] [REWRITE] 모든 시도 실패, 원본 유지: expected string or bytes-like object, got 'AsyncMock'
ERROR    core.graph_builder:graph_builder.py:124 LLM 호출 중 오류 발생: expected string or bytes-like object, got 'AsyncMock'
WARNING  core.graph_builder:graph_builder.py:542 [RAG] [REWRITE] 모든 시도 실패, 원본 유지: expected string or bytes-like object, got 'AsyncMock'
ERROR    core.graph_builder:graph_builder.py:124 LLM 호출 중 오류 발생: expected string or bytes-like object, got 'AsyncMock'
WARNING  core.graph_builder:graph_builder.py:542 [RAG] [REWRITE] 모든 시도 실패, 원본 유지: expected string or bytes-like object, got 'AsyncMock'
ERROR    core.graph_builder:graph_builder.py:124 LLM 호출 중 오류 발생: expected string or bytes-like object, got 'AsyncMock'
WARNING  core.graph_builder:graph_builder.py:542 [RAG] [REWRITE] 모든 시도 실패, 원본 유지: expected string or bytes-like object, got 'AsyncMock'
ERROR    core.graph_builder:graph_builder.py:124 LLM 호출 중 오류 발생: expected string or bytes-like object, got 'AsyncMock'
WARNING  core.graph_builder:graph_builder.py:542 [RAG] [REWRITE] 모든 시도 실패, 원본 유지: expected string or bytes-like object, got 'AsyncMock'
ERROR    core.graph_builder:graph_builder.py:124 LLM 호출 중 오류 발생: expected string or bytes-like object, got 'AsyncMock'
WARNING  core.graph_builder:graph_builder.py:542 [RAG] [REWRITE] 모든 시도 실패, 원본 유지: expected string or bytes-like object, got 'AsyncMock'
ERROR    core.graph_builder:graph_builder.py:124 LLM 호출 중 오류 발생: expected string or bytes-like object, got 'AsyncMock'
WARNING  core.graph_builder:graph_builder.py:542 [RAG] [REWRITE] 모든 시도 실패, 원본 유지: expected string or bytes-like object, got 'AsyncMock'
ERROR    core.graph_builder:graph_builder.py:124 LLM 호출 중 오류 발생: expected string or bytes-like object, got 'AsyncMock'
WARNING  core.graph_builder:graph_builder.py:542 [RAG] [REWRITE] 모든 시도 실패, 원본 유지: expected string or bytes-like object, got 'AsyncMock'
ERROR    core.graph_builder:graph_builder.py:124 LLM 호출 중 오류 발생: expected string or bytes-like object, got 'AsyncMock'
WARNING  core.graph_builder:graph_builder.py:542 [RAG] [REWRITE] 모든 시도 실패, 원본 유지: expected string or bytes-like object, got 'AsyncMock'
ERROR    core.graph_builder:graph_builder.py:124 LLM 호출 중 오류 발생: expected string or bytes-like object, got 'AsyncMock'
WARNING  core.graph_builder:graph_builder.py:542 [RAG] [REWRITE] 모든 시도 실패, 원본 유지: expected string or bytes-like object, got 'AsyncMock'
ERROR    core.graph_builder:graph_builder.py:124 LLM 호출 중 오류 발생: expected string or bytes-like object, got 'AsyncMock'
WARNING  core.graph_builder:graph_builder.py:542 [RAG] [REWRITE] 모든 시도 실패, 원본 유지: expected string or bytes-like object, got 'AsyncMock'
ERROR    core.graph_builder:graph_builder.py:124 LLM 호출 중 오류 발생: expected string or bytes-like object, got 'AsyncMock'
WARNING  core.graph_builder:graph_builder.py:542 [RAG] [REWRITE] 모든 시도 실패, 원본 유지: expected string or bytes-like object, got 'AsyncMock'
ERROR    core.graph_builder:graph_builder.py:124 LLM 호출 중 오류 발생: expected string or bytes-like object, got 'AsyncMock'
WARNING  core.graph_builder:graph_builder.py:542 [RAG] [REWRITE] 모든 시도 실패, 원본 유지: expected string or bytes-like object, got 'AsyncMock'
ERROR    core.graph_builder:graph_builder.py:124 LLM 호출 중 오류 발생: expected string or bytes-like object, got 'AsyncMock'
WARNING  core.graph_builder:graph_builder.py:542 [RAG] [REWRITE] 모든 시도 실패, 원본 유지: expected string or bytes-like object, got 'AsyncMock'
ERROR    core.graph_builder:graph_builder.py:124 LLM 호출 중 오류 발생: expected string or bytes-like object, got 'AsyncMock'
WARNING  core.graph_builder:graph_builder.py:542 [RAG] [REWRITE] 모든 시도 실패, 원본 유지: expected string or bytes-like object, got 'AsyncMock'
ERROR    core.graph_builder:graph_builder.py:124 LLM 호출 중 오류 발생: expected string or bytes-like object, got 'AsyncMock'
WARNING  core.graph_builder:graph_builder.py:542 [RAG] [REWRITE] 모든 시도 실패, 원본 유지: expected string or bytes-like object, got 'AsyncMock'
ERROR    core.graph_builder:graph_builder.py:124 LLM 호출 중 오류 발생: expected string or bytes-like object, got 'AsyncMock'
WARNING  core.graph_builder:graph_builder.py:542 [RAG] [REWRITE] 모든 시도 실패, 원본 유지: expected string or bytes-like object, got 'AsyncMock'
ERROR    core.graph_builder:graph_builder.py:124 LLM 호출 중 오류 발생: expected string or bytes-like object, got 'AsyncMock'
WARNING  core.graph_builder:graph_builder.py:542 [RAG] [REWRITE] 모든 시도 실패, 원본 유지: expected string or bytes-like object, got 'AsyncMock'
ERROR    core.graph_builder:graph_builder.py:124 LLM 호출 중 오류 발생: expected string or bytes-like object, got 'AsyncMock'
WARNING  core.graph_builder:graph_builder.py:542 [RAG] [REWRITE] 모든 시도 실패, 원본 유지: expected string or bytes-like object, got 'AsyncMock'
ERROR    core.graph_builder:graph_builder.py:124 LLM 호출 중 오류 발생: expected string or bytes-like object, got 'AsyncMock'
WARNING  core.graph_builder:graph_builder.py:542 [RAG] [REWRITE] 모든 시도 실패, 원본 유지: expected string or bytes-like object, got 'AsyncMock'
ERROR    core.graph_builder:graph_builder.py:124 LLM 호출 중 오류 발생: expected string or bytes-like object, got 'AsyncMock'
WARNING  core.graph_builder:graph_builder.py:542 [RAG] [REWRITE] 모든 시도 실패, 원본 유지: expected string or bytes-like object, got 'AsyncMock'
ERROR    core.graph_builder:graph_builder.py:124 LLM 호출 중 오류 발생: expected string or bytes-like object, got 'AsyncMock'
WARNING  core.graph_builder:graph_builder.py:542 [RAG] [REWRITE] 모든 시도 실패, 원본 유지: expected string or bytes-like object, got 'AsyncMock'
ERROR    core.graph_builder:graph_builder.py:124 LLM 호출 중 오류 발생: expected string or bytes-like object, got 'AsyncMock'
WARNING  core.graph_builder:graph_builder.py:542 [RAG] [REWRITE] 모든 시도 실패, 원본 유지: expected string or bytes-like object, got 'AsyncMock'
ERROR    core.graph_builder:graph_builder.py:124 LLM 호출 중 오류 발생: expected string or bytes-like object, got 'AsyncMock'
WARNING  core.graph_builder:graph_builder.py:542 [RAG] [REWRITE] 모든 시도 실패, 원본 유지: expected string or bytes-like object, got 'AsyncMock'
ERROR    core.graph_builder:graph_builder.py:124 LLM 호출 중 오류 발생: expected string or bytes-like object, got 'AsyncMock'
WARNING  core.graph_builder:graph_builder.py:542 [RAG] [REWRITE] 모든 시도 실패, 원본 유지: expected string or bytes-like object, got 'AsyncMock'
ERROR    core.graph_builder:graph_builder.py:124 LLM 호출 중 오류 발생: expected string or bytes-like object, got 'AsyncMock'
WARNING  core.graph_builder:graph_builder.py:542 [RAG] [REWRITE] 모든 시도 실패, 원본 유지: expected string or bytes-like object, got 'AsyncMock'
ERROR    core.graph_builder:graph_builder.py:124 LLM 호출 중 오류 발생: expected string or bytes-like object, got 'AsyncMock'
WARNING  core.graph_builder:graph_builder.py:542 [RAG] [REWRITE] 모든 시도 실패, 원본 유지: expected string or bytes-like object, got 'AsyncMock'
ERROR    core.graph_builder:graph_builder.py:124 LLM 호출 중 오류 발생: expected string or bytes-like object, got 'AsyncMock'
WARNING  core.graph_builder:graph_builder.py:542 [RAG] [REWRITE] 모든 시도 실패, 원본 유지: expected string or bytes-like object, got 'AsyncMock'
ERROR    core.graph_builder:graph_builder.py:124 LLM 호출 중 오류 발생: expected string or bytes-like object, got 'AsyncMock'
WARNING  core.graph_builder:graph_builder.py:542 [RAG] [REWRITE] 모든 시도 실패, 원본 유지: expected string or bytes-like object, got 'AsyncMock'
ERROR    core.graph_builder:graph_builder.py:124 LLM 호출 중 오류 발생: expected string or bytes-like object, got 'AsyncMock'
WARNING  core.graph_builder:graph_builder.py:542 [RAG] [REWRITE] 모든 시도 실패, 원본 유지: expected string or bytes-like object, got 'AsyncMock'
ERROR    core.graph_builder:graph_builder.py:124 LLM 호출 중 오류 발생: expected string or bytes-like object, got 'AsyncMock'
WARNING  core.graph_builder:graph_builder.py:542 [RAG] [REWRITE] 모든 시도 실패, 원본 유지: expected string or bytes-like object, got 'AsyncMock'
ERROR    core.graph_builder:graph_builder.py:124 LLM 호출 중 오류 발생: expected string or bytes-like object, got 'AsyncMock'
WARNING  core.graph_builder:graph_builder.py:542 [RAG] [REWRITE] 모든 시도 실패, 원본 유지: expected string or bytes-like object, got 'AsyncMock'
ERROR    core.graph_builder:graph_builder.py:124 LLM 호출 중 오류 발생: expected string or bytes-like object, got 'AsyncMock'
WARNING  core.graph_builder:graph_builder.py:542 [RAG] [REWRITE] 모든 시도 실패, 원본 유지: expected string or bytes-like object, got 'AsyncMock'
ERROR    core.graph_builder:graph_builder.py:124 LLM 호출 중 오류 발생: expected string or bytes-like object, got 'AsyncMock'
WARNING  core.graph_builder:graph_builder.py:542 [RAG] [REWRITE] 모든 시도 실패, 원본 유지: expected string or bytes-like object, got 'AsyncMock'
ERROR    core.graph_builder:graph_builder.py:124 LLM 호출 중 오류 발생: expected string or bytes-like object, got 'AsyncMock'
WARNING  core.graph_builder:graph_builder.py:542 [RAG] [REWRITE] 모든 시도 실패, 원본 유지: expected string or bytes-like object, got 'AsyncMock'
ERROR    core.graph_builder:graph_builder.py:124 LLM 호출 중 오류 발생: expected string or bytes-like object, got 'AsyncMock'
WARNING  core.graph_builder:graph_builder.py:542 [RAG] [REWRITE] 모든 시도 실패, 원본 유지: expected string or bytes-like object, got 'AsyncMock'
ERROR    core.graph_builder:graph_builder.py:124 LLM 호출 중 오류 발생: expected string or bytes-like object, got 'AsyncMock'
WARNING  core.graph_builder:graph_builder.py:542 [RAG] [REWRITE] 모든 시도 실패, 원본 유지: expected string or bytes-like object, got 'AsyncMock'
ERROR    core.graph_builder:graph_builder.py:124 LLM 호출 중 오류 발생: expected string or bytes-like object, got 'AsyncMock'
WARNING  core.graph_builder:graph_builder.py:542 [RAG] [REWRITE] 모든 시도 실패, 원본 유지: expected string or bytes-like object, got 'AsyncMock'
ERROR    core.graph_builder:graph_builder.py:124 LLM 호출 중 오류 발생: expected string or bytes-like object, got 'AsyncMock'
WARNING  core.graph_builder:graph_builder.py:542 [RAG] [REWRITE] 모든 시도 실패, 원본 유지: expected string or bytes-like object, got 'AsyncMock'
ERROR    core.graph_builder:graph_builder.py:124 LLM 호출 중 오류 발생: expected string or bytes-like object, got 'AsyncMock'
WARNING  core.graph_builder:graph_builder.py:542 [RAG] [REWRITE] 모든 시도 실패, 원본 유지: expected string or bytes-like object, got 'AsyncMock'
ERROR    core.graph_builder:graph_builder.py:124 LLM 호출 중 오류 발생: expected string or bytes-like object, got 'AsyncMock'
WARNING  core.graph_builder:graph_builder.py:542 [RAG] [REWRITE] 모든 시도 실패, 원본 유지: expected string or bytes-like object, got 'AsyncMock'
ERROR    core.graph_builder:graph_builder.py:124 LLM 호출 중 오류 발생: expected string or bytes-like object, got 'AsyncMock'
WARNING  core.graph_builder:graph_builder.py:542 [RAG] [REWRITE] 모든 시도 실패, 원본 유지: expected string or bytes-like object, got 'AsyncMock'
ERROR    core.graph_builder:graph_builder.py:124 LLM 호출 중 오류 발생: expected string or bytes-like object, got 'AsyncMock'
WARNING  core.graph_builder:graph_builder.py:542 [RAG] [REWRITE] 모든 시도 실패, 원본 유지: expected string or bytes-like object, got 'AsyncMock'
ERROR    core.graph_builder:graph_builder.py:124 LLM 호출 중 오류 발생: expected string or bytes-like object, got 'AsyncMock'
WARNING  core.graph_builder:graph_builder.py:542 [RAG] [REWRITE] 모든 시도 실패, 원본 유지: expected string or bytes-like object, got 'AsyncMock'
ERROR    core.graph_builder:graph_builder.py:124 LLM 호출 중 오류 발생: expected string or bytes-like object, got 'AsyncMock'
WARNING  core.graph_builder:graph_builder.py:542 [RAG] [REWRITE] 모든 시도 실패, 원본 유지: expected string or bytes-like object, got 'AsyncMock'
ERROR    core.graph_builder:graph_builder.py:124 LLM 호출 중 오류 발생: expected string or bytes-like object, got 'AsyncMock'
WARNING  core.graph_builder:graph_builder.py:542 [RAG] [REWRITE] 모든 시도 실패, 원본 유지: expected string or bytes-like object, got 'AsyncMock'
ERROR    core.graph_builder:graph_builder.py:124 LLM 호출 중 오류 발생: expected string or bytes-like object, got 'AsyncMock'
WARNING  core.graph_builder:graph_builder.py:542 [RAG] [REWRITE] 모든 시도 실패, 원본 유지: expected string or bytes-like object, got 'AsyncMock'
ERROR    core.graph_builder:graph_builder.py:124 LLM 호출 중 오류 발생: expected string or bytes-like object, got 'AsyncMock'
WARNING  core.graph_builder:graph_builder.py:542 [RAG] [REWRITE] 모든 시도 실패, 원본 유지: expected string or bytes-like object, got 'AsyncMock'
ERROR    core.graph_builder:graph_builder.py:124 LLM 호출 중 오류 발생: expected string or bytes-like object, got 'AsyncMock'
WARNING  core.graph_builder:graph_builder.py:542 [RAG] [REWRITE] 모든 시도 실패, 원본 유지: expected string or bytes-like object, got 'AsyncMock'
ERROR    core.graph_builder:graph_builder.py:124 LLM 호출 중 오류 발생: expected string or bytes-like object, got 'AsyncMock'
WARNING  core.graph_builder:graph_builder.py:542 [RAG] [REWRITE] 모든 시도 실패, 원본 유지: expected string or bytes-like object, got 'AsyncMock'
ERROR    core.graph_builder:graph_builder.py:124 LLM 호출 중 오류 발생: expected string or bytes-like object, got 'AsyncMock'
WARNING  core.graph_builder:graph_builder.py:542 [RAG] [REWRITE] 모든 시도 실패, 원본 유지: expected string or bytes-like object, got 'AsyncMock'
ERROR    core.graph_builder:graph_builder.py:124 LLM 호출 중 오류 발생: expected string or bytes-like object, got 'AsyncMock'
WARNING  core.graph_builder:graph_builder.py:542 [RAG] [REWRITE] 모든 시도 실패, 원본 유지: expected string or bytes-like object, got 'AsyncMock'
ERROR    core.graph_builder:graph_builder.py:124 LLM 호출 중 오류 발생: expected string or bytes-like object, got 'AsyncMock'
WARNING  core.graph_builder:graph_builder.py:542 [RAG] [REWRITE] 모든 시도 실패, 원본 유지: expected string or bytes-like object, got 'AsyncMock'
ERROR    core.graph_builder:graph_builder.py:124 LLM 호출 중 오류 발생: expected string or bytes-like object, got 'AsyncMock'
WARNING  core.graph_builder:graph_builder.py:542 [RAG] [REWRITE] 모든 시도 실패, 원본 유지: expected string or bytes-like object, got 'AsyncMock'
ERROR    core.graph_builder:graph_builder.py:124 LLM 호출 중 오류 발생: expected string or bytes-like object, got 'AsyncMock'
WARNING  core.graph_builder:graph_builder.py:542 [RAG] [REWRITE] 모든 시도 실패, 원본 유지: expected string or bytes-like object, got 'AsyncMock'
ERROR    core.graph_builder:graph_builder.py:124 LLM 호출 중 오류 발생: expected string or bytes-like object, got 'AsyncMock'
WARNING  core.graph_builder:graph_builder.py:542 [RAG] [REWRITE] 모든 시도 실패, 원본 유지: expected string or bytes-like object, got 'AsyncMock'
ERROR    core.graph_builder:graph_builder.py:124 LLM 호출 중 오류 발생: expected string or bytes-like object, got 'AsyncMock'
WARNING  core.graph_builder:graph_builder.py:542 [RAG] [REWRITE] 모든 시도 실패, 원본 유지: expected string or bytes-like object, got 'AsyncMock'
ERROR    core.graph_builder:graph_builder.py:124 LLM 호출 중 오류 발생: expected string or bytes-like object, got 'AsyncMock'
WARNING  core.graph_builder:graph_builder.py:542 [RAG] [REWRITE] 모든 시도 실패, 원본 유지: expected string or bytes-like object, got 'AsyncMock'
ERROR    core.graph_builder:graph_builder.py:124 LLM 호출 중 오류 발생: expected string or bytes-like object, got 'AsyncMock'
WARNING  core.graph_builder:graph_builder.py:542 [RAG] [REWRITE] 모든 시도 실패, 원본 유지: expected string or bytes-like object, got 'AsyncMock'
ERROR    core.graph_builder:graph_builder.py:124 LLM 호출 중 오류 발생: expected string or bytes-like object, got 'AsyncMock'
WARNING  core.graph_builder:graph_builder.py:542 [RAG] [REWRITE] 모든 시도 실패, 원본 유지: expected string or bytes-like object, got 'AsyncMock'
ERROR    core.graph_builder:graph_builder.py:124 LLM 호출 중 오류 발생: expected string or bytes-like object, got 'AsyncMock'
WARNING  core.graph_builder:graph_builder.py:542 [RAG] [REWRITE] 모든 시도 실패, 원본 유지: expected string or bytes-like object, got 'AsyncMock'
ERROR    core.graph_builder:graph_builder.py:124 LLM 호출 중 오류 발생: expected string or bytes-like object, got 'AsyncMock'
WARNING  core.graph_builder:graph_builder.py:542 [RAG] [REWRITE] 모든 시도 실패, 원본 유지: expected string or bytes-like object, got 'AsyncMock'
ERROR    core.graph_builder:graph_builder.py:124 LLM 호출 중 오류 발생: expected string or bytes-like object, got 'AsyncMock'
WARNING  core.graph_builder:graph_builder.py:542 [RAG] [REWRITE] 모든 시도 실패, 원본 유지: expected string or bytes-like object, got 'AsyncMock'
ERROR    core.graph_builder:graph_builder.py:124 LLM 호출 중 오류 발생: expected string or bytes-like object, got 'AsyncMock'
WARNING  core.graph_builder:graph_builder.py:542 [RAG] [REWRITE] 모든 시도 실패, 원본 유지: expected string or bytes-like object, got 'AsyncMock'
ERROR    core.graph_builder:graph_builder.py:124 LLM 호출 중 오류 발생: expected string or bytes-like object, got 'AsyncMock'
WARNING  core.graph_builder:graph_builder.py:542 [RAG] [REWRITE] 모든 시도 실패, 원본 유지: expected string or bytes-like object, got 'AsyncMock'
ERROR    core.graph_builder:graph_builder.py:124 LLM 호출 중 오류 발생: expected string or bytes-like object, got 'AsyncMock'
WARNING  core.graph_builder:graph_builder.py:542 [RAG] [REWRITE] 모든 시도 실패, 원본 유지: expected string or bytes-like object, got 'AsyncMock'
ERROR    core.graph_builder:graph_builder.py:124 LLM 호출 중 오류 발생: expected string or bytes-like object, got 'AsyncMock'
WARNING  core.graph_builder:graph_builder.py:542 [RAG] [REWRITE] 모든 시도 실패, 원본 유지: expected string or bytes-like object, got 'AsyncMock'
ERROR    core.graph_builder:graph_builder.py:124 LLM 호출 중 오류 발생: expected string or bytes-like object, got 'AsyncMock'
WARNING  core.graph_builder:graph_builder.py:542 [RAG] [REWRITE] 모든 시도 실패, 원본 유지: expected string or bytes-like object, got 'AsyncMock'
ERROR    core.graph_builder:graph_builder.py:124 LLM 호출 중 오류 발생: expected string or bytes-like object, got 'AsyncMock'
WARNING  core.graph_builder:graph_builder.py:542 [RAG] [REWRITE] 모든 시도 실패, 원본 유지: expected string or bytes-like object, got 'AsyncMock'
ERROR    core.graph_builder:graph_builder.py:124 LLM 호출 중 오류 발생: expected string or bytes-like object, got 'AsyncMock'
WARNING  core.graph_builder:graph_builder.py:542 [RAG] [REWRITE] 모든 시도 실패, 원본 유지: expected string or bytes-like object, got 'AsyncMock'
ERROR    core.graph_builder:graph_builder.py:124 LLM 호출 중 오류 발생: expected string or bytes-like object, got 'AsyncMock'
WARNING  core.graph_builder:graph_builder.py:542 [RAG] [REWRITE] 모든 시도 실패, 원본 유지: expected string or bytes-like object, got 'AsyncMock'
ERROR    core.graph_builder:graph_builder.py:124 LLM 호출 중 오류 발생: expected string or bytes-like object, got 'AsyncMock'
WARNING  core.graph_builder:graph_builder.py:542 [RAG] [REWRITE] 모든 시도 실패, 원본 유지: expected string or bytes-like object, got 'AsyncMock'
ERROR    core.graph_builder:graph_builder.py:124 LLM 호출 중 오류 발생: expected string or bytes-like object, got 'AsyncMock'
WARNING  core.graph_builder:graph_builder.py:542 [RAG] [REWRITE] 모든 시도 실패, 원본 유지: expected string or bytes-like object, got 'AsyncMock'
ERROR    core.graph_builder:graph_builder.py:124 LLM 호출 중 오류 발생: expected string or bytes-like object, got 'AsyncMock'
WARNING  core.graph_builder:graph_builder.py:542 [RAG] [REWRITE] 모든 시도 실패, 원본 유지: expected string or bytes-like object, got 'AsyncMock'
ERROR    core.graph_builder:graph_builder.py:124 LLM 호출 중 오류 발생: expected string or bytes-like object, got 'AsyncMock'
WARNING  core.graph_builder:graph_builder.py:542 [RAG] [REWRITE] 모든 시도 실패, 원본 유지: expected string or bytes-like object, got 'AsyncMock'
ERROR    core.graph_builder:graph_builder.py:124 LLM 호출 중 오류 발생: expected string or bytes-like object, got 'AsyncMock'
WARNING  core.graph_builder:graph_builder.py:542 [RAG] [REWRITE] 모든 시도 실패, 원본 유지: expected string or bytes-like object, got 'AsyncMock'
ERROR    core.graph_builder:graph_builder.py:124 LLM 호출 중 오류 발생: expected string or bytes-like object, got 'AsyncMock'
WARNING  core.graph_builder:graph_builder.py:542 [RAG] [REWRITE] 모든 시도 실패, 원본 유지: expected string or bytes-like object, got 'AsyncMock'
ERROR    core.graph_builder:graph_builder.py:124 LLM 호출 중 오류 발생: expected string or bytes-like object, got 'AsyncMock'
WARNING  core.graph_builder:graph_builder.py:542 [RAG] [REWRITE] 모든 시도 실패, 원본 유지: expected string or bytes-like object, got 'AsyncMock'
ERROR    core.graph_builder:graph_builder.py:124 LLM 호출 중 오류 발생: expected string or bytes-like object, got 'AsyncMock'
WARNING  core.graph_builder:graph_builder.py:542 [RAG] [REWRITE] 모든 시도 실패, 원본 유지: expected string or bytes-like object, got 'AsyncMock'
ERROR    core.graph_builder:graph_builder.py:124 LLM 호출 중 오류 발생: expected string or bytes-like object, got 'AsyncMock'
WARNING  core.graph_builder:graph_builder.py:542 [RAG] [REWRITE] 모든 시도 실패, 원본 유지: expected string or bytes-like object, got 'AsyncMock'
ERROR    core.graph_builder:graph_builder.py:124 LLM 호출 중 오류 발생: expected string or bytes-like object, got 'AsyncMock'
WARNING  core.graph_builder:graph_builder.py:542 [RAG] [REWRITE] 모든 시도 실패, 원본 유지: expected string or bytes-like object, got 'AsyncMock'
ERROR    core.graph_builder:graph_builder.py:124 LLM 호출 중 오류 발생: expected string or bytes-like object, got 'AsyncMock'
WARNING  core.graph_builder:graph_builder.py:542 [RAG] [REWRITE] 모든 시도 실패, 원본 유지: expected string or bytes-like object, got 'AsyncMock'
ERROR    core.graph_builder:graph_builder.py:124 LLM 호출 중 오류 발생: expected string or bytes-like object, got 'AsyncMock'
WARNING  core.graph_builder:graph_builder.py:542 [RAG] [REWRITE] 모든 시도 실패, 원본 유지: expected string or bytes-like object, got 'AsyncMock'
ERROR    core.graph_builder:graph_builder.py:124 LLM 호출 중 오류 발생: expected string or bytes-like object, got 'AsyncMock'
WARNING  core.graph_builder:graph_builder.py:542 [RAG] [REWRITE] 모든 시도 실패, 원본 유지: expected string or bytes-like object, got 'AsyncMock'
ERROR    core.graph_builder:graph_builder.py:124 LLM 호출 중 오류 발생: expected string or bytes-like object, got 'AsyncMock'
WARNING  core.graph_builder:graph_builder.py:542 [RAG] [REWRITE] 모든 시도 실패, 원본 유지: expected string or bytes-like object, got 'AsyncMock'
ERROR    core.graph_builder:graph_builder.py:124 LLM 호출 중 오류 발생: expected string or bytes-like object, got 'AsyncMock'
WARNING  core.graph_builder:graph_builder.py:542 [RAG] [REWRITE] 모든 시도 실패, 원본 유지: expected string or bytes-like object, got 'AsyncMock'
ERROR    core.graph_builder:graph_builder.py:124 LLM 호출 중 오류 발생: expected string or bytes-like object, got 'AsyncMock'
WARNING  core.graph_builder:graph_builder.py:542 [RAG] [REWRITE] 모든 시도 실패, 원본 유지: expected string or bytes-like object, got 'AsyncMock'
ERROR    core.graph_builder:graph_builder.py:124 LLM 호출 중 오류 발생: expected string or bytes-like object, got 'AsyncMock'
WARNING  core.graph_builder:graph_builder.py:542 [RAG] [REWRITE] 모든 시도 실패, 원본 유지: expected string or bytes-like object, got 'AsyncMock'
ERROR    core.graph_builder:graph_builder.py:124 LLM 호출 중 오류 발생: expected string or bytes-like object, got 'AsyncMock'
WARNING  core.graph_builder:graph_builder.py:542 [RAG] [REWRITE] 모든 시도 실패, 원본 유지: expected string or bytes-like object, got 'AsyncMock'
ERROR    core.graph_builder:graph_builder.py:124 LLM 호출 중 오류 발생: expected string or bytes-like object, got 'AsyncMock'
WARNING  core.graph_builder:graph_builder.py:542 [RAG] [REWRITE] 모든 시도 실패, 원본 유지: expected string or bytes-like object, got 'AsyncMock'
ERROR    core.graph_builder:graph_builder.py:124 LLM 호출 중 오류 발생: expected string or bytes-like object, got 'AsyncMock'
WARNING  core.graph_builder:graph_builder.py:542 [RAG] [REWRITE] 모든 시도 실패, 원본 유지: expected string or bytes-like object, got 'AsyncMock'
ERROR    core.graph_builder:graph_builder.py:124 LLM 호출 중 오류 발생: expected string or bytes-like object, got 'AsyncMock'
WARNING  core.graph_builder:graph_builder.py:542 [RAG] [REWRITE] 모든 시도 실패, 원본 유지: expected string or bytes-like object, got 'AsyncMock'
ERROR    core.graph_builder:graph_builder.py:124 LLM 호출 중 오류 발생: expected string or bytes-like object, got 'AsyncMock'
WARNING  core.graph_builder:graph_builder.py:542 [RAG] [REWRITE] 모든 시도 실패, 원본 유지: expected string or bytes-like object, got 'AsyncMock'
ERROR    core.graph_builder:graph_builder.py:124 LLM 호출 중 오류 발생: expected string or bytes-like object, got 'AsyncMock'
WARNING  core.graph_builder:graph_builder.py:542 [RAG] [REWRITE] 모든 시도 실패, 원본 유지: expected string or bytes-like object, got 'AsyncMock'
ERROR    core.graph_builder:graph_builder.py:124 LLM 호출 중 오류 발생: expected string or bytes-like object, got 'AsyncMock'
WARNING  core.graph_builder:graph_builder.py:542 [RAG] [REWRITE] 모든 시도 실패, 원본 유지: expected string or bytes-like object, got 'AsyncMock'
ERROR    core.graph_builder:graph_builder.py:124 LLM 호출 중 오류 발생: expected string or bytes-like object, got 'AsyncMock'
WARNING  core.graph_builder:graph_builder.py:542 [RAG] [REWRITE] 모든 시도 실패, 원본 유지: expected string or bytes-like object, got 'AsyncMock'
ERROR    core.graph_builder:graph_builder.py:124 LLM 호출 중 오류 발생: expected string or bytes-like object, got 'AsyncMock'
WARNING  core.graph_builder:graph_builder.py:542 [RAG] [REWRITE] 모든 시도 실패, 원본 유지: expected string or bytes-like object, got 'AsyncMock'
ERROR    core.graph_builder:graph_builder.py:124 LLM 호출 중 오류 발생: expected string or bytes-like object, got 'AsyncMock'
WARNING  core.graph_builder:graph_builder.py:542 [RAG] [REWRITE] 모든 시도 실패, 원본 유지: expected string or bytes-like object, got 'AsyncMock'
ERROR    core.graph_builder:graph_builder.py:124 LLM 호출 중 오류 발생: expected string or bytes-like object, got 'AsyncMock'
WARNING  core.graph_builder:graph_builder.py:542 [RAG] [REWRITE] 모든 시도 실패, 원본 유지: expected string or bytes-like object, got 'AsyncMock'
ERROR    core.graph_builder:graph_builder.py:124 LLM 호출 중 오류 발생: expected string or bytes-like object, got 'AsyncMock'
WARNING  core.graph_builder:graph_builder.py:542 [RAG] [REWRITE] 모든 시도 실패, 원본 유지: expected string or bytes-like object, got 'AsyncMock'
ERROR    core.graph_builder:graph_builder.py:124 LLM 호출 중 오류 발생: expected string or bytes-like object, got 'AsyncMock'
WARNING  core.graph_builder:graph_builder.py:542 [RAG] [REWRITE] 모든 시도 실패, 원본 유지: expected string or bytes-like object, got 'AsyncMock'
ERROR    core.graph_builder:graph_builder.py:124 LLM 호출 중 오류 발생: expected string or bytes-like object, got 'AsyncMock'
WARNING  core.graph_builder:graph_builder.py:542 [RAG] [REWRITE] 모든 시도 실패, 원본 유지: expected string or bytes-like object, got 'AsyncMock'
ERROR    core.graph_builder:graph_builder.py:124 LLM 호출 중 오류 발생: expected string or bytes-like object, got 'AsyncMock'
WARNING  core.graph_builder:graph_builder.py:542 [RAG] [REWRITE] 모든 시도 실패, 원본 유지: expected string or bytes-like object, got 'AsyncMock'
ERROR    core.graph_builder:graph_builder.py:124 LLM 호출 중 오류 발생: expected string or bytes-like object, got 'AsyncMock'
WARNING  core.graph_builder:graph_builder.py:542 [RAG] [REWRITE] 모든 시도 실패, 원본 유지: expected string or bytes-like object, got 'AsyncMock'
ERROR    core.graph_builder:graph_builder.py:124 LLM 호출 중 오류 발생: expected string or bytes-like object, got 'AsyncMock'
WARNING  core.graph_builder:graph_builder.py:542 [RAG] [REWRITE] 모든 시도 실패, 원본 유지: expected string or bytes-like object, got 'AsyncMock'
ERROR    core.graph_builder:graph_builder.py:124 LLM 호출 중 오류 발생: expected string or bytes-like object, got 'AsyncMock'
WARNING  core.graph_builder:graph_builder.py:542 [RAG] [REWRITE] 모든 시도 실패, 원본 유지: expected string or bytes-like object, got 'AsyncMock'
ERROR    core.graph_builder:graph_builder.py:124 LLM 호출 중 오류 발생: expected string or bytes-like object, got 'AsyncMock'
WARNING  core.graph_builder:graph_builder.py:542 [RAG] [REWRITE] 모든 시도 실패, 원본 유지: expected string or bytes-like object, got 'AsyncMock'
ERROR    core.graph_builder:graph_builder.py:124 LLM 호출 중 오류 발생: expected string or bytes-like object, got 'AsyncMock'
WARNING  core.graph_builder:graph_builder.py:542 [RAG] [REWRITE] 모든 시도 실패, 원본 유지: expected string or bytes-like object, got 'AsyncMock'
ERROR    core.graph_builder:graph_builder.py:124 LLM 호출 중 오류 발생: expected string or bytes-like object, got 'AsyncMock'
WARNING  core.graph_builder:graph_builder.py:542 [RAG] [REWRITE] 모든 시도 실패, 원본 유지: expected string or bytes-like object, got 'AsyncMock'
ERROR    core.graph_builder:graph_builder.py:124 LLM 호출 중 오류 발생: expected string or bytes-like object, got 'AsyncMock'
WARNING  core.graph_builder:graph_builder.py:542 [RAG] [REWRITE] 모든 시도 실패, 원본 유지: expected string or bytes-like object, got 'AsyncMock'
ERROR    core.graph_builder:graph_builder.py:124 LLM 호출 중 오류 발생: expected string or bytes-like object, got 'AsyncMock'
WARNING  core.graph_builder:graph_builder.py:542 [RAG] [REWRITE] 모든 시도 실패, 원본 유지: expected string or bytes-like object, got 'AsyncMock'
ERROR    core.graph_builder:graph_builder.py:124 LLM 호출 중 오류 발생: expected string or bytes-like object, got 'AsyncMock'
WARNING  core.graph_builder:graph_builder.py:542 [RAG] [REWRITE] 모든 시도 실패, 원본 유지: expected string or bytes-like object, got 'AsyncMock'
ERROR    core.graph_builder:graph_builder.py:124 LLM 호출 중 오류 발생: expected string or bytes-like object, got 'AsyncMock'
WARNING  core.graph_builder:graph_builder.py:542 [RAG] [REWRITE] 모든 시도 실패, 원본 유지: expected string or bytes-like object, got 'AsyncMock'
ERROR    core.graph_builder:graph_builder.py:124 LLM 호출 중 오류 발생: expected string or bytes-like object, got 'AsyncMock'
WARNING  core.graph_builder:graph_builder.py:542 [RAG] [REWRITE] 모든 시도 실패, 원본 유지: expected string or bytes-like object, got 'AsyncMock'
ERROR    core.graph_builder:graph_builder.py:124 LLM 호출 중 오류 발생: expected string or bytes-like object, got 'AsyncMock'
WARNING  core.graph_builder:graph_builder.py:542 [RAG] [REWRITE] 모든 시도 실패, 원본 유지: expected string or bytes-like object, got 'AsyncMock'
ERROR    core.graph_builder:graph_builder.py:124 LLM 호출 중 오류 발생: expected string or bytes-like object, got 'AsyncMock'
WARNING  core.graph_builder:graph_builder.py:542 [RAG] [REWRITE] 모든 시도 실패, 원본 유지: expected string or bytes-like object, got 'AsyncMock'
ERROR    core.graph_builder:graph_builder.py:124 LLM 호출 중 오류 발생: expected string or bytes-like object, got 'AsyncMock'
WARNING  core.graph_builder:graph_builder.py:542 [RAG] [REWRITE] 모든 시도 실패, 원본 유지: expected string or bytes-like object, got 'AsyncMock'
ERROR    core.graph_builder:graph_builder.py:124 LLM 호출 중 오류 발생: expected string or bytes-like object, got 'AsyncMock'
WARNING  core.graph_builder:graph_builder.py:542 [RAG] [REWRITE] 모든 시도 실패, 원본 유지: expected string or bytes-like object, got 'AsyncMock'
ERROR    core.graph_builder:graph_builder.py:124 LLM 호출 중 오류 발생: expected string or bytes-like object, got 'AsyncMock'
WARNING  core.graph_builder:graph_builder.py:542 [RAG] [REWRITE] 모든 시도 실패, 원본 유지: expected string or bytes-like object, got 'AsyncMock'
ERROR    core.graph_builder:graph_builder.py:124 LLM 호출 중 오류 발생: expected string or bytes-like object, got 'AsyncMock'
WARNING  core.graph_builder:graph_builder.py:542 [RAG] [REWRITE] 모든 시도 실패, 원본 유지: expected string or bytes-like object, got 'AsyncMock'
ERROR    core.graph_builder:graph_builder.py:124 LLM 호출 중 오류 발생: expected string or bytes-like object, got 'AsyncMock'
WARNING  core.graph_builder:graph_builder.py:542 [RAG] [REWRITE] 모든 시도 실패, 원본 유지: expected string or bytes-like object, got 'AsyncMock'
ERROR    core.graph_builder:graph_builder.py:124 LLM 호출 중 오류 발생: expected string or bytes-like object, got 'AsyncMock'
WARNING  core.graph_builder:graph_builder.py:542 [RAG] [REWRITE] 모든 시도 실패, 원본 유지: expected string or bytes-like object, got 'AsyncMock'
ERROR    core.graph_builder:graph_builder.py:124 LLM 호출 중 오류 발생: expected string or bytes-like object, got 'AsyncMock'
WARNING  core.graph_builder:graph_builder.py:542 [RAG] [REWRITE] 모든 시도 실패, 원본 유지: expected string or bytes-like object, got 'AsyncMock'
ERROR    core.graph_builder:graph_builder.py:124 LLM 호출 중 오류 발생: expected string or bytes-like object, got 'AsyncMock'
WARNING  core.graph_builder:graph_builder.py:542 [RAG] [REWRITE] 모든 시도 실패, 원본 유지: expected string or bytes-like object, got 'AsyncMock'
ERROR    core.graph_builder:graph_builder.py:124 LLM 호출 중 오류 발생: expected string or bytes-like object, got 'AsyncMock'
WARNING  core.graph_builder:graph_builder.py:542 [RAG] [REWRITE] 모든 시도 실패, 원본 유지: expected string or bytes-like object, got 'AsyncMock'
ERROR    core.graph_builder:graph_builder.py:124 LLM 호출 중 오류 발생: expected string or bytes-like object, got 'AsyncMock'
WARNING  core.graph_builder:graph_builder.py:542 [RAG] [REWRITE] 모든 시도 실패, 원본 유지: expected string or bytes-like object, got 'AsyncMock'
ERROR    core.graph_builder:graph_builder.py:124 LLM 호출 중 오류 발생: expected string or bytes-like object, got 'AsyncMock'
WARNING  core.graph_builder:graph_builder.py:542 [RAG] [REWRITE] 모든 시도 실패, 원본 유지: expected string or bytes-like object, got 'AsyncMock'
ERROR    core.graph_builder:graph_builder.py:124 LLM 호출 중 오류 발생: expected string or bytes-like object, got 'AsyncMock'
WARNING  core.graph_builder:graph_builder.py:542 [RAG] [REWRITE] 모든 시도 실패, 원본 유지: expected string or bytes-like object, got 'AsyncMock'
ERROR    core.graph_builder:graph_builder.py:124 LLM 호출 중 오류 발생: expected string or bytes-like object, got 'AsyncMock'
WARNING  core.graph_builder:graph_builder.py:542 [RAG] [REWRITE] 모든 시도 실패, 원본 유지: expected string or bytes-like object, got 'AsyncMock'
ERROR    core.graph_builder:graph_builder.py:124 LLM 호출 중 오류 발생: expected string or bytes-like object, got 'AsyncMock'
WARNING  core.graph_builder:graph_builder.py:542 [RAG] [REWRITE] 모든 시도 실패, 원본 유지: expected string or bytes-like object, got 'AsyncMock'
ERROR    core.graph_builder:graph_builder.py:124 LLM 호출 중 오류 발생: expected string or bytes-like object, got 'AsyncMock'
WARNING  core.graph_builder:graph_builder.py:542 [RAG] [REWRITE] 모든 시도 실패, 원본 유지: expected string or bytes-like object, got 'AsyncMock'
ERROR    core.graph_builder:graph_builder.py:124 LLM 호출 중 오류 발생: expected string or bytes-like object, got 'AsyncMock'
WARNING  core.graph_builder:graph_builder.py:542 [RAG] [REWRITE] 모든 시도 실패, 원본 유지: expected string or bytes-like object, got 'AsyncMock'
ERROR    core.graph_builder:graph_builder.py:124 LLM 호출 중 오류 발생: expected string or bytes-like object, got 'AsyncMock'
WARNING  core.graph_builder:graph_builder.py:542 [RAG] [REWRITE] 모든 시도 실패, 원본 유지: expected string or bytes-like object, got 'AsyncMock'
ERROR    core.graph_builder:graph_builder.py:124 LLM 호출 중 오류 발생: expected string or bytes-like object, got 'AsyncMock'
WARNING  core.graph_builder:graph_builder.py:542 [RAG] [REWRITE] 모든 시도 실패, 원본 유지: expected string or bytes-like object, got 'AsyncMock'
ERROR    core.graph_builder:graph_builder.py:124 LLM 호출 중 오류 발생: expected string or bytes-like object, got 'AsyncMock'
WARNING  core.graph_builder:graph_builder.py:542 [RAG] [REWRITE] 모든 시도 실패, 원본 유지: expected string or bytes-like object, got 'AsyncMock'
ERROR    core.graph_builder:graph_builder.py:124 LLM 호출 중 오류 발생: expected string or bytes-like object, got 'AsyncMock'
WARNING  core.graph_builder:graph_builder.py:542 [RAG] [REWRITE] 모든 시도 실패, 원본 유지: expected string or bytes-like object, got 'AsyncMock'
ERROR    core.graph_builder:graph_builder.py:124 LLM 호출 중 오류 발생: expected string or bytes-like object, got 'AsyncMock'
WARNING  core.graph_builder:graph_builder.py:542 [RAG] [REWRITE] 모든 시도 실패, 원본 유지: expected string or bytes-like object, got 'AsyncMock'
ERROR    core.graph_builder:graph_builder.py:124 LLM 호출 중 오류 발생: expected string or bytes-like object, got 'AsyncMock'
WARNING  core.graph_builder:graph_builder.py:542 [RAG] [REWRITE] 모든 시도 실패, 원본 유지: expected string or bytes-like object, got 'AsyncMock'
ERROR    core.graph_builder:graph_builder.py:124 LLM 호출 중 오류 발생: expected string or bytes-like object, got 'AsyncMock'
WARNING  core.graph_builder:graph_builder.py:542 [RAG] [REWRITE] 모든 시도 실패, 원본 유지: expected string or bytes-like object, got 'AsyncMock'
ERROR    core.graph_builder:graph_builder.py:124 LLM 호출 중 오류 발생: expected string or bytes-like object, got 'AsyncMock'
WARNING  core.graph_builder:graph_builder.py:542 [RAG] [REWRITE] 모든 시도 실패, 원본 유지: expected string or bytes-like object, got 'AsyncMock'
ERROR    core.graph_builder:graph_builder.py:124 LLM 호출 중 오류 발생: expected string or bytes-like object, got 'AsyncMock'
WARNING  core.graph_builder:graph_builder.py:542 [RAG] [REWRITE] 모든 시도 실패, 원본 유지: expected string or bytes-like object, got 'AsyncMock'
ERROR    core.graph_builder:graph_builder.py:124 LLM 호출 중 오류 발생: expected string or bytes-like object, got 'AsyncMock'
WARNING  core.graph_builder:graph_builder.py:542 [RAG] [REWRITE] 모든 시도 실패, 원본 유지: expected string or bytes-like object, got 'AsyncMock'
ERROR    core.graph_builder:graph_builder.py:124 LLM 호출 중 오류 발생: expected string or bytes-like object, got 'AsyncMock'
WARNING  core.graph_builder:graph_builder.py:542 [RAG] [REWRITE] 모든 시도 실패, 원본 유지: expected string or bytes-like object, got 'AsyncMock'
ERROR    core.graph_builder:graph_builder.py:124 LLM 호출 중 오류 발생: expected string or bytes-like object, got 'AsyncMock'
WARNING  core.graph_builder:graph_builder.py:542 [RAG] [REWRITE] 모든 시도 실패, 원본 유지: expected string or bytes-like object, got 'AsyncMock'
ERROR    core.graph_builder:graph_builder.py:124 LLM 호출 중 오류 발생: expected string or bytes-like object, got 'AsyncMock'
WARNING  core.graph_builder:graph_builder.py:542 [RAG] [REWRITE] 모든 시도 실패, 원본 유지: expected string or bytes-like object, got 'AsyncMock'
ERROR    core.graph_builder:graph_builder.py:124 LLM 호출 중 오류 발생: expected string or bytes-like object, got 'AsyncMock'
WARNING  core.graph_builder:graph_builder.py:542 [RAG] [REWRITE] 모든 시도 실패, 원본 유지: expected string or bytes-like object, got 'AsyncMock'
ERROR    core.graph_builder:graph_builder.py:124 LLM 호출 중 오류 발생: expected string or bytes-like object, got 'AsyncMock'
WARNING  core.graph_builder:graph_builder.py:542 [RAG] [REWRITE] 모든 시도 실패, 원본 유지: expected string or bytes-like object, got 'AsyncMock'
ERROR    core.graph_builder:graph_builder.py:124 LLM 호출 중 오류 발생: expected string or bytes-like object, got 'AsyncMock'
WARNING  core.graph_builder:graph_builder.py:542 [RAG] [REWRITE] 모든 시도 실패, 원본 유지: expected string or bytes-like object, got 'AsyncMock'
ERROR    core.graph_builder:graph_builder.py:124 LLM 호출 중 오류 발생: expected string or bytes-like object, got 'AsyncMock'
WARNING  core.graph_builder:graph_builder.py:542 [RAG] [REWRITE] 모든 시도 실패, 원본 유지: expected string or bytes-like object, got 'AsyncMock'
ERROR    core.graph_builder:graph_builder.py:124 LLM 호출 중 오류 발생: expected string or bytes-like object, got 'AsyncMock'
WARNING  core.graph_builder:graph_builder.py:542 [RAG] [REWRITE] 모든 시도 실패, 원본 유지: expected string or bytes-like object, got 'AsyncMock'
ERROR    core.graph_builder:graph_builder.py:124 LLM 호출 중 오류 발생: expected string or bytes-like object, got 'AsyncMock'
WARNING  core.graph_builder:graph_builder.py:542 [RAG] [REWRITE] 모든 시도 실패, 원본 유지: expected string or bytes-like object, got 'AsyncMock'
ERROR    core.graph_builder:graph_builder.py:124 LLM 호출 중 오류 발생: expected string or bytes-like object, got 'AsyncMock'
WARNING  core.graph_builder:graph_builder.py:542 [RAG] [REWRITE] 모든 시도 실패, 원본 유지: expected string or bytes-like object, got 'AsyncMock'
ERROR    core.graph_builder:graph_builder.py:124 LLM 호출 중 오류 발생: expected string or bytes-like object, got 'AsyncMock'
WARNING  core.graph_builder:graph_builder.py:542 [RAG] [REWRITE] 모든 시도 실패, 원본 유지: expected string or bytes-like object, got 'AsyncMock'
ERROR    core.graph_builder:graph_builder.py:124 LLM 호출 중 오류 발생: expected string or bytes-like object, got 'AsyncMock'
WARNING  core.graph_builder:graph_builder.py:542 [RAG] [REWRITE] 모든 시도 실패, 원본 유지: expected string or bytes-like object, got 'AsyncMock'
ERROR    core.graph_builder:graph_builder.py:124 LLM 호출 중 오류 발생: expected string or bytes-like object, got 'AsyncMock'
WARNING  core.graph_builder:graph_builder.py:542 [RAG] [REWRITE] 모든 시도 실패, 원본 유지: expected string or bytes-like object, got 'AsyncMock'
ERROR    core.graph_builder:graph_builder.py:124 LLM 호출 중 오류 발생: expected string or bytes-like object, got 'AsyncMock'
WARNING  core.graph_builder:graph_builder.py:542 [RAG] [REWRITE] 모든 시도 실패, 원본 유지: expected string or bytes-like object, got 'AsyncMock'
ERROR    core.graph_builder:graph_builder.py:124 LLM 호출 중 오류 발생: expected string or bytes-like object, got 'AsyncMock'
WARNING  core.graph_builder:graph_builder.py:542 [RAG] [REWRITE] 모든 시도 실패, 원본 유지: expected string or bytes-like object, got 'AsyncMock'
ERROR    core.graph_builder:graph_builder.py:124 LLM 호출 중 오류 발생: expected string or bytes-like object, got 'AsyncMock'
WARNING  core.graph_builder:graph_builder.py:542 [RAG] [REWRITE] 모든 시도 실패, 원본 유지: expected string or bytes-like object, got 'AsyncMock'
ERROR    core.graph_builder:graph_builder.py:124 LLM 호출 중 오류 발생: expected string or bytes-like object, got 'AsyncMock'
WARNING  core.graph_builder:graph_builder.py:542 [RAG] [REWRITE] 모든 시도 실패, 원본 유지: expected string or bytes-like object, got 'AsyncMock'
ERROR    core.graph_builder:graph_builder.py:124 LLM 호출 중 오류 발생: expected string or bytes-like object, got 'AsyncMock'
WARNING  core.graph_builder:graph_builder.py:542 [RAG] [REWRITE] 모든 시도 실패, 원본 유지: expected string or bytes-like object, got 'AsyncMock'
ERROR    core.graph_builder:graph_builder.py:124 LLM 호출 중 오류 발생: expected string or bytes-like object, got 'AsyncMock'
WARNING  core.graph_builder:graph_builder.py:542 [RAG] [REWRITE] 모든 시도 실패, 원본 유지: expected string or bytes-like object, got 'AsyncMock'
ERROR    core.graph_builder:graph_builder.py:124 LLM 호출 중 오류 발생: expected string or bytes-like object, got 'AsyncMock'
WARNING  core.graph_builder:graph_builder.py:542 [RAG] [REWRITE] 모든 시도 실패, 원본 유지: expected string or bytes-like object, got 'AsyncMock'
ERROR    core.graph_builder:graph_builder.py:124 LLM 호출 중 오류 발생: expected string or bytes-like object, got 'AsyncMock'
WARNING  core.graph_builder:graph_builder.py:542 [RAG] [REWRITE] 모든 시도 실패, 원본 유지: expected string or bytes-like object, got 'AsyncMock'
ERROR    core.graph_builder:graph_builder.py:124 LLM 호출 중 오류 발생: expected string or bytes-like object, got 'AsyncMock'
WARNING  core.graph_builder:graph_builder.py:542 [RAG] [REWRITE] 모든 시도 실패, 원본 유지: expected string or bytes-like object, got 'AsyncMock'
ERROR    core.graph_builder:graph_builder.py:124 LLM 호출 중 오류 발생: expected string or bytes-like object, got 'AsyncMock'
WARNING  core.graph_builder:graph_builder.py:542 [RAG] [REWRITE] 모든 시도 실패, 원본 유지: expected string or bytes-like object, got 'AsyncMock'
ERROR    core.graph_builder:graph_builder.py:124 LLM 호출 중 오류 발생: expected string or bytes-like object, got 'AsyncMock'
WARNING  core.graph_builder:graph_builder.py:542 [RAG] [REWRITE] 모든 시도 실패, 원본 유지: expected string or bytes-like object, got 'AsyncMock'
ERROR    core.graph_builder:graph_builder.py:124 LLM 호출 중 오류 발생: expected string or bytes-like object, got 'AsyncMock'
WARNING  core.graph_builder:graph_builder.py:542 [RAG] [REWRITE] 모든 시도 실패, 원본 유지: expected string or bytes-like object, got 'AsyncMock'
ERROR    core.graph_builder:graph_builder.py:124 LLM 호출 중 오류 발생: expected string or bytes-like object, got 'AsyncMock'
WARNING  core.graph_builder:graph_builder.py:542 [RAG] [REWRITE] 모든 시도 실패, 원본 유지: expected string or bytes-like object, got 'AsyncMock'
ERROR    core.graph_builder:graph_builder.py:124 LLM 호출 중 오류 발생: expected string or bytes-like object, got 'AsyncMock'
WARNING  core.graph_builder:graph_builder.py:542 [RAG] [REWRITE] 모든 시도 실패, 원본 유지: expected string or bytes-like object, got 'AsyncMock'
ERROR    core.graph_builder:graph_builder.py:124 LLM 호출 중 오류 발생: expected string or bytes-like object, got 'AsyncMock'
WARNING  core.graph_builder:graph_builder.py:542 [RAG] [REWRITE] 모든 시도 실패, 원본 유지: expected string or bytes-like object, got 'AsyncMock'
ERROR    core.graph_builder:graph_builder.py:124 LLM 호출 중 오류 발생: expected string or bytes-like object, got 'AsyncMock'
WARNING  core.graph_builder:graph_builder.py:542 [RAG] [REWRITE] 모든 시도 실패, 원본 유지: expected string or bytes-like object, got 'AsyncMock'
ERROR    core.graph_builder:graph_builder.py:124 LLM 호출 중 오류 발생: expected string or bytes-like object, got 'AsyncMock'
WARNING  core.graph_builder:graph_builder.py:542 [RAG] [REWRITE] 모든 시도 실패, 원본 유지: expected string or bytes-like object, got 'AsyncMock'
ERROR    core.graph_builder:graph_builder.py:124 LLM 호출 중 오류 발생: expected string or bytes-like object, got 'AsyncMock'
WARNING  core.graph_builder:graph_builder.py:542 [RAG] [REWRITE] 모든 시도 실패, 원본 유지: expected string or bytes-like object, got 'AsyncMock'
ERROR    core.graph_builder:graph_builder.py:124 LLM 호출 중 오류 발생: expected string or bytes-like object, got 'AsyncMock'
WARNING  core.graph_builder:graph_builder.py:542 [RAG] [REWRITE] 모든 시도 실패, 원본 유지: expected string or bytes-like object, got 'AsyncMock'
ERROR    core.graph_builder:graph_builder.py:124 LLM 호출 중 오류 발생: expected string or bytes-like object, got 'AsyncMock'
WARNING  core.graph_builder:graph_builder.py:542 [RAG] [REWRITE] 모든 시도 실패, 원본 유지: expected string or bytes-like object, got 'AsyncMock'
ERROR    core.graph_builder:graph_builder.py:124 LLM 호출 중 오류 발생: expected string or bytes-like object, got 'AsyncMock'
WARNING  core.graph_builder:graph_builder.py:542 [RAG] [REWRITE] 모든 시도 실패, 원본 유지: expected string or bytes-like object, got 'AsyncMock'
ERROR    core.graph_builder:graph_builder.py:124 LLM 호출 중 오류 발생: expected string or bytes-like object, got 'AsyncMock'
WARNING  core.graph_builder:graph_builder.py:542 [RAG] [REWRITE] 모든 시도 실패, 원본 유지: expected string or bytes-like object, got 'AsyncMock'
ERROR    core.graph_builder:graph_builder.py:124 LLM 호출 중 오류 발생: expected string or bytes-like object, got 'AsyncMock'
WARNING  core.graph_builder:graph_builder.py:542 [RAG] [REWRITE] 모든 시도 실패, 원본 유지: expected string or bytes-like object, got 'AsyncMock'
ERROR    core.graph_builder:graph_builder.py:124 LLM 호출 중 오류 발생: expected string or bytes-like object, got 'AsyncMock'
WARNING  core.graph_builder:graph_builder.py:542 [RAG] [REWRITE] 모든 시도 실패, 원본 유지: expected string or bytes-like object, got 'AsyncMock'
ERROR    core.graph_builder:graph_builder.py:124 LLM 호출 중 오류 발생: expected string or bytes-like object, got 'AsyncMock'
WARNING  core.graph_builder:graph_builder.py:542 [RAG] [REWRITE] 모든 시도 실패, 원본 유지: expected string or bytes-like object, got 'AsyncMock'
ERROR    core.graph_builder:graph_builder.py:124 LLM 호출 중 오류 발생: expected string or bytes-like object, got 'AsyncMock'
WARNING  core.graph_builder:graph_builder.py:542 [RAG] [REWRITE] 모든 시도 실패, 원본 유지: expected string or bytes-like object, got 'AsyncMock'
ERROR    core.graph_builder:graph_builder.py:124 LLM 호출 중 오류 발생: expected string or bytes-like object, got 'AsyncMock'
WARNING  core.graph_builder:graph_builder.py:542 [RAG] [REWRITE] 모든 시도 실패, 원본 유지: expected string or bytes-like object, got 'AsyncMock'
ERROR    core.graph_builder:graph_builder.py:124 LLM 호출 중 오류 발생: expected string or bytes-like object, got 'AsyncMock'
WARNING  core.graph_builder:graph_builder.py:542 [RAG] [REWRITE] 모든 시도 실패, 원본 유지: expected string or bytes-like object, got 'AsyncMock'
ERROR    core.graph_builder:graph_builder.py:124 LLM 호출 중 오류 발생: expected string or bytes-like object, got 'AsyncMock'
WARNING  core.graph_builder:graph_builder.py:542 [RAG] [REWRITE] 모든 시도 실패, 원본 유지: expected string or bytes-like object, got 'AsyncMock'
ERROR    core.graph_builder:graph_builder.py:124 LLM 호출 중 오류 발생: expected string or bytes-like object, got 'AsyncMock'
WARNING  core.graph_builder:graph_builder.py:542 [RAG] [REWRITE] 모든 시도 실패, 원본 유지: expected string or bytes-like object, got 'AsyncMock'
ERROR    core.graph_builder:graph_builder.py:124 LLM 호출 중 오류 발생: expected string or bytes-like object, got 'AsyncMock'
WARNING  core.graph_builder:graph_builder.py:542 [RAG] [REWRITE] 모든 시도 실패, 원본 유지: expected string or bytes-like object, got 'AsyncMock'
ERROR    core.graph_builder:graph_builder.py:124 LLM 호출 중 오류 발생: expected string or bytes-like object, got 'AsyncMock'
WARNING  core.graph_builder:graph_builder.py:542 [RAG] [REWRITE] 모든 시도 실패, 원본 유지: expected string or bytes-like object, got 'AsyncMock'
ERROR    core.graph_builder:graph_builder.py:124 LLM 호출 중 오류 발생: expected string or bytes-like object, got 'AsyncMock'
WARNING  core.graph_builder:graph_builder.py:542 [RAG] [REWRITE] 모든 시도 실패, 원본 유지: expected string or bytes-like object, got 'AsyncMock'
ERROR    core.graph_builder:graph_builder.py:124 LLM 호출 중 오류 발생: expected string or bytes-like object, got 'AsyncMock'
WARNING  core.graph_builder:graph_builder.py:542 [RAG] [REWRITE] 모든 시도 실패, 원본 유지: expected string or bytes-like object, got 'AsyncMock'
ERROR    core.graph_builder:graph_builder.py:124 LLM 호출 중 오류 발생: expected string or bytes-like object, got 'AsyncMock'
WARNING  core.graph_builder:graph_builder.py:542 [RAG] [REWRITE] 모든 시도 실패, 원본 유지: expected string or bytes-like object, got 'AsyncMock'
ERROR    core.graph_builder:graph_builder.py:124 LLM 호출 중 오류 발생: expected string or bytes-like object, got 'AsyncMock'
WARNING  core.graph_builder:graph_builder.py:542 [RAG] [REWRITE] 모든 시도 실패, 원본 유지: expected string or bytes-like object, got 'AsyncMock'
ERROR    core.graph_builder:graph_builder.py:124 LLM 호출 중 오류 발생: expected string or bytes-like object, got 'AsyncMock'
WARNING  core.graph_builder:graph_builder.py:542 [RAG] [REWRITE] 모든 시도 실패, 원본 유지: expected string or bytes-like object, got 'AsyncMock'
ERROR    core.graph_builder:graph_builder.py:124 LLM 호출 중 오류 발생: expected string or bytes-like object, got 'AsyncMock'
WARNING  core.graph_builder:graph_builder.py:542 [RAG] [REWRITE] 모든 시도 실패, 원본 유지: expected string or bytes-like object, got 'AsyncMock'
ERROR    core.graph_builder:graph_builder.py:124 LLM 호출 중 오류 발생: expected string or bytes-like object, got 'AsyncMock'
WARNING  core.graph_builder:graph_builder.py:542 [RAG] [REWRITE] 모든 시도 실패, 원본 유지: expected string or bytes-like object, got 'AsyncMock'
ERROR    core.graph_builder:graph_builder.py:124 LLM 호출 중 오류 발생: expected string or bytes-like object, got 'AsyncMock'
WARNING  core.graph_builder:graph_builder.py:542 [RAG] [REWRITE] 모든 시도 실패, 원본 유지: expected string or bytes-like object, got 'AsyncMock'
ERROR    core.graph_builder:graph_builder.py:124 LLM 호출 중 오류 발생: expected string or bytes-like object, got 'AsyncMock'
WARNING  core.graph_builder:graph_builder.py:542 [RAG] [REWRITE] 모든 시도 실패, 원본 유지: expected string or bytes-like object, got 'AsyncMock'
ERROR    core.graph_builder:graph_builder.py:124 LLM 호출 중 오류 발생: expected string or bytes-like object, got 'AsyncMock'
WARNING  core.graph_builder:graph_builder.py:542 [RAG] [REWRITE] 모든 시도 실패, 원본 유지: expected string or bytes-like object, got 'AsyncMock'
ERROR    core.graph_builder:graph_builder.py:124 LLM 호출 중 오류 발생: expected string or bytes-like object, got 'AsyncMock'
WARNING  core.graph_builder:graph_builder.py:542 [RAG] [REWRITE] 모든 시도 실패, 원본 유지: expected string or bytes-like object, got 'AsyncMock'
ERROR    core.graph_builder:graph_builder.py:124 LLM 호출 중 오류 발생: expected string or bytes-like object, got 'AsyncMock'
WARNING  core.graph_builder:graph_builder.py:542 [RAG] [REWRITE] 모든 시도 실패, 원본 유지: expected string or bytes-like object, got 'AsyncMock'
ERROR    core.graph_builder:graph_builder.py:124 LLM 호출 중 오류 발생: expected string or bytes-like object, got 'AsyncMock'
WARNING  core.graph_builder:graph_builder.py:542 [RAG] [REWRITE] 모든 시도 실패, 원본 유지: expected string or bytes-like object, got 'AsyncMock'
ERROR    core.graph_builder:graph_builder.py:124 LLM 호출 중 오류 발생: expected string or bytes-like object, got 'AsyncMock'
WARNING  core.graph_builder:graph_builder.py:542 [RAG] [REWRITE] 모든 시도 실패, 원본 유지: expected string or bytes-like object, got 'AsyncMock'
ERROR    core.graph_builder:graph_builder.py:124 LLM 호출 중 오류 발생: expected string or bytes-like object, got 'AsyncMock'
WARNING  core.graph_builder:graph_builder.py:542 [RAG] [REWRITE] 모든 시도 실패, 원본 유지: expected string or bytes-like object, got 'AsyncMock'
ERROR    core.graph_builder:graph_builder.py:124 LLM 호출 중 오류 발생: expected string or bytes-like object, got 'AsyncMock'
WARNING  core.graph_builder:graph_builder.py:542 [RAG] [REWRITE] 모든 시도 실패, 원본 유지: expected string or bytes-like object, got 'AsyncMock'
ERROR    core.graph_builder:graph_builder.py:124 LLM 호출 중 오류 발생: expected string or bytes-like object, got 'AsyncMock'
WARNING  core.graph_builder:graph_builder.py:542 [RAG] [REWRITE] 모든 시도 실패, 원본 유지: expected string or bytes-like object, got 'AsyncMock'
ERROR    core.graph_builder:graph_builder.py:124 LLM 호출 중 오류 발생: expected string or bytes-like object, got 'AsyncMock'
WARNING  core.graph_builder:graph_builder.py:542 [RAG] [REWRITE] 모든 시도 실패, 원본 유지: expected string or bytes-like object, got 'AsyncMock'
ERROR    core.graph_builder:graph_builder.py:124 LLM 호출 중 오류 발생: expected string or bytes-like object, got 'AsyncMock'
WARNING  core.graph_builder:graph_builder.py:542 [RAG] [REWRITE] 모든 시도 실패, 원본 유지: expected string or bytes-like object, got 'AsyncMock'
ERROR    core.graph_builder:graph_builder.py:124 LLM 호출 중 오류 발생: expected string or bytes-like object, got 'AsyncMock'
WARNING  core.graph_builder:graph_builder.py:542 [RAG] [REWRITE] 모든 시도 실패, 원본 유지: expected string or bytes-like object, got 'AsyncMock'
ERROR    core.graph_builder:graph_builder.py:124 LLM 호출 중 오류 발생: expected string or bytes-like object, got 'AsyncMock'
WARNING  core.graph_builder:graph_builder.py:542 [RAG] [REWRITE] 모든 시도 실패, 원본 유지: expected string or bytes-like object, got 'AsyncMock'
ERROR    core.graph_builder:graph_builder.py:124 LLM 호출 중 오류 발생: expected string or bytes-like object, got 'AsyncMock'
WARNING  core.graph_builder:graph_builder.py:542 [RAG] [REWRITE] 모든 시도 실패, 원본 유지: expected string or bytes-like object, got 'AsyncMock'
ERROR    core.graph_builder:graph_builder.py:124 LLM 호출 중 오류 발생: expected string or bytes-like object, got 'AsyncMock'
WARNING  core.graph_builder:graph_builder.py:542 [RAG] [REWRITE] 모든 시도 실패, 원본 유지: expected string or bytes-like object, got 'AsyncMock'
ERROR    core.graph_builder:graph_builder.py:124 LLM 호출 중 오류 발생: expected string or bytes-like object, got 'AsyncMock'
WARNING  core.graph_builder:graph_builder.py:542 [RAG] [REWRITE] 모든 시도 실패, 원본 유지: expected string or bytes-like object, got 'AsyncMock'
ERROR    core.graph_builder:graph_builder.py:124 LLM 호출 중 오류 발생: expected string or bytes-like object, got 'AsyncMock'
WARNING  core.graph_builder:graph_builder.py:542 [RAG] [REWRITE] 모든 시도 실패, 원본 유지: expected string or bytes-like object, got 'AsyncMock'
ERROR    core.graph_builder:graph_builder.py:124 LLM 호출 중 오류 발생: expected string or bytes-like object, got 'AsyncMock'
WARNING  core.graph_builder:graph_builder.py:542 [RAG] [REWRITE] 모든 시도 실패, 원본 유지: expected string or bytes-like object, got 'AsyncMock'
ERROR    core.graph_builder:graph_builder.py:124 LLM 호출 중 오류 발생: expected string or bytes-like object, got 'AsyncMock'
WARNING  core.graph_builder:graph_builder.py:542 [RAG] [REWRITE] 모든 시도 실패, 원본 유지: expected string or bytes-like object, got 'AsyncMock'
ERROR    core.graph_builder:graph_builder.py:124 LLM 호출 중 오류 발생: expected string or bytes-like object, got 'AsyncMock'
WARNING  core.graph_builder:graph_builder.py:542 [RAG] [REWRITE] 모든 시도 실패, 원본 유지: expected string or bytes-like object, got 'AsyncMock'
ERROR    core.graph_builder:graph_builder.py:124 LLM 호출 중 오류 발생: expected string or bytes-like object, got 'AsyncMock'
WARNING  core.graph_builder:graph_builder.py:542 [RAG] [REWRITE] 모든 시도 실패, 원본 유지: expected string or bytes-like object, got 'AsyncMock'
ERROR    core.graph_builder:graph_builder.py:124 LLM 호출 중 오류 발생: expected string or bytes-like object, got 'AsyncMock'
WARNING  core.graph_builder:graph_builder.py:542 [RAG] [REWRITE] 모든 시도 실패, 원본 유지: expected string or bytes-like object, got 'AsyncMock'
ERROR    core.graph_builder:graph_builder.py:124 LLM 호출 중 오류 발생: expected string or bytes-like object, got 'AsyncMock'
WARNING  core.graph_builder:graph_builder.py:542 [RAG] [REWRITE] 모든 시도 실패, 원본 유지: expected string or bytes-like object, got 'AsyncMock'
ERROR    core.graph_builder:graph_builder.py:124 LLM 호출 중 오류 발생: expected string or bytes-like object, got 'AsyncMock'
WARNING  core.graph_builder:graph_builder.py:542 [RAG] [REWRITE] 모든 시도 실패, 원본 유지: expected string or bytes-like object, got 'AsyncMock'
ERROR    core.graph_builder:graph_builder.py:124 LLM 호출 중 오류 발생: expected string or bytes-like object, got 'AsyncMock'
WARNING  core.graph_builder:graph_builder.py:542 [RAG] [REWRITE] 모든 시도 실패, 원본 유지: expected string or bytes-like object, got 'AsyncMock'
ERROR    core.graph_builder:graph_builder.py:124 LLM 호출 중 오류 발생: expected string or bytes-like object, got 'AsyncMock'
WARNING  core.graph_builder:graph_builder.py:542 [RAG] [REWRITE] 모든 시도 실패, 원본 유지: expected string or bytes-like object, got 'AsyncMock'
ERROR    core.graph_builder:graph_builder.py:124 LLM 호출 중 오류 발생: expected string or bytes-like object, got 'AsyncMock'
WARNING  core.graph_builder:graph_builder.py:542 [RAG] [REWRITE] 모든 시도 실패, 원본 유지: expected string or bytes-like object, got 'AsyncMock'
ERROR    core.graph_builder:graph_builder.py:124 LLM 호출 중 오류 발생: expected string or bytes-like object, got 'AsyncMock'
WARNING  core.graph_builder:graph_builder.py:542 [RAG] [REWRITE] 모든 시도 실패, 원본 유지: expected string or bytes-like object, got 'AsyncMock'
ERROR    core.graph_builder:graph_builder.py:124 LLM 호출 중 오류 발생: expected string or bytes-like object, got 'AsyncMock'
WARNING  core.graph_builder:graph_builder.py:542 [RAG] [REWRITE] 모든 시도 실패, 원본 유지: expected string or bytes-like object, got 'AsyncMock'
ERROR    core.graph_builder:graph_builder.py:124 LLM 호출 중 오류 발생: expected string or bytes-like object, got 'AsyncMock'
WARNING  core.graph_builder:graph_builder.py:542 [RAG] [REWRITE] 모든 시도 실패, 원본 유지: expected string or bytes-like object, got 'AsyncMock'
ERROR    core.graph_builder:graph_builder.py:124 LLM 호출 중 오류 발생: expected string or bytes-like object, got 'AsyncMock'
WARNING  core.graph_builder:graph_builder.py:542 [RAG] [REWRITE] 모든 시도 실패, 원본 유지: expected string or bytes-like object, got 'AsyncMock'
ERROR    core.graph_builder:graph_builder.py:124 LLM 호출 중 오류 발생: expected string or bytes-like object, got 'AsyncMock'
WARNING  core.graph_builder:graph_builder.py:542 [RAG] [REWRITE] 모든 시도 실패, 원본 유지: expected string or bytes-like object, got 'AsyncMock'
ERROR    core.graph_builder:graph_builder.py:124 LLM 호출 중 오류 발생: expected string or bytes-like object, got 'AsyncMock'
WARNING  core.graph_builder:graph_builder.py:542 [RAG] [REWRITE] 모든 시도 실패, 원본 유지: expected string or bytes-like object, got 'AsyncMock'
ERROR    core.graph_builder:graph_builder.py:124 LLM 호출 중 오류 발생: expected string or bytes-like object, got 'AsyncMock'
WARNING  core.graph_builder:graph_builder.py:542 [RAG] [REWRITE] 모든 시도 실패, 원본 유지: expected string or bytes-like object, got 'AsyncMock'
ERROR    core.graph_builder:graph_builder.py:124 LLM 호출 중 오류 발생: expected string or bytes-like object, got 'AsyncMock'
WARNING  core.graph_builder:graph_builder.py:542 [RAG] [REWRITE] 모든 시도 실패, 원본 유지: expected string or bytes-like object, got 'AsyncMock'
ERROR    core.graph_builder:graph_builder.py:124 LLM 호출 중 오류 발생: expected string or bytes-like object, got 'AsyncMock'
WARNING  core.graph_builder:graph_builder.py:542 [RAG] [REWRITE] 모든 시도 실패, 원본 유지: expected string or bytes-like object, got 'AsyncMock'
ERROR    core.graph_builder:graph_builder.py:124 LLM 호출 중 오류 발생: expected string or bytes-like object, got 'AsyncMock'
WARNING  core.graph_builder:graph_builder.py:542 [RAG] [REWRITE] 모든 시도 실패, 원본 유지: expected string or bytes-like object, got 'AsyncMock'
ERROR    core.graph_builder:graph_builder.py:124 LLM 호출 중 오류 발생: expected string or bytes-like object, got 'AsyncMock'
WARNING  core.graph_builder:graph_builder.py:542 [RAG] [REWRITE] 모든 시도 실패, 원본 유지: expected string or bytes-like object, got 'AsyncMock'
ERROR    core.graph_builder:graph_builder.py:124 LLM 호출 중 오류 발생: expected string or bytes-like object, got 'AsyncMock'
WARNING  core.graph_builder:graph_builder.py:542 [RAG] [REWRITE] 모든 시도 실패, 원본 유지: expected string or bytes-like object, got 'AsyncMock'
ERROR    core.graph_builder:graph_builder.py:124 LLM 호출 중 오류 발생: expected string or bytes-like object, got 'AsyncMock'
WARNING  core.graph_builder:graph_builder.py:542 [RAG] [REWRITE] 모든 시도 실패, 원본 유지: expected string or bytes-like object, got 'AsyncMock'
ERROR    core.graph_builder:graph_builder.py:124 LLM 호출 중 오류 발생: expected string or bytes-like object, got 'AsyncMock'
WARNING  core.graph_builder:graph_builder.py:542 [RAG] [REWRITE] 모든 시도 실패, 원본 유지: expected string or bytes-like object, got 'AsyncMock'
ERROR    core.graph_builder:graph_builder.py:124 LLM 호출 중 오류 발생: expected string or bytes-like object, got 'AsyncMock'
WARNING  core.graph_builder:graph_builder.py:542 [RAG] [REWRITE] 모든 시도 실패, 원본 유지: expected string or bytes-like object, got 'AsyncMock'
ERROR    core.graph_builder:graph_builder.py:124 LLM 호출 중 오류 발생: expected string or bytes-like object, got 'AsyncMock'
WARNING  core.graph_builder:graph_builder.py:542 [RAG] [REWRITE] 모든 시도 실패, 원본 유지: expected string or bytes-like object, got 'AsyncMock'
ERROR    core.graph_builder:graph_builder.py:124 LLM 호출 중 오류 발생: expected string or bytes-like object, got 'AsyncMock'
WARNING  core.graph_builder:graph_builder.py:542 [RAG] [REWRITE] 모든 시도 실패, 원본 유지: expected string or bytes-like object, got 'AsyncMock'
ERROR    core.graph_builder:graph_builder.py:124 LLM 호출 중 오류 발생: expected string or bytes-like object, got 'AsyncMock'
WARNING  core.graph_builder:graph_builder.py:542 [RAG] [REWRITE] 모든 시도 실패, 원본 유지: expected string or bytes-like object, got 'AsyncMock'
ERROR    core.graph_builder:graph_builder.py:124 LLM 호출 중 오류 발생: expected string or bytes-like object, got 'AsyncMock'
WARNING  core.graph_builder:graph_builder.py:542 [RAG] [REWRITE] 모든 시도 실패, 원본 유지: expected string or bytes-like object, got 'AsyncMock'
ERROR    core.graph_builder:graph_builder.py:124 LLM 호출 중 오류 발생: expected string or bytes-like object, got 'AsyncMock'
WARNING  core.graph_builder:graph_builder.py:542 [RAG] [REWRITE] 모든 시도 실패, 원본 유지: expected string or bytes-like object, got 'AsyncMock'
ERROR    core.graph_builder:graph_builder.py:124 LLM 호출 중 오류 발생: expected string or bytes-like object, got 'AsyncMock'
WARNING  core.graph_builder:graph_builder.py:542 [RAG] [REWRITE] 모든 시도 실패, 원본 유지: expected string or bytes-like object, got 'AsyncMock'
ERROR    core.graph_builder:graph_builder.py:124 LLM 호출 중 오류 발생: expected string or bytes-like object, got 'AsyncMock'
WARNING  core.graph_builder:graph_builder.py:542 [RAG] [REWRITE] 모든 시도 실패, 원본 유지: expected string or bytes-like object, got 'AsyncMock'
ERROR    core.graph_builder:graph_builder.py:124 LLM 호출 중 오류 발생: expected string or bytes-like object, got 'AsyncMock'
WARNING  core.graph_builder:graph_builder.py:542 [RAG] [REWRITE] 모든 시도 실패, 원본 유지: expected string or bytes-like object, got 'AsyncMock'
ERROR    core.graph_builder:graph_builder.py:124 LLM 호출 중 오류 발생: expected string or bytes-like object, got 'AsyncMock'
WARNING  core.graph_builder:graph_builder.py:542 [RAG] [REWRITE] 모든 시도 실패, 원본 유지: expected string or bytes-like object, got 'AsyncMock'
ERROR    core.graph_builder:graph_builder.py:124 LLM 호출 중 오류 발생: expected string or bytes-like object, got 'AsyncMock'
WARNING  core.graph_builder:graph_builder.py:542 [RAG] [REWRITE] 모든 시도 실패, 원본 유지: expected string or bytes-like object, got 'AsyncMock'
ERROR    core.graph_builder:graph_builder.py:124 LLM 호출 중 오류 발생: expected string or bytes-like object, got 'AsyncMock'
WARNING  core.graph_builder:graph_builder.py:542 [RAG] [REWRITE] 모든 시도 실패, 원본 유지: expected string or bytes-like object, got 'AsyncMock'
ERROR    core.graph_builder:graph_builder.py:124 LLM 호출 중 오류 발생: expected string or bytes-like object, got 'AsyncMock'
WARNING  core.graph_builder:graph_builder.py:542 [RAG] [REWRITE] 모든 시도 실패, 원본 유지: expected string or bytes-like object, got 'AsyncMock'
ERROR    core.graph_builder:graph_builder.py:124 LLM 호출 중 오류 발생: expected string or bytes-like object, got 'AsyncMock'
WARNING  core.graph_builder:graph_builder.py:542 [RAG] [REWRITE] 모든 시도 실패, 원본 유지: expected string or bytes-like object, got 'AsyncMock'
ERROR    core.graph_builder:graph_builder.py:124 LLM 호출 중 오류 발생: expected string or bytes-like object, got 'AsyncMock'
WARNING  core.graph_builder:graph_builder.py:542 [RAG] [REWRITE] 모든 시도 실패, 원본 유지: expected string or bytes-like object, got 'AsyncMock'
ERROR    core.graph_builder:graph_builder.py:124 LLM 호출 중 오류 발생: expected string or bytes-like object, got 'AsyncMock'
WARNING  core.graph_builder:graph_builder.py:542 [RAG] [REWRITE] 모든 시도 실패, 원본 유지: expected string or bytes-like object, got 'AsyncMock'
ERROR    core.graph_builder:graph_builder.py:124 LLM 호출 중 오류 발생: expected string or bytes-like object, got 'AsyncMock'
WARNING  core.graph_builder:graph_builder.py:542 [RAG] [REWRITE] 모든 시도 실패, 원본 유지: expected string or bytes-like object, got 'AsyncMock'
ERROR    core.graph_builder:graph_builder.py:124 LLM 호출 중 오류 발생: expected string or bytes-like object, got 'AsyncMock'
WARNING  core.graph_builder:graph_builder.py:542 [RAG] [REWRITE] 모든 시도 실패, 원본 유지: expected string or bytes-like object, got 'AsyncMock'
ERROR    core.graph_builder:graph_builder.py:124 LLM 호출 중 오류 발생: expected string or bytes-like object, got 'AsyncMock'
WARNING  core.graph_builder:graph_builder.py:542 [RAG] [REWRITE] 모든 시도 실패, 원본 유지: expected string or bytes-like object, got 'AsyncMock'
ERROR    core.graph_builder:graph_builder.py:124 LLM 호출 중 오류 발생: expected string or bytes-like object, got 'AsyncMock'
WARNING  core.graph_builder:graph_builder.py:542 [RAG] [REWRITE] 모든 시도 실패, 원본 유지: expected string or bytes-like object, got 'AsyncMock'
ERROR    core.graph_builder:graph_builder.py:124 LLM 호출 중 오류 발생: expected string or bytes-like object, got 'AsyncMock'
WARNING  core.graph_builder:graph_builder.py:542 [RAG] [REWRITE] 모든 시도 실패, 원본 유지: expected string or bytes-like object, got 'AsyncMock'
ERROR    core.graph_builder:graph_builder.py:124 LLM 호출 중 오류 발생: expected string or bytes-like object, got 'AsyncMock'
WARNING  core.graph_builder:graph_builder.py:542 [RAG] [REWRITE] 모든 시도 실패, 원본 유지: expected string or bytes-like object, got 'AsyncMock'
ERROR    core.graph_builder:graph_builder.py:124 LLM 호출 중 오류 발생: expected string or bytes-like object, got 'AsyncMock'
WARNING  core.graph_builder:graph_builder.py:542 [RAG] [REWRITE] 모든 시도 실패, 원본 유지: expected string or bytes-like object, got 'AsyncMock'
ERROR    core.graph_builder:graph_builder.py:124 LLM 호출 중 오류 발생: expected string or bytes-like object, got 'AsyncMock'
WARNING  core.graph_builder:graph_builder.py:542 [RAG] [REWRITE] 모든 시도 실패, 원본 유지: expected string or bytes-like object, got 'AsyncMock'
ERROR    core.graph_builder:graph_builder.py:124 LLM 호출 중 오류 발생: expected string or bytes-like object, got 'AsyncMock'
WARNING  core.graph_builder:graph_builder.py:542 [RAG] [REWRITE] 모든 시도 실패, 원본 유지: expected string or bytes-like object, got 'AsyncMock'
ERROR    core.graph_builder:graph_builder.py:124 LLM 호출 중 오류 발생: expected string or bytes-like object, got 'AsyncMock'
WARNING  core.graph_builder:graph_builder.py:542 [RAG] [REWRITE] 모든 시도 실패, 원본 유지: expected string or bytes-like object, got 'AsyncMock'
ERROR    core.graph_builder:graph_builder.py:124 LLM 호출 중 오류 발생: expected string or bytes-like object, got 'AsyncMock'
WARNING  core.graph_builder:graph_builder.py:542 [RAG] [REWRITE] 모든 시도 실패, 원본 유지: expected string or bytes-like object, got 'AsyncMock'
ERROR    core.graph_builder:graph_builder.py:124 LLM 호출 중 오류 발생: expected string or bytes-like object, got 'AsyncMock'
WARNING  core.graph_builder:graph_builder.py:542 [RAG] [REWRITE] 모든 시도 실패, 원본 유지: expected string or bytes-like object, got 'AsyncMock'
ERROR    core.graph_builder:graph_builder.py:124 LLM 호출 중 오류 발생: expected string or bytes-like object, got 'AsyncMock'
WARNING  core.graph_builder:graph_builder.py:542 [RAG] [REWRITE] 모든 시도 실패, 원본 유지: expected string or bytes-like object, got 'AsyncMock'
ERROR    core.graph_builder:graph_builder.py:124 LLM 호출 중 오류 발생: expected string or bytes-like object, got 'AsyncMock'
WARNING  core.graph_builder:graph_builder.py:542 [RAG] [REWRITE] 모든 시도 실패, 원본 유지: expected string or bytes-like object, got 'AsyncMock'
ERROR    core.graph_builder:graph_builder.py:124 LLM 호출 중 오류 발생: expected string or bytes-like object, got 'AsyncMock'
WARNING  core.graph_builder:graph_builder.py:542 [RAG] [REWRITE] 모든 시도 실패, 원본 유지: expected string or bytes-like object, got 'AsyncMock'
ERROR    core.graph_builder:graph_builder.py:124 LLM 호출 중 오류 발생: expected string or bytes-like object, got 'AsyncMock'
WARNING  core.graph_builder:graph_builder.py:542 [RAG] [REWRITE] 모든 시도 실패, 원본 유지: expected string or bytes-like object, got 'AsyncMock'
ERROR    core.graph_builder:graph_builder.py:124 LLM 호출 중 오류 발생: expected string or bytes-like object, got 'AsyncMock'
WARNING  core.graph_builder:graph_builder.py:542 [RAG] [REWRITE] 모든 시도 실패, 원본 유지: expected string or bytes-like object, got 'AsyncMock'
ERROR    core.graph_builder:graph_builder.py:124 LLM 호출 중 오류 발생: expected string or bytes-like object, got 'AsyncMock'
WARNING  core.graph_builder:graph_builder.py:542 [RAG] [REWRITE] 모든 시도 실패, 원본 유지: expected string or bytes-like object, got 'AsyncMock'
ERROR    core.graph_builder:graph_builder.py:124 LLM 호출 중 오류 발생: expected string or bytes-like object, got 'AsyncMock'
WARNING  core.graph_builder:graph_builder.py:542 [RAG] [REWRITE] 모든 시도 실패, 원본 유지: expected string or bytes-like object, got 'AsyncMock'
ERROR    core.graph_builder:graph_builder.py:124 LLM 호출 중 오류 발생: expected string or bytes-like object, got 'AsyncMock'
WARNING  core.graph_builder:graph_builder.py:542 [RAG] [REWRITE] 모든 시도 실패, 원본 유지: expected string or bytes-like object, got 'AsyncMock'
ERROR    core.graph_builder:graph_builder.py:124 LLM 호출 중 오류 발생: expected string or bytes-like object, got 'AsyncMock'
WARNING  core.graph_builder:graph_builder.py:542 [RAG] [REWRITE] 모든 시도 실패, 원본 유지: expected string or bytes-like object, got 'AsyncMock'
ERROR    core.graph_builder:graph_builder.py:124 LLM 호출 중 오류 발생: expected string or bytes-like object, got 'AsyncMock'
WARNING  core.graph_builder:graph_builder.py:542 [RAG] [REWRITE] 모든 시도 실패, 원본 유지: expected string or bytes-like object, got 'AsyncMock'
ERROR    core.graph_builder:graph_builder.py:124 LLM 호출 중 오류 발생: expected string or bytes-like object, got 'AsyncMock'
WARNING  core.graph_builder:graph_builder.py:542 [RAG] [REWRITE] 모든 시도 실패, 원본 유지: expected string or bytes-like object, got 'AsyncMock'
ERROR    core.graph_builder:graph_builder.py:124 LLM 호출 중 오류 발생: expected string or bytes-like object, got 'AsyncMock'
WARNING  core.graph_builder:graph_builder.py:542 [RAG] [REWRITE] 모든 시도 실패, 원본 유지: expected string or bytes-like object, got 'AsyncMock'
ERROR    core.graph_builder:graph_builder.py:124 LLM 호출 중 오류 발생: expected string or bytes-like object, got 'AsyncMock'
WARNING  core.graph_builder:graph_builder.py:542 [RAG] [REWRITE] 모든 시도 실패, 원본 유지: expected string or bytes-like object, got 'AsyncMock'
ERROR    core.graph_builder:graph_builder.py:124 LLM 호출 중 오류 발생: expected string or bytes-like object, got 'AsyncMock'
WARNING  core.graph_builder:graph_builder.py:542 [RAG] [REWRITE] 모든 시도 실패, 원본 유지: expected string or bytes-like object, got 'AsyncMock'
ERROR    core.graph_builder:graph_builder.py:124 LLM 호출 중 오류 발생: expected string or bytes-like object, got 'AsyncMock'
WARNING  core.graph_builder:graph_builder.py:542 [RAG] [REWRITE] 모든 시도 실패, 원본 유지: expected string or bytes-like object, got 'AsyncMock'
ERROR    core.graph_builder:graph_builder.py:124 LLM 호출 중 오류 발생: expected string or bytes-like object, got 'AsyncMock'
WARNING  core.graph_builder:graph_builder.py:542 [RAG] [REWRITE] 모든 시도 실패, 원본 유지: expected string or bytes-like object, got 'AsyncMock'
ERROR    core.graph_builder:graph_builder.py:124 LLM 호출 중 오류 발생: expected string or bytes-like object, got 'AsyncMock'
WARNING  core.graph_builder:graph_builder.py:542 [RAG] [REWRITE] 모든 시도 실패, 원본 유지: expected string or bytes-like object, got 'AsyncMock'
ERROR    core.graph_builder:graph_builder.py:124 LLM 호출 중 오류 발생: expected string or bytes-like object, got 'AsyncMock'
WARNING  core.graph_builder:graph_builder.py:542 [RAG] [REWRITE] 모든 시도 실패, 원본 유지: expected string or bytes-like object, got 'AsyncMock'
ERROR    core.graph_builder:graph_builder.py:124 LLM 호출 중 오류 발생: expected string or bytes-like object, got 'AsyncMock'
WARNING  core.graph_builder:graph_builder.py:542 [RAG] [REWRITE] 모든 시도 실패, 원본 유지: expected string or bytes-like object, got 'AsyncMock'
ERROR    core.graph_builder:graph_builder.py:124 LLM 호출 중 오류 발생: expected string or bytes-like object, got 'AsyncMock'
WARNING  core.graph_builder:graph_builder.py:542 [RAG] [REWRITE] 모든 시도 실패, 원본 유지: expected string or bytes-like object, got 'AsyncMock'
ERROR    core.graph_builder:graph_builder.py:124 LLM 호출 중 오류 발생: expected string or bytes-like object, got 'AsyncMock'
WARNING  core.graph_builder:graph_builder.py:542 [RAG] [REWRITE] 모든 시도 실패, 원본 유지: expected string or bytes-like object, got 'AsyncMock'
ERROR    core.graph_builder:graph_builder.py:124 LLM 호출 중 오류 발생: expected string or bytes-like object, got 'AsyncMock'
WARNING  core.graph_builder:graph_builder.py:542 [RAG] [REWRITE] 모든 시도 실패, 원본 유지: expected string or bytes-like object, got 'AsyncMock'
ERROR    core.graph_builder:graph_builder.py:124 LLM 호출 중 오류 발생: expected string or bytes-like object, got 'AsyncMock'
WARNING  core.graph_builder:graph_builder.py:542 [RAG] [REWRITE] 모든 시도 실패, 원본 유지: expected string or bytes-like object, got 'AsyncMock'
ERROR    core.graph_builder:graph_builder.py:124 LLM 호출 중 오류 발생: expected string or bytes-like object, got 'AsyncMock'
WARNING  core.graph_builder:graph_builder.py:542 [RAG] [REWRITE] 모든 시도 실패, 원본 유지: expected string or bytes-like object, got 'AsyncMock'
ERROR    core.graph_builder:graph_builder.py:124 LLM 호출 중 오류 발생: expected string or bytes-like object, got 'AsyncMock'
WARNING  core.graph_builder:graph_builder.py:542 [RAG] [REWRITE] 모든 시도 실패, 원본 유지: expected string or bytes-like object, got 'AsyncMock'
ERROR    core.graph_builder:graph_builder.py:124 LLM 호출 중 오류 발생: expected string or bytes-like object, got 'AsyncMock'
WARNING  core.graph_builder:graph_builder.py:542 [RAG] [REWRITE] 모든 시도 실패, 원본 유지: expected string or bytes-like object, got 'AsyncMock'
ERROR    core.graph_builder:graph_builder.py:124 LLM 호출 중 오류 발생: expected string or bytes-like object, got 'AsyncMock'
WARNING  core.graph_builder:graph_builder.py:542 [RAG] [REWRITE] 모든 시도 실패, 원본 유지: expected string or bytes-like object, got 'AsyncMock'
ERROR    core.graph_builder:graph_builder.py:124 LLM 호출 중 오류 발생: expected string or bytes-like object, got 'AsyncMock'
WARNING  core.graph_builder:graph_builder.py:542 [RAG] [REWRITE] 모든 시도 실패, 원본 유지: expected string or bytes-like object, got 'AsyncMock'
ERROR    core.graph_builder:graph_builder.py:124 LLM 호출 중 오류 발생: expected string or bytes-like object, got 'AsyncMock'
WARNING  core.graph_builder:graph_builder.py:542 [RAG] [REWRITE] 모든 시도 실패, 원본 유지: expected string or bytes-like object, got 'AsyncMock'
ERROR    core.graph_builder:graph_builder.py:124 LLM 호출 중 오류 발생: expected string or bytes-like object, got 'AsyncMock'
WARNING  core.graph_builder:graph_builder.py:542 [RAG] [REWRITE] 모든 시도 실패, 원본 유지: expected string or bytes-like object, got 'AsyncMock'
ERROR    core.graph_builder:graph_builder.py:124 LLM 호출 중 오류 발생: expected string or bytes-like object, got 'AsyncMock'
WARNING  core.graph_builder:graph_builder.py:542 [RAG] [REWRITE] 모든 시도 실패, 원본 유지: expected string or bytes-like object, got 'AsyncMock'
ERROR    core.graph_builder:graph_builder.py:124 LLM 호출 중 오류 발생: expected string or bytes-like object, got 'AsyncMock'
WARNING  core.graph_builder:graph_builder.py:542 [RAG] [REWRITE] 모든 시도 실패, 원본 유지: expected string or bytes-like object, got 'AsyncMock'
ERROR    core.graph_builder:graph_builder.py:124 LLM 호출 중 오류 발생: expected string or bytes-like object, got 'AsyncMock'
WARNING  core.graph_builder:graph_builder.py:542 [RAG] [REWRITE] 모든 시도 실패, 원본 유지: expected string or bytes-like object, got 'AsyncMock'
ERROR    core.graph_builder:graph_builder.py:124 LLM 호출 중 오류 발생: expected string or bytes-like object, got 'AsyncMock'
WARNING  core.graph_builder:graph_builder.py:542 [RAG] [REWRITE] 모든 시도 실패, 원본 유지: expected string or bytes-like object, got 'AsyncMock'
ERROR    core.graph_builder:graph_builder.py:124 LLM 호출 중 오류 발생: expected string or bytes-like object, got 'AsyncMock'
WARNING  core.graph_builder:graph_builder.py:542 [RAG] [REWRITE] 모든 시도 실패, 원본 유지: expected string or bytes-like object, got 'AsyncMock'
ERROR    core.graph_builder:graph_builder.py:124 LLM 호출 중 오류 발생: expected string or bytes-like object, got 'AsyncMock'
WARNING  core.graph_builder:graph_builder.py:542 [RAG] [REWRITE] 모든 시도 실패, 원본 유지: expected string or bytes-like object, got 'AsyncMock'
ERROR    core.graph_builder:graph_builder.py:124 LLM 호출 중 오류 발생: expected string or bytes-like object, got 'AsyncMock'
WARNING  core.graph_builder:graph_builder.py:542 [RAG] [REWRITE] 모든 시도 실패, 원본 유지: expected string or bytes-like object, got 'AsyncMock'
ERROR    core.graph_builder:graph_builder.py:124 LLM 호출 중 오류 발생: expected string or bytes-like object, got 'AsyncMock'
WARNING  core.graph_builder:graph_builder.py:542 [RAG] [REWRITE] 모든 시도 실패, 원본 유지: expected string or bytes-like object, got 'AsyncMock'
ERROR    core.graph_builder:graph_builder.py:124 LLM 호출 중 오류 발생: expected string or bytes-like object, got 'AsyncMock'
WARNING  core.graph_builder:graph_builder.py:542 [RAG] [REWRITE] 모든 시도 실패, 원본 유지: expected string or bytes-like object, got 'AsyncMock'
ERROR    core.graph_builder:graph_builder.py:124 LLM 호출 중 오류 발생: expected string or bytes-like object, got 'AsyncMock'
WARNING  core.graph_builder:graph_builder.py:542 [RAG] [REWRITE] 모든 시도 실패, 원본 유지: expected string or bytes-like object, got 'AsyncMock'
ERROR    core.graph_builder:graph_builder.py:124 LLM 호출 중 오류 발생: expected string or bytes-like object, got 'AsyncMock'
WARNING  core.graph_builder:graph_builder.py:542 [RAG] [REWRITE] 모든 시도 실패, 원본 유지: expected string or bytes-like object, got 'AsyncMock'
ERROR    core.graph_builder:graph_builder.py:124 LLM 호출 중 오류 발생: expected string or bytes-like object, got 'AsyncMock'
WARNING  core.graph_builder:graph_builder.py:542 [RAG] [REWRITE] 모든 시도 실패, 원본 유지: expected string or bytes-like object, got 'AsyncMock'
ERROR    core.graph_builder:graph_builder.py:124 LLM 호출 중 오류 발생: expected string or bytes-like object, got 'AsyncMock'
WARNING  core.graph_builder:graph_builder.py:542 [RAG] [REWRITE] 모든 시도 실패, 원본 유지: expected string or bytes-like object, got 'AsyncMock'
ERROR    core.graph_builder:graph_builder.py:124 LLM 호출 중 오류 발생: expected string or bytes-like object, got 'AsyncMock'
WARNING  core.graph_builder:graph_builder.py:542 [RAG] [REWRITE] 모든 시도 실패, 원본 유지: expected string or bytes-like object, got 'AsyncMock'
ERROR    core.graph_builder:graph_builder.py:124 LLM 호출 중 오류 발생: expected string or bytes-like object, got 'AsyncMock'
WARNING  core.graph_builder:graph_builder.py:542 [RAG] [REWRITE] 모든 시도 실패, 원본 유지: expected string or bytes-like object, got 'AsyncMock'
ERROR    core.graph_builder:graph_builder.py:124 LLM 호출 중 오류 발생: expected string or bytes-like object, got 'AsyncMock'
WARNING  core.graph_builder:graph_builder.py:542 [RAG] [REWRITE] 모든 시도 실패, 원본 유지: expected string or bytes-like object, got 'AsyncMock'
ERROR    core.graph_builder:graph_builder.py:124 LLM 호출 중 오류 발생: expected string or bytes-like object, got 'AsyncMock'
WARNING  core.graph_builder:graph_builder.py:542 [RAG] [REWRITE] 모든 시도 실패, 원본 유지: expected string or bytes-like object, got 'AsyncMock'
ERROR    core.graph_builder:graph_builder.py:124 LLM 호출 중 오류 발생: expected string or bytes-like object, got 'AsyncMock'
WARNING  core.graph_builder:graph_builder.py:542 [RAG] [REWRITE] 모든 시도 실패, 원본 유지: expected string or bytes-like object, got 'AsyncMock'
ERROR    core.graph_builder:graph_builder.py:124 LLM 호출 중 오류 발생: expected string or bytes-like object, got 'AsyncMock'
WARNING  core.graph_builder:graph_builder.py:542 [RAG] [REWRITE] 모든 시도 실패, 원본 유지: expected string or bytes-like object, got 'AsyncMock'
ERROR    core.graph_builder:graph_builder.py:124 LLM 호출 중 오류 발생: expected string or bytes-like object, got 'AsyncMock'
WARNING  core.graph_builder:graph_builder.py:542 [RAG] [REWRITE] 모든 시도 실패, 원본 유지: expected string or bytes-like object, got 'AsyncMock'
ERROR    core.graph_builder:graph_builder.py:124 LLM 호출 중 오류 발생: expected string or bytes-like object, got 'AsyncMock'
WARNING  core.graph_builder:graph_builder.py:542 [RAG] [REWRITE] 모든 시도 실패, 원본 유지: expected string or bytes-like object, got 'AsyncMock'
ERROR    core.graph_builder:graph_builder.py:124 LLM 호출 중 오류 발생: expected string or bytes-like object, got 'AsyncMock'
WARNING  core.graph_builder:graph_builder.py:542 [RAG] [REWRITE] 모든 시도 실패, 원본 유지: expected string or bytes-like object, got 'AsyncMock'
ERROR    core.graph_builder:graph_builder.py:124 LLM 호출 중 오류 발생: expected string or bytes-like object, got 'AsyncMock'
WARNING  core.graph_builder:graph_builder.py:542 [RAG] [REWRITE] 모든 시도 실패, 원본 유지: expected string or bytes-like object, got 'AsyncMock'
ERROR    core.graph_builder:graph_builder.py:124 LLM 호출 중 오류 발생: expected string or bytes-like object, got 'AsyncMock'
WARNING  core.graph_builder:graph_builder.py:542 [RAG] [REWRITE] 모든 시도 실패, 원본 유지: expected string or bytes-like object, got 'AsyncMock'
ERROR    core.graph_builder:graph_builder.py:124 LLM 호출 중 오류 발생: expected string or bytes-like object, got 'AsyncMock'
WARNING  core.graph_builder:graph_builder.py:542 [RAG] [REWRITE] 모든 시도 실패, 원본 유지: expected string or bytes-like object, got 'AsyncMock'
ERROR    core.graph_builder:graph_builder.py:124 LLM 호출 중 오류 발생: expected string or bytes-like object, got 'AsyncMock'
WARNING  core.graph_builder:graph_builder.py:542 [RAG] [REWRITE] 모든 시도 실패, 원본 유지: expected string or bytes-like object, got 'AsyncMock'
ERROR    core.graph_builder:graph_builder.py:124 LLM 호출 중 오류 발생: expected string or bytes-like object, got 'AsyncMock'
WARNING  core.graph_builder:graph_builder.py:542 [RAG] [REWRITE] 모든 시도 실패, 원본 유지: expected string or bytes-like object, got 'AsyncMock'
ERROR    core.graph_builder:graph_builder.py:124 LLM 호출 중 오류 발생: expected string or bytes-like object, got 'AsyncMock'
WARNING  core.graph_builder:graph_builder.py:542 [RAG] [REWRITE] 모든 시도 실패, 원본 유지: expected string or bytes-like object, got 'AsyncMock'
ERROR    core.graph_builder:graph_builder.py:124 LLM 호출 중 오류 발생: expected string or bytes-like object, got 'AsyncMock'
WARNING  core.graph_builder:graph_builder.py:542 [RAG] [REWRITE] 모든 시도 실패, 원본 유지: expected string or bytes-like object, got 'AsyncMock'
ERROR    core.graph_builder:graph_builder.py:124 LLM 호출 중 오류 발생: expected string or bytes-like object, got 'AsyncMock'
WARNING  core.graph_builder:graph_builder.py:542 [RAG] [REWRITE] 모든 시도 실패, 원본 유지: expected string or bytes-like object, got 'AsyncMock'
ERROR    core.graph_builder:graph_builder.py:124 LLM 호출 중 오류 발생: expected string or bytes-like object, got 'AsyncMock'
WARNING  core.graph_builder:graph_builder.py:542 [RAG] [REWRITE] 모든 시도 실패, 원본 유지: expected string or bytes-like object, got 'AsyncMock'
ERROR    core.graph_builder:graph_builder.py:124 LLM 호출 중 오류 발생: expected string or bytes-like object, got 'AsyncMock'
WARNING  core.graph_builder:graph_builder.py:542 [RAG] [REWRITE] 모든 시도 실패, 원본 유지: expected string or bytes-like object, got 'AsyncMock'
ERROR    core.graph_builder:graph_builder.py:124 LLM 호출 중 오류 발생: expected string or bytes-like object, got 'AsyncMock'
WARNING  core.graph_builder:graph_builder.py:542 [RAG] [REWRITE] 모든 시도 실패, 원본 유지: expected string or bytes-like object, got 'AsyncMock'
ERROR    core.graph_builder:graph_builder.py:124 LLM 호출 중 오류 발생: expected string or bytes-like object, got 'AsyncMock'
WARNING  core.graph_builder:graph_builder.py:542 [RAG] [REWRITE] 모든 시도 실패, 원본 유지: expected string or bytes-like object, got 'AsyncMock'
ERROR    core.graph_builder:graph_builder.py:124 LLM 호출 중 오류 발생: expected string or bytes-like object, got 'AsyncMock'
WARNING  core.graph_builder:graph_builder.py:542 [RAG] [REWRITE] 모든 시도 실패, 원본 유지: expected string or bytes-like object, got 'AsyncMock'
ERROR    core.graph_builder:graph_builder.py:124 LLM 호출 중 오류 발생: expected string or bytes-like object, got 'AsyncMock'
WARNING  core.graph_builder:graph_builder.py:542 [RAG] [REWRITE] 모든 시도 실패, 원본 유지: expected string or bytes-like object, got 'AsyncMock'
ERROR    core.graph_builder:graph_builder.py:124 LLM 호출 중 오류 발생: expected string or bytes-like object, got 'AsyncMock'
WARNING  core.graph_builder:graph_builder.py:542 [RAG] [REWRITE] 모든 시도 실패, 원본 유지: expected string or bytes-like object, got 'AsyncMock'
ERROR    core.graph_builder:graph_builder.py:124 LLM 호출 중 오류 발생: expected string or bytes-like object, got 'AsyncMock'
WARNING  core.graph_builder:graph_builder.py:542 [RAG] [REWRITE] 모든 시도 실패, 원본 유지: expected string or bytes-like object, got 'AsyncMock'
ERROR    core.graph_builder:graph_builder.py:124 LLM 호출 중 오류 발생: expected string or bytes-like object, got 'AsyncMock'
WARNING  core.graph_builder:graph_builder.py:542 [RAG] [REWRITE] 모든 시도 실패, 원본 유지: expected string or bytes-like object, got 'AsyncMock'
ERROR    core.graph_builder:graph_builder.py:124 LLM 호출 중 오류 발생: expected string or bytes-like object, got 'AsyncMock'
WARNING  core.graph_builder:graph_builder.py:542 [RAG] [REWRITE] 모든 시도 실패, 원본 유지: expected string or bytes-like object, got 'AsyncMock'
ERROR    core.graph_builder:graph_builder.py:124 LLM 호출 중 오류 발생: expected string or bytes-like object, got 'AsyncMock'
WARNING  core.graph_builder:graph_builder.py:542 [RAG] [REWRITE] 모든 시도 실패, 원본 유지: expected string or bytes-like object, got 'AsyncMock'
ERROR    core.graph_builder:graph_builder.py:124 LLM 호출 중 오류 발생: expected string or bytes-like object, got 'AsyncMock'
WARNING  core.graph_builder:graph_builder.py:542 [RAG] [REWRITE] 모든 시도 실패, 원본 유지: expected string or bytes-like object, got 'AsyncMock'
ERROR    core.graph_builder:graph_builder.py:124 LLM 호출 중 오류 발생: expected string or bytes-like object, got 'AsyncMock'
WARNING  core.graph_builder:graph_builder.py:542 [RAG] [REWRITE] 모든 시도 실패, 원본 유지: expected string or bytes-like object, got 'AsyncMock'
ERROR    core.graph_builder:graph_builder.py:124 LLM 호출 중 오류 발생: expected string or bytes-like object, got 'AsyncMock'
WARNING  core.graph_builder:graph_builder.py:542 [RAG] [REWRITE] 모든 시도 실패, 원본 유지: expected string or bytes-like object, got 'AsyncMock'
ERROR    core.graph_builder:graph_builder.py:124 LLM 호출 중 오류 발생: expected string or bytes-like object, got 'AsyncMock'
WARNING  core.graph_builder:graph_builder.py:542 [RAG] [REWRITE] 모든 시도 실패, 원본 유지: expected string or bytes-like object, got 'AsyncMock'
ERROR    core.graph_builder:graph_builder.py:124 LLM 호출 중 오류 발생: expected string or bytes-like object, got 'AsyncMock'
WARNING  core.graph_builder:graph_builder.py:542 [RAG] [REWRITE] 모든 시도 실패, 원본 유지: expected string or bytes-like object, got 'AsyncMock'
ERROR    core.graph_builder:graph_builder.py:124 LLM 호출 중 오류 발생: expected string or bytes-like object, got 'AsyncMock'
WARNING  core.graph_builder:graph_builder.py:542 [RAG] [REWRITE] 모든 시도 실패, 원본 유지: expected string or bytes-like object, got 'AsyncMock'
ERROR    core.graph_builder:graph_builder.py:124 LLM 호출 중 오류 발생: expected string or bytes-like object, got 'AsyncMock'
WARNING  core.graph_builder:graph_builder.py:542 [RAG] [REWRITE] 모든 시도 실패, 원본 유지: expected string or bytes-like object, got 'AsyncMock'
ERROR    core.graph_builder:graph_builder.py:124 LLM 호출 중 오류 발생: expected string or bytes-like object, got 'AsyncMock'
WARNING  core.graph_builder:graph_builder.py:542 [RAG] [REWRITE] 모든 시도 실패, 원본 유지: expected string or bytes-like object, got 'AsyncMock'
ERROR    core.graph_builder:graph_builder.py:124 LLM 호출 중 오류 발생: expected string or bytes-like object, got 'AsyncMock'
WARNING  core.graph_builder:graph_builder.py:542 [RAG] [REWRITE] 모든 시도 실패, 원본 유지: expected string or bytes-like object, got 'AsyncMock'
ERROR    core.graph_builder:graph_builder.py:124 LLM 호출 중 오류 발생: expected string or bytes-like object, got 'AsyncMock'
WARNING  core.graph_builder:graph_builder.py:542 [RAG] [REWRITE] 모든 시도 실패, 원본 유지: expected string or bytes-like object, got 'AsyncMock'
ERROR    core.graph_builder:graph_builder.py:124 LLM 호출 중 오류 발생: expected string or bytes-like object, got 'AsyncMock'
WARNING  core.graph_builder:graph_builder.py:542 [RAG] [REWRITE] 모든 시도 실패, 원본 유지: expected string or bytes-like object, got 'AsyncMock'
ERROR    core.graph_builder:graph_builder.py:124 LLM 호출 중 오류 발생: expected string or bytes-like object, got 'AsyncMock'
WARNING  core.graph_builder:graph_builder.py:542 [RAG] [REWRITE] 모든 시도 실패, 원본 유지: expected string or bytes-like object, got 'AsyncMock'
ERROR    core.graph_builder:graph_builder.py:124 LLM 호출 중 오류 발생: expected string or bytes-like object, got 'AsyncMock'
WARNING  core.graph_builder:graph_builder.py:542 [RAG] [REWRITE] 모든 시도 실패, 원본 유지: expected string or bytes-like object, got 'AsyncMock'
ERROR    core.graph_builder:graph_builder.py:124 LLM 호출 중 오류 발생: expected string or bytes-like object, got 'AsyncMock'
WARNING  core.graph_builder:graph_builder.py:542 [RAG] [REWRITE] 모든 시도 실패, 원본 유지: expected string or bytes-like object, got 'AsyncMock'
ERROR    core.graph_builder:graph_builder.py:124 LLM 호출 중 오류 발생: expected string or bytes-like object, got 'AsyncMock'
WARNING  core.graph_builder:graph_builder.py:542 [RAG] [REWRITE] 모든 시도 실패, 원본 유지: expected string or bytes-like object, got 'AsyncMock'
ERROR    core.graph_builder:graph_builder.py:124 LLM 호출 중 오류 발생: expected string or bytes-like object, got 'AsyncMock'
WARNING  core.graph_builder:graph_builder.py:542 [RAG] [REWRITE] 모든 시도 실패, 원본 유지: expected string or bytes-like object, got 'AsyncMock'
ERROR    core.graph_builder:graph_builder.py:124 LLM 호출 중 오류 발생: expected string or bytes-like object, got 'AsyncMock'
WARNING  core.graph_builder:graph_builder.py:542 [RAG] [REWRITE] 모든 시도 실패, 원본 유지: expected string or bytes-like object, got 'AsyncMock'
ERROR    core.graph_builder:graph_builder.py:124 LLM 호출 중 오류 발생: expected string or bytes-like object, got 'AsyncMock'
WARNING  core.graph_builder:graph_builder.py:542 [RAG] [REWRITE] 모든 시도 실패, 원본 유지: expected string or bytes-like object, got 'AsyncMock'
ERROR    core.graph_builder:graph_builder.py:124 LLM 호출 중 오류 발생: expected string or bytes-like object, got 'AsyncMock'
WARNING  core.graph_builder:graph_builder.py:542 [RAG] [REWRITE] 모든 시도 실패, 원본 유지: expected string or bytes-like object, got 'AsyncMock'
ERROR    core.graph_builder:graph_builder.py:124 LLM 호출 중 오류 발생: expected string or bytes-like object, got 'AsyncMock'
WARNING  core.graph_builder:graph_builder.py:542 [RAG] [REWRITE] 모든 시도 실패, 원본 유지: expected string or bytes-like object, got 'AsyncMock'
ERROR    core.graph_builder:graph_builder.py:124 LLM 호출 중 오류 발생: expected string or bytes-like object, got 'AsyncMock'
WARNING  core.graph_builder:graph_builder.py:542 [RAG] [REWRITE] 모든 시도 실패, 원본 유지: expected string or bytes-like object, got 'AsyncMock'
ERROR    core.graph_builder:graph_builder.py:124 LLM 호출 중 오류 발생: expected string or bytes-like object, got 'AsyncMock'
WARNING  core.graph_builder:graph_builder.py:542 [RAG] [REWRITE] 모든 시도 실패, 원본 유지: expected string or bytes-like object, got 'AsyncMock'
ERROR    core.graph_builder:graph_builder.py:124 LLM 호출 중 오류 발생: expected string or bytes-like object, got 'AsyncMock'
WARNING  core.graph_builder:graph_builder.py:542 [RAG] [REWRITE] 모든 시도 실패, 원본 유지: expected string or bytes-like object, got 'AsyncMock'
ERROR    core.graph_builder:graph_builder.py:124 LLM 호출 중 오류 발생: expected string or bytes-like object, got 'AsyncMock'
WARNING  core.graph_builder:graph_builder.py:542 [RAG] [REWRITE] 모든 시도 실패, 원본 유지: expected string or bytes-like object, got 'AsyncMock'
ERROR    core.graph_builder:graph_builder.py:124 LLM 호출 중 오류 발생: expected string or bytes-like object, got 'AsyncMock'
WARNING  core.graph_builder:graph_builder.py:542 [RAG] [REWRITE] 모든 시도 실패, 원본 유지: expected string or bytes-like object, got 'AsyncMock'
ERROR    core.graph_builder:graph_builder.py:124 LLM 호출 중 오류 발생: expected string or bytes-like object, got 'AsyncMock'
WARNING  core.graph_builder:graph_builder.py:542 [RAG] [REWRITE] 모든 시도 실패, 원본 유지: expected string or bytes-like object, got 'AsyncMock'
ERROR    core.graph_builder:graph_builder.py:124 LLM 호출 중 오류 발생: expected string or bytes-like object, got 'AsyncMock'
WARNING  core.graph_builder:graph_builder.py:542 [RAG] [REWRITE] 모든 시도 실패, 원본 유지: expected string or bytes-like object, got 'AsyncMock'
ERROR    core.graph_builder:graph_builder.py:124 LLM 호출 중 오류 발생: expected string or bytes-like object, got 'AsyncMock'
WARNING  core.graph_builder:graph_builder.py:542 [RAG] [REWRITE] 모든 시도 실패, 원본 유지: expected string or bytes-like object, got 'AsyncMock'
ERROR    core.graph_builder:graph_builder.py:124 LLM 호출 중 오류 발생: expected string or bytes-like object, got 'AsyncMock'
WARNING  core.graph_builder:graph_builder.py:542 [RAG] [REWRITE] 모든 시도 실패, 원본 유지: expected string or bytes-like object, got 'AsyncMock'
ERROR    core.graph_builder:graph_builder.py:124 LLM 호출 중 오류 발생: expected string or bytes-like object, got 'AsyncMock'
WARNING  core.graph_builder:graph_builder.py:542 [RAG] [REWRITE] 모든 시도 실패, 원본 유지: expected string or bytes-like object, got 'AsyncMock'
ERROR    core.graph_builder:graph_builder.py:124 LLM 호출 중 오류 발생: expected string or bytes-like object, got 'AsyncMock'
WARNING  core.graph_builder:graph_builder.py:542 [RAG] [REWRITE] 모든 시도 실패, 원본 유지: expected string or bytes-like object, got 'AsyncMock'
ERROR    core.graph_builder:graph_builder.py:124 LLM 호출 중 오류 발생: expected string or bytes-like object, got 'AsyncMock'
WARNING  core.graph_builder:graph_builder.py:542 [RAG] [REWRITE] 모든 시도 실패, 원본 유지: expected string or bytes-like object, got 'AsyncMock'
ERROR    core.graph_builder:graph_builder.py:124 LLM 호출 중 오류 발생: expected string or bytes-like object, got 'AsyncMock'
WARNING  core.graph_builder:graph_builder.py:542 [RAG] [REWRITE] 모든 시도 실패, 원본 유지: expected string or bytes-like object, got 'AsyncMock'
ERROR    core.graph_builder:graph_builder.py:124 LLM 호출 중 오류 발생: expected string or bytes-like object, got 'AsyncMock'
WARNING  core.graph_builder:graph_builder.py:542 [RAG] [REWRITE] 모든 시도 실패, 원본 유지: expected string or bytes-like object, got 'AsyncMock'
ERROR    core.graph_builder:graph_builder.py:124 LLM 호출 중 오류 발생: expected string or bytes-like object, got 'AsyncMock'
WARNING  core.graph_builder:graph_builder.py:542 [RAG] [REWRITE] 모든 시도 실패, 원본 유지: expected string or bytes-like object, got 'AsyncMock'
ERROR    core.graph_builder:graph_builder.py:124 LLM 호출 중 오류 발생: expected string or bytes-like object, got 'AsyncMock'
WARNING  core.graph_builder:graph_builder.py:542 [RAG] [REWRITE] 모든 시도 실패, 원본 유지: expected string or bytes-like object, got 'AsyncMock'
ERROR    core.graph_builder:graph_builder.py:124 LLM 호출 중 오류 발생: expected string or bytes-like object, got 'AsyncMock'
WARNING  core.graph_builder:graph_builder.py:542 [RAG] [REWRITE] 모든 시도 실패, 원본 유지: expected string or bytes-like object, got 'AsyncMock'
ERROR    core.graph_builder:graph_builder.py:124 LLM 호출 중 오류 발생: expected string or bytes-like object, got 'AsyncMock'
WARNING  core.graph_builder:graph_builder.py:542 [RAG] [REWRITE] 모든 시도 실패, 원본 유지: expected string or bytes-like object, got 'AsyncMock'
ERROR    core.graph_builder:graph_builder.py:124 LLM 호출 중 오류 발생: expected string or bytes-like object, got 'AsyncMock'
WARNING  core.graph_builder:graph_builder.py:542 [RAG] [REWRITE] 모든 시도 실패, 원본 유지: expected string or bytes-like object, got 'AsyncMock'
ERROR    core.graph_builder:graph_builder.py:124 LLM 호출 중 오류 발생: expected string or bytes-like object, got 'AsyncMock'
WARNING  core.graph_builder:graph_builder.py:542 [RAG] [REWRITE] 모든 시도 실패, 원본 유지: expected string or bytes-like object, got 'AsyncMock'
ERROR    core.graph_builder:graph_builder.py:124 LLM 호출 중 오류 발생: expected string or bytes-like object, got 'AsyncMock'
WARNING  core.graph_builder:graph_builder.py:542 [RAG] [REWRITE] 모든 시도 실패, 원본 유지: expected string or bytes-like object, got 'AsyncMock'
ERROR    core.graph_builder:graph_builder.py:124 LLM 호출 중 오류 발생: expected string or bytes-like object, got 'AsyncMock'
WARNING  core.graph_builder:graph_builder.py:542 [RAG] [REWRITE] 모든 시도 실패, 원본 유지: expected string or bytes-like object, got 'AsyncMock'
ERROR    core.graph_builder:graph_builder.py:124 LLM 호출 중 오류 발생: expected string or bytes-like object, got 'AsyncMock'
WARNING  core.graph_builder:graph_builder.py:542 [RAG] [REWRITE] 모든 시도 실패, 원본 유지: expected string or bytes-like object, got 'AsyncMock'
ERROR    core.graph_builder:graph_builder.py:124 LLM 호출 중 오류 발생: expected string or bytes-like object, got 'AsyncMock'
WARNING  core.graph_builder:graph_builder.py:542 [RAG] [REWRITE] 모든 시도 실패, 원본 유지: expected string or bytes-like object, got 'AsyncMock'
ERROR    core.graph_builder:graph_builder.py:124 LLM 호출 중 오류 발생: expected string or bytes-like object, got 'AsyncMock'
WARNING  core.graph_builder:graph_builder.py:542 [RAG] [REWRITE] 모든 시도 실패, 원본 유지: expected string or bytes-like object, got 'AsyncMock'
ERROR    core.graph_builder:graph_builder.py:124 LLM 호출 중 오류 발생: expected string or bytes-like object, got 'AsyncMock'
WARNING  core.graph_builder:graph_builder.py:542 [RAG] [REWRITE] 모든 시도 실패, 원본 유지: expected string or bytes-like object, got 'AsyncMock'
ERROR    core.graph_builder:graph_builder.py:124 LLM 호출 중 오류 발생: expected string or bytes-like object, got 'AsyncMock'
WARNING  core.graph_builder:graph_builder.py:542 [RAG] [REWRITE] 모든 시도 실패, 원본 유지: expected string or bytes-like object, got 'AsyncMock'
ERROR    core.graph_builder:graph_builder.py:124 LLM 호출 중 오류 발생: expected string or bytes-like object, got 'AsyncMock'
WARNING  core.graph_builder:graph_builder.py:542 [RAG] [REWRITE] 모든 시도 실패, 원본 유지: expected string or bytes-like object, got 'AsyncMock'
ERROR    core.graph_builder:graph_builder.py:124 LLM 호출 중 오류 발생: expected string or bytes-like object, got 'AsyncMock'
WARNING  core.graph_builder:graph_builder.py:542 [RAG] [REWRITE] 모든 시도 실패, 원본 유지: expected string or bytes-like object, got 'AsyncMock'
ERROR    core.graph_builder:graph_builder.py:124 LLM 호출 중 오류 발생: expected string or bytes-like object, got 'AsyncMock'
WARNING  core.graph_builder:graph_builder.py:542 [RAG] [REWRITE] 모든 시도 실패, 원본 유지: expected string or bytes-like object, got 'AsyncMock'
ERROR    core.graph_builder:graph_builder.py:124 LLM 호출 중 오류 발생: expected string or bytes-like object, got 'AsyncMock'
WARNING  core.graph_builder:graph_builder.py:542 [RAG] [REWRITE] 모든 시도 실패, 원본 유지: expected string or bytes-like object, got 'AsyncMock'
ERROR    core.graph_builder:graph_builder.py:124 LLM 호출 중 오류 발생: expected string or bytes-like object, got 'AsyncMock'
WARNING  core.graph_builder:graph_builder.py:542 [RAG] [REWRITE] 모든 시도 실패, 원본 유지: expected string or bytes-like object, got 'AsyncMock'
ERROR    core.graph_builder:graph_builder.py:124 LLM 호출 중 오류 발생: expected string or bytes-like object, got 'AsyncMock'
WARNING  core.graph_builder:graph_builder.py:542 [RAG] [REWRITE] 모든 시도 실패, 원본 유지: expected string or bytes-like object, got 'AsyncMock'
ERROR    core.graph_builder:graph_builder.py:124 LLM 호출 중 오류 발생: expected string or bytes-like object, got 'AsyncMock'
WARNING  core.graph_builder:graph_builder.py:542 [RAG] [REWRITE] 모든 시도 실패, 원본 유지: expected string or bytes-like object, got 'AsyncMock'
ERROR    core.graph_builder:graph_builder.py:124 LLM 호출 중 오류 발생: expected string or bytes-like object, got 'AsyncMock'
WARNING  core.graph_builder:graph_builder.py:542 [RAG] [REWRITE] 모든 시도 실패, 원본 유지: expected string or bytes-like object, got 'AsyncMock'
ERROR    core.graph_builder:graph_builder.py:124 LLM 호출 중 오류 발생: expected string or bytes-like object, got 'AsyncMock'
WARNING  core.graph_builder:graph_builder.py:542 [RAG] [REWRITE] 모든 시도 실패, 원본 유지: expected string or bytes-like object, got 'AsyncMock'
ERROR    core.graph_builder:graph_builder.py:124 LLM 호출 중 오류 발생: expected string or bytes-like object, got 'AsyncMock'
WARNING  core.graph_builder:graph_builder.py:542 [RAG] [REWRITE] 모든 시도 실패, 원본 유지: expected string or bytes-like object, got 'AsyncMock'
ERROR    core.graph_builder:graph_builder.py:124 LLM 호출 중 오류 발생: expected string or bytes-like object, got 'AsyncMock'
WARNING  core.graph_builder:graph_builder.py:542 [RAG] [REWRITE] 모든 시도 실패, 원본 유지: expected string or bytes-like object, got 'AsyncMock'
ERROR    core.graph_builder:graph_builder.py:124 LLM 호출 중 오류 발생: expected string or bytes-like object, got 'AsyncMock'
WARNING  core.graph_builder:graph_builder.py:542 [RAG] [REWRITE] 모든 시도 실패, 원본 유지: expected string or bytes-like object, got 'AsyncMock'
ERROR    core.graph_builder:graph_builder.py:124 LLM 호출 중 오류 발생: expected string or bytes-like object, got 'AsyncMock'
WARNING  core.graph_builder:graph_builder.py:542 [RAG] [REWRITE] 모든 시도 실패, 원본 유지: expected string or bytes-like object, got 'AsyncMock'
ERROR    core.graph_builder:graph_builder.py:124 LLM 호출 중 오류 발생: expected string or bytes-like object, got 'AsyncMock'
WARNING  core.graph_builder:graph_builder.py:542 [RAG] [REWRITE] 모든 시도 실패, 원본 유지: expected string or bytes-like object, got 'AsyncMock'
ERROR    core.graph_builder:graph_builder.py:124 LLM 호출 중 오류 발생: expected string or bytes-like object, got 'AsyncMock'
WARNING  core.graph_builder:graph_builder.py:542 [RAG] [REWRITE] 모든 시도 실패, 원본 유지: expected string or bytes-like object, got 'AsyncMock'
ERROR    core.graph_builder:graph_builder.py:124 LLM 호출 중 오류 발생: expected string or bytes-like object, got 'AsyncMock'
WARNING  core.graph_builder:graph_builder.py:542 [RAG] [REWRITE] 모든 시도 실패, 원본 유지: expected string or bytes-like object, got 'AsyncMock'
ERROR    core.graph_builder:graph_builder.py:124 LLM 호출 중 오류 발생: expected string or bytes-like object, got 'AsyncMock'
WARNING  core.graph_builder:graph_builder.py:542 [RAG] [REWRITE] 모든 시도 실패, 원본 유지: expected string or bytes-like object, got 'AsyncMock'
ERROR    core.graph_builder:graph_builder.py:124 LLM 호출 중 오류 발생: expected string or bytes-like object, got 'AsyncMock'
WARNING  core.graph_builder:graph_builder.py:542 [RAG] [REWRITE] 모든 시도 실패, 원본 유지: expected string or bytes-like object, got 'AsyncMock'
ERROR    core.graph_builder:graph_builder.py:124 LLM 호출 중 오류 발생: expected string or bytes-like object, got 'AsyncMock'
WARNING  core.graph_builder:graph_builder.py:542 [RAG] [REWRITE] 모든 시도 실패, 원본 유지: expected string or bytes-like object, got 'AsyncMock'
ERROR    core.graph_builder:graph_builder.py:124 LLM 호출 중 오류 발생: expected string or bytes-like object, got 'AsyncMock'
WARNING  core.graph_builder:graph_builder.py:542 [RAG] [REWRITE] 모든 시도 실패, 원본 유지: expected string or bytes-like object, got 'AsyncMock'
ERROR    core.graph_builder:graph_builder.py:124 LLM 호출 중 오류 발생: expected string or bytes-like object, got 'AsyncMock'
WARNING  core.graph_builder:graph_builder.py:542 [RAG] [REWRITE] 모든 시도 실패, 원본 유지: expected string or bytes-like object, got 'AsyncMock'
ERROR    core.graph_builder:graph_builder.py:124 LLM 호출 중 오류 발생: expected string or bytes-like object, got 'AsyncMock'
WARNING  core.graph_builder:graph_builder.py:542 [RAG] [REWRITE] 모든 시도 실패, 원본 유지: expected string or bytes-like object, got 'AsyncMock'
ERROR    core.graph_builder:graph_builder.py:124 LLM 호출 중 오류 발생: expected string or bytes-like object, got 'AsyncMock'
WARNING  core.graph_builder:graph_builder.py:542 [RAG] [REWRITE] 모든 시도 실패, 원본 유지: expected string or bytes-like object, got 'AsyncMock'
ERROR    core.graph_builder:graph_builder.py:124 LLM 호출 중 오류 발생: expected string or bytes-like object, got 'AsyncMock'
WARNING  core.graph_builder:graph_builder.py:542 [RAG] [REWRITE] 모든 시도 실패, 원본 유지: expected string or bytes-like object, got 'AsyncMock'
ERROR    core.graph_builder:graph_builder.py:124 LLM 호출 중 오류 발생: expected string or bytes-like object, got 'AsyncMock'
WARNING  core.graph_builder:graph_builder.py:542 [RAG] [REWRITE] 모든 시도 실패, 원본 유지: expected string or bytes-like object, got 'AsyncMock'
ERROR    core.graph_builder:graph_builder.py:124 LLM 호출 중 오류 발생: expected string or bytes-like object, got 'AsyncMock'
WARNING  core.graph_builder:graph_builder.py:542 [RAG] [REWRITE] 모든 시도 실패, 원본 유지: expected string or bytes-like object, got 'AsyncMock'
ERROR    core.graph_builder:graph_builder.py:124 LLM 호출 중 오류 발생: expected string or bytes-like object, got 'AsyncMock'
WARNING  core.graph_builder:graph_builder.py:542 [RAG] [REWRITE] 모든 시도 실패, 원본 유지: expected string or bytes-like object, got 'AsyncMock'
ERROR    core.graph_builder:graph_builder.py:124 LLM 호출 중 오류 발생: expected string or bytes-like object, got 'AsyncMock'
WARNING  core.graph_builder:graph_builder.py:542 [RAG] [REWRITE] 모든 시도 실패, 원본 유지: expected string or bytes-like object, got 'AsyncMock'
ERROR    core.graph_builder:graph_builder.py:124 LLM 호출 중 오류 발생: expected string or bytes-like object, got 'AsyncMock'
WARNING  core.graph_builder:graph_builder.py:542 [RAG] [REWRITE] 모든 시도 실패, 원본 유지: expected string or bytes-like object, got 'AsyncMock'
ERROR    core.graph_builder:graph_builder.py:124 LLM 호출 중 오류 발생: expected string or bytes-like object, got 'AsyncMock'
WARNING  core.graph_builder:graph_builder.py:542 [RAG] [REWRITE] 모든 시도 실패, 원본 유지: expected string or bytes-like object, got 'AsyncMock'
ERROR    core.graph_builder:graph_builder.py:124 LLM 호출 중 오류 발생: expected string or bytes-like object, got 'AsyncMock'
WARNING  core.graph_builder:graph_builder.py:542 [RAG] [REWRITE] 모든 시도 실패, 원본 유지: expected string or bytes-like object, got 'AsyncMock'
ERROR    core.graph_builder:graph_builder.py:124 LLM 호출 중 오류 발생: expected string or bytes-like object, got 'AsyncMock'
WARNING  core.graph_builder:graph_builder.py:542 [RAG] [REWRITE] 모든 시도 실패, 원본 유지: expected string or bytes-like object, got 'AsyncMock'
ERROR    core.graph_builder:graph_builder.py:124 LLM 호출 중 오류 발생: expected string or bytes-like object, got 'AsyncMock'
WARNING  core.graph_builder:graph_builder.py:542 [RAG] [REWRITE] 모든 시도 실패, 원본 유지: expected string or bytes-like object, got 'AsyncMock'
ERROR    core.graph_builder:graph_builder.py:124 LLM 호출 중 오류 발생: expected string or bytes-like object, got 'AsyncMock'
WARNING  core.graph_builder:graph_builder.py:542 [RAG] [REWRITE] 모든 시도 실패, 원본 유지: expected string or bytes-like object, got 'AsyncMock'
ERROR    core.graph_builder:graph_builder.py:124 LLM 호출 중 오류 발생: expected string or bytes-like object, got 'AsyncMock'
WARNING  core.graph_builder:graph_builder.py:542 [RAG] [REWRITE] 모든 시도 실패, 원본 유지: expected string or bytes-like object, got 'AsyncMock'
ERROR    core.graph_builder:graph_builder.py:124 LLM 호출 중 오류 발생: expected string or bytes-like object, got 'AsyncMock'
WARNING  core.graph_builder:graph_builder.py:542 [RAG] [REWRITE] 모든 시도 실패, 원본 유지: expected string or bytes-like object, got 'AsyncMock'
ERROR    core.graph_builder:graph_builder.py:124 LLM 호출 중 오류 발생: expected string or bytes-like object, got 'AsyncMock'
WARNING  core.graph_builder:graph_builder.py:542 [RAG] [REWRITE] 모든 시도 실패, 원본 유지: expected string or bytes-like object, got 'AsyncMock'
ERROR    core.graph_builder:graph_builder.py:124 LLM 호출 중 오류 발생: expected string or bytes-like object, got 'AsyncMock'
WARNING  core.graph_builder:graph_builder.py:542 [RAG] [REWRITE] 모든 시도 실패, 원본 유지: expected string or bytes-like object, got 'AsyncMock'
ERROR    core.graph_builder:graph_builder.py:124 LLM 호출 중 오류 발생: expected string or bytes-like object, got 'AsyncMock'
WARNING  core.graph_builder:graph_builder.py:542 [RAG] [REWRITE] 모든 시도 실패, 원본 유지: expected string or bytes-like object, got 'AsyncMock'
ERROR    core.graph_builder:graph_builder.py:124 LLM 호출 중 오류 발생: expected string or bytes-like object, got 'AsyncMock'
WARNING  core.graph_builder:graph_builder.py:542 [RAG] [REWRITE] 모든 시도 실패, 원본 유지: expected string or bytes-like object, got 'AsyncMock'
ERROR    core.graph_builder:graph_builder.py:124 LLM 호출 중 오류 발생: expected string or bytes-like object, got 'AsyncMock'
WARNING  core.graph_builder:graph_builder.py:542 [RAG] [REWRITE] 모든 시도 실패, 원본 유지: expected string or bytes-like object, got 'AsyncMock'
ERROR    core.graph_builder:graph_builder.py:124 LLM 호출 중 오류 발생: expected string or bytes-like object, got 'AsyncMock'
WARNING  core.graph_builder:graph_builder.py:542 [RAG] [REWRITE] 모든 시도 실패, 원본 유지: expected string or bytes-like object, got 'AsyncMock'
ERROR    core.graph_builder:graph_builder.py:124 LLM 호출 중 오류 발생: expected string or bytes-like object, got 'AsyncMock'
WARNING  core.graph_builder:graph_builder.py:542 [RAG] [REWRITE] 모든 시도 실패, 원본 유지: expected string or bytes-like object, got 'AsyncMock'
ERROR    core.graph_builder:graph_builder.py:124 LLM 호출 중 오류 발생: expected string or bytes-like object, got 'AsyncMock'
WARNING  core.graph_builder:graph_builder.py:542 [RAG] [REWRITE] 모든 시도 실패, 원본 유지: expected string or bytes-like object, got 'AsyncMock'
ERROR    core.graph_builder:graph_builder.py:124 LLM 호출 중 오류 발생: expected string or bytes-like object, got 'AsyncMock'
WARNING  core.graph_builder:graph_builder.py:542 [RAG] [REWRITE] 모든 시도 실패, 원본 유지: expected string or bytes-like object, got 'AsyncMock'
ERROR    core.graph_builder:graph_builder.py:124 LLM 호출 중 오류 발생: expected string or bytes-like object, got 'AsyncMock'
WARNING  core.graph_builder:graph_builder.py:542 [RAG] [REWRITE] 모든 시도 실패, 원본 유지: expected string or bytes-like object, got 'AsyncMock'
ERROR    core.graph_builder:graph_builder.py:124 LLM 호출 중 오류 발생: expected string or bytes-like object, got 'AsyncMock'
WARNING  core.graph_builder:graph_builder.py:542 [RAG] [REWRITE] 모든 시도 실패, 원본 유지: expected string or bytes-like object, got 'AsyncMock'
ERROR    core.graph_builder:graph_builder.py:124 LLM 호출 중 오류 발생: expected string or bytes-like object, got 'AsyncMock'
WARNING  core.graph_builder:graph_builder.py:542 [RAG] [REWRITE] 모든 시도 실패, 원본 유지: expected string or bytes-like object, got 'AsyncMock'
ERROR    core.graph_builder:graph_builder.py:124 LLM 호출 중 오류 발생: expected string or bytes-like object, got 'AsyncMock'
WARNING  core.graph_builder:graph_builder.py:542 [RAG] [REWRITE] 모든 시도 실패, 원본 유지: expected string or bytes-like object, got 'AsyncMock'
ERROR    core.graph_builder:graph_builder.py:124 LLM 호출 중 오류 발생: expected string or bytes-like object, got 'AsyncMock'
WARNING  core.graph_builder:graph_builder.py:542 [RAG] [REWRITE] 모든 시도 실패, 원본 유지: expected string or bytes-like object, got 'AsyncMock'
ERROR    core.graph_builder:graph_builder.py:124 LLM 호출 중 오류 발생: expected string or bytes-like object, got 'AsyncMock'
WARNING  core.graph_builder:graph_builder.py:542 [RAG] [REWRITE] 모든 시도 실패, 원본 유지: expected string or bytes-like object, got 'AsyncMock'
ERROR    core.graph_builder:graph_builder.py:124 LLM 호출 중 오류 발생: expected string or bytes-like object, got 'AsyncMock'
WARNING  core.graph_builder:graph_builder.py:542 [RAG] [REWRITE] 모든 시도 실패, 원본 유지: expected string or bytes-like object, got 'AsyncMock'
ERROR    core.graph_builder:graph_builder.py:124 LLM 호출 중 오류 발생: expected string or bytes-like object, got 'AsyncMock'
WARNING  core.graph_builder:graph_builder.py:542 [RAG] [REWRITE] 모든 시도 실패, 원본 유지: expected string or bytes-like object, got 'AsyncMock'
ERROR    core.graph_builder:graph_builder.py:124 LLM 호출 중 오류 발생: expected string or bytes-like object, got 'AsyncMock'
WARNING  core.graph_builder:graph_builder.py:542 [RAG] [REWRITE] 모든 시도 실패, 원본 유지: expected string or bytes-like object, got 'AsyncMock'
ERROR    core.graph_builder:graph_builder.py:124 LLM 호출 중 오류 발생: expected string or bytes-like object, got 'AsyncMock'
WARNING  core.graph_builder:graph_builder.py:542 [RAG] [REWRITE] 모든 시도 실패, 원본 유지: expected string or bytes-like object, got 'AsyncMock'
ERROR    core.graph_builder:graph_builder.py:124 LLM 호출 중 오류 발생: expected string or bytes-like object, got 'AsyncMock'
WARNING  core.graph_builder:graph_builder.py:542 [RAG] [REWRITE] 모든 시도 실패, 원본 유지: expected string or bytes-like object, got 'AsyncMock'
ERROR    core.graph_builder:graph_builder.py:124 LLM 호출 중 오류 발생: expected string or bytes-like object, got 'AsyncMock'
WARNING  core.graph_builder:graph_builder.py:542 [RAG] [REWRITE] 모든 시도 실패, 원본 유지: expected string or bytes-like object, got 'AsyncMock'
ERROR    core.graph_builder:graph_builder.py:124 LLM 호출 중 오류 발생: expected string or bytes-like object, got 'AsyncMock'
WARNING  core.graph_builder:graph_builder.py:542 [RAG] [REWRITE] 모든 시도 실패, 원본 유지: expected string or bytes-like object, got 'AsyncMock'
ERROR    core.graph_builder:graph_builder.py:124 LLM 호출 중 오류 발생: expected string or bytes-like object, got 'AsyncMock'
WARNING  core.graph_builder:graph_builder.py:542 [RAG] [REWRITE] 모든 시도 실패, 원본 유지: expected string or bytes-like object, got 'AsyncMock'
ERROR    core.graph_builder:graph_builder.py:124 LLM 호출 중 오류 발생: expected string or bytes-like object, got 'AsyncMock'
WARNING  core.graph_builder:graph_builder.py:542 [RAG] [REWRITE] 모든 시도 실패, 원본 유지: expected string or bytes-like object, got 'AsyncMock'
ERROR    core.graph_builder:graph_builder.py:124 LLM 호출 중 오류 발생: expected string or bytes-like object, got 'AsyncMock'
WARNING  core.graph_builder:graph_builder.py:542 [RAG] [REWRITE] 모든 시도 실패, 원본 유지: expected string or bytes-like object, got 'AsyncMock'
ERROR    core.graph_builder:graph_builder.py:124 LLM 호출 중 오류 발생: expected string or bytes-like object, got 'AsyncMock'
WARNING  core.graph_builder:graph_builder.py:542 [RAG] [REWRITE] 모든 시도 실패, 원본 유지: expected string or bytes-like object, got 'AsyncMock'
ERROR    core.graph_builder:graph_builder.py:124 LLM 호출 중 오류 발생: expected string or bytes-like object, got 'AsyncMock'
WARNING  core.graph_builder:graph_builder.py:542 [RAG] [REWRITE] 모든 시도 실패, 원본 유지: expected string or bytes-like object, got 'AsyncMock'
ERROR    core.graph_builder:graph_builder.py:124 LLM 호출 중 오류 발생: expected string or bytes-like object, got 'AsyncMock'
WARNING  core.graph_builder:graph_builder.py:542 [RAG] [REWRITE] 모든 시도 실패, 원본 유지: expected string or bytes-like object, got 'AsyncMock'
ERROR    core.graph_builder:graph_builder.py:124 LLM 호출 중 오류 발생: expected string or bytes-like object, got 'AsyncMock'
WARNING  core.graph_builder:graph_builder.py:542 [RAG] [REWRITE] 모든 시도 실패, 원본 유지: expected string or bytes-like object, got 'AsyncMock'
ERROR    core.graph_builder:graph_builder.py:124 LLM 호출 중 오류 발생: expected string or bytes-like object, got 'AsyncMock'
WARNING  core.graph_builder:graph_builder.py:542 [RAG] [REWRITE] 모든 시도 실패, 원본 유지: expected string or bytes-like object, got 'AsyncMock'
ERROR    core.graph_builder:graph_builder.py:124 LLM 호출 중 오류 발생: expected string or bytes-like object, got 'AsyncMock'
WARNING  core.graph_builder:graph_builder.py:542 [RAG] [REWRITE] 모든 시도 실패, 원본 유지: expected string or bytes-like object, got 'AsyncMock'
ERROR    core.graph_builder:graph_builder.py:124 LLM 호출 중 오류 발생: expected string or bytes-like object, got 'AsyncMock'
WARNING  core.graph_builder:graph_builder.py:542 [RAG] [REWRITE] 모든 시도 실패, 원본 유지: expected string or bytes-like object, got 'AsyncMock'
ERROR    core.graph_builder:graph_builder.py:124 LLM 호출 중 오류 발생: expected string or bytes-like object, got 'AsyncMock'
WARNING  core.graph_builder:graph_builder.py:542 [RAG] [REWRITE] 모든 시도 실패, 원본 유지: expected string or bytes-like object, got 'AsyncMock'
ERROR    core.graph_builder:graph_builder.py:124 LLM 호출 중 오류 발생: expected string or bytes-like object, got 'AsyncMock'
WARNING  core.graph_builder:graph_builder.py:542 [RAG] [REWRITE] 모든 시도 실패, 원본 유지: expected string or bytes-like object, got 'AsyncMock'
ERROR    core.graph_builder:graph_builder.py:124 LLM 호출 중 오류 발생: expected string or bytes-like object, got 'AsyncMock'
WARNING  core.graph_builder:graph_builder.py:542 [RAG] [REWRITE] 모든 시도 실패, 원본 유지: expected string or bytes-like object, got 'AsyncMock'
ERROR    core.graph_builder:graph_builder.py:124 LLM 호출 중 오류 발생: expected string or bytes-like object, got 'AsyncMock'
WARNING  core.graph_builder:graph_builder.py:542 [RAG] [REWRITE] 모든 시도 실패, 원본 유지: expected string or bytes-like object, got 'AsyncMock'
ERROR    core.graph_builder:graph_builder.py:124 LLM 호출 중 오류 발생: expected string or bytes-like object, got 'AsyncMock'
WARNING  core.graph_builder:graph_builder.py:542 [RAG] [REWRITE] 모든 시도 실패, 원본 유지: expected string or bytes-like object, got 'AsyncMock'
ERROR    core.graph_builder:graph_builder.py:124 LLM 호출 중 오류 발생: expected string or bytes-like object, got 'AsyncMock'
WARNING  core.graph_builder:graph_builder.py:542 [RAG] [REWRITE] 모든 시도 실패, 원본 유지: expected string or bytes-like object, got 'AsyncMock'
ERROR    core.graph_builder:graph_builder.py:124 LLM 호출 중 오류 발생: expected string or bytes-like object, got 'AsyncMock'
WARNING  core.graph_builder:graph_builder.py:542 [RAG] [REWRITE] 모든 시도 실패, 원본 유지: expected string or bytes-like object, got 'AsyncMock'
ERROR    core.graph_builder:graph_builder.py:124 LLM 호출 중 오류 발생: expected string or bytes-like object, got 'AsyncMock'
WARNING  core.graph_builder:graph_builder.py:542 [RAG] [REWRITE] 모든 시도 실패, 원본 유지: expected string or bytes-like object, got 'AsyncMock'
ERROR    core.graph_builder:graph_builder.py:124 LLM 호출 중 오류 발생: expected string or bytes-like object, got 'AsyncMock'
WARNING  core.graph_builder:graph_builder.py:542 [RAG] [REWRITE] 모든 시도 실패, 원본 유지: expected string or bytes-like object, got 'AsyncMock'
ERROR    core.graph_builder:graph_builder.py:124 LLM 호출 중 오류 발생: expected string or bytes-like object, got 'AsyncMock'
WARNING  core.graph_builder:graph_builder.py:542 [RAG] [REWRITE] 모든 시도 실패, 원본 유지: expected string or bytes-like object, got 'AsyncMock'
ERROR    core.graph_builder:graph_builder.py:124 LLM 호출 중 오류 발생: expected string or bytes-like object, got 'AsyncMock'
WARNING  core.graph_builder:graph_builder.py:542 [RAG] [REWRITE] 모든 시도 실패, 원본 유지: expected string or bytes-like object, got 'AsyncMock'
ERROR    core.graph_builder:graph_builder.py:124 LLM 호출 중 오류 발생: expected string or bytes-like object, got 'AsyncMock'
WARNING  core.graph_builder:graph_builder.py:542 [RAG] [REWRITE] 모든 시도 실패, 원본 유지: expected string or bytes-like object, got 'AsyncMock'
ERROR    core.graph_builder:graph_builder.py:124 LLM 호출 중 오류 발생: expected string or bytes-like object, got 'AsyncMock'
WARNING  core.graph_builder:graph_builder.py:542 [RAG] [REWRITE] 모든 시도 실패, 원본 유지: expected string or bytes-like object, got 'AsyncMock'
ERROR    core.graph_builder:graph_builder.py:124 LLM 호출 중 오류 발생: expected string or bytes-like object, got 'AsyncMock'
WARNING  core.graph_builder:graph_builder.py:542 [RAG] [REWRITE] 모든 시도 실패, 원본 유지: expected string or bytes-like object, got 'AsyncMock'
ERROR    core.graph_builder:graph_builder.py:124 LLM 호출 중 오류 발생: expected string or bytes-like object, got 'AsyncMock'
WARNING  core.graph_builder:graph_builder.py:542 [RAG] [REWRITE] 모든 시도 실패, 원본 유지: expected string or bytes-like object, got 'AsyncMock'
ERROR    core.graph_builder:graph_builder.py:124 LLM 호출 중 오류 발생: expected string or bytes-like object, got 'AsyncMock'
WARNING  core.graph_builder:graph_builder.py:542 [RAG] [REWRITE] 모든 시도 실패, 원본 유지: expected string or bytes-like object, got 'AsyncMock'
ERROR    core.graph_builder:graph_builder.py:124 LLM 호출 중 오류 발생: expected string or bytes-like object, got 'AsyncMock'
WARNING  core.graph_builder:graph_builder.py:542 [RAG] [REWRITE] 모든 시도 실패, 원본 유지: expected string or bytes-like object, got 'AsyncMock'
ERROR    core.graph_builder:graph_builder.py:124 LLM 호출 중 오류 발생: expected string or bytes-like object, got 'AsyncMock'
WARNING  core.graph_builder:graph_builder.py:542 [RAG] [REWRITE] 모든 시도 실패, 원본 유지: expected string or bytes-like object, got 'AsyncMock'
ERROR    core.graph_builder:graph_builder.py:124 LLM 호출 중 오류 발생: expected string or bytes-like object, got 'AsyncMock'
WARNING  core.graph_builder:graph_builder.py:542 [RAG] [REWRITE] 모든 시도 실패, 원본 유지: expected string or bytes-like object, got 'AsyncMock'
ERROR    core.graph_builder:graph_builder.py:124 LLM 호출 중 오류 발생: expected string or bytes-like object, got 'AsyncMock'
WARNING  core.graph_builder:graph_builder.py:542 [RAG] [REWRITE] 모든 시도 실패, 원본 유지: expected string or bytes-like object, got 'AsyncMock'
ERROR    core.graph_builder:graph_builder.py:124 LLM 호출 중 오류 발생: expected string or bytes-like object, got 'AsyncMock'
WARNING  core.graph_builder:graph_builder.py:542 [RAG] [REWRITE] 모든 시도 실패, 원본 유지: expected string or bytes-like object, got 'AsyncMock'
ERROR    core.graph_builder:graph_builder.py:124 LLM 호출 중 오류 발생: expected string or bytes-like object, got 'AsyncMock'
WARNING  core.graph_builder:graph_builder.py:542 [RAG] [REWRITE] 모든 시도 실패, 원본 유지: expected string or bytes-like object, got 'AsyncMock'
ERROR    core.graph_builder:graph_builder.py:124 LLM 호출 중 오류 발생: expected string or bytes-like object, got 'AsyncMock'
WARNING  core.graph_builder:graph_builder.py:542 [RAG] [REWRITE] 모든 시도 실패, 원본 유지: expected string or bytes-like object, got 'AsyncMock'
ERROR    core.graph_builder:graph_builder.py:124 LLM 호출 중 오류 발생: expected string or bytes-like object, got 'AsyncMock'
WARNING  core.graph_builder:graph_builder.py:542 [RAG] [REWRITE] 모든 시도 실패, 원본 유지: expected string or bytes-like object, got 'AsyncMock'
ERROR    core.graph_builder:graph_builder.py:124 LLM 호출 중 오류 발생: expected string or bytes-like object, got 'AsyncMock'
WARNING  core.graph_builder:graph_builder.py:542 [RAG] [REWRITE] 모든 시도 실패, 원본 유지: expected string or bytes-like object, got 'AsyncMock'
ERROR    core.graph_builder:graph_builder.py:124 LLM 호출 중 오류 발생: expected string or bytes-like object, got 'AsyncMock'
WARNING  core.graph_builder:graph_builder.py:542 [RAG] [REWRITE] 모든 시도 실패, 원본 유지: expected string or bytes-like object, got 'AsyncMock'
ERROR    core.graph_builder:graph_builder.py:124 LLM 호출 중 오류 발생: expected string or bytes-like object, got 'AsyncMock'
WARNING  core.graph_builder:graph_builder.py:542 [RAG] [REWRITE] 모든 시도 실패, 원본 유지: expected string or bytes-like object, got 'AsyncMock'
ERROR    core.graph_builder:graph_builder.py:124 LLM 호출 중 오류 발생: expected string or bytes-like object, got 'AsyncMock'
WARNING  core.graph_builder:graph_builder.py:542 [RAG] [REWRITE] 모든 시도 실패, 원본 유지: expected string or bytes-like object, got 'AsyncMock'
ERROR    core.graph_builder:graph_builder.py:124 LLM 호출 중 오류 발생: expected string or bytes-like object, got 'AsyncMock'
WARNING  core.graph_builder:graph_builder.py:542 [RAG] [REWRITE] 모든 시도 실패, 원본 유지: expected string or bytes-like object, got 'AsyncMock'
ERROR    core.graph_builder:graph_builder.py:124 LLM 호출 중 오류 발생: expected string or bytes-like object, got 'AsyncMock'
WARNING  core.graph_builder:graph_builder.py:542 [RAG] [REWRITE] 모든 시도 실패, 원본 유지: expected string or bytes-like object, got 'AsyncMock'
ERROR    core.graph_builder:graph_builder.py:124 LLM 호출 중 오류 발생: expected string or bytes-like object, got 'AsyncMock'
WARNING  core.graph_builder:graph_builder.py:542 [RAG] [REWRITE] 모든 시도 실패, 원본 유지: expected string or bytes-like object, got 'AsyncMock'
ERROR    core.graph_builder:graph_builder.py:124 LLM 호출 중 오류 발생: expected string or bytes-like object, got 'AsyncMock'
WARNING  core.graph_builder:graph_builder.py:542 [RAG] [REWRITE] 모든 시도 실패, 원본 유지: expected string or bytes-like object, got 'AsyncMock'
ERROR    core.graph_builder:graph_builder.py:124 LLM 호출 중 오류 발생: expected string or bytes-like object, got 'AsyncMock'
WARNING  core.graph_builder:graph_builder.py:542 [RAG] [REWRITE] 모든 시도 실패, 원본 유지: expected string or bytes-like object, got 'AsyncMock'
ERROR    core.graph_builder:graph_builder.py:124 LLM 호출 중 오류 발생: expected string or bytes-like object, got 'AsyncMock'
WARNING  core.graph_builder:graph_builder.py:542 [RAG] [REWRITE] 모든 시도 실패, 원본 유지: expected string or bytes-like object, got 'AsyncMock'
ERROR    core.graph_builder:graph_builder.py:124 LLM 호출 중 오류 발생: expected string or bytes-like object, got 'AsyncMock'
WARNING  core.graph_builder:graph_builder.py:542 [RAG] [REWRITE] 모든 시도 실패, 원본 유지: expected string or bytes-like object, got 'AsyncMock'
ERROR    core.graph_builder:graph_builder.py:124 LLM 호출 중 오류 발생: expected string or bytes-like object, got 'AsyncMock'
WARNING  core.graph_builder:graph_builder.py:542 [RAG] [REWRITE] 모든 시도 실패, 원본 유지: expected string or bytes-like object, got 'AsyncMock'
ERROR    core.graph_builder:graph_builder.py:124 LLM 호출 중 오류 발생: expected string or bytes-like object, got 'AsyncMock'
WARNING  core.graph_builder:graph_builder.py:542 [RAG] [REWRITE] 모든 시도 실패, 원본 유지: expected string or bytes-like object, got 'AsyncMock'
ERROR    core.graph_builder:graph_builder.py:124 LLM 호출 중 오류 발생: expected string or bytes-like object, got 'AsyncMock'
WARNING  core.graph_builder:graph_builder.py:542 [RAG] [REWRITE] 모든 시도 실패, 원본 유지: expected string or bytes-like object, got 'AsyncMock'
ERROR    core.graph_builder:graph_builder.py:124 LLM 호출 중 오류 발생: expected string or bytes-like object, got 'AsyncMock'
WARNING  core.graph_builder:graph_builder.py:542 [RAG] [REWRITE] 모든 시도 실패, 원본 유지: expected string or bytes-like object, got 'AsyncMock'
ERROR    core.graph_builder:graph_builder.py:124 LLM 호출 중 오류 발생: expected string or bytes-like object, got 'AsyncMock'
WARNING  core.graph_builder:graph_builder.py:542 [RAG] [REWRITE] 모든 시도 실패, 원본 유지: expected string or bytes-like object, got 'AsyncMock'
ERROR    core.graph_builder:graph_builder.py:124 LLM 호출 중 오류 발생: expected string or bytes-like object, got 'AsyncMock'
WARNING  core.graph_builder:graph_builder.py:542 [RAG] [REWRITE] 모든 시도 실패, 원본 유지: expected string or bytes-like object, got 'AsyncMock'
ERROR    core.graph_builder:graph_builder.py:124 LLM 호출 중 오류 발생: expected string or bytes-like object, got 'AsyncMock'
WARNING  core.graph_builder:graph_builder.py:542 [RAG] [REWRITE] 모든 시도 실패, 원본 유지: expected string or bytes-like object, got 'AsyncMock'
ERROR    core.graph_builder:graph_builder.py:124 LLM 호출 중 오류 발생: expected string or bytes-like object, got 'AsyncMock'
WARNING  core.graph_builder:graph_builder.py:542 [RAG] [REWRITE] 모든 시도 실패, 원본 유지: expected string or bytes-like object, got 'AsyncMock'
ERROR    core.graph_builder:graph_builder.py:124 LLM 호출 중 오류 발생: expected string or bytes-like object, got 'AsyncMock'
WARNING  core.graph_builder:graph_builder.py:542 [RAG] [REWRITE] 모든 시도 실패, 원본 유지: expected string or bytes-like object, got 'AsyncMock'
ERROR    core.graph_builder:graph_builder.py:124 LLM 호출 중 오류 발생: expected string or bytes-like object, got 'AsyncMock'
WARNING  core.graph_builder:graph_builder.py:542 [RAG] [REWRITE] 모든 시도 실패, 원본 유지: expected string or bytes-like object, got 'AsyncMock'
ERROR    core.graph_builder:graph_builder.py:124 LLM 호출 중 오류 발생: expected string or bytes-like object, got 'AsyncMock'
WARNING  core.graph_builder:graph_builder.py:542 [RAG] [REWRITE] 모든 시도 실패, 원본 유지: expected string or bytes-like object, got 'AsyncMock'
ERROR    core.graph_builder:graph_builder.py:124 LLM 호출 중 오류 발생: expected string or bytes-like object, got 'AsyncMock'
WARNING  core.graph_builder:graph_builder.py:542 [RAG] [REWRITE] 모든 시도 실패, 원본 유지: expected string or bytes-like object, got 'AsyncMock'
ERROR    core.graph_builder:graph_builder.py:124 LLM 호출 중 오류 발생: expected string or bytes-like object, got 'AsyncMock'
WARNING  core.graph_builder:graph_builder.py:542 [RAG] [REWRITE] 모든 시도 실패, 원본 유지: expected string or bytes-like object, got 'AsyncMock'
ERROR    core.graph_builder:graph_builder.py:124 LLM 호출 중 오류 발생: expected string or bytes-like object, got 'AsyncMock'
WARNING  core.graph_builder:graph_builder.py:542 [RAG] [REWRITE] 모든 시도 실패, 원본 유지: expected string or bytes-like object, got 'AsyncMock'
ERROR    core.graph_builder:graph_builder.py:124 LLM 호출 중 오류 발생: expected string or bytes-like object, got 'AsyncMock'
WARNING  core.graph_builder:graph_builder.py:542 [RAG] [REWRITE] 모든 시도 실패, 원본 유지: expected string or bytes-like object, got 'AsyncMock'
ERROR    core.graph_builder:graph_builder.py:124 LLM 호출 중 오류 발생: expected string or bytes-like object, got 'AsyncMock'
WARNING  core.graph_builder:graph_builder.py:542 [RAG] [REWRITE] 모든 시도 실패, 원본 유지: expected string or bytes-like object, got 'AsyncMock'
ERROR    core.graph_builder:graph_builder.py:124 LLM 호출 중 오류 발생: expected string or bytes-like object, got 'AsyncMock'
WARNING  core.graph_builder:graph_builder.py:542 [RAG] [REWRITE] 모든 시도 실패, 원본 유지: expected string or bytes-like object, got 'AsyncMock'
ERROR    core.graph_builder:graph_builder.py:124 LLM 호출 중 오류 발생: expected string or bytes-like object, got 'AsyncMock'
WARNING  core.graph_builder:graph_builder.py:542 [RAG] [REWRITE] 모든 시도 실패, 원본 유지: expected string or bytes-like object, got 'AsyncMock'
ERROR    core.graph_builder:graph_builder.py:124 LLM 호출 중 오류 발생: expected string or bytes-like object, got 'AsyncMock'
WARNING  core.graph_builder:graph_builder.py:542 [RAG] [REWRITE] 모든 시도 실패, 원본 유지: expected string or bytes-like object, got 'AsyncMock'
ERROR    core.graph_builder:graph_builder.py:124 LLM 호출 중 오류 발생: expected string or bytes-like object, got 'AsyncMock'
WARNING  core.graph_builder:graph_builder.py:542 [RAG] [REWRITE] 모든 시도 실패, 원본 유지: expected string or bytes-like object, got 'AsyncMock'
ERROR    core.graph_builder:graph_builder.py:124 LLM 호출 중 오류 발생: expected string or bytes-like object, got 'AsyncMock'
WARNING  core.graph_builder:graph_builder.py:542 [RAG] [REWRITE] 모든 시도 실패, 원본 유지: expected string or bytes-like object, got 'AsyncMock'
ERROR    core.graph_builder:graph_builder.py:124 LLM 호출 중 오류 발생: expected string or bytes-like object, got 'AsyncMock'
WARNING  core.graph_builder:graph_builder.py:542 [RAG] [REWRITE] 모든 시도 실패, 원본 유지: expected string or bytes-like object, got 'AsyncMock'
ERROR    core.graph_builder:graph_builder.py:124 LLM 호출 중 오류 발생: expected string or bytes-like object, got 'AsyncMock'
WARNING  core.graph_builder:graph_builder.py:542 [RAG] [REWRITE] 모든 시도 실패, 원본 유지: expected string or bytes-like object, got 'AsyncMock'
ERROR    core.graph_builder:graph_builder.py:124 LLM 호출 중 오류 발생: expected string or bytes-like object, got 'AsyncMock'
WARNING  core.graph_builder:graph_builder.py:542 [RAG] [REWRITE] 모든 시도 실패, 원본 유지: expected string or bytes-like object, got 'AsyncMock'
ERROR    core.graph_builder:graph_builder.py:124 LLM 호출 중 오류 발생: expected string or bytes-like object, got 'AsyncMock'
WARNING  core.graph_builder:graph_builder.py:542 [RAG] [REWRITE] 모든 시도 실패, 원본 유지: expected string or bytes-like object, got 'AsyncMock'
ERROR    core.graph_builder:graph_builder.py:124 LLM 호출 중 오류 발생: expected string or bytes-like object, got 'AsyncMock'
WARNING  core.graph_builder:graph_builder.py:542 [RAG] [REWRITE] 모든 시도 실패, 원본 유지: expected string or bytes-like object, got 'AsyncMock'
ERROR    core.graph_builder:graph_builder.py:124 LLM 호출 중 오류 발생: expected string or bytes-like object, got 'AsyncMock'
WARNING  core.graph_builder:graph_builder.py:542 [RAG] [REWRITE] 모든 시도 실패, 원본 유지: expected string or bytes-like object, got 'AsyncMock'
ERROR    core.graph_builder:graph_builder.py:124 LLM 호출 중 오류 발생: expected string or bytes-like object, got 'AsyncMock'
WARNING  core.graph_builder:graph_builder.py:542 [RAG] [REWRITE] 모든 시도 실패, 원본 유지: expected string or bytes-like object, got 'AsyncMock'
ERROR    core.graph_builder:graph_builder.py:124 LLM 호출 중 오류 발생: expected string or bytes-like object, got 'AsyncMock'
WARNING  core.graph_builder:graph_builder.py:542 [RAG] [REWRITE] 모든 시도 실패, 원본 유지: expected string or bytes-like object, got 'AsyncMock'
ERROR    core.graph_builder:graph_builder.py:124 LLM 호출 중 오류 발생: expected string or bytes-like object, got 'AsyncMock'
WARNING  core.graph_builder:graph_builder.py:542 [RAG] [REWRITE] 모든 시도 실패, 원본 유지: expected string or bytes-like object, got 'AsyncMock'
ERROR    core.graph_builder:graph_builder.py:124 LLM 호출 중 오류 발생: expected string or bytes-like object, got 'AsyncMock'
WARNING  core.graph_builder:graph_builder.py:542 [RAG] [REWRITE] 모든 시도 실패, 원본 유지: expected string or bytes-like object, got 'AsyncMock'
ERROR    core.graph_builder:graph_builder.py:124 LLM 호출 중 오류 발생: expected string or bytes-like object, got 'AsyncMock'
WARNING  core.graph_builder:graph_builder.py:542 [RAG] [REWRITE] 모든 시도 실패, 원본 유지: expected string or bytes-like object, got 'AsyncMock'
ERROR    core.graph_builder:graph_builder.py:124 LLM 호출 중 오류 발생: expected string or bytes-like object, got 'AsyncMock'
WARNING  core.graph_builder:graph_builder.py:542 [RAG] [REWRITE] 모든 시도 실패, 원본 유지: expected string or bytes-like object, got 'AsyncMock'
ERROR    core.graph_builder:graph_builder.py:124 LLM 호출 중 오류 발생: expected string or bytes-like object, got 'AsyncMock'
WARNING  core.graph_builder:graph_builder.py:542 [RAG] [REWRITE] 모든 시도 실패, 원본 유지: expected string or bytes-like object, got 'AsyncMock'
ERROR    core.graph_builder:graph_builder.py:124 LLM 호출 중 오류 발생: expected string or bytes-like object, got 'AsyncMock'
WARNING  core.graph_builder:graph_builder.py:542 [RAG] [REWRITE] 모든 시도 실패, 원본 유지: expected string or bytes-like object, got 'AsyncMock'
ERROR    core.graph_builder:graph_builder.py:124 LLM 호출 중 오류 발생: expected string or bytes-like object, got 'AsyncMock'
WARNING  core.graph_builder:graph_builder.py:542 [RAG] [REWRITE] 모든 시도 실패, 원본 유지: expected string or bytes-like object, got 'AsyncMock'
ERROR    core.graph_builder:graph_builder.py:124 LLM 호출 중 오류 발생: expected string or bytes-like object, got 'AsyncMock'
WARNING  core.graph_builder:graph_builder.py:542 [RAG] [REWRITE] 모든 시도 실패, 원본 유지: expected string or bytes-like object, got 'AsyncMock'
ERROR    core.graph_builder:graph_builder.py:124 LLM 호출 중 오류 발생: expected string or bytes-like object, got 'AsyncMock'
WARNING  core.graph_builder:graph_builder.py:542 [RAG] [REWRITE] 모든 시도 실패, 원본 유지: expected string or bytes-like object, got 'AsyncMock'
ERROR    core.graph_builder:graph_builder.py:124 LLM 호출 중 오류 발생: expected string or bytes-like object, got 'AsyncMock'
WARNING  core.graph_builder:graph_builder.py:542 [RAG] [REWRITE] 모든 시도 실패, 원본 유지: expected string or bytes-like object, got 'AsyncMock'
ERROR    core.graph_builder:graph_builder.py:124 LLM 호출 중 오류 발생: expected string or bytes-like object, got 'AsyncMock'
WARNING  core.graph_builder:graph_builder.py:542 [RAG] [REWRITE] 모든 시도 실패, 원본 유지: expected string or bytes-like object, got 'AsyncMock'
ERROR    core.graph_builder:graph_builder.py:124 LLM 호출 중 오류 발생: expected string or bytes-like object, got 'AsyncMock'
WARNING  core.graph_builder:graph_builder.py:542 [RAG] [REWRITE] 모든 시도 실패, 원본 유지: expected string or bytes-like object, got 'AsyncMock'
ERROR    core.graph_builder:graph_builder.py:124 LLM 호출 중 오류 발생: expected string or bytes-like object, got 'AsyncMock'
WARNING  core.graph_builder:graph_builder.py:542 [RAG] [REWRITE] 모든 시도 실패, 원본 유지: expected string or bytes-like object, got 'AsyncMock'
ERROR    core.graph_builder:graph_builder.py:124 LLM 호출 중 오류 발생: expected string or bytes-like object, got 'AsyncMock'
WARNING  core.graph_builder:graph_builder.py:542 [RAG] [REWRITE] 모든 시도 실패, 원본 유지: expected string or bytes-like object, got 'AsyncMock'
ERROR    core.graph_builder:graph_builder.py:124 LLM 호출 중 오류 발생: expected string or bytes-like object, got 'AsyncMock'
WARNING  core.graph_builder:graph_builder.py:542 [RAG] [REWRITE] 모든 시도 실패, 원본 유지: expected string or bytes-like object, got 'AsyncMock'
ERROR    core.graph_builder:graph_builder.py:124 LLM 호출 중 오류 발생: expected string or bytes-like object, got 'AsyncMock'
WARNING  core.graph_builder:graph_builder.py:542 [RAG] [REWRITE] 모든 시도 실패, 원본 유지: expected string or bytes-like object, got 'AsyncMock'
ERROR    core.graph_builder:graph_builder.py:124 LLM 호출 중 오류 발생: expected string or bytes-like object, got 'AsyncMock'
WARNING  core.graph_builder:graph_builder.py:542 [RAG] [REWRITE] 모든 시도 실패, 원본 유지: expected string or bytes-like object, got 'AsyncMock'
ERROR    core.graph_builder:graph_builder.py:124 LLM 호출 중 오류 발생: expected string or bytes-like object, got 'AsyncMock'
WARNING  core.graph_builder:graph_builder.py:542 [RAG] [REWRITE] 모든 시도 실패, 원본 유지: expected string or bytes-like object, got 'AsyncMock'
ERROR    core.graph_builder:graph_builder.py:124 LLM 호출 중 오류 발생: expected string or bytes-like object, got 'AsyncMock'
WARNING  core.graph_builder:graph_builder.py:542 [RAG] [REWRITE] 모든 시도 실패, 원본 유지: expected string or bytes-like object, got 'AsyncMock'
ERROR    core.graph_builder:graph_builder.py:124 LLM 호출 중 오류 발생: expected string or bytes-like object, got 'AsyncMock'
WARNING  core.graph_builder:graph_builder.py:542 [RAG] [REWRITE] 모든 시도 실패, 원본 유지: expected string or bytes-like object, got 'AsyncMock'
ERROR    core.graph_builder:graph_builder.py:124 LLM 호출 중 오류 발생: expected string or bytes-like object, got 'AsyncMock'
WARNING  core.graph_builder:graph_builder.py:542 [RAG] [REWRITE] 모든 시도 실패, 원본 유지: expected string or bytes-like object, got 'AsyncMock'
ERROR    core.graph_builder:graph_builder.py:124 LLM 호출 중 오류 발생: expected string or bytes-like object, got 'AsyncMock'
WARNING  core.graph_builder:graph_builder.py:542 [RAG] [REWRITE] 모든 시도 실패, 원본 유지: expected string or bytes-like object, got 'AsyncMock'
ERROR    core.graph_builder:graph_builder.py:124 LLM 호출 중 오류 발생: expected string or bytes-like object, got 'AsyncMock'
WARNING  core.graph_builder:graph_builder.py:542 [RAG] [REWRITE] 모든 시도 실패, 원본 유지: expected string or bytes-like object, got 'AsyncMock'
ERROR    core.graph_builder:graph_builder.py:124 LLM 호출 중 오류 발생: expected string or bytes-like object, got 'AsyncMock'
WARNING  core.graph_builder:graph_builder.py:542 [RAG] [REWRITE] 모든 시도 실패, 원본 유지: expected string or bytes-like object, got 'AsyncMock'
ERROR    core.graph_builder:graph_builder.py:124 LLM 호출 중 오류 발생: expected string or bytes-like object, got 'AsyncMock'
WARNING  core.graph_builder:graph_builder.py:542 [RAG] [REWRITE] 모든 시도 실패, 원본 유지: expected string or bytes-like object, got 'AsyncMock'
ERROR    core.graph_builder:graph_builder.py:124 LLM 호출 중 오류 발생: expected string or bytes-like object, got 'AsyncMock'
WARNING  core.graph_builder:graph_builder.py:542 [RAG] [REWRITE] 모든 시도 실패, 원본 유지: expected string or bytes-like object, got 'AsyncMock'
ERROR    core.graph_builder:graph_builder.py:124 LLM 호출 중 오류 발생: expected string or bytes-like object, got 'AsyncMock'
WARNING  core.graph_builder:graph_builder.py:542 [RAG] [REWRITE] 모든 시도 실패, 원본 유지: expected string or bytes-like object, got 'AsyncMock'
ERROR    core.graph_builder:graph_builder.py:124 LLM 호출 중 오류 발생: expected string or bytes-like object, got 'AsyncMock'
WARNING  core.graph_builder:graph_builder.py:542 [RAG] [REWRITE] 모든 시도 실패, 원본 유지: expected string or bytes-like object, got 'AsyncMock'
ERROR    core.graph_builder:graph_builder.py:124 LLM 호출 중 오류 발생: expected string or bytes-like object, got 'AsyncMock'
WARNING  core.graph_builder:graph_builder.py:542 [RAG] [REWRITE] 모든 시도 실패, 원본 유지: expected string or bytes-like object, got 'AsyncMock'
ERROR    core.graph_builder:graph_builder.py:124 LLM 호출 중 오류 발생: expected string or bytes-like object, got 'AsyncMock'
WARNING  core.graph_builder:graph_builder.py:542 [RAG] [REWRITE] 모든 시도 실패, 원본 유지: expected string or bytes-like object, got 'AsyncMock'
ERROR    core.graph_builder:graph_builder.py:124 LLM 호출 중 오류 발생: expected string or bytes-like object, got 'AsyncMock'
WARNING  core.graph_builder:graph_builder.py:542 [RAG] [REWRITE] 모든 시도 실패, 원본 유지: expected string or bytes-like object, got 'AsyncMock'
ERROR    core.graph_builder:graph_builder.py:124 LLM 호출 중 오류 발생: expected string or bytes-like object, got 'AsyncMock'
WARNING  core.graph_builder:graph_builder.py:542 [RAG] [REWRITE] 모든 시도 실패, 원본 유지: expected string or bytes-like object, got 'AsyncMock'
ERROR    core.graph_builder:graph_builder.py:124 LLM 호출 중 오류 발생: expected string or bytes-like object, got 'AsyncMock'
WARNING  core.graph_builder:graph_builder.py:542 [RAG] [REWRITE] 모든 시도 실패, 원본 유지: expected string or bytes-like object, got 'AsyncMock'
ERROR    core.graph_builder:graph_builder.py:124 LLM 호출 중 오류 발생: expected string or bytes-like object, got 'AsyncMock'
WARNING  core.graph_builder:graph_builder.py:542 [RAG] [REWRITE] 모든 시도 실패, 원본 유지: expected string or bytes-like object, got 'AsyncMock'
ERROR    core.graph_builder:graph_builder.py:124 LLM 호출 중 오류 발생: expected string or bytes-like object, got 'AsyncMock'
WARNING  core.graph_builder:graph_builder.py:542 [RAG] [REWRITE] 모든 시도 실패, 원본 유지: expected string or bytes-like object, got 'AsyncMock'
ERROR    core.graph_builder:graph_builder.py:124 LLM 호출 중 오류 발생: expected string or bytes-like object, got 'AsyncMock'
WARNING  core.graph_builder:graph_builder.py:542 [RAG] [REWRITE] 모든 시도 실패, 원본 유지: expected string or bytes-like object, got 'AsyncMock'
ERROR    core.graph_builder:graph_builder.py:124 LLM 호출 중 오류 발생: expected string or bytes-like object, got 'AsyncMock'
WARNING  core.graph_builder:graph_builder.py:542 [RAG] [REWRITE] 모든 시도 실패, 원본 유지: expected string or bytes-like object, got 'AsyncMock'
ERROR    core.graph_builder:graph_builder.py:124 LLM 호출 중 오류 발생: expected string or bytes-like object, got 'AsyncMock'
WARNING  core.graph_builder:graph_builder.py:542 [RAG] [REWRITE] 모든 시도 실패, 원본 유지: expected string or bytes-like object, got 'AsyncMock'
ERROR    core.graph_builder:graph_builder.py:124 LLM 호출 중 오류 발생: expected string or bytes-like object, got 'AsyncMock'
WARNING  core.graph_builder:graph_builder.py:542 [RAG] [REWRITE] 모든 시도 실패, 원본 유지: expected string or bytes-like object, got 'AsyncMock'
ERROR    core.graph_builder:graph_builder.py:124 LLM 호출 중 오류 발생: expected string or bytes-like object, got 'AsyncMock'
WARNING  core.graph_builder:graph_builder.py:542 [RAG] [REWRITE] 모든 시도 실패, 원본 유지: expected string or bytes-like object, got 'AsyncMock'
ERROR    core.graph_builder:graph_builder.py:124 LLM 호출 중 오류 발생: expected string or bytes-like object, got 'AsyncMock'
WARNING  core.graph_builder:graph_builder.py:542 [RAG] [REWRITE] 모든 시도 실패, 원본 유지: expected string or bytes-like object, got 'AsyncMock'
ERROR    core.graph_builder:graph_builder.py:124 LLM 호출 중 오류 발생: expected string or bytes-like object, got 'AsyncMock'
WARNING  core.graph_builder:graph_builder.py:542 [RAG] [REWRITE] 모든 시도 실패, 원본 유지: expected string or bytes-like object, got 'AsyncMock'
ERROR    core.graph_builder:graph_builder.py:124 LLM 호출 중 오류 발생: expected string or bytes-like object, got 'AsyncMock'
WARNING  core.graph_builder:graph_builder.py:542 [RAG] [REWRITE] 모든 시도 실패, 원본 유지: expected string or bytes-like object, got 'AsyncMock'
ERROR    core.graph_builder:graph_builder.py:124 LLM 호출 중 오류 발생: expected string or bytes-like object, got 'AsyncMock'
WARNING  core.graph_builder:graph_builder.py:542 [RAG] [REWRITE] 모든 시도 실패, 원본 유지: expected string or bytes-like object, got 'AsyncMock'
ERROR    core.graph_builder:graph_builder.py:124 LLM 호출 중 오류 발생: expected string or bytes-like object, got 'AsyncMock'
WARNING  core.graph_builder:graph_builder.py:542 [RAG] [REWRITE] 모든 시도 실패, 원본 유지: expected string or bytes-like object, got 'AsyncMock'
ERROR    core.graph_builder:graph_builder.py:124 LLM 호출 중 오류 발생: expected string or bytes-like object, got 'AsyncMock'
WARNING  core.graph_builder:graph_builder.py:542 [RAG] [REWRITE] 모든 시도 실패, 원본 유지: expected string or bytes-like object, got 'AsyncMock'
ERROR    core.graph_builder:graph_builder.py:124 LLM 호출 중 오류 발생: expected string or bytes-like object, got 'AsyncMock'
WARNING  core.graph_builder:graph_builder.py:542 [RAG] [REWRITE] 모든 시도 실패, 원본 유지: expected string or bytes-like object, got 'AsyncMock'
ERROR    core.graph_builder:graph_builder.py:124 LLM 호출 중 오류 발생: expected string or bytes-like object, got 'AsyncMock'
WARNING  core.graph_builder:graph_builder.py:542 [RAG] [REWRITE] 모든 시도 실패, 원본 유지: expected string or bytes-like object, got 'AsyncMock'
ERROR    core.graph_builder:graph_builder.py:124 LLM 호출 중 오류 발생: expected string or bytes-like object, got 'AsyncMock'
WARNING  core.graph_builder:graph_builder.py:542 [RAG] [REWRITE] 모든 시도 실패, 원본 유지: expected string or bytes-like object, got 'AsyncMock'
ERROR    core.graph_builder:graph_builder.py:124 LLM 호출 중 오류 발생: expected string or bytes-like object, got 'AsyncMock'
WARNING  core.graph_builder:graph_builder.py:542 [RAG] [REWRITE] 모든 시도 실패, 원본 유지: expected string or bytes-like object, got 'AsyncMock'
ERROR    core.graph_builder:graph_builder.py:124 LLM 호출 중 오류 발생: expected string or bytes-like object, got 'AsyncMock'
WARNING  core.graph_builder:graph_builder.py:542 [RAG] [REWRITE] 모든 시도 실패, 원본 유지: expected string or bytes-like object, got 'AsyncMock'
ERROR    core.graph_builder:graph_builder.py:124 LLM 호출 중 오류 발생: expected string or bytes-like object, got 'AsyncMock'
WARNING  core.graph_builder:graph_builder.py:542 [RAG] [REWRITE] 모든 시도 실패, 원본 유지: expected string or bytes-like object, got 'AsyncMock'
ERROR    core.graph_builder:graph_builder.py:124 LLM 호출 중 오류 발생: expected string or bytes-like object, got 'AsyncMock'
WARNING  core.graph_builder:graph_builder.py:542 [RAG] [REWRITE] 모든 시도 실패, 원본 유지: expected string or bytes-like object, got 'AsyncMock'
ERROR    core.graph_builder:graph_builder.py:124 LLM 호출 중 오류 발생: expected string or bytes-like object, got 'AsyncMock'
WARNING  core.graph_builder:graph_builder.py:542 [RAG] [REWRITE] 모든 시도 실패, 원본 유지: expected string or bytes-like object, got 'AsyncMock'
ERROR    core.graph_builder:graph_builder.py:124 LLM 호출 중 오류 발생: expected string or bytes-like object, got 'AsyncMock'
WARNING  core.graph_builder:graph_builder.py:542 [RAG] [REWRITE] 모든 시도 실패, 원본 유지: expected string or bytes-like object, got 'AsyncMock'
ERROR    core.graph_builder:graph_builder.py:124 LLM 호출 중 오류 발생: expected string or bytes-like object, got 'AsyncMock'
WARNING  core.graph_builder:graph_builder.py:542 [RAG] [REWRITE] 모든 시도 실패, 원본 유지: expected string or bytes-like object, got 'AsyncMock'
ERROR    core.graph_builder:graph_builder.py:124 LLM 호출 중 오류 발생: expected string or bytes-like object, got 'AsyncMock'
WARNING  core.graph_builder:graph_builder.py:542 [RAG] [REWRITE] 모든 시도 실패, 원본 유지: expected string or bytes-like object, got 'AsyncMock'
ERROR    core.graph_builder:graph_builder.py:124 LLM 호출 중 오류 발생: expected string or bytes-like object, got 'AsyncMock'
WARNING  core.graph_builder:graph_builder.py:542 [RAG] [REWRITE] 모든 시도 실패, 원본 유지: expected string or bytes-like object, got 'AsyncMock'
ERROR    core.graph_builder:graph_builder.py:124 LLM 호출 중 오류 발생: expected string or bytes-like object, got 'AsyncMock'
WARNING  core.graph_builder:graph_builder.py:542 [RAG] [REWRITE] 모든 시도 실패, 원본 유지: expected string or bytes-like object, got 'AsyncMock'
ERROR    core.graph_builder:graph_builder.py:124 LLM 호출 중 오류 발생: expected string or bytes-like object, got 'AsyncMock'
WARNING  core.graph_builder:graph_builder.py:542 [RAG] [REWRITE] 모든 시도 실패, 원본 유지: expected string or bytes-like object, got 'AsyncMock'
ERROR    core.graph_builder:graph_builder.py:124 LLM 호출 중 오류 발생: expected string or bytes-like object, got 'AsyncMock'
WARNING  core.graph_builder:graph_builder.py:542 [RAG] [REWRITE] 모든 시도 실패, 원본 유지: expected string or bytes-like object, got 'AsyncMock'
ERROR    core.graph_builder:graph_builder.py:124 LLM 호출 중 오류 발생: expected string or bytes-like object, got 'AsyncMock'
WARNING  core.graph_builder:graph_builder.py:542 [RAG] [REWRITE] 모든 시도 실패, 원본 유지: expected string or bytes-like object, got 'AsyncMock'
ERROR    core.graph_builder:graph_builder.py:124 LLM 호출 중 오류 발생: expected string or bytes-like object, got 'AsyncMock'
WARNING  core.graph_builder:graph_builder.py:542 [RAG] [REWRITE] 모든 시도 실패, 원본 유지: expected string or bytes-like object, got 'AsyncMock'
ERROR    core.graph_builder:graph_builder.py:124 LLM 호출 중 오류 발생: expected string or bytes-like object, got 'AsyncMock'
WARNING  core.graph_builder:graph_builder.py:542 [RAG] [REWRITE] 모든 시도 실패, 원본 유지: expected string or bytes-like object, got 'AsyncMock'
ERROR    core.graph_builder:graph_builder.py:124 LLM 호출 중 오류 발생: expected string or bytes-like object, got 'AsyncMock'
WARNING  core.graph_builder:graph_builder.py:542 [RAG] [REWRITE] 모든 시도 실패, 원본 유지: expected string or bytes-like object, got 'AsyncMock'
ERROR    core.graph_builder:graph_builder.py:124 LLM 호출 중 오류 발생: expected string or bytes-like object, got 'AsyncMock'
WARNING  core.graph_builder:graph_builder.py:542 [RAG] [REWRITE] 모든 시도 실패, 원본 유지: expected string or bytes-like object, got 'AsyncMock'
ERROR    core.graph_builder:graph_builder.py:124 LLM 호출 중 오류 발생: expected string or bytes-like object, got 'AsyncMock'
WARNING  core.graph_builder:graph_builder.py:542 [RAG] [REWRITE] 모든 시도 실패, 원본 유지: expected string or bytes-like object, got 'AsyncMock'
ERROR    core.graph_builder:graph_builder.py:124 LLM 호출 중 오류 발생: expected string or bytes-like object, got 'AsyncMock'
WARNING  core.graph_builder:graph_builder.py:542 [RAG] [REWRITE] 모든 시도 실패, 원본 유지: expected string or bytes-like object, got 'AsyncMock'
ERROR    core.graph_builder:graph_builder.py:124 LLM 호출 중 오류 발생: expected string or bytes-like object, got 'AsyncMock'
WARNING  core.graph_builder:graph_builder.py:542 [RAG] [REWRITE] 모든 시도 실패, 원본 유지: expected string or bytes-like object, got 'AsyncMock'
ERROR    core.graph_builder:graph_builder.py:124 LLM 호출 중 오류 발생: expected string or bytes-like object, got 'AsyncMock'
WARNING  core.graph_builder:graph_builder.py:542 [RAG] [REWRITE] 모든 시도 실패, 원본 유지: expected string or bytes-like object, got 'AsyncMock'
ERROR    core.graph_builder:graph_builder.py:124 LLM 호출 중 오류 발생: expected string or bytes-like object, got 'AsyncMock'
WARNING  core.graph_builder:graph_builder.py:542 [RAG] [REWRITE] 모든 시도 실패, 원본 유지: expected string or bytes-like object, got 'AsyncMock'
ERROR    core.graph_builder:graph_builder.py:124 LLM 호출 중 오류 발생: expected string or bytes-like object, got 'AsyncMock'
WARNING  core.graph_builder:graph_builder.py:542 [RAG] [REWRITE] 모든 시도 실패, 원본 유지: expected string or bytes-like object, got 'AsyncMock'
ERROR    core.graph_builder:graph_builder.py:124 LLM 호출 중 오류 발생: expected string or bytes-like object, got 'AsyncMock'
WARNING  core.graph_builder:graph_builder.py:542 [RAG] [REWRITE] 모든 시도 실패, 원본 유지: expected string or bytes-like object, got 'AsyncMock'
ERROR    core.graph_builder:graph_builder.py:124 LLM 호출 중 오류 발생: expected string or bytes-like object, got 'AsyncMock'
WARNING  core.graph_builder:graph_builder.py:542 [RAG] [REWRITE] 모든 시도 실패, 원본 유지: expected string or bytes-like object, got 'AsyncMock'
ERROR    core.graph_builder:graph_builder.py:124 LLM 호출 중 오류 발생: expected string or bytes-like object, got 'AsyncMock'
WARNING  core.graph_builder:graph_builder.py:542 [RAG] [REWRITE] 모든 시도 실패, 원본 유지: expected string or bytes-like object, got 'AsyncMock'
ERROR    core.graph_builder:graph_builder.py:124 LLM 호출 중 오류 발생: expected string or bytes-like object, got 'AsyncMock'
WARNING  core.graph_builder:graph_builder.py:542 [RAG] [REWRITE] 모든 시도 실패, 원본 유지: expected string or bytes-like object, got 'AsyncMock'
ERROR    core.graph_builder:graph_builder.py:124 LLM 호출 중 오류 발생: expected string or bytes-like object, got 'AsyncMock'
WARNING  core.graph_builder:graph_builder.py:542 [RAG] [REWRITE] 모든 시도 실패, 원본 유지: expected string or bytes-like object, got 'AsyncMock'
ERROR    core.graph_builder:graph_builder.py:124 LLM 호출 중 오류 발생: expected string or bytes-like object, got 'AsyncMock'
WARNING  core.graph_builder:graph_builder.py:542 [RAG] [REWRITE] 모든 시도 실패, 원본 유지: expected string or bytes-like object, got 'AsyncMock'
ERROR    core.graph_builder:graph_builder.py:124 LLM 호출 중 오류 발생: expected string or bytes-like object, got 'AsyncMock'
WARNING  core.graph_builder:graph_builder.py:542 [RAG] [REWRITE] 모든 시도 실패, 원본 유지: expected string or bytes-like object, got 'AsyncMock'
ERROR    core.graph_builder:graph_builder.py:124 LLM 호출 중 오류 발생: expected string or bytes-like object, got 'AsyncMock'
WARNING  core.graph_builder:graph_builder.py:542 [RAG] [REWRITE] 모든 시도 실패, 원본 유지: expected string or bytes-like object, got 'AsyncMock'
ERROR    core.graph_builder:graph_builder.py:124 LLM 호출 중 오류 발생: expected string or bytes-like object, got 'AsyncMock'
WARNING  core.graph_builder:graph_builder.py:542 [RAG] [REWRITE] 모든 시도 실패, 원본 유지: expected string or bytes-like object, got 'AsyncMock'
ERROR    core.graph_builder:graph_builder.py:124 LLM 호출 중 오류 발생: expected string or bytes-like object, got 'AsyncMock'
WARNING  core.graph_builder:graph_builder.py:542 [RAG] [REWRITE] 모든 시도 실패, 원본 유지: expected string or bytes-like object, got 'AsyncMock'
ERROR    core.graph_builder:graph_builder.py:124 LLM 호출 중 오류 발생: expected string or bytes-like object, got 'AsyncMock'
WARNING  core.graph_builder:graph_builder.py:542 [RAG] [REWRITE] 모든 시도 실패, 원본 유지: expected string or bytes-like object, got 'AsyncMock'
ERROR    core.graph_builder:graph_builder.py:124 LLM 호출 중 오류 발생: expected string or bytes-like object, got 'AsyncMock'
WARNING  core.graph_builder:graph_builder.py:542 [RAG] [REWRITE] 모든 시도 실패, 원본 유지: expected string or bytes-like object, got 'AsyncMock'
ERROR    core.graph_builder:graph_builder.py:124 LLM 호출 중 오류 발생: expected string or bytes-like object, got 'AsyncMock'
WARNING  core.graph_builder:graph_builder.py:542 [RAG] [REWRITE] 모든 시도 실패, 원본 유지: expected string or bytes-like object, got 'AsyncMock'
ERROR    core.graph_builder:graph_builder.py:124 LLM 호출 중 오류 발생: expected string or bytes-like object, got 'AsyncMock'
WARNING  core.graph_builder:graph_builder.py:542 [RAG] [REWRITE] 모든 시도 실패, 원본 유지: expected string or bytes-like object, got 'AsyncMock'
ERROR    core.graph_builder:graph_builder.py:124 LLM 호출 중 오류 발생: expected string or bytes-like object, got 'AsyncMock'
WARNING  core.graph_builder:graph_builder.py:542 [RAG] [REWRITE] 모든 시도 실패, 원본 유지: expected string or bytes-like object, got 'AsyncMock'
ERROR    core.graph_builder:graph_builder.py:124 LLM 호출 중 오류 발생: expected string or bytes-like object, got 'AsyncMock'
WARNING  core.graph_builder:graph_builder.py:542 [RAG] [REWRITE] 모든 시도 실패, 원본 유지: expected string or bytes-like object, got 'AsyncMock'
ERROR    core.graph_builder:graph_builder.py:124 LLM 호출 중 오류 발생: expected string or bytes-like object, got 'AsyncMock'
WARNING  core.graph_builder:graph_builder.py:542 [RAG] [REWRITE] 모든 시도 실패, 원본 유지: expected string or bytes-like object, got 'AsyncMock'
ERROR    core.graph_builder:graph_builder.py:124 LLM 호출 중 오류 발생: expected string or bytes-like object, got 'AsyncMock'
WARNING  core.graph_builder:graph_builder.py:542 [RAG] [REWRITE] 모든 시도 실패, 원본 유지: expected string or bytes-like object, got 'AsyncMock'
ERROR    core.graph_builder:graph_builder.py:124 LLM 호출 중 오류 발생: expected string or bytes-like object, got 'AsyncMock'
WARNING  core.graph_builder:graph_builder.py:542 [RAG] [REWRITE] 모든 시도 실패, 원본 유지: expected string or bytes-like object, got 'AsyncMock'
ERROR    core.graph_builder:graph_builder.py:124 LLM 호출 중 오류 발생: expected string or bytes-like object, got 'AsyncMock'
WARNING  core.graph_builder:graph_builder.py:542 [RAG] [REWRITE] 모든 시도 실패, 원본 유지: expected string or bytes-like object, got 'AsyncMock'
ERROR    core.graph_builder:graph_builder.py:124 LLM 호출 중 오류 발생: expected string or bytes-like object, got 'AsyncMock'
WARNING  core.graph_builder:graph_builder.py:542 [RAG] [REWRITE] 모든 시도 실패, 원본 유지: expected string or bytes-like object, got 'AsyncMock'
ERROR    core.graph_builder:graph_builder.py:124 LLM 호출 중 오류 발생: expected string or bytes-like object, got 'AsyncMock'
WARNING  core.graph_builder:graph_builder.py:542 [RAG] [REWRITE] 모든 시도 실패, 원본 유지: expected string or bytes-like object, got 'AsyncMock'
ERROR    core.graph_builder:graph_builder.py:124 LLM 호출 중 오류 발생: expected string or bytes-like object, got 'AsyncMock'
WARNING  core.graph_builder:graph_builder.py:542 [RAG] [REWRITE] 모든 시도 실패, 원본 유지: expected string or bytes-like object, got 'AsyncMock'
ERROR    core.graph_builder:graph_builder.py:124 LLM 호출 중 오류 발생: expected string or bytes-like object, got 'AsyncMock'
WARNING  core.graph_builder:graph_builder.py:542 [RAG] [REWRITE] 모든 시도 실패, 원본 유지: expected string or bytes-like object, got 'AsyncMock'
ERROR    core.graph_builder:graph_builder.py:124 LLM 호출 중 오류 발생: expected string or bytes-like object, got 'AsyncMock'
WARNING  core.graph_builder:graph_builder.py:542 [RAG] [REWRITE] 모든 시도 실패, 원본 유지: expected string or bytes-like object, got 'AsyncMock'
ERROR    core.graph_builder:graph_builder.py:124 LLM 호출 중 오류 발생: expected string or bytes-like object, got 'AsyncMock'
WARNING  core.graph_builder:graph_builder.py:542 [RAG] [REWRITE] 모든 시도 실패, 원본 유지: expected string or bytes-like object, got 'AsyncMock'
ERROR    core.graph_builder:graph_builder.py:124 LLM 호출 중 오류 발생: expected string or bytes-like object, got 'AsyncMock'
WARNING  core.graph_builder:graph_builder.py:542 [RAG] [REWRITE] 모든 시도 실패, 원본 유지: expected string or bytes-like object, got 'AsyncMock'
ERROR    core.graph_builder:graph_builder.py:124 LLM 호출 중 오류 발생: expected string or bytes-like object, got 'AsyncMock'
WARNING  core.graph_builder:graph_builder.py:542 [RAG] [REWRITE] 모든 시도 실패, 원본 유지: expected string or bytes-like object, got 'AsyncMock'
ERROR    core.graph_builder:graph_builder.py:124 LLM 호출 중 오류 발생: expected string or bytes-like object, got 'AsyncMock'
WARNING  core.graph_builder:graph_builder.py:542 [RAG] [REWRITE] 모든 시도 실패, 원본 유지: expected string or bytes-like object, got 'AsyncMock'
ERROR    core.graph_builder:graph_builder.py:124 LLM 호출 중 오류 발생: expected string or bytes-like object, got 'AsyncMock'
WARNING  core.graph_builder:graph_builder.py:542 [RAG] [REWRITE] 모든 시도 실패, 원본 유지: expected string or bytes-like object, got 'AsyncMock'
ERROR    core.graph_builder:graph_builder.py:124 LLM 호출 중 오류 발생: expected string or bytes-like object, got 'AsyncMock'
WARNING  core.graph_builder:graph_builder.py:542 [RAG] [REWRITE] 모든 시도 실패, 원본 유지: expected string or bytes-like object, got 'AsyncMock'
ERROR    core.graph_builder:graph_builder.py:124 LLM 호출 중 오류 발생: expected string or bytes-like object, got 'AsyncMock'
WARNING  core.graph_builder:graph_builder.py:542 [RAG] [REWRITE] 모든 시도 실패, 원본 유지: expected string or bytes-like object, got 'AsyncMock'
ERROR    core.graph_builder:graph_builder.py:124 LLM 호출 중 오류 발생: expected string or bytes-like object, got 'AsyncMock'
WARNING  core.graph_builder:graph_builder.py:542 [RAG] [REWRITE] 모든 시도 실패, 원본 유지: expected string or bytes-like object, got 'AsyncMock'
ERROR    core.graph_builder:graph_builder.py:124 LLM 호출 중 오류 발생: expected string or bytes-like object, got 'AsyncMock'
WARNING  core.graph_builder:graph_builder.py:542 [RAG] [REWRITE] 모든 시도 실패, 원본 유지: expected string or bytes-like object, got 'AsyncMock'
ERROR    core.graph_builder:graph_builder.py:124 LLM 호출 중 오류 발생: expected string or bytes-like object, got 'AsyncMock'
WARNING  core.graph_builder:graph_builder.py:542 [RAG] [REWRITE] 모든 시도 실패, 원본 유지: expected string or bytes-like object, got 'AsyncMock'
ERROR    core.graph_builder:graph_builder.py:124 LLM 호출 중 오류 발생: expected string or bytes-like object, got 'AsyncMock'
WARNING  core.graph_builder:graph_builder.py:542 [RAG] [REWRITE] 모든 시도 실패, 원본 유지: expected string or bytes-like object, got 'AsyncMock'
ERROR    core.graph_builder:graph_builder.py:124 LLM 호출 중 오류 발생: expected string or bytes-like object, got 'AsyncMock'
WARNING  core.graph_builder:graph_builder.py:542 [RAG] [REWRITE] 모든 시도 실패, 원본 유지: expected string or bytes-like object, got 'AsyncMock'
ERROR    core.graph_builder:graph_builder.py:124 LLM 호출 중 오류 발생: expected string or bytes-like object, got 'AsyncMock'
WARNING  core.graph_builder:graph_builder.py:542 [RAG] [REWRITE] 모든 시도 실패, 원본 유지: expected string or bytes-like object, got 'AsyncMock'
ERROR    core.graph_builder:graph_builder.py:124 LLM 호출 중 오류 발생: expected string or bytes-like object, got 'AsyncMock'
WARNING  core.graph_builder:graph_builder.py:542 [RAG] [REWRITE] 모든 시도 실패, 원본 유지: expected string or bytes-like object, got 'AsyncMock'
ERROR    core.graph_builder:graph_builder.py:124 LLM 호출 중 오류 발생: expected string or bytes-like object, got 'AsyncMock'
WARNING  core.graph_builder:graph_builder.py:542 [RAG] [REWRITE] 모든 시도 실패, 원본 유지: expected string or bytes-like object, got 'AsyncMock'
ERROR    core.graph_builder:graph_builder.py:124 LLM 호출 중 오류 발생: expected string or bytes-like object, got 'AsyncMock'
WARNING  core.graph_builder:graph_builder.py:542 [RAG] [REWRITE] 모든 시도 실패, 원본 유지: expected string or bytes-like object, got 'AsyncMock'
ERROR    core.graph_builder:graph_builder.py:124 LLM 호출 중 오류 발생: expected string or bytes-like object, got 'AsyncMock'
WARNING  core.graph_builder:graph_builder.py:542 [RAG] [REWRITE] 모든 시도 실패, 원본 유지: expected string or bytes-like object, got 'AsyncMock'
ERROR    core.graph_builder:graph_builder.py:124 LLM 호출 중 오류 발생: expected string or bytes-like object, got 'AsyncMock'
WARNING  core.graph_builder:graph_builder.py:542 [RAG] [REWRITE] 모든 시도 실패, 원본 유지: expected string or bytes-like object, got 'AsyncMock'
ERROR    core.graph_builder:graph_builder.py:124 LLM 호출 중 오류 발생: expected string or bytes-like object, got 'AsyncMock'
WARNING  core.graph_builder:graph_builder.py:542 [RAG] [REWRITE] 모든 시도 실패, 원본 유지: expected string or bytes-like object, got 'AsyncMock'
ERROR    core.graph_builder:graph_builder.py:124 LLM 호출 중 오류 발생: expected string or bytes-like object, got 'AsyncMock'
WARNING  core.graph_builder:graph_builder.py:542 [RAG] [REWRITE] 모든 시도 실패, 원본 유지: expected string or bytes-like object, got 'AsyncMock'
ERROR    core.graph_builder:graph_builder.py:124 LLM 호출 중 오류 발생: expected string or bytes-like object, got 'AsyncMock'
WARNING  core.graph_builder:graph_builder.py:542 [RAG] [REWRITE] 모든 시도 실패, 원본 유지: expected string or bytes-like object, got 'AsyncMock'
ERROR    core.graph_builder:graph_builder.py:124 LLM 호출 중 오류 발생: expected string or bytes-like object, got 'AsyncMock'
WARNING  core.graph_builder:graph_builder.py:542 [RAG] [REWRITE] 모든 시도 실패, 원본 유지: expected string or bytes-like object, got 'AsyncMock'
ERROR    core.graph_builder:graph_builder.py:124 LLM 호출 중 오류 발생: expected string or bytes-like object, got 'AsyncMock'
WARNING  core.graph_builder:graph_builder.py:542 [RAG] [REWRITE] 모든 시도 실패, 원본 유지: expected string or bytes-like object, got 'AsyncMock'
ERROR    core.graph_builder:graph_builder.py:124 LLM 호출 중 오류 발생: expected string or bytes-like object, got 'AsyncMock'
WARNING  core.graph_builder:graph_builder.py:542 [RAG] [REWRITE] 모든 시도 실패, 원본 유지: expected string or bytes-like object, got 'AsyncMock'
ERROR    core.graph_builder:graph_builder.py:124 LLM 호출 중 오류 발생: expected string or bytes-like object, got 'AsyncMock'
WARNING  core.graph_builder:graph_builder.py:542 [RAG] [REWRITE] 모든 시도 실패, 원본 유지: expected string or bytes-like object, got 'AsyncMock'
ERROR    core.graph_builder:graph_builder.py:124 LLM 호출 중 오류 발생: expected string or bytes-like object, got 'AsyncMock'
WARNING  core.graph_builder:graph_builder.py:542 [RAG] [REWRITE] 모든 시도 실패, 원본 유지: expected string or bytes-like object, got 'AsyncMock'
ERROR    core.graph_builder:graph_builder.py:124 LLM 호출 중 오류 발생: expected string or bytes-like object, got 'AsyncMock'
WARNING  core.graph_builder:graph_builder.py:542 [RAG] [REWRITE] 모든 시도 실패, 원본 유지: expected string or bytes-like object, got 'AsyncMock'
ERROR    core.graph_builder:graph_builder.py:124 LLM 호출 중 오류 발생: expected string or bytes-like object, got 'AsyncMock'
WARNING  core.graph_builder:graph_builder.py:542 [RAG] [REWRITE] 모든 시도 실패, 원본 유지: expected string or bytes-like object, got 'AsyncMock'
ERROR    core.graph_builder:graph_builder.py:124 LLM 호출 중 오류 발생: expected string or bytes-like object, got 'AsyncMock'
WARNING  core.graph_builder:graph_builder.py:542 [RAG] [REWRITE] 모든 시도 실패, 원본 유지: expected string or bytes-like object, got 'AsyncMock'
ERROR    core.graph_builder:graph_builder.py:124 LLM 호출 중 오류 발생: expected string or bytes-like object, got 'AsyncMock'
WARNING  core.graph_builder:graph_builder.py:542 [RAG] [REWRITE] 모든 시도 실패, 원본 유지: expected string or bytes-like object, got 'AsyncMock'
ERROR    core.graph_builder:graph_builder.py:124 LLM 호출 중 오류 발생: expected string or bytes-like object, got 'AsyncMock'
WARNING  core.graph_builder:graph_builder.py:542 [RAG] [REWRITE] 모든 시도 실패, 원본 유지: expected string or bytes-like object, got 'AsyncMock'
ERROR    core.graph_builder:graph_builder.py:124 LLM 호출 중 오류 발생: expected string or bytes-like object, got 'AsyncMock'
WARNING  core.graph_builder:graph_builder.py:542 [RAG] [REWRITE] 모든 시도 실패, 원본 유지: expected string or bytes-like object, got 'AsyncMock'
ERROR    core.graph_builder:graph_builder.py:124 LLM 호출 중 오류 발생: expected string or bytes-like object, got 'AsyncMock'
WARNING  core.graph_builder:graph_builder.py:542 [RAG] [REWRITE] 모든 시도 실패, 원본 유지: expected string or bytes-like object, got 'AsyncMock'
ERROR    core.graph_builder:graph_builder.py:124 LLM 호출 중 오류 발생: expected string or bytes-like object, got 'AsyncMock'
WARNING  core.graph_builder:graph_builder.py:542 [RAG] [REWRITE] 모든 시도 실패, 원본 유지: expected string or bytes-like object, got 'AsyncMock'
ERROR    core.graph_builder:graph_builder.py:124 LLM 호출 중 오류 발생: expected string or bytes-like object, got 'AsyncMock'
WARNING  core.graph_builder:graph_builder.py:542 [RAG] [REWRITE] 모든 시도 실패, 원본 유지: expected string or bytes-like object, got 'AsyncMock'
ERROR    core.graph_builder:graph_builder.py:124 LLM 호출 중 오류 발생: expected string or bytes-like object, got 'AsyncMock'
WARNING  core.graph_builder:graph_builder.py:542 [RAG] [REWRITE] 모든 시도 실패, 원본 유지: expected string or bytes-like object, got 'AsyncMock'
ERROR    core.graph_builder:graph_builder.py:124 LLM 호출 중 오류 발생: expected string or bytes-like object, got 'AsyncMock'
WARNING  core.graph_builder:graph_builder.py:542 [RAG] [REWRITE] 모든 시도 실패, 원본 유지: expected string or bytes-like object, got 'AsyncMock'
ERROR    core.graph_builder:graph_builder.py:124 LLM 호출 중 오류 발생: expected string or bytes-like object, got 'AsyncMock'
WARNING  core.graph_builder:graph_builder.py:542 [RAG] [REWRITE] 모든 시도 실패, 원본 유지: expected string or bytes-like object, got 'AsyncMock'
ERROR    core.graph_builder:graph_builder.py:124 LLM 호출 중 오류 발생: expected string or bytes-like object, got 'AsyncMock'
WARNING  core.graph_builder:graph_builder.py:542 [RAG] [REWRITE] 모든 시도 실패, 원본 유지: expected string or bytes-like object, got 'AsyncMock'
ERROR    core.graph_builder:graph_builder.py:124 LLM 호출 중 오류 발생: expected string or bytes-like object, got 'AsyncMock'
WARNING  core.graph_builder:graph_builder.py:542 [RAG] [REWRITE] 모든 시도 실패, 원본 유지: expected string or bytes-like object, got 'AsyncMock'
ERROR    core.graph_builder:graph_builder.py:124 LLM 호출 중 오류 발생: expected string or bytes-like object, got 'AsyncMock'
WARNING  core.graph_builder:graph_builder.py:542 [RAG] [REWRITE] 모든 시도 실패, 원본 유지: expected string or bytes-like object, got 'AsyncMock'
ERROR    core.graph_builder:graph_builder.py:124 LLM 호출 중 오류 발생: expected string or bytes-like object, got 'AsyncMock'
WARNING  core.graph_builder:graph_builder.py:542 [RAG] [REWRITE] 모든 시도 실패, 원본 유지: expected string or bytes-like object, got 'AsyncMock'
ERROR    core.graph_builder:graph_builder.py:124 LLM 호출 중 오류 발생: expected string or bytes-like object, got 'AsyncMock'
WARNING  core.graph_builder:graph_builder.py:542 [RAG] [REWRITE] 모든 시도 실패, 원본 유지: expected string or bytes-like object, got 'AsyncMock'
ERROR    core.graph_builder:graph_builder.py:124 LLM 호출 중 오류 발생: expected string or bytes-like object, got 'AsyncMock'
WARNING  core.graph_builder:graph_builder.py:542 [RAG] [REWRITE] 모든 시도 실패, 원본 유지: expected string or bytes-like object, got 'AsyncMock'
ERROR    core.graph_builder:graph_builder.py:124 LLM 호출 중 오류 발생: expected string or bytes-like object, got 'AsyncMock'
WARNING  core.graph_builder:graph_builder.py:542 [RAG] [REWRITE] 모든 시도 실패, 원본 유지: expected string or bytes-like object, got 'AsyncMock'
ERROR    core.graph_builder:graph_builder.py:124 LLM 호출 중 오류 발생: expected string or bytes-like object, got 'AsyncMock'
WARNING  core.graph_builder:graph_builder.py:542 [RAG] [REWRITE] 모든 시도 실패, 원본 유지: expected string or bytes-like object, got 'AsyncMock'
ERROR    core.graph_builder:graph_builder.py:124 LLM 호출 중 오류 발생: expected string or bytes-like object, got 'AsyncMock'
WARNING  core.graph_builder:graph_builder.py:542 [RAG] [REWRITE] 모든 시도 실패, 원본 유지: expected string or bytes-like object, got 'AsyncMock'
ERROR    core.graph_builder:graph_builder.py:124 LLM 호출 중 오류 발생: expected string or bytes-like object, got 'AsyncMock'
WARNING  core.graph_builder:graph_builder.py:542 [RAG] [REWRITE] 모든 시도 실패, 원본 유지: expected string or bytes-like object, got 'AsyncMock'
ERROR    core.graph_builder:graph_builder.py:124 LLM 호출 중 오류 발생: expected string or bytes-like object, got 'AsyncMock'
WARNING  core.graph_builder:graph_builder.py:542 [RAG] [REWRITE] 모든 시도 실패, 원본 유지: expected string or bytes-like object, got 'AsyncMock'
ERROR    core.graph_builder:graph_builder.py:124 LLM 호출 중 오류 발생: expected string or bytes-like object, got 'AsyncMock'
WARNING  core.graph_builder:graph_builder.py:542 [RAG] [REWRITE] 모든 시도 실패, 원본 유지: expected string or bytes-like object, got 'AsyncMock'
ERROR    core.graph_builder:graph_builder.py:124 LLM 호출 중 오류 발생: expected string or bytes-like object, got 'AsyncMock'
WARNING  core.graph_builder:graph_builder.py:542 [RAG] [REWRITE] 모든 시도 실패, 원본 유지: expected string or bytes-like object, got 'AsyncMock'
ERROR    core.graph_builder:graph_builder.py:124 LLM 호출 중 오류 발생: expected string or bytes-like object, got 'AsyncMock'
WARNING  core.graph_builder:graph_builder.py:542 [RAG] [REWRITE] 모든 시도 실패, 원본 유지: expected string or bytes-like object, got 'AsyncMock'
ERROR    core.graph_builder:graph_builder.py:124 LLM 호출 중 오류 발생: expected string or bytes-like object, got 'AsyncMock'
WARNING  core.graph_builder:graph_builder.py:542 [RAG] [REWRITE] 모든 시도 실패, 원본 유지: expected string or bytes-like object, got 'AsyncMock'
ERROR    core.graph_builder:graph_builder.py:124 LLM 호출 중 오류 발생: expected string or bytes-like object, got 'AsyncMock'
WARNING  core.graph_builder:graph_builder.py:542 [RAG] [REWRITE] 모든 시도 실패, 원본 유지: expected string or bytes-like object, got 'AsyncMock'
ERROR    core.graph_builder:graph_builder.py:124 LLM 호출 중 오류 발생: expected string or bytes-like object, got 'AsyncMock'
WARNING  core.graph_builder:graph_builder.py:542 [RAG] [REWRITE] 모든 시도 실패, 원본 유지: expected string or bytes-like object, got 'AsyncMock'
ERROR    core.graph_builder:graph_builder.py:124 LLM 호출 중 오류 발생: expected string or bytes-like object, got 'AsyncMock'
WARNING  core.graph_builder:graph_builder.py:542 [RAG] [REWRITE] 모든 시도 실패, 원본 유지: expected string or bytes-like object, got 'AsyncMock'
ERROR    core.graph_builder:graph_builder.py:124 LLM 호출 중 오류 발생: expected string or bytes-like object, got 'AsyncMock'
WARNING  core.graph_builder:graph_builder.py:542 [RAG] [REWRITE] 모든 시도 실패, 원본 유지: expected string or bytes-like object, got 'AsyncMock'
ERROR    core.graph_builder:graph_builder.py:124 LLM 호출 중 오류 발생: expected string or bytes-like object, got 'AsyncMock'
WARNING  core.graph_builder:graph_builder.py:542 [RAG] [REWRITE] 모든 시도 실패, 원본 유지: expected string or bytes-like object, got 'AsyncMock'
ERROR    core.graph_builder:graph_builder.py:124 LLM 호출 중 오류 발생: expected string or bytes-like object, got 'AsyncMock'
WARNING  core.graph_builder:graph_builder.py:542 [RAG] [REWRITE] 모든 시도 실패, 원본 유지: expected string or bytes-like object, got 'AsyncMock'
ERROR    core.graph_builder:graph_builder.py:124 LLM 호출 중 오류 발생: expected string or bytes-like object, got 'AsyncMock'
WARNING  core.graph_builder:graph_builder.py:542 [RAG] [REWRITE] 모든 시도 실패, 원본 유지: expected string or bytes-like object, got 'AsyncMock'
ERROR    core.graph_builder:graph_builder.py:124 LLM 호출 중 오류 발생: expected string or bytes-like object, got 'AsyncMock'
WARNING  core.graph_builder:graph_builder.py:542 [RAG] [REWRITE] 모든 시도 실패, 원본 유지: expected string or bytes-like object, got 'AsyncMock'
ERROR    core.graph_builder:graph_builder.py:124 LLM 호출 중 오류 발생: expected string or bytes-like object, got 'AsyncMock'
WARNING  core.graph_builder:graph_builder.py:542 [RAG] [REWRITE] 모든 시도 실패, 원본 유지: expected string or bytes-like object, got 'AsyncMock'
ERROR    core.graph_builder:graph_builder.py:124 LLM 호출 중 오류 발생: expected string or bytes-like object, got 'AsyncMock'
WARNING  core.graph_builder:graph_builder.py:542 [RAG] [REWRITE] 모든 시도 실패, 원본 유지: expected string or bytes-like object, got 'AsyncMock'
ERROR    core.graph_builder:graph_builder.py:124 LLM 호출 중 오류 발생: expected string or bytes-like object, got 'AsyncMock'
WARNING  core.graph_builder:graph_builder.py:542 [RAG] [REWRITE] 모든 시도 실패, 원본 유지: expected string or bytes-like object, got 'AsyncMock'
ERROR    core.graph_builder:graph_builder.py:124 LLM 호출 중 오류 발생: expected string or bytes-like object, got 'AsyncMock'
WARNING  core.graph_builder:graph_builder.py:542 [RAG] [REWRITE] 모든 시도 실패, 원본 유지: expected string or bytes-like object, got 'AsyncMock'
ERROR    core.graph_builder:graph_builder.py:124 LLM 호출 중 오류 발생: expected string or bytes-like object, got 'AsyncMock'
WARNING  core.graph_builder:graph_builder.py:542 [RAG] [REWRITE] 모든 시도 실패, 원본 유지: expected string or bytes-like object, got 'AsyncMock'
ERROR    core.graph_builder:graph_builder.py:124 LLM 호출 중 오류 발생: expected string or bytes-like object, got 'AsyncMock'
WARNING  core.graph_builder:graph_builder.py:542 [RAG] [REWRITE] 모든 시도 실패, 원본 유지: expected string or bytes-like object, got 'AsyncMock'
ERROR    core.graph_builder:graph_builder.py:124 LLM 호출 중 오류 발생: expected string or bytes-like object, got 'AsyncMock'
WARNING  core.graph_builder:graph_builder.py:542 [RAG] [REWRITE] 모든 시도 실패, 원본 유지: expected string or bytes-like object, got 'AsyncMock'
ERROR    core.graph_builder:graph_builder.py:124 LLM 호출 중 오류 발생: expected string or bytes-like object, got 'AsyncMock'
WARNING  core.graph_builder:graph_builder.py:542 [RAG] [REWRITE] 모든 시도 실패, 원본 유지: expected string or bytes-like object, got 'AsyncMock'
ERROR    core.graph_builder:graph_builder.py:124 LLM 호출 중 오류 발생: expected string or bytes-like object, got 'AsyncMock'
WARNING  core.graph_builder:graph_builder.py:542 [RAG] [REWRITE] 모든 시도 실패, 원본 유지: expected string or bytes-like object, got 'AsyncMock'
ERROR    core.graph_builder:graph_builder.py:124 LLM 호출 중 오류 발생: expected string or bytes-like object, got 'AsyncMock'
WARNING  core.graph_builder:graph_builder.py:542 [RAG] [REWRITE] 모든 시도 실패, 원본 유지: expected string or bytes-like object, got 'AsyncMock'
ERROR    core.graph_builder:graph_builder.py:124 LLM 호출 중 오류 발생: expected string or bytes-like object, got 'AsyncMock'
WARNING  core.graph_builder:graph_builder.py:542 [RAG] [REWRITE] 모든 시도 실패, 원본 유지: expected string or bytes-like object, got 'AsyncMock'
ERROR    core.graph_builder:graph_builder.py:124 LLM 호출 중 오류 발생: expected string or bytes-like object, got 'AsyncMock'
WARNING  core.graph_builder:graph_builder.py:542 [RAG] [REWRITE] 모든 시도 실패, 원본 유지: expected string or bytes-like object, got 'AsyncMock'
ERROR    core.graph_builder:graph_builder.py:124 LLM 호출 중 오류 발생: expected string or bytes-like object, got 'AsyncMock'
WARNING  core.graph_builder:graph_builder.py:542 [RAG] [REWRITE] 모든 시도 실패, 원본 유지: expected string or bytes-like object, got 'AsyncMock'
ERROR    core.graph_builder:graph_builder.py:124 LLM 호출 중 오류 발생: expected string or bytes-like object, got 'AsyncMock'
WARNING  core.graph_builder:graph_builder.py:542 [RAG] [REWRITE] 모든 시도 실패, 원본 유지: expected string or bytes-like object, got 'AsyncMock'
ERROR    core.graph_builder:graph_builder.py:124 LLM 호출 중 오류 발생: expected string or bytes-like object, got 'AsyncMock'
WARNING  core.graph_builder:graph_builder.py:542 [RAG] [REWRITE] 모든 시도 실패, 원본 유지: expected string or bytes-like object, got 'AsyncMock'
ERROR    core.graph_builder:graph_builder.py:124 LLM 호출 중 오류 발생: expected string or bytes-like object, got 'AsyncMock'
WARNING  core.graph_builder:graph_builder.py:542 [RAG] [REWRITE] 모든 시도 실패, 원본 유지: expected string or bytes-like object, got 'AsyncMock'
ERROR    core.graph_builder:graph_builder.py:124 LLM 호출 중 오류 발생: expected string or bytes-like object, got 'AsyncMock'
WARNING  core.graph_builder:graph_builder.py:542 [RAG] [REWRITE] 모든 시도 실패, 원본 유지: expected string or bytes-like object, got 'AsyncMock'
ERROR    core.graph_builder:graph_builder.py:124 LLM 호출 중 오류 발생: expected string or bytes-like object, got 'AsyncMock'
WARNING  core.graph_builder:graph_builder.py:542 [RAG] [REWRITE] 모든 시도 실패, 원본 유지: expected string or bytes-like object, got 'AsyncMock'
ERROR    core.graph_builder:graph_builder.py:124 LLM 호출 중 오류 발생: expected string or bytes-like object, got 'AsyncMock'
WARNING  core.graph_builder:graph_builder.py:542 [RAG] [REWRITE] 모든 시도 실패, 원본 유지: expected string or bytes-like object, got 'AsyncMock'
ERROR    core.graph_builder:graph_builder.py:124 LLM 호출 중 오류 발생: expected string or bytes-like object, got 'AsyncMock'
WARNING  core.graph_builder:graph_builder.py:542 [RAG] [REWRITE] 모든 시도 실패, 원본 유지: expected string or bytes-like object, got 'AsyncMock'
ERROR    core.graph_builder:graph_builder.py:124 LLM 호출 중 오류 발생: expected string or bytes-like object, got 'AsyncMock'
WARNING  core.graph_builder:graph_builder.py:542 [RAG] [REWRITE] 모든 시도 실패, 원본 유지: expected string or bytes-like object, got 'AsyncMock'
ERROR    core.graph_builder:graph_builder.py:124 LLM 호출 중 오류 발생: expected string or bytes-like object, got 'AsyncMock'
WARNING  core.graph_builder:graph_builder.py:542 [RAG] [REWRITE] 모든 시도 실패, 원본 유지: expected string or bytes-like object, got 'AsyncMock'
ERROR    core.graph_builder:graph_builder.py:124 LLM 호출 중 오류 발생: expected string or bytes-like object, got 'AsyncMock'
WARNING  core.graph_builder:graph_builder.py:542 [RAG] [REWRITE] 모든 시도 실패, 원본 유지: expected string or bytes-like object, got 'AsyncMock'
ERROR    core.graph_builder:graph_builder.py:124 LLM 호출 중 오류 발생: expected string or bytes-like object, got 'AsyncMock'
WARNING  core.graph_builder:graph_builder.py:542 [RAG] [REWRITE] 모든 시도 실패, 원본 유지: expected string or bytes-like object, got 'AsyncMock'
ERROR    core.graph_builder:graph_builder.py:124 LLM 호출 중 오류 발생: expected string or bytes-like object, got 'AsyncMock'
WARNING  core.graph_builder:graph_builder.py:542 [RAG] [REWRITE] 모든 시도 실패, 원본 유지: expected string or bytes-like object, got 'AsyncMock'
ERROR    core.graph_builder:graph_builder.py:124 LLM 호출 중 오류 발생: expected string or bytes-like object, got 'AsyncMock'
WARNING  core.graph_builder:graph_builder.py:542 [RAG] [REWRITE] 모든 시도 실패, 원본 유지: expected string or bytes-like object, got 'AsyncMock'
ERROR    core.graph_builder:graph_builder.py:124 LLM 호출 중 오류 발생: expected string or bytes-like object, got 'AsyncMock'
WARNING  core.graph_builder:graph_builder.py:542 [RAG] [REWRITE] 모든 시도 실패, 원본 유지: expected string or bytes-like object, got 'AsyncMock'
ERROR    core.graph_builder:graph_builder.py:124 LLM 호출 중 오류 발생: expected string or bytes-like object, got 'AsyncMock'
WARNING  core.graph_builder:graph_builder.py:542 [RAG] [REWRITE] 모든 시도 실패, 원본 유지: expected string or bytes-like object, got 'AsyncMock'
ERROR    core.graph_builder:graph_builder.py:124 LLM 호출 중 오류 발생: expected string or bytes-like object, got 'AsyncMock'
WARNING  core.graph_builder:graph_builder.py:542 [RAG] [REWRITE] 모든 시도 실패, 원본 유지: expected string or bytes-like object, got 'AsyncMock'
ERROR    core.graph_builder:graph_builder.py:124 LLM 호출 중 오류 발생: expected string or bytes-like object, got 'AsyncMock'
WARNING  core.graph_builder:graph_builder.py:542 [RAG] [REWRITE] 모든 시도 실패, 원본 유지: expected string or bytes-like object, got 'AsyncMock'
ERROR    core.graph_builder:graph_builder.py:124 LLM 호출 중 오류 발생: expected string or bytes-like object, got 'AsyncMock'
WARNING  core.graph_builder:graph_builder.py:542 [RAG] [REWRITE] 모든 시도 실패, 원본 유지: expected string or bytes-like object, got 'AsyncMock'
ERROR    core.graph_builder:graph_builder.py:124 LLM 호출 중 오류 발생: expected string or bytes-like object, got 'AsyncMock'
WARNING  core.graph_builder:graph_builder.py:542 [RAG] [REWRITE] 모든 시도 실패, 원본 유지: expected string or bytes-like object, got 'AsyncMock'
ERROR    core.graph_builder:graph_builder.py:124 LLM 호출 중 오류 발생: expected string or bytes-like object, got 'AsyncMock'
WARNING  core.graph_builder:graph_builder.py:542 [RAG] [REWRITE] 모든 시도 실패, 원본 유지: expected string or bytes-like object, got 'AsyncMock'
ERROR    core.graph_builder:graph_builder.py:124 LLM 호출 중 오류 발생: expected string or bytes-like object, got 'AsyncMock'
WARNING  core.graph_builder:graph_builder.py:542 [RAG] [REWRITE] 모든 시도 실패, 원본 유지: expected string or bytes-like object, got 'AsyncMock'
ERROR    core.graph_builder:graph_builder.py:124 LLM 호출 중 오류 발생: expected string or bytes-like object, got 'AsyncMock'
WARNING  core.graph_builder:graph_builder.py:542 [RAG] [REWRITE] 모든 시도 실패, 원본 유지: expected string or bytes-like object, got 'AsyncMock'
ERROR    core.graph_builder:graph_builder.py:124 LLM 호출 중 오류 발생: expected string or bytes-like object, got 'AsyncMock'
WARNING  core.graph_builder:graph_builder.py:542 [RAG] [REWRITE] 모든 시도 실패, 원본 유지: expected string or bytes-like object, got 'AsyncMock'
ERROR    core.graph_builder:graph_builder.py:124 LLM 호출 중 오류 발생: expected string or bytes-like object, got 'AsyncMock'
WARNING  core.graph_builder:graph_builder.py:542 [RAG] [REWRITE] 모든 시도 실패, 원본 유지: expected string or bytes-like object, got 'AsyncMock'
ERROR    core.graph_builder:graph_builder.py:124 LLM 호출 중 오류 발생: expected string or bytes-like object, got 'AsyncMock'
WARNING  core.graph_builder:graph_builder.py:542 [RAG] [REWRITE] 모든 시도 실패, 원본 유지: expected string or bytes-like object, got 'AsyncMock'
ERROR    core.graph_builder:graph_builder.py:124 LLM 호출 중 오류 발생: expected string or bytes-like object, got 'AsyncMock'
WARNING  core.graph_builder:graph_builder.py:542 [RAG] [REWRITE] 모든 시도 실패, 원본 유지: expected string or bytes-like object, got 'AsyncMock'
ERROR    core.graph_builder:graph_builder.py:124 LLM 호출 중 오류 발생: expected string or bytes-like object, got 'AsyncMock'
WARNING  core.graph_builder:graph_builder.py:542 [RAG] [REWRITE] 모든 시도 실패, 원본 유지: expected string or bytes-like object, got 'AsyncMock'
ERROR    core.graph_builder:graph_builder.py:124 LLM 호출 중 오류 발생: expected string or bytes-like object, got 'AsyncMock'
WARNING  core.graph_builder:graph_builder.py:542 [RAG] [REWRITE] 모든 시도 실패, 원본 유지: expected string or bytes-like object, got 'AsyncMock'
ERROR    core.graph_builder:graph_builder.py:124 LLM 호출 중 오류 발생: expected string or bytes-like object, got 'AsyncMock'
WARNING  core.graph_builder:graph_builder.py:542 [RAG] [REWRITE] 모든 시도 실패, 원본 유지: expected string or bytes-like object, got 'AsyncMock'
ERROR    core.graph_builder:graph_builder.py:124 LLM 호출 중 오류 발생: expected string or bytes-like object, got 'AsyncMock'
WARNING  core.graph_builder:graph_builder.py:542 [RAG] [REWRITE] 모든 시도 실패, 원본 유지: expected string or bytes-like object, got 'AsyncMock'
ERROR    core.graph_builder:graph_builder.py:124 LLM 호출 중 오류 발생: expected string or bytes-like object, got 'AsyncMock'
WARNING  core.graph_builder:graph_builder.py:542 [RAG] [REWRITE] 모든 시도 실패, 원본 유지: expected string or bytes-like object, got 'AsyncMock'
ERROR    core.graph_builder:graph_builder.py:124 LLM 호출 중 오류 발생: expected string or bytes-like object, got 'AsyncMock'
WARNING  core.graph_builder:graph_builder.py:542 [RAG] [REWRITE] 모든 시도 실패, 원본 유지: expected string or bytes-like object, got 'AsyncMock'
ERROR    core.graph_builder:graph_builder.py:124 LLM 호출 중 오류 발생: expected string or bytes-like object, got 'AsyncMock'
WARNING  core.graph_builder:graph_builder.py:542 [RAG] [REWRITE] 모든 시도 실패, 원본 유지: expected string or bytes-like object, got 'AsyncMock'
ERROR    core.graph_builder:graph_builder.py:124 LLM 호출 중 오류 발생: expected string or bytes-like object, got 'AsyncMock'
WARNING  core.graph_builder:graph_builder.py:542 [RAG] [REWRITE] 모든 시도 실패, 원본 유지: expected string or bytes-like object, got 'AsyncMock'
ERROR    core.graph_builder:graph_builder.py:124 LLM 호출 중 오류 발생: expected string or bytes-like object, got 'AsyncMock'
WARNING  core.graph_builder:graph_builder.py:542 [RAG] [REWRITE] 모든 시도 실패, 원본 유지: expected string or bytes-like object, got 'AsyncMock'
ERROR    core.graph_builder:graph_builder.py:124 LLM 호출 중 오류 발생: expected string or bytes-like object, got 'AsyncMock'
WARNING  core.graph_builder:graph_builder.py:542 [RAG] [REWRITE] 모든 시도 실패, 원본 유지: expected string or bytes-like object, got 'AsyncMock'
ERROR    core.graph_builder:graph_builder.py:124 LLM 호출 중 오류 발생: expected string or bytes-like object, got 'AsyncMock'
WARNING  core.graph_builder:graph_builder.py:542 [RAG] [REWRITE] 모든 시도 실패, 원본 유지: expected string or bytes-like object, got 'AsyncMock'
ERROR    core.graph_builder:graph_builder.py:124 LLM 호출 중 오류 발생: expected string or bytes-like object, got 'AsyncMock'
WARNING  core.graph_builder:graph_builder.py:542 [RAG] [REWRITE] 모든 시도 실패, 원본 유지: expected string or bytes-like object, got 'AsyncMock'
ERROR    core.graph_builder:graph_builder.py:124 LLM 호출 중 오류 발생: expected string or bytes-like object, got 'AsyncMock'
WARNING  core.graph_builder:graph_builder.py:542 [RAG] [REWRITE] 모든 시도 실패, 원본 유지: expected string or bytes-like object, got 'AsyncMock'
ERROR    core.graph_builder:graph_builder.py:124 LLM 호출 중 오류 발생: expected string or bytes-like object, got 'AsyncMock'
WARNING  core.graph_builder:graph_builder.py:542 [RAG] [REWRITE] 모든 시도 실패, 원본 유지: expected string or bytes-like object, got 'AsyncMock'
ERROR    core.graph_builder:graph_builder.py:124 LLM 호출 중 오류 발생: expected string or bytes-like object, got 'AsyncMock'
WARNING  core.graph_builder:graph_builder.py:542 [RAG] [REWRITE] 모든 시도 실패, 원본 유지: expected string or bytes-like object, got 'AsyncMock'
ERROR    core.graph_builder:graph_builder.py:124 LLM 호출 중 오류 발생: expected string or bytes-like object, got 'AsyncMock'
WARNING  core.graph_builder:graph_builder.py:542 [RAG] [REWRITE] 모든 시도 실패, 원본 유지: expected string or bytes-like object, got 'AsyncMock'
ERROR    core.graph_builder:graph_builder.py:124 LLM 호출 중 오류 발생: expected string or bytes-like object, got 'AsyncMock'
WARNING  core.graph_builder:graph_builder.py:542 [RAG] [REWRITE] 모든 시도 실패, 원본 유지: expected string or bytes-like object, got 'AsyncMock'
ERROR    core.graph_builder:graph_builder.py:124 LLM 호출 중 오류 발생: expected string or bytes-like object, got 'AsyncMock'
WARNING  core.graph_builder:graph_builder.py:542 [RAG] [REWRITE] 모든 시도 실패, 원본 유지: expected string or bytes-like object, got 'AsyncMock'
ERROR    core.graph_builder:graph_builder.py:124 LLM 호출 중 오류 발생: expected string or bytes-like object, got 'AsyncMock'
WARNING  core.graph_builder:graph_builder.py:542 [RAG] [REWRITE] 모든 시도 실패, 원본 유지: expected string or bytes-like object, got 'AsyncMock'
ERROR    core.graph_builder:graph_builder.py:124 LLM 호출 중 오류 발생: expected string or bytes-like object, got 'AsyncMock'
WARNING  core.graph_builder:graph_builder.py:542 [RAG] [REWRITE] 모든 시도 실패, 원본 유지: expected string or bytes-like object, got 'AsyncMock'
ERROR    core.graph_builder:graph_builder.py:124 LLM 호출 중 오류 발생: expected string or bytes-like object, got 'AsyncMock'
WARNING  core.graph_builder:graph_builder.py:542 [RAG] [REWRITE] 모든 시도 실패, 원본 유지: expected string or bytes-like object, got 'AsyncMock'
ERROR    core.graph_builder:graph_builder.py:124 LLM 호출 중 오류 발생: expected string or bytes-like object, got 'AsyncMock'
WARNING  core.graph_builder:graph_builder.py:542 [RAG] [REWRITE] 모든 시도 실패, 원본 유지: expected string or bytes-like object, got 'AsyncMock'
ERROR    core.graph_builder:graph_builder.py:124 LLM 호출 중 오류 발생: expected string or bytes-like object, got 'AsyncMock'
WARNING  core.graph_builder:graph_builder.py:542 [RAG] [REWRITE] 모든 시도 실패, 원본 유지: expected string or bytes-like object, got 'AsyncMock'
ERROR    core.graph_builder:graph_builder.py:124 LLM 호출 중 오류 발생: expected string or bytes-like object, got 'AsyncMock'
WARNING  core.graph_builder:graph_builder.py:542 [RAG] [REWRITE] 모든 시도 실패, 원본 유지: expected string or bytes-like object, got 'AsyncMock'
ERROR    core.graph_builder:graph_builder.py:124 LLM 호출 중 오류 발생: expected string or bytes-like object, got 'AsyncMock'
WARNING  core.graph_builder:graph_builder.py:542 [RAG] [REWRITE] 모든 시도 실패, 원본 유지: expected string or bytes-like object, got 'AsyncMock'
ERROR    core.graph_builder:graph_builder.py:124 LLM 호출 중 오류 발생: expected string or bytes-like object, got 'AsyncMock'
WARNING  core.graph_builder:graph_builder.py:542 [RAG] [REWRITE] 모든 시도 실패, 원본 유지: expected string or bytes-like object, got 'AsyncMock'
ERROR    core.graph_builder:graph_builder.py:124 LLM 호출 중 오류 발생: expected string or bytes-like object, got 'AsyncMock'
WARNING  core.graph_builder:graph_builder.py:542 [RAG] [REWRITE] 모든 시도 실패, 원본 유지: expected string or bytes-like object, got 'AsyncMock'
ERROR    core.graph_builder:graph_builder.py:124 LLM 호출 중 오류 발생: expected string or bytes-like object, got 'AsyncMock'
WARNING  core.graph_builder:graph_builder.py:542 [RAG] [REWRITE] 모든 시도 실패, 원본 유지: expected string or bytes-like object, got 'AsyncMock'
ERROR    core.graph_builder:graph_builder.py:124 LLM 호출 중 오류 발생: expected string or bytes-like object, got 'AsyncMock'
WARNING  core.graph_builder:graph_builder.py:542 [RAG] [REWRITE] 모든 시도 실패, 원본 유지: expected string or bytes-like object, got 'AsyncMock'
ERROR    core.graph_builder:graph_builder.py:124 LLM 호출 중 오류 발생: expected string or bytes-like object, got 'AsyncMock'
WARNING  core.graph_builder:graph_builder.py:542 [RAG] [REWRITE] 모든 시도 실패, 원본 유지: expected string or bytes-like object, got 'AsyncMock'
ERROR    core.graph_builder:graph_builder.py:124 LLM 호출 중 오류 발생: expected string or bytes-like object, got 'AsyncMock'
WARNING  core.graph_builder:graph_builder.py:542 [RAG] [REWRITE] 모든 시도 실패, 원본 유지: expected string or bytes-like object, got 'AsyncMock'
ERROR    core.graph_builder:graph_builder.py:124 LLM 호출 중 오류 발생: expected string or bytes-like object, got 'AsyncMock'
WARNING  core.graph_builder:graph_builder.py:542 [RAG] [REWRITE] 모든 시도 실패, 원본 유지: expected string or bytes-like object, got 'AsyncMock'
ERROR    core.graph_builder:graph_builder.py:124 LLM 호출 중 오류 발생: expected string or bytes-like object, got 'AsyncMock'
WARNING  core.graph_builder:graph_builder.py:542 [RAG] [REWRITE] 모든 시도 실패, 원본 유지: expected string or bytes-like object, got 'AsyncMock'
ERROR    core.graph_builder:graph_builder.py:124 LLM 호출 중 오류 발생: expected string or bytes-like object, got 'AsyncMock'
WARNING  core.graph_builder:graph_builder.py:542 [RAG] [REWRITE] 모든 시도 실패, 원본 유지: expected string or bytes-like object, got 'AsyncMock'
ERROR    core.graph_builder:graph_builder.py:124 LLM 호출 중 오류 발생: expected string or bytes-like object, got 'AsyncMock'
WARNING  core.graph_builder:graph_builder.py:542 [RAG] [REWRITE] 모든 시도 실패, 원본 유지: expected string or bytes-like object, got 'AsyncMock'
ERROR    core.graph_builder:graph_builder.py:124 LLM 호출 중 오류 발생: expected string or bytes-like object, got 'AsyncMock'
WARNING  core.graph_builder:graph_builder.py:542 [RAG] [REWRITE] 모든 시도 실패, 원본 유지: expected string or bytes-like object, got 'AsyncMock'
ERROR    core.graph_builder:graph_builder.py:124 LLM 호출 중 오류 발생: expected string or bytes-like object, got 'AsyncMock'
WARNING  core.graph_builder:graph_builder.py:542 [RAG] [REWRITE] 모든 시도 실패, 원본 유지: expected string or bytes-like object, got 'AsyncMock'
ERROR    core.graph_builder:graph_builder.py:124 LLM 호출 중 오류 발생: expected string or bytes-like object, got 'AsyncMock'
WARNING  core.graph_builder:graph_builder.py:542 [RAG] [REWRITE] 모든 시도 실패, 원본 유지: expected string or bytes-like object, got 'AsyncMock'
ERROR    core.graph_builder:graph_builder.py:124 LLM 호출 중 오류 발생: expected string or bytes-like object, got 'AsyncMock'
WARNING  core.graph_builder:graph_builder.py:542 [RAG] [REWRITE] 모든 시도 실패, 원본 유지: expected string or bytes-like object, got 'AsyncMock'
ERROR    core.graph_builder:graph_builder.py:124 LLM 호출 중 오류 발생: expected string or bytes-like object, got 'AsyncMock'
WARNING  core.graph_builder:graph_builder.py:542 [RAG] [REWRITE] 모든 시도 실패, 원본 유지: expected string or bytes-like object, got 'AsyncMock'
ERROR    core.graph_builder:graph_builder.py:124 LLM 호출 중 오류 발생: expected string or bytes-like object, got 'AsyncMock'
WARNING  core.graph_builder:graph_builder.py:542 [RAG] [REWRITE] 모든 시도 실패, 원본 유지: expected string or bytes-like object, got 'AsyncMock'
ERROR    core.graph_builder:graph_builder.py:124 LLM 호출 중 오류 발생: expected string or bytes-like object, got 'AsyncMock'
WARNING  core.graph_builder:graph_builder.py:542 [RAG] [REWRITE] 모든 시도 실패, 원본 유지: expected string or bytes-like object, got 'AsyncMock'
ERROR    core.graph_builder:graph_builder.py:124 LLM 호출 중 오류 발생: expected string or bytes-like object, got 'AsyncMock'
WARNING  core.graph_builder:graph_builder.py:542 [RAG] [REWRITE] 모든 시도 실패, 원본 유지: expected string or bytes-like object, got 'AsyncMock'
ERROR    core.graph_builder:graph_builder.py:124 LLM 호출 중 오류 발생: expected string or bytes-like object, got 'AsyncMock'
WARNING  core.graph_builder:graph_builder.py:542 [RAG] [REWRITE] 모든 시도 실패, 원본 유지: expected string or bytes-like object, got 'AsyncMock'
ERROR    core.graph_builder:graph_builder.py:124 LLM 호출 중 오류 발생: expected string or bytes-like object, got 'AsyncMock'
WARNING  core.graph_builder:graph_builder.py:542 [RAG] [REWRITE] 모든 시도 실패, 원본 유지: expected string or bytes-like object, got 'AsyncMock'
ERROR    core.graph_builder:graph_builder.py:124 LLM 호출 중 오류 발생: expected string or bytes-like object, got 'AsyncMock'
WARNING  core.graph_builder:graph_builder.py:542 [RAG] [REWRITE] 모든 시도 실패, 원본 유지: expected string or bytes-like object, got 'AsyncMock'
ERROR    core.graph_builder:graph_builder.py:124 LLM 호출 중 오류 발생: expected string or bytes-like object, got 'AsyncMock'
WARNING  core.graph_builder:graph_builder.py:542 [RAG] [REWRITE] 모든 시도 실패, 원본 유지: expected string or bytes-like object, got 'AsyncMock'
ERROR    core.graph_builder:graph_builder.py:124 LLM 호출 중 오류 발생: expected string or bytes-like object, got 'AsyncMock'
WARNING  core.graph_builder:graph_builder.py:542 [RAG] [REWRITE] 모든 시도 실패, 원본 유지: expected string or bytes-like object, got 'AsyncMock'
ERROR    core.graph_builder:graph_builder.py:124 LLM 호출 중 오류 발생: expected string or bytes-like object, got 'AsyncMock'
WARNING  core.graph_builder:graph_builder.py:542 [RAG] [REWRITE] 모든 시도 실패, 원본 유지: expected string or bytes-like object, got 'AsyncMock'
ERROR    core.graph_builder:graph_builder.py:124 LLM 호출 중 오류 발생: expected string or bytes-like object, got 'AsyncMock'
WARNING  core.graph_builder:graph_builder.py:542 [RAG] [REWRITE] 모든 시도 실패, 원본 유지: expected string or bytes-like object, got 'AsyncMock'
ERROR    core.graph_builder:graph_builder.py:124 LLM 호출 중 오류 발생: expected string or bytes-like object, got 'AsyncMock'
WARNING  core.graph_builder:graph_builder.py:542 [RAG] [REWRITE] 모든 시도 실패, 원본 유지: expected string or bytes-like object, got 'AsyncMock'
ERROR    core.graph_builder:graph_builder.py:124 LLM 호출 중 오류 발생: expected string or bytes-like object, got 'AsyncMock'
WARNING  core.graph_builder:graph_builder.py:542 [RAG] [REWRITE] 모든 시도 실패, 원본 유지: expected string or bytes-like object, got 'AsyncMock'
ERROR    core.graph_builder:graph_builder.py:124 LLM 호출 중 오류 발생: expected string or bytes-like object, got 'AsyncMock'
WARNING  core.graph_builder:graph_builder.py:542 [RAG] [REWRITE] 모든 시도 실패, 원본 유지: expected string or bytes-like object, got 'AsyncMock'
ERROR    core.graph_builder:graph_builder.py:124 LLM 호출 중 오류 발생: expected string or bytes-like object, got 'AsyncMock'
WARNING  core.graph_builder:graph_builder.py:542 [RAG] [REWRITE] 모든 시도 실패, 원본 유지: expected string or bytes-like object, got 'AsyncMock'
ERROR    core.graph_builder:graph_builder.py:124 LLM 호출 중 오류 발생: expected string or bytes-like object, got 'AsyncMock'
WARNING  core.graph_builder:graph_builder.py:542 [RAG] [REWRITE] 모든 시도 실패, 원본 유지: expected string or bytes-like object, got 'AsyncMock'
ERROR    core.graph_builder:graph_builder.py:124 LLM 호출 중 오류 발생: expected string or bytes-like object, got 'AsyncMock'
WARNING  core.graph_builder:graph_builder.py:542 [RAG] [REWRITE] 모든 시도 실패, 원본 유지: expected string or bytes-like object, got 'AsyncMock'
ERROR    core.graph_builder:graph_builder.py:124 LLM 호출 중 오류 발생: expected string or bytes-like object, got 'AsyncMock'
WARNING  core.graph_builder:graph_builder.py:542 [RAG] [REWRITE] 모든 시도 실패, 원본 유지: expected string or bytes-like object, got 'AsyncMock'
ERROR    core.graph_builder:graph_builder.py:124 LLM 호출 중 오류 발생: expected string or bytes-like object, got 'AsyncMock'
WARNING  core.graph_builder:graph_builder.py:542 [RAG] [REWRITE] 모든 시도 실패, 원본 유지: expected string or bytes-like object, got 'AsyncMock'
ERROR    core.graph_builder:graph_builder.py:124 LLM 호출 중 오류 발생: expected string or bytes-like object, got 'AsyncMock'
WARNING  core.graph_builder:graph_builder.py:542 [RAG] [REWRITE] 모든 시도 실패, 원본 유지: expected string or bytes-like object, got 'AsyncMock'
ERROR    core.graph_builder:graph_builder.py:124 LLM 호출 중 오류 발생: expected string or bytes-like object, got 'AsyncMock'
WARNING  core.graph_builder:graph_builder.py:542 [RAG] [REWRITE] 모든 시도 실패, 원본 유지: expected string or bytes-like object, got 'AsyncMock'
ERROR    core.graph_builder:graph_builder.py:124 LLM 호출 중 오류 발생: expected string or bytes-like object, got 'AsyncMock'
WARNING  core.graph_builder:graph_builder.py:542 [RAG] [REWRITE] 모든 시도 실패, 원본 유지: expected string or bytes-like object, got 'AsyncMock'
ERROR    core.graph_builder:graph_builder.py:124 LLM 호출 중 오류 발생: expected string or bytes-like object, got 'AsyncMock'
WARNING  core.graph_builder:graph_builder.py:542 [RAG] [REWRITE] 모든 시도 실패, 원본 유지: expected string or bytes-like object, got 'AsyncMock'
ERROR    core.graph_builder:graph_builder.py:124 LLM 호출 중 오류 발생: expected string or bytes-like object, got 'AsyncMock'
WARNING  core.graph_builder:graph_builder.py:542 [RAG] [REWRITE] 모든 시도 실패, 원본 유지: expected string or bytes-like object, got 'AsyncMock'
ERROR    core.graph_builder:graph_builder.py:124 LLM 호출 중 오류 발생: expected string or bytes-like object, got 'AsyncMock'
WARNING  core.graph_builder:graph_builder.py:542 [RAG] [REWRITE] 모든 시도 실패, 원본 유지: expected string or bytes-like object, got 'AsyncMock'
ERROR    core.graph_builder:graph_builder.py:124 LLM 호출 중 오류 발생: expected string or bytes-like object, got 'AsyncMock'
WARNING  core.graph_builder:graph_builder.py:542 [RAG] [REWRITE] 모든 시도 실패, 원본 유지: expected string or bytes-like object, got 'AsyncMock'
ERROR    core.graph_builder:graph_builder.py:124 LLM 호출 중 오류 발생: expected string or bytes-like object, got 'AsyncMock'
WARNING  core.graph_builder:graph_builder.py:542 [RAG] [REWRITE] 모든 시도 실패, 원본 유지: expected string or bytes-like object, got 'AsyncMock'
ERROR    core.graph_builder:graph_builder.py:124 LLM 호출 중 오류 발생: expected string or bytes-like object, got 'AsyncMock'
WARNING  core.graph_builder:graph_builder.py:542 [RAG] [REWRITE] 모든 시도 실패, 원본 유지: expected string or bytes-like object, got 'AsyncMock'
ERROR    core.graph_builder:graph_builder.py:124 LLM 호출 중 오류 발생: expected string or bytes-like object, got 'AsyncMock'
WARNING  core.graph_builder:graph_builder.py:542 [RAG] [REWRITE] 모든 시도 실패, 원본 유지: expected string or bytes-like object, got 'AsyncMock'
ERROR    core.graph_builder:graph_builder.py:124 LLM 호출 중 오류 발생: expected string or bytes-like object, got 'AsyncMock'
WARNING  core.graph_builder:graph_builder.py:542 [RAG] [REWRITE] 모든 시도 실패, 원본 유지: expected string or bytes-like object, got 'AsyncMock'
ERROR    core.graph_builder:graph_builder.py:124 LLM 호출 중 오류 발생: expected string or bytes-like object, got 'AsyncMock'
WARNING  core.graph_builder:graph_builder.py:542 [RAG] [REWRITE] 모든 시도 실패, 원본 유지: expected string or bytes-like object, got 'AsyncMock'
ERROR    core.graph_builder:graph_builder.py:124 LLM 호출 중 오류 발생: expected string or bytes-like object, got 'AsyncMock'
WARNING  core.graph_builder:graph_builder.py:542 [RAG] [REWRITE] 모든 시도 실패, 원본 유지: expected string or bytes-like object, got 'AsyncMock'
ERROR    core.graph_builder:graph_builder.py:124 LLM 호출 중 오류 발생: expected string or bytes-like object, got 'AsyncMock'
WARNING  core.graph_builder:graph_builder.py:542 [RAG] [REWRITE] 모든 시도 실패, 원본 유지: expected string or bytes-like object, got 'AsyncMock'
ERROR    core.graph_builder:graph_builder.py:124 LLM 호출 중 오류 발생: expected string or bytes-like object, got 'AsyncMock'
WARNING  core.graph_builder:graph_builder.py:542 [RAG] [REWRITE] 모든 시도 실패, 원본 유지: expected string or bytes-like object, got 'AsyncMock'
ERROR    core.graph_builder:graph_builder.py:124 LLM 호출 중 오류 발생: expected string or bytes-like object, got 'AsyncMock'
WARNING  core.graph_builder:graph_builder.py:542 [RAG] [REWRITE] 모든 시도 실패, 원본 유지: expected string or bytes-like object, got 'AsyncMock'
ERROR    core.graph_builder:graph_builder.py:124 LLM 호출 중 오류 발생: expected string or bytes-like object, got 'AsyncMock'
WARNING  core.graph_builder:graph_builder.py:542 [RAG] [REWRITE] 모든 시도 실패, 원본 유지: expected string or bytes-like object, got 'AsyncMock'
ERROR    core.graph_builder:graph_builder.py:124 LLM 호출 중 오류 발생: expected string or bytes-like object, got 'AsyncMock'
WARNING  core.graph_builder:graph_builder.py:542 [RAG] [REWRITE] 모든 시도 실패, 원본 유지: expected string or bytes-like object, got 'AsyncMock'
ERROR    core.graph_builder:graph_builder.py:124 LLM 호출 중 오류 발생: expected string or bytes-like object, got 'AsyncMock'
WARNING  core.graph_builder:graph_builder.py:542 [RAG] [REWRITE] 모든 시도 실패, 원본 유지: expected string or bytes-like object, got 'AsyncMock'
ERROR    core.graph_builder:graph_builder.py:124 LLM 호출 중 오류 발생: expected string or bytes-like object, got 'AsyncMock'
WARNING  core.graph_builder:graph_builder.py:542 [RAG] [REWRITE] 모든 시도 실패, 원본 유지: expected string or bytes-like object, got 'AsyncMock'
ERROR    core.graph_builder:graph_builder.py:124 LLM 호출 중 오류 발생: expected string or bytes-like object, got 'AsyncMock'
WARNING  core.graph_builder:graph_builder.py:542 [RAG] [REWRITE] 모든 시도 실패, 원본 유지: expected string or bytes-like object, got 'AsyncMock'
ERROR    core.graph_builder:graph_builder.py:124 LLM 호출 중 오류 발생: expected string or bytes-like object, got 'AsyncMock'
WARNING  core.graph_builder:graph_builder.py:542 [RAG] [REWRITE] 모든 시도 실패, 원본 유지: expected string or bytes-like object, got 'AsyncMock'
ERROR    core.graph_builder:graph_builder.py:124 LLM 호출 중 오류 발생: expected string or bytes-like object, got 'AsyncMock'
WARNING  core.graph_builder:graph_builder.py:542 [RAG] [REWRITE] 모든 시도 실패, 원본 유지: expected string or bytes-like object, got 'AsyncMock'
ERROR    core.graph_builder:graph_builder.py:124 LLM 호출 중 오류 발생: expected string or bytes-like object, got 'AsyncMock'
WARNING  core.graph_builder:graph_builder.py:542 [RAG] [REWRITE] 모든 시도 실패, 원본 유지: expected string or bytes-like object, got 'AsyncMock'
ERROR    core.graph_builder:graph_builder.py:124 LLM 호출 중 오류 발생: expected string or bytes-like object, got 'AsyncMock'
WARNING  core.graph_builder:graph_builder.py:542 [RAG] [REWRITE] 모든 시도 실패, 원본 유지: expected string or bytes-like object, got 'AsyncMock'
ERROR    core.graph_builder:graph_builder.py:124 LLM 호출 중 오류 발생: expected string or bytes-like object, got 'AsyncMock'
WARNING  core.graph_builder:graph_builder.py:542 [RAG] [REWRITE] 모든 시도 실패, 원본 유지: expected string or bytes-like object, got 'AsyncMock'
ERROR    core.graph_builder:graph_builder.py:124 LLM 호출 중 오류 발생: expected string or bytes-like object, got 'AsyncMock'
WARNING  core.graph_builder:graph_builder.py:542 [RAG] [REWRITE] 모든 시도 실패, 원본 유지: expected string or bytes-like object, got 'AsyncMock'
ERROR    core.graph_builder:graph_builder.py:124 LLM 호출 중 오류 발생: expected string or bytes-like object, got 'AsyncMock'
WARNING  core.graph_builder:graph_builder.py:542 [RAG] [REWRITE] 모든 시도 실패, 원본 유지: expected string or bytes-like object, got 'AsyncMock'
ERROR    core.graph_builder:graph_builder.py:124 LLM 호출 중 오류 발생: expected string or bytes-like object, got 'AsyncMock'
WARNING  core.graph_builder:graph_builder.py:542 [RAG] [REWRITE] 모든 시도 실패, 원본 유지: expected string or bytes-like object, got 'AsyncMock'
ERROR    core.graph_builder:graph_builder.py:124 LLM 호출 중 오류 발생: expected string or bytes-like object, got 'AsyncMock'
WARNING  core.graph_builder:graph_builder.py:542 [RAG] [REWRITE] 모든 시도 실패, 원본 유지: expected string or bytes-like object, got 'AsyncMock'
ERROR    core.graph_builder:graph_builder.py:124 LLM 호출 중 오류 발생: expected string or bytes-like object, got 'AsyncMock'
WARNING  core.graph_builder:graph_builder.py:542 [RAG] [REWRITE] 모든 시도 실패, 원본 유지: expected string or bytes-like object, got 'AsyncMock'
ERROR    core.graph_builder:graph_builder.py:124 LLM 호출 중 오류 발생: expected string or bytes-like object, got 'AsyncMock'
WARNING  core.graph_builder:graph_builder.py:542 [RAG] [REWRITE] 모든 시도 실패, 원본 유지: expected string or bytes-like object, got 'AsyncMock'
ERROR    core.graph_builder:graph_builder.py:124 LLM 호출 중 오류 발생: expected string or bytes-like object, got 'AsyncMock'
WARNING  core.graph_builder:graph_builder.py:542 [RAG] [REWRITE] 모든 시도 실패, 원본 유지: expected string or bytes-like object, got 'AsyncMock'
ERROR    core.graph_builder:graph_builder.py:124 LLM 호출 중 오류 발생: expected string or bytes-like object, got 'AsyncMock'
WARNING  core.graph_builder:graph_builder.py:542 [RAG] [REWRITE] 모든 시도 실패, 원본 유지: expected string or bytes-like object, got 'AsyncMock'
ERROR    core.graph_builder:graph_builder.py:124 LLM 호출 중 오류 발생: expected string or bytes-like object, got 'AsyncMock'
WARNING  core.graph_builder:graph_builder.py:542 [RAG] [REWRITE] 모든 시도 실패, 원본 유지: expected string or bytes-like object, got 'AsyncMock'
ERROR    core.graph_builder:graph_builder.py:124 LLM 호출 중 오류 발생: expected string or bytes-like object, got 'AsyncMock'
WARNING  core.graph_builder:graph_builder.py:542 [RAG] [REWRITE] 모든 시도 실패, 원본 유지: expected string or bytes-like object, got 'AsyncMock'
ERROR    core.graph_builder:graph_builder.py:124 LLM 호출 중 오류 발생: expected string or bytes-like object, got 'AsyncMock'
WARNING  core.graph_builder:graph_builder.py:542 [RAG] [REWRITE] 모든 시도 실패, 원본 유지: expected string or bytes-like object, got 'AsyncMock'
ERROR    core.graph_builder:graph_builder.py:124 LLM 호출 중 오류 발생: expected string or bytes-like object, got 'AsyncMock'
WARNING  core.graph_builder:graph_builder.py:542 [RAG] [REWRITE] 모든 시도 실패, 원본 유지: expected string or bytes-like object, got 'AsyncMock'
ERROR    core.graph_builder:graph_builder.py:124 LLM 호출 중 오류 발생: expected string or bytes-like object, got 'AsyncMock'
WARNING  core.graph_builder:graph_builder.py:542 [RAG] [REWRITE] 모든 시도 실패, 원본 유지: expected string or bytes-like object, got 'AsyncMock'
ERROR    core.graph_builder:graph_builder.py:124 LLM 호출 중 오류 발생: expected string or bytes-like object, got 'AsyncMock'
WARNING  core.graph_builder:graph_builder.py:542 [RAG] [REWRITE] 모든 시도 실패, 원본 유지: expected string or bytes-like object, got 'AsyncMock'
ERROR    core.graph_builder:graph_builder.py:124 LLM 호출 중 오류 발생: expected string or bytes-like object, got 'AsyncMock'
WARNING  core.graph_builder:graph_builder.py:542 [RAG] [REWRITE] 모든 시도 실패, 원본 유지: expected string or bytes-like object, got 'AsyncMock'
ERROR    core.graph_builder:graph_builder.py:124 LLM 호출 중 오류 발생: expected string or bytes-like object, got 'AsyncMock'
WARNING  core.graph_builder:graph_builder.py:542 [RAG] [REWRITE] 모든 시도 실패, 원본 유지: expected string or bytes-like object, got 'AsyncMock'
ERROR    core.graph_builder:graph_builder.py:124 LLM 호출 중 오류 발생: expected string or bytes-like object, got 'AsyncMock'
WARNING  core.graph_builder:graph_builder.py:542 [RAG] [REWRITE] 모든 시도 실패, 원본 유지: expected string or bytes-like object, got 'AsyncMock'
ERROR    core.graph_builder:graph_builder.py:124 LLM 호출 중 오류 발생: expected string or bytes-like object, got 'AsyncMock'
WARNING  core.graph_builder:graph_builder.py:542 [RAG] [REWRITE] 모든 시도 실패, 원본 유지: expected string or bytes-like object, got 'AsyncMock'
ERROR    core.graph_builder:graph_builder.py:124 LLM 호출 중 오류 발생: expected string or bytes-like object, got 'AsyncMock'
WARNING  core.graph_builder:graph_builder.py:542 [RAG] [REWRITE] 모든 시도 실패, 원본 유지: expected string or bytes-like object, got 'AsyncMock'
ERROR    core.graph_builder:graph_builder.py:124 LLM 호출 중 오류 발생: expected string or bytes-like object, got 'AsyncMock'
WARNING  core.graph_builder:graph_builder.py:542 [RAG] [REWRITE] 모든 시도 실패, 원본 유지: expected string or bytes-like object, got 'AsyncMock'
ERROR    core.graph_builder:graph_builder.py:124 LLM 호출 중 오류 발생: expected string or bytes-like object, got 'AsyncMock'
WARNING  core.graph_builder:graph_builder.py:542 [RAG] [REWRITE] 모든 시도 실패, 원본 유지: expected string or bytes-like object, got 'AsyncMock'
ERROR    core.graph_builder:graph_builder.py:124 LLM 호출 중 오류 발생: expected string or bytes-like object, got 'AsyncMock'
WARNING  core.graph_builder:graph_builder.py:542 [RAG] [REWRITE] 모든 시도 실패, 원본 유지: expected string or bytes-like object, got 'AsyncMock'
ERROR    core.graph_builder:graph_builder.py:124 LLM 호출 중 오류 발생: expected string or bytes-like object, got 'AsyncMock'
WARNING  core.graph_builder:graph_builder.py:542 [RAG] [REWRITE] 모든 시도 실패, 원본 유지: expected string or bytes-like object, got 'AsyncMock'
ERROR    core.graph_builder:graph_builder.py:124 LLM 호출 중 오류 발생: expected string or bytes-like object, got 'AsyncMock'
WARNING  core.graph_builder:graph_builder.py:542 [RAG] [REWRITE] 모든 시도 실패, 원본 유지: expected string or bytes-like object, got 'AsyncMock'
ERROR    core.graph_builder:graph_builder.py:124 LLM 호출 중 오류 발생: expected string or bytes-like object, got 'AsyncMock'
WARNING  core.graph_builder:graph_builder.py:542 [RAG] [REWRITE] 모든 시도 실패, 원본 유지: expected string or bytes-like object, got 'AsyncMock'
ERROR    core.graph_builder:graph_builder.py:124 LLM 호출 중 오류 발생: expected string or bytes-like object, got 'AsyncMock'
WARNING  core.graph_builder:graph_builder.py:542 [RAG] [REWRITE] 모든 시도 실패, 원본 유지: expected string or bytes-like object, got 'AsyncMock'
ERROR    core.graph_builder:graph_builder.py:124 LLM 호출 중 오류 발생: expected string or bytes-like object, got 'AsyncMock'
WARNING  core.graph_builder:graph_builder.py:542 [RAG] [REWRITE] 모든 시도 실패, 원본 유지: expected string or bytes-like object, got 'AsyncMock'
ERROR    core.graph_builder:graph_builder.py:124 LLM 호출 중 오류 발생: expected string or bytes-like object, got 'AsyncMock'
WARNING  core.graph_builder:graph_builder.py:542 [RAG] [REWRITE] 모든 시도 실패, 원본 유지: expected string or bytes-like object, got 'AsyncMock'
ERROR    core.graph_builder:graph_builder.py:124 LLM 호출 중 오류 발생: expected string or bytes-like object, got 'AsyncMock'
WARNING  core.graph_builder:graph_builder.py:542 [RAG] [REWRITE] 모든 시도 실패, 원본 유지: expected string or bytes-like object, got 'AsyncMock'
ERROR    core.graph_builder:graph_builder.py:124 LLM 호출 중 오류 발생: expected string or bytes-like object, got 'AsyncMock'
WARNING  core.graph_builder:graph_builder.py:542 [RAG] [REWRITE] 모든 시도 실패, 원본 유지: expected string or bytes-like object, got 'AsyncMock'
ERROR    core.graph_builder:graph_builder.py:124 LLM 호출 중 오류 발생: expected string or bytes-like object, got 'AsyncMock'
WARNING  core.graph_builder:graph_builder.py:542 [RAG] [REWRITE] 모든 시도 실패, 원본 유지: expected string or bytes-like object, got 'AsyncMock'
ERROR    core.graph_builder:graph_builder.py:124 LLM 호출 중 오류 발생: expected string or bytes-like object, got 'AsyncMock'
WARNING  core.graph_builder:graph_builder.py:542 [RAG] [REWRITE] 모든 시도 실패, 원본 유지: expected string or bytes-like object, got 'AsyncMock'
ERROR    core.graph_builder:graph_builder.py:124 LLM 호출 중 오류 발생: expected string or bytes-like object, got 'AsyncMock'
WARNING  core.graph_builder:graph_builder.py:542 [RAG] [REWRITE] 모든 시도 실패, 원본 유지: expected string or bytes-like object, got 'AsyncMock'
ERROR    core.graph_builder:graph_builder.py:124 LLM 호출 중 오류 발생: expected string or bytes-like object, got 'AsyncMock'
WARNING  core.graph_builder:graph_builder.py:542 [RAG] [REWRITE] 모든 시도 실패, 원본 유지: expected string or bytes-like object, got 'AsyncMock'
ERROR    core.graph_builder:graph_builder.py:124 LLM 호출 중 오류 발생: expected string or bytes-like object, got 'AsyncMock'
WARNING  core.graph_builder:graph_builder.py:542 [RAG] [REWRITE] 모든 시도 실패, 원본 유지: expected string or bytes-like object, got 'AsyncMock'
ERROR    core.graph_builder:graph_builder.py:124 LLM 호출 중 오류 발생: expected string or bytes-like object, got 'AsyncMock'
WARNING  core.graph_builder:graph_builder.py:542 [RAG] [REWRITE] 모든 시도 실패, 원본 유지: expected string or bytes-like object, got 'AsyncMock'
ERROR    core.graph_builder:graph_builder.py:124 LLM 호출 중 오류 발생: expected string or bytes-like object, got 'AsyncMock'
WARNING  core.graph_builder:graph_builder.py:542 [RAG] [REWRITE] 모든 시도 실패, 원본 유지: expected string or bytes-like object, got 'AsyncMock'
ERROR    core.graph_builder:graph_builder.py:124 LLM 호출 중 오류 발생: expected string or bytes-like object, got 'AsyncMock'
WARNING  core.graph_builder:graph_builder.py:542 [RAG] [REWRITE] 모든 시도 실패, 원본 유지: expected string or bytes-like object, got 'AsyncMock'
ERROR    core.graph_builder:graph_builder.py:124 LLM 호출 중 오류 발생: expected string or bytes-like object, got 'AsyncMock'
WARNING  core.graph_builder:graph_builder.py:542 [RAG] [REWRITE] 모든 시도 실패, 원본 유지: expected string or bytes-like object, got 'AsyncMock'
ERROR    core.graph_builder:graph_builder.py:124 LLM 호출 중 오류 발생: expected string or bytes-like object, got 'AsyncMock'
WARNING  core.graph_builder:graph_builder.py:542 [RAG] [REWRITE] 모든 시도 실패, 원본 유지: expected string or bytes-like object, got 'AsyncMock'
ERROR    core.graph_builder:graph_builder.py:124 LLM 호출 중 오류 발생: expected string or bytes-like object, got 'AsyncMock'
WARNING  core.graph_builder:graph_builder.py:542 [RAG] [REWRITE] 모든 시도 실패, 원본 유지: expected string or bytes-like object, got 'AsyncMock'
ERROR    core.graph_builder:graph_builder.py:124 LLM 호출 중 오류 발생: expected string or bytes-like object, got 'AsyncMock'
WARNING  core.graph_builder:graph_builder.py:542 [RAG] [REWRITE] 모든 시도 실패, 원본 유지: expected string or bytes-like object, got 'AsyncMock'
ERROR    core.graph_builder:graph_builder.py:124 LLM 호출 중 오류 발생: expected string or bytes-like object, got 'AsyncMock'
WARNING  core.graph_builder:graph_builder.py:542 [RAG] [REWRITE] 모든 시도 실패, 원본 유지: expected string or bytes-like object, got 'AsyncMock'
ERROR    core.graph_builder:graph_builder.py:124 LLM 호출 중 오류 발생: expected string or bytes-like object, got 'AsyncMock'
WARNING  core.graph_builder:graph_builder.py:542 [RAG] [REWRITE] 모든 시도 실패, 원본 유지: expected string or bytes-like object, got 'AsyncMock'
ERROR    core.graph_builder:graph_builder.py:124 LLM 호출 중 오류 발생: expected string or bytes-like object, got 'AsyncMock'
WARNING  core.graph_builder:graph_builder.py:542 [RAG] [REWRITE] 모든 시도 실패, 원본 유지: expected string or bytes-like object, got 'AsyncMock'
ERROR    core.graph_builder:graph_builder.py:124 LLM 호출 중 오류 발생: expected string or bytes-like object, got 'AsyncMock'
WARNING  core.graph_builder:graph_builder.py:542 [RAG] [REWRITE] 모든 시도 실패, 원본 유지: expected string or bytes-like object, got 'AsyncMock'
ERROR    core.graph_builder:graph_builder.py:124 LLM 호출 중 오류 발생: expected string or bytes-like object, got 'AsyncMock'
WARNING  core.graph_builder:graph_builder.py:542 [RAG] [REWRITE] 모든 시도 실패, 원본 유지: expected string or bytes-like object, got 'AsyncMock'
ERROR    core.graph_builder:graph_builder.py:124 LLM 호출 중 오류 발생: expected string or bytes-like object, got 'AsyncMock'
WARNING  core.graph_builder:graph_builder.py:542 [RAG] [REWRITE] 모든 시도 실패, 원본 유지: expected string or bytes-like object, got 'AsyncMock'
ERROR    core.graph_builder:graph_builder.py:124 LLM 호출 중 오류 발생: expected string or bytes-like object, got 'AsyncMock'
WARNING  core.graph_builder:graph_builder.py:542 [RAG] [REWRITE] 모든 시도 실패, 원본 유지: expected string or bytes-like object, got 'AsyncMock'
ERROR    core.graph_builder:graph_builder.py:124 LLM 호출 중 오류 발생: expected string or bytes-like object, got 'AsyncMock'
WARNING  core.graph_builder:graph_builder.py:542 [RAG] [REWRITE] 모든 시도 실패, 원본 유지: expected string or bytes-like object, got 'AsyncMock'
ERROR    core.graph_builder:graph_builder.py:124 LLM 호출 중 오류 발생: expected string or bytes-like object, got 'AsyncMock'
WARNING  core.graph_builder:graph_builder.py:542 [RAG] [REWRITE] 모든 시도 실패, 원본 유지: expected string or bytes-like object, got 'AsyncMock'
ERROR    core.graph_builder:graph_builder.py:124 LLM 호출 중 오류 발생: expected string or bytes-like object, got 'AsyncMock'
WARNING  core.graph_builder:graph_builder.py:542 [RAG] [REWRITE] 모든 시도 실패, 원본 유지: expected string or bytes-like object, got 'AsyncMock'
ERROR    core.graph_builder:graph_builder.py:124 LLM 호출 중 오류 발생: expected string or bytes-like object, got 'AsyncMock'
WARNING  core.graph_builder:graph_builder.py:542 [RAG] [REWRITE] 모든 시도 실패, 원본 유지: expected string or bytes-like object, got 'AsyncMock'
ERROR    core.graph_builder:graph_builder.py:124 LLM 호출 중 오류 발생: expected string or bytes-like object, got 'AsyncMock'
WARNING  core.graph_builder:graph_builder.py:542 [RAG] [REWRITE] 모든 시도 실패, 원본 유지: expected string or bytes-like object, got 'AsyncMock'
ERROR    core.graph_builder:graph_builder.py:124 LLM 호출 중 오류 발생: expected string or bytes-like object, got 'AsyncMock'
WARNING  core.graph_builder:graph_builder.py:542 [RAG] [REWRITE] 모든 시도 실패, 원본 유지: expected string or bytes-like object, got 'AsyncMock'
ERROR    core.graph_builder:graph_builder.py:124 LLM 호출 중 오류 발생: expected string or bytes-like object, got 'AsyncMock'
WARNING  core.graph_builder:graph_builder.py:542 [RAG] [REWRITE] 모든 시도 실패, 원본 유지: expected string or bytes-like object, got 'AsyncMock'
ERROR    core.graph_builder:graph_builder.py:124 LLM 호출 중 오류 발생: expected string or bytes-like object, got 'AsyncMock'
WARNING  core.graph_builder:graph_builder.py:542 [RAG] [REWRITE] 모든 시도 실패, 원본 유지: expected string or bytes-like object, got 'AsyncMock'
ERROR    core.graph_builder:graph_builder.py:124 LLM 호출 중 오류 발생: expected string or bytes-like object, got 'AsyncMock'
WARNING  core.graph_builder:graph_builder.py:542 [RAG] [REWRITE] 모든 시도 실패, 원본 유지: expected string or bytes-like object, got 'AsyncMock'
ERROR    core.graph_builder:graph_builder.py:124 LLM 호출 중 오류 발생: expected string or bytes-like object, got 'AsyncMock'
WARNING  core.graph_builder:graph_builder.py:542 [RAG] [REWRITE] 모든 시도 실패, 원본 유지: expected string or bytes-like object, got 'AsyncMock'
ERROR    core.graph_builder:graph_builder.py:124 LLM 호출 중 오류 발생: expected string or bytes-like object, got 'AsyncMock'
WARNING  core.graph_builder:graph_builder.py:542 [RAG] [REWRITE] 모든 시도 실패, 원본 유지: expected string or bytes-like object, got 'AsyncMock'
ERROR    core.graph_builder:graph_builder.py:124 LLM 호출 중 오류 발생: expected string or bytes-like object, got 'AsyncMock'
WARNING  core.graph_builder:graph_builder.py:542 [RAG] [REWRITE] 모든 시도 실패, 원본 유지: expected string or bytes-like object, got 'AsyncMock'
ERROR    core.graph_builder:graph_builder.py:124 LLM 호출 중 오류 발생: expected string or bytes-like object, got 'AsyncMock'
WARNING  core.graph_builder:graph_builder.py:542 [RAG] [REWRITE] 모든 시도 실패, 원본 유지: expected string or bytes-like object, got 'AsyncMock'
ERROR    core.graph_builder:graph_builder.py:124 LLM 호출 중 오류 발생: expected string or bytes-like object, got 'AsyncMock'
WARNING  core.graph_builder:graph_builder.py:542 [RAG] [REWRITE] 모든 시도 실패, 원본 유지: expected string or bytes-like object, got 'AsyncMock'
ERROR    core.graph_builder:graph_builder.py:124 LLM 호출 중 오류 발생: expected string or bytes-like object, got 'AsyncMock'
WARNING  core.graph_builder:graph_builder.py:542 [RAG] [REWRITE] 모든 시도 실패, 원본 유지: expected string or bytes-like object, got 'AsyncMock'
ERROR    core.graph_builder:graph_builder.py:124 LLM 호출 중 오류 발생: expected string or bytes-like object, got 'AsyncMock'
WARNING  core.graph_builder:graph_builder.py:542 [RAG] [REWRITE] 모든 시도 실패, 원본 유지: expected string or bytes-like object, got 'AsyncMock'
ERROR    core.graph_builder:graph_builder.py:124 LLM 호출 중 오류 발생: expected string or bytes-like object, got 'AsyncMock'
WARNING  core.graph_builder:graph_builder.py:542 [RAG] [REWRITE] 모든 시도 실패, 원본 유지: expected string or bytes-like object, got 'AsyncMock'
ERROR    core.graph_builder:graph_builder.py:124 LLM 호출 중 오류 발생: expected string or bytes-like object, got 'AsyncMock'
WARNING  core.graph_builder:graph_builder.py:542 [RAG] [REWRITE] 모든 시도 실패, 원본 유지: expected string or bytes-like object, got 'AsyncMock'
ERROR    core.graph_builder:graph_builder.py:124 LLM 호출 중 오류 발생: expected string or bytes-like object, got 'AsyncMock'
WARNING  core.graph_builder:graph_builder.py:542 [RAG] [REWRITE] 모든 시도 실패, 원본 유지: expected string or bytes-like object, got 'AsyncMock'
ERROR    core.graph_builder:graph_builder.py:124 LLM 호출 중 오류 발생: expected string or bytes-like object, got 'AsyncMock'
WARNING  core.graph_builder:graph_builder.py:542 [RAG] [REWRITE] 모든 시도 실패, 원본 유지: expected string or bytes-like object, got 'AsyncMock'
ERROR    core.graph_builder:graph_builder.py:124 LLM 호출 중 오류 발생: expected string or bytes-like object, got 'AsyncMock'
WARNING  core.graph_builder:graph_builder.py:542 [RAG] [REWRITE] 모든 시도 실패, 원본 유지: expected string or bytes-like object, got 'AsyncMock'
ERROR    core.graph_builder:graph_builder.py:124 LLM 호출 중 오류 발생: expected string or bytes-like object, got 'AsyncMock'
WARNING  core.graph_builder:graph_builder.py:542 [RAG] [REWRITE] 모든 시도 실패, 원본 유지: expected string or bytes-like object, got 'AsyncMock'
ERROR    core.graph_builder:graph_builder.py:124 LLM 호출 중 오류 발생: expected string or bytes-like object, got 'AsyncMock'
WARNING  core.graph_builder:graph_builder.py:542 [RAG] [REWRITE] 모든 시도 실패, 원본 유지: expected string or bytes-like object, got 'AsyncMock'
ERROR    core.graph_builder:graph_builder.py:124 LLM 호출 중 오류 발생: expected string or bytes-like object, got 'AsyncMock'
WARNING  core.graph_builder:graph_builder.py:542 [RAG] [REWRITE] 모든 시도 실패, 원본 유지: expected string or bytes-like object, got 'AsyncMock'
ERROR    core.graph_builder:graph_builder.py:124 LLM 호출 중 오류 발생: expected string or bytes-like object, got 'AsyncMock'
WARNING  core.graph_builder:graph_builder.py:542 [RAG] [REWRITE] 모든 시도 실패, 원본 유지: expected string or bytes-like object, got 'AsyncMock'
ERROR    core.graph_builder:graph_builder.py:124 LLM 호출 중 오류 발생: expected string or bytes-like object, got 'AsyncMock'
WARNING  core.graph_builder:graph_builder.py:542 [RAG] [REWRITE] 모든 시도 실패, 원본 유지: expected string or bytes-like object, got 'AsyncMock'
ERROR    core.graph_builder:graph_builder.py:124 LLM 호출 중 오류 발생: expected string or bytes-like object, got 'AsyncMock'
WARNING  core.graph_builder:graph_builder.py:542 [RAG] [REWRITE] 모든 시도 실패, 원본 유지: expected string or bytes-like object, got 'AsyncMock'
ERROR    core.graph_builder:graph_builder.py:124 LLM 호출 중 오류 발생: expected string or bytes-like object, got 'AsyncMock'
WARNING  core.graph_builder:graph_builder.py:542 [RAG] [REWRITE] 모든 시도 실패, 원본 유지: expected string or bytes-like object, got 'AsyncMock'
ERROR    core.graph_builder:graph_builder.py:124 LLM 호출 중 오류 발생: expected string or bytes-like object, got 'AsyncMock'
WARNING  core.graph_builder:graph_builder.py:542 [RAG] [REWRITE] 모든 시도 실패, 원본 유지: expected string or bytes-like object, got 'AsyncMock'
ERROR    core.graph_builder:graph_builder.py:124 LLM 호출 중 오류 발생: expected string or bytes-like object, got 'AsyncMock'
WARNING  core.graph_builder:graph_builder.py:542 [RAG] [REWRITE] 모든 시도 실패, 원본 유지: expected string or bytes-like object, got 'AsyncMock'
ERROR    core.graph_builder:graph_builder.py:124 LLM 호출 중 오류 발생: expected string or bytes-like object, got 'AsyncMock'
WARNING  core.graph_builder:graph_builder.py:542 [RAG] [REWRITE] 모든 시도 실패, 원본 유지: expected string or bytes-like object, got 'AsyncMock'
ERROR    core.graph_builder:graph_builder.py:124 LLM 호출 중 오류 발생: expected string or bytes-like object, got 'AsyncMock'
WARNING  core.graph_builder:graph_builder.py:542 [RAG] [REWRITE] 모든 시도 실패, 원본 유지: expected string or bytes-like object, got 'AsyncMock'
ERROR    core.graph_builder:graph_builder.py:124 LLM 호출 중 오류 발생: expected string or bytes-like object, got 'AsyncMock'
WARNING  core.graph_builder:graph_builder.py:542 [RAG] [REWRITE] 모든 시도 실패, 원본 유지: expected string or bytes-like object, got 'AsyncMock'
ERROR    core.graph_builder:graph_builder.py:124 LLM 호출 중 오류 발생: expected string or bytes-like object, got 'AsyncMock'
WARNING  core.graph_builder:graph_builder.py:542 [RAG] [REWRITE] 모든 시도 실패, 원본 유지: expected string or bytes-like object, got 'AsyncMock'
ERROR    core.graph_builder:graph_builder.py:124 LLM 호출 중 오류 발생: expected string or bytes-like object, got 'AsyncMock'
WARNING  core.graph_builder:graph_builder.py:542 [RAG] [REWRITE] 모든 시도 실패, 원본 유지: expected string or bytes-like object, got 'AsyncMock'
ERROR    core.graph_builder:graph_builder.py:124 LLM 호출 중 오류 발생: expected string or bytes-like object, got 'AsyncMock'
WARNING  core.graph_builder:graph_builder.py:542 [RAG] [REWRITE] 모든 시도 실패, 원본 유지: expected string or bytes-like object, got 'AsyncMock'
ERROR    core.graph_builder:graph_builder.py:124 LLM 호출 중 오류 발생: expected string or bytes-like object, got 'AsyncMock'
WARNING  core.graph_builder:graph_builder.py:542 [RAG] [REWRITE] 모든 시도 실패, 원본 유지: expected string or bytes-like object, got 'AsyncMock'
ERROR    core.graph_builder:graph_builder.py:124 LLM 호출 중 오류 발생: expected string or bytes-like object, got 'AsyncMock'
WARNING  core.graph_builder:graph_builder.py:542 [RAG] [REWRITE] 모든 시도 실패, 원본 유지: expected string or bytes-like object, got 'AsyncMock'
ERROR    core.graph_builder:graph_builder.py:124 LLM 호출 중 오류 발생: expected string or bytes-like object, got 'AsyncMock'
WARNING  core.graph_builder:graph_builder.py:542 [RAG] [REWRITE] 모든 시도 실패, 원본 유지: expected string or bytes-like object, got 'AsyncMock'
ERROR    core.graph_builder:graph_builder.py:124 LLM 호출 중 오류 발생: expected string or bytes-like object, got 'AsyncMock'
WARNING  core.graph_builder:graph_builder.py:542 [RAG] [REWRITE] 모든 시도 실패, 원본 유지: expected string or bytes-like object, got 'AsyncMock'
ERROR    core.graph_builder:graph_builder.py:124 LLM 호출 중 오류 발생: expected string or bytes-like object, got 'AsyncMock'
WARNING  core.graph_builder:graph_builder.py:542 [RAG] [REWRITE] 모든 시도 실패, 원본 유지: expected string or bytes-like object, got 'AsyncMock'
ERROR    core.graph_builder:graph_builder.py:124 LLM 호출 중 오류 발생: expected string or bytes-like object, got 'AsyncMock'
WARNING  core.graph_builder:graph_builder.py:542 [RAG] [REWRITE] 모든 시도 실패, 원본 유지: expected string or bytes-like object, got 'AsyncMock'
ERROR    core.graph_builder:graph_builder.py:124 LLM 호출 중 오류 발생: expected string or bytes-like object, got 'AsyncMock'
WARNING  core.graph_builder:graph_builder.py:542 [RAG] [REWRITE] 모든 시도 실패, 원본 유지: expected string or bytes-like object, got 'AsyncMock'
ERROR    core.graph_builder:graph_builder.py:124 LLM 호출 중 오류 발생: expected string or bytes-like object, got 'AsyncMock'
WARNING  core.graph_builder:graph_builder.py:542 [RAG] [REWRITE] 모든 시도 실패, 원본 유지: expected string or bytes-like object, got 'AsyncMock'
ERROR    core.graph_builder:graph_builder.py:124 LLM 호출 중 오류 발생: expected string or bytes-like object, got 'AsyncMock'
WARNING  core.graph_builder:graph_builder.py:542 [RAG] [REWRITE] 모든 시도 실패, 원본 유지: expected string or bytes-like object, got 'AsyncMock'
ERROR    core.graph_builder:graph_builder.py:124 LLM 호출 중 오류 발생: expected string or bytes-like object, got 'AsyncMock'
WARNING  core.graph_builder:graph_builder.py:542 [RAG] [REWRITE] 모든 시도 실패, 원본 유지: expected string or bytes-like object, got 'AsyncMock'
ERROR    core.graph_builder:graph_builder.py:124 LLM 호출 중 오류 발생: expected string or bytes-like object, got 'AsyncMock'
WARNING  core.graph_builder:graph_builder.py:542 [RAG] [REWRITE] 모든 시도 실패, 원본 유지: expected string or bytes-like object, got 'AsyncMock'
ERROR    core.graph_builder:graph_builder.py:124 LLM 호출 중 오류 발생: expected string or bytes-like object, got 'AsyncMock'
WARNING  core.graph_builder:graph_builder.py:542 [RAG] [REWRITE] 모든 시도 실패, 원본 유지: expected string or bytes-like object, got 'AsyncMock'
ERROR    core.graph_builder:graph_builder.py:124 LLM 호출 중 오류 발생: expected string or bytes-like object, got 'AsyncMock'
WARNING  core.graph_builder:graph_builder.py:542 [RAG] [REWRITE] 모든 시도 실패, 원본 유지: expected string or bytes-like object, got 'AsyncMock'
ERROR    core.graph_builder:graph_builder.py:124 LLM 호출 중 오류 발생: expected string or bytes-like object, got 'AsyncMock'
WARNING  core.graph_builder:graph_builder.py:542 [RAG] [REWRITE] 모든 시도 실패, 원본 유지: expected string or bytes-like object, got 'AsyncMock'
ERROR    core.graph_builder:graph_builder.py:124 LLM 호출 중 오류 발생: expected string or bytes-like object, got 'AsyncMock'
WARNING  core.graph_builder:graph_builder.py:542 [RAG] [REWRITE] 모든 시도 실패, 원본 유지: expected string or bytes-like object, got 'AsyncMock'
ERROR    core.graph_builder:graph_builder.py:124 LLM 호출 중 오류 발생: expected string or bytes-like object, got 'AsyncMock'
WARNING  core.graph_builder:graph_builder.py:542 [RAG] [REWRITE] 모든 시도 실패, 원본 유지: expected string or bytes-like object, got 'AsyncMock'
ERROR    core.graph_builder:graph_builder.py:124 LLM 호출 중 오류 발생: expected string or bytes-like object, got 'AsyncMock'
WARNING  core.graph_builder:graph_builder.py:542 [RAG] [REWRITE] 모든 시도 실패, 원본 유지: expected string or bytes-like object, got 'AsyncMock'
ERROR    core.graph_builder:graph_builder.py:124 LLM 호출 중 오류 발생: expected string or bytes-like object, got 'AsyncMock'
WARNING  core.graph_builder:graph_builder.py:542 [RAG] [REWRITE] 모든 시도 실패, 원본 유지: expected string or bytes-like object, got 'AsyncMock'
ERROR    core.graph_builder:graph_builder.py:124 LLM 호출 중 오류 발생: expected string or bytes-like object, got 'AsyncMock'
WARNING  core.graph_builder:graph_builder.py:542 [RAG] [REWRITE] 모든 시도 실패, 원본 유지: expected string or bytes-like object, got 'AsyncMock'
ERROR    core.graph_builder:graph_builder.py:124 LLM 호출 중 오류 발생: expected string or bytes-like object, got 'AsyncMock'
WARNING  core.graph_builder:graph_builder.py:542 [RAG] [REWRITE] 모든 시도 실패, 원본 유지: expected string or bytes-like object, got 'AsyncMock'
ERROR    core.graph_builder:graph_builder.py:124 LLM 호출 중 오류 발생: expected string or bytes-like object, got 'AsyncMock'
WARNING  core.graph_builder:graph_builder.py:542 [RAG] [REWRITE] 모든 시도 실패, 원본 유지: expected string or bytes-like object, got 'AsyncMock'
ERROR    core.graph_builder:graph_builder.py:124 LLM 호출 중 오류 발생: expected string or bytes-like object, got 'AsyncMock'
WARNING  core.graph_builder:graph_builder.py:542 [RAG] [REWRITE] 모든 시도 실패, 원본 유지: expected string or bytes-like object, got 'AsyncMock'
ERROR    core.graph_builder:graph_builder.py:124 LLM 호출 중 오류 발생: expected string or bytes-like object, got 'AsyncMock'
WARNING  core.graph_builder:graph_builder.py:542 [RAG] [REWRITE] 모든 시도 실패, 원본 유지: expected string or bytes-like object, got 'AsyncMock'
ERROR    core.graph_builder:graph_builder.py:124 LLM 호출 중 오류 발생: expected string or bytes-like object, got 'AsyncMock'
WARNING  core.graph_builder:graph_builder.py:542 [RAG] [REWRITE] 모든 시도 실패, 원본 유지: expected string or bytes-like object, got 'AsyncMock'
ERROR    core.graph_builder:graph_builder.py:124 LLM 호출 중 오류 발생: expected string or bytes-like object, got 'AsyncMock'
WARNING  core.graph_builder:graph_builder.py:542 [RAG] [REWRITE] 모든 시도 실패, 원본 유지: expected string or bytes-like object, got 'AsyncMock'
ERROR    core.graph_builder:graph_builder.py:124 LLM 호출 중 오류 발생: expected string or bytes-like object, got 'AsyncMock'
WARNING  core.graph_builder:graph_builder.py:542 [RAG] [REWRITE] 모든 시도 실패, 원본 유지: expected string or bytes-like object, got 'AsyncMock'
ERROR    core.graph_builder:graph_builder.py:124 LLM 호출 중 오류 발생: expected string or bytes-like object, got 'AsyncMock'
WARNING  core.graph_builder:graph_builder.py:542 [RAG] [REWRITE] 모든 시도 실패, 원본 유지: expected string or bytes-like object, got 'AsyncMock'
ERROR    core.graph_builder:graph_builder.py:124 LLM 호출 중 오류 발생: expected string or bytes-like object, got 'AsyncMock'
WARNING  core.graph_builder:graph_builder.py:542 [RAG] [REWRITE] 모든 시도 실패, 원본 유지: expected string or bytes-like object, got 'AsyncMock'
ERROR    core.graph_builder:graph_builder.py:124 LLM 호출 중 오류 발생: expected string or bytes-like object, got 'AsyncMock'
WARNING  core.graph_builder:graph_builder.py:542 [RAG] [REWRITE] 모든 시도 실패, 원본 유지: expected string or bytes-like object, got 'AsyncMock'
ERROR    core.graph_builder:graph_builder.py:124 LLM 호출 중 오류 발생: expected string or bytes-like object, got 'AsyncMock'
WARNING  core.graph_builder:graph_builder.py:542 [RAG] [REWRITE] 모든 시도 실패, 원본 유지: expected string or bytes-like object, got 'AsyncMock'
ERROR    core.graph_builder:graph_builder.py:124 LLM 호출 중 오류 발생: expected string or bytes-like object, got 'AsyncMock'
WARNING  core.graph_builder:graph_builder.py:542 [RAG] [REWRITE] 모든 시도 실패, 원본 유지: expected string or bytes-like object, got 'AsyncMock'
ERROR    core.graph_builder:graph_builder.py:124 LLM 호출 중 오류 발생: expected string or bytes-like object, got 'AsyncMock'
WARNING  core.graph_builder:graph_builder.py:542 [RAG] [REWRITE] 모든 시도 실패, 원본 유지: expected string or bytes-like object, got 'AsyncMock'
ERROR    core.graph_builder:graph_builder.py:124 LLM 호출 중 오류 발생: expected string or bytes-like object, got 'AsyncMock'
WARNING  core.graph_builder:graph_builder.py:542 [RAG] [REWRITE] 모든 시도 실패, 원본 유지: expected string or bytes-like object, got 'AsyncMock'
ERROR    core.graph_builder:graph_builder.py:124 LLM 호출 중 오류 발생: expected string or bytes-like object, got 'AsyncMock'
WARNING  core.graph_builder:graph_builder.py:542 [RAG] [REWRITE] 모든 시도 실패, 원본 유지: expected string or bytes-like object, got 'AsyncMock'
ERROR    core.graph_builder:graph_builder.py:124 LLM 호출 중 오류 발생: expected string or bytes-like object, got 'AsyncMock'
WARNING  core.graph_builder:graph_builder.py:542 [RAG] [REWRITE] 모든 시도 실패, 원본 유지: expected string or bytes-like object, got 'AsyncMock'
ERROR    core.graph_builder:graph_builder.py:124 LLM 호출 중 오류 발생: expected string or bytes-like object, got 'AsyncMock'
WARNING  core.graph_builder:graph_builder.py:542 [RAG] [REWRITE] 모든 시도 실패, 원본 유지: expected string or bytes-like object, got 'AsyncMock'
ERROR    core.graph_builder:graph_builder.py:124 LLM 호출 중 오류 발생: expected string or bytes-like object, got 'AsyncMock'
WARNING  core.graph_builder:graph_builder.py:542 [RAG] [REWRITE] 모든 시도 실패, 원본 유지: expected string or bytes-like object, got 'AsyncMock'
ERROR    core.graph_builder:graph_builder.py:124 LLM 호출 중 오류 발생: expected string or bytes-like object, got 'AsyncMock'
WARNING  core.graph_builder:graph_builder.py:542 [RAG] [REWRITE] 모든 시도 실패, 원본 유지: expected string or bytes-like object, got 'AsyncMock'
ERROR    core.graph_builder:graph_builder.py:124 LLM 호출 중 오류 발생: expected string or bytes-like object, got 'AsyncMock'
WARNING  core.graph_builder:graph_builder.py:542 [RAG] [REWRITE] 모든 시도 실패, 원본 유지: expected string or bytes-like object, got 'AsyncMock'
ERROR    core.graph_builder:graph_builder.py:124 LLM 호출 중 오류 발생: expected string or bytes-like object, got 'AsyncMock'
WARNING  core.graph_builder:graph_builder.py:542 [RAG] [REWRITE] 모든 시도 실패, 원본 유지: expected string or bytes-like object, got 'AsyncMock'
ERROR    core.graph_builder:graph_builder.py:124 LLM 호출 중 오류 발생: expected string or bytes-like object, got 'AsyncMock'
WARNING  core.graph_builder:graph_builder.py:542 [RAG] [REWRITE] 모든 시도 실패, 원본 유지: expected string or bytes-like object, got 'AsyncMock'
ERROR    core.graph_builder:graph_builder.py:124 LLM 호출 중 오류 발생: expected string or bytes-like object, got 'AsyncMock'
WARNING  core.graph_builder:graph_builder.py:542 [RAG] [REWRITE] 모든 시도 실패, 원본 유지: expected string or bytes-like object, got 'AsyncMock'
ERROR    core.graph_builder:graph_builder.py:124 LLM 호출 중 오류 발생: expected string or bytes-like object, got 'AsyncMock'
WARNING  core.graph_builder:graph_builder.py:542 [RAG] [REWRITE] 모든 시도 실패, 원본 유지: expected string or bytes-like object, got 'AsyncMock'
ERROR    core.graph_builder:graph_builder.py:124 LLM 호출 중 오류 발생: expected string or bytes-like object, got 'AsyncMock'
WARNING  core.graph_builder:graph_builder.py:542 [RAG] [REWRITE] 모든 시도 실패, 원본 유지: expected string or bytes-like object, got 'AsyncMock'
ERROR    core.graph_builder:graph_builder.py:124 LLM 호출 중 오류 발생: expected string or bytes-like object, got 'AsyncMock'
WARNING  core.graph_builder:graph_builder.py:542 [RAG] [REWRITE] 모든 시도 실패, 원본 유지: expected string or bytes-like object, got 'AsyncMock'
ERROR    core.graph_builder:graph_builder.py:124 LLM 호출 중 오류 발생: expected string or bytes-like object, got 'AsyncMock'
WARNING  core.graph_builder:graph_builder.py:542 [RAG] [REWRITE] 모든 시도 실패, 원본 유지: expected string or bytes-like object, got 'AsyncMock'
ERROR    core.graph_builder:graph_builder.py:124 LLM 호출 중 오류 발생: expected string or bytes-like object, got 'AsyncMock'
WARNING  core.graph_builder:graph_builder.py:542 [RAG] [REWRITE] 모든 시도 실패, 원본 유지: expected string or bytes-like object, got 'AsyncMock'
ERROR    core.graph_builder:graph_builder.py:124 LLM 호출 중 오류 발생: expected string or bytes-like object, got 'AsyncMock'
WARNING  core.graph_builder:graph_builder.py:542 [RAG] [REWRITE] 모든 시도 실패, 원본 유지: expected string or bytes-like object, got 'AsyncMock'
ERROR    core.graph_builder:graph_builder.py:124 LLM 호출 중 오류 발생: expected string or bytes-like object, got 'AsyncMock'
WARNING  core.graph_builder:graph_builder.py:542 [RAG] [REWRITE] 모든 시도 실패, 원본 유지: expected string or bytes-like object, got 'AsyncMock'
ERROR    core.graph_builder:graph_builder.py:124 LLM 호출 중 오류 발생: expected string or bytes-like object, got 'AsyncMock'
WARNING  core.graph_builder:graph_builder.py:542 [RAG] [REWRITE] 모든 시도 실패, 원본 유지: expected string or bytes-like object, got 'AsyncMock'
ERROR    core.graph_builder:graph_builder.py:124 LLM 호출 중 오류 발생: expected string or bytes-like object, got 'AsyncMock'
WARNING  core.graph_builder:graph_builder.py:542 [RAG] [REWRITE] 모든 시도 실패, 원본 유지: expected string or bytes-like object, got 'AsyncMock'
ERROR    core.graph_builder:graph_builder.py:124 LLM 호출 중 오류 발생: expected string or bytes-like object, got 'AsyncMock'
WARNING  core.graph_builder:graph_builder.py:542 [RAG] [REWRITE] 모든 시도 실패, 원본 유지: expected string or bytes-like object, got 'AsyncMock'
ERROR    core.graph_builder:graph_builder.py:124 LLM 호출 중 오류 발생: expected string or bytes-like object, got 'AsyncMock'
WARNING  core.graph_builder:graph_builder.py:542 [RAG] [REWRITE] 모든 시도 실패, 원본 유지: expected string or bytes-like object, got 'AsyncMock'
ERROR    core.graph_builder:graph_builder.py:124 LLM 호출 중 오류 발생: expected string or bytes-like object, got 'AsyncMock'
WARNING  core.graph_builder:graph_builder.py:542 [RAG] [REWRITE] 모든 시도 실패, 원본 유지: expected string or bytes-like object, got 'AsyncMock'
ERROR    core.graph_builder:graph_builder.py:124 LLM 호출 중 오류 발생: expected string or bytes-like object, got 'AsyncMock'
WARNING  core.graph_builder:graph_builder.py:542 [RAG] [REWRITE] 모든 시도 실패, 원본 유지: expected string or bytes-like object, got 'AsyncMock'
ERROR    core.graph_builder:graph_builder.py:124 LLM 호출 중 오류 발생: expected string or bytes-like object, got 'AsyncMock'
WARNING  core.graph_builder:graph_builder.py:542 [RAG] [REWRITE] 모든 시도 실패, 원본 유지: expected string or bytes-like object, got 'AsyncMock'
ERROR    core.graph_builder:graph_builder.py:124 LLM 호출 중 오류 발생: expected string or bytes-like object, got 'AsyncMock'
WARNING  core.graph_builder:graph_builder.py:542 [RAG] [REWRITE] 모든 시도 실패, 원본 유지: expected string or bytes-like object, got 'AsyncMock'
ERROR    core.graph_builder:graph_builder.py:124 LLM 호출 중 오류 발생: expected string or bytes-like object, got 'AsyncMock'
WARNING  core.graph_builder:graph_builder.py:542 [RAG] [REWRITE] 모든 시도 실패, 원본 유지: expected string or bytes-like object, got 'AsyncMock'
ERROR    core.graph_builder:graph_builder.py:124 LLM 호출 중 오류 발생: expected string or bytes-like object, got 'AsyncMock'
WARNING  core.graph_builder:graph_builder.py:542 [RAG] [REWRITE] 모든 시도 실패, 원본 유지: expected string or bytes-like object, got 'AsyncMock'
ERROR    core.graph_builder:graph_builder.py:124 LLM 호출 중 오류 발생: expected string or bytes-like object, got 'AsyncMock'
WARNING  core.graph_builder:graph_builder.py:542 [RAG] [REWRITE] 모든 시도 실패, 원본 유지: expected string or bytes-like object, got 'AsyncMock'
ERROR    core.graph_builder:graph_builder.py:124 LLM 호출 중 오류 발생: expected string or bytes-like object, got 'AsyncMock'
WARNING  core.graph_builder:graph_builder.py:542 [RAG] [REWRITE] 모든 시도 실패, 원본 유지: expected string or bytes-like object, got 'AsyncMock'
ERROR    core.graph_builder:graph_builder.py:124 LLM 호출 중 오류 발생: expected string or bytes-like object, got 'AsyncMock'
WARNING  core.graph_builder:graph_builder.py:542 [RAG] [REWRITE] 모든 시도 실패, 원본 유지: expected string or bytes-like object, got 'AsyncMock'
ERROR    core.graph_builder:graph_builder.py:124 LLM 호출 중 오류 발생: expected string or bytes-like object, got 'AsyncMock'
WARNING  core.graph_builder:graph_builder.py:542 [RAG] [REWRITE] 모든 시도 실패, 원본 유지: expected string or bytes-like object, got 'AsyncMock'
ERROR    core.graph_builder:graph_builder.py:124 LLM 호출 중 오류 발생: expected string or bytes-like object, got 'AsyncMock'
WARNING  core.graph_builder:graph_builder.py:542 [RAG] [REWRITE] 모든 시도 실패, 원본 유지: expected string or bytes-like object, got 'AsyncMock'
ERROR    core.graph_builder:graph_builder.py:124 LLM 호출 중 오류 발생: expected string or bytes-like object, got 'AsyncMock'
WARNING  core.graph_builder:graph_builder.py:542 [RAG] [REWRITE] 모든 시도 실패, 원본 유지: expected string or bytes-like object, got 'AsyncMock'
ERROR    core.graph_builder:graph_builder.py:124 LLM 호출 중 오류 발생: expected string or bytes-like object, got 'AsyncMock'
WARNING  core.graph_builder:graph_builder.py:542 [RAG] [REWRITE] 모든 시도 실패, 원본 유지: expected string or bytes-like object, got 'AsyncMock'
ERROR    core.graph_builder:graph_builder.py:124 LLM 호출 중 오류 발생: expected string or bytes-like object, got 'AsyncMock'
WARNING  core.graph_builder:graph_builder.py:542 [RAG] [REWRITE] 모든 시도 실패, 원본 유지: expected string or bytes-like object, got 'AsyncMock'
ERROR    core.graph_builder:graph_builder.py:124 LLM 호출 중 오류 발생: expected string or bytes-like object, got 'AsyncMock'
WARNING  core.graph_builder:graph_builder.py:542 [RAG] [REWRITE] 모든 시도 실패, 원본 유지: expected string or bytes-like object, got 'AsyncMock'
ERROR    core.graph_builder:graph_builder.py:124 LLM 호출 중 오류 발생: expected string or bytes-like object, got 'AsyncMock'
WARNING  core.graph_builder:graph_builder.py:542 [RAG] [REWRITE] 모든 시도 실패, 원본 유지: expected string or bytes-like object, got 'AsyncMock'
ERROR    core.graph_builder:graph_builder.py:124 LLM 호출 중 오류 발생: expected string or bytes-like object, got 'AsyncMock'
WARNING  core.graph_builder:graph_builder.py:542 [RAG] [REWRITE] 모든 시도 실패, 원본 유지: expected string or bytes-like object, got 'AsyncMock'
ERROR    core.graph_builder:graph_builder.py:124 LLM 호출 중 오류 발생: expected string or bytes-like object, got 'AsyncMock'
WARNING  core.graph_builder:graph_builder.py:542 [RAG] [REWRITE] 모든 시도 실패, 원본 유지: expected string or bytes-like object, got 'AsyncMock'
ERROR    core.graph_builder:graph_builder.py:124 LLM 호출 중 오류 발생: expected string or bytes-like object, got 'AsyncMock'
WARNING  core.graph_builder:graph_builder.py:542 [RAG] [REWRITE] 모든 시도 실패, 원본 유지: expected string or bytes-like object, got 'AsyncMock'
ERROR    core.graph_builder:graph_builder.py:124 LLM 호출 중 오류 발생: expected string or bytes-like object, got 'AsyncMock'
WARNING  core.graph_builder:graph_builder.py:542 [RAG] [REWRITE] 모든 시도 실패, 원본 유지: expected string or bytes-like object, got 'AsyncMock'
ERROR    core.graph_builder:graph_builder.py:124 LLM 호출 중 오류 발생: expected string or bytes-like object, got 'AsyncMock'
WARNING  core.graph_builder:graph_builder.py:542 [RAG] [REWRITE] 모든 시도 실패, 원본 유지: expected string or bytes-like object, got 'AsyncMock'
ERROR    core.graph_builder:graph_builder.py:124 LLM 호출 중 오류 발생: expected string or bytes-like object, got 'AsyncMock'
WARNING  core.graph_builder:graph_builder.py:542 [RAG] [REWRITE] 모든 시도 실패, 원본 유지: expected string or bytes-like object, got 'AsyncMock'
ERROR    core.graph_builder:graph_builder.py:124 LLM 호출 중 오류 발생: expected string or bytes-like object, got 'AsyncMock'
WARNING  core.graph_builder:graph_builder.py:542 [RAG] [REWRITE] 모든 시도 실패, 원본 유지: expected string or bytes-like object, got 'AsyncMock'
ERROR    core.graph_builder:graph_builder.py:124 LLM 호출 중 오류 발생: expected string or bytes-like object, got 'AsyncMock'
WARNING  core.graph_builder:graph_builder.py:542 [RAG] [REWRITE] 모든 시도 실패, 원본 유지: expected string or bytes-like object, got 'AsyncMock'
ERROR    core.graph_builder:graph_builder.py:124 LLM 호출 중 오류 발생: expected string or bytes-like object, got 'AsyncMock'
WARNING  core.graph_builder:graph_builder.py:542 [RAG] [REWRITE] 모든 시도 실패, 원본 유지: expected string or bytes-like object, got 'AsyncMock'
ERROR    core.graph_builder:graph_builder.py:124 LLM 호출 중 오류 발생: expected string or bytes-like object, got 'AsyncMock'
WARNING  core.graph_builder:graph_builder.py:542 [RAG] [REWRITE] 모든 시도 실패, 원본 유지: expected string or bytes-like object, got 'AsyncMock'
ERROR    core.graph_builder:graph_builder.py:124 LLM 호출 중 오류 발생: expected string or bytes-like object, got 'AsyncMock'
WARNING  core.graph_builder:graph_builder.py:542 [RAG] [REWRITE] 모든 시도 실패, 원본 유지: expected string or bytes-like object, got 'AsyncMock'
ERROR    core.graph_builder:graph_builder.py:124 LLM 호출 중 오류 발생: expected string or bytes-like object, got 'AsyncMock'
WARNING  core.graph_builder:graph_builder.py:542 [RAG] [REWRITE] 모든 시도 실패, 원본 유지: expected string or bytes-like object, got 'AsyncMock'
ERROR    core.graph_builder:graph_builder.py:124 LLM 호출 중 오류 발생: expected string or bytes-like object, got 'AsyncMock'
WARNING  core.graph_builder:graph_builder.py:542 [RAG] [REWRITE] 모든 시도 실패, 원본 유지: expected string or bytes-like object, got 'AsyncMock'
ERROR    core.graph_builder:graph_builder.py:124 LLM 호출 중 오류 발생: expected string or bytes-like object, got 'AsyncMock'
WARNING  core.graph_builder:graph_builder.py:542 [RAG] [REWRITE] 모든 시도 실패, 원본 유지: expected string or bytes-like object, got 'AsyncMock'
ERROR    core.graph_builder:graph_builder.py:124 LLM 호출 중 오류 발생: expected string or bytes-like object, got 'AsyncMock'
WARNING  core.graph_builder:graph_builder.py:542 [RAG] [REWRITE] 모든 시도 실패, 원본 유지: expected string or bytes-like object, got 'AsyncMock'
ERROR    core.graph_builder:graph_builder.py:124 LLM 호출 중 오류 발생: expected string or bytes-like object, got 'AsyncMock'
WARNING  core.graph_builder:graph_builder.py:542 [RAG] [REWRITE] 모든 시도 실패, 원본 유지: expected string or bytes-like object, got 'AsyncMock'
ERROR    core.graph_builder:graph_builder.py:124 LLM 호출 중 오류 발생: expected string or bytes-like object, got 'AsyncMock'
WARNING  core.graph_builder:graph_builder.py:542 [RAG] [REWRITE] 모든 시도 실패, 원본 유지: expected string or bytes-like object, got 'AsyncMock'
ERROR    core.graph_builder:graph_builder.py:124 LLM 호출 중 오류 발생: expected string or bytes-like object, got 'AsyncMock'
WARNING  core.graph_builder:graph_builder.py:542 [RAG] [REWRITE] 모든 시도 실패, 원본 유지: expected string or bytes-like object, got 'AsyncMock'
ERROR    core.graph_builder:graph_builder.py:124 LLM 호출 중 오류 발생: expected string or bytes-like object, got 'AsyncMock'
WARNING  core.graph_builder:graph_builder.py:542 [RAG] [REWRITE] 모든 시도 실패, 원본 유지: expected string or bytes-like object, got 'AsyncMock'
ERROR    core.graph_builder:graph_builder.py:124 LLM 호출 중 오류 발생: expected string or bytes-like object, got 'AsyncMock'
WARNING  core.graph_builder:graph_builder.py:542 [RAG] [REWRITE] 모든 시도 실패, 원본 유지: expected string or bytes-like object, got 'AsyncMock'
ERROR    core.graph_builder:graph_builder.py:124 LLM 호출 중 오류 발생: expected string or bytes-like object, got 'AsyncMock'
WARNING  core.graph_builder:graph_builder.py:542 [RAG] [REWRITE] 모든 시도 실패, 원본 유지: expected string or bytes-like object, got 'AsyncMock'
ERROR    core.graph_builder:graph_builder.py:124 LLM 호출 중 오류 발생: expected string or bytes-like object, got 'AsyncMock'
WARNING  core.graph_builder:graph_builder.py:542 [RAG] [REWRITE] 모든 시도 실패, 원본 유지: expected string or bytes-like object, got 'AsyncMock'
ERROR    core.graph_builder:graph_builder.py:124 LLM 호출 중 오류 발생: expected string or bytes-like object, got 'AsyncMock'
WARNING  core.graph_builder:graph_builder.py:542 [RAG] [REWRITE] 모든 시도 실패, 원본 유지: expected string or bytes-like object, got 'AsyncMock'
ERROR    core.graph_builder:graph_builder.py:124 LLM 호출 중 오류 발생: expected string or bytes-like object, got 'AsyncMock'
WARNING  core.graph_builder:graph_builder.py:542 [RAG] [REWRITE] 모든 시도 실패, 원본 유지: expected string or bytes-like object, got 'AsyncMock'
ERROR    core.graph_builder:graph_builder.py:124 LLM 호출 중 오류 발생: expected string or bytes-like object, got 'AsyncMock'
WARNING  core.graph_builder:graph_builder.py:542 [RAG] [REWRITE] 모든 시도 실패, 원본 유지: expected string or bytes-like object, got 'AsyncMock'
ERROR    core.graph_builder:graph_builder.py:124 LLM 호출 중 오류 발생: expected string or bytes-like object, got 'AsyncMock'
WARNING  core.graph_builder:graph_builder.py:542 [RAG] [REWRITE] 모든 시도 실패, 원본 유지: expected string or bytes-like object, got 'AsyncMock'
ERROR    core.graph_builder:graph_builder.py:124 LLM 호출 중 오류 발생: expected string or bytes-like object, got 'AsyncMock'
WARNING  core.graph_builder:graph_builder.py:542 [RAG] [REWRITE] 모든 시도 실패, 원본 유지: expected string or bytes-like object, got 'AsyncMock'
ERROR    core.graph_builder:graph_builder.py:124 LLM 호출 중 오류 발생: expected string or bytes-like object, got 'AsyncMock'
WARNING  core.graph_builder:graph_builder.py:542 [RAG] [REWRITE] 모든 시도 실패, 원본 유지: expected string or bytes-like object, got 'AsyncMock'
ERROR    core.graph_builder:graph_builder.py:124 LLM 호출 중 오류 발생: expected string or bytes-like object, got 'AsyncMock'
WARNING  core.graph_builder:graph_builder.py:542 [RAG] [REWRITE] 모든 시도 실패, 원본 유지: expected string or bytes-like object, got 'AsyncMock'
ERROR    core.graph_builder:graph_builder.py:124 LLM 호출 중 오류 발생: expected string or bytes-like object, got 'AsyncMock'
WARNING  core.graph_builder:graph_builder.py:542 [RAG] [REWRITE] 모든 시도 실패, 원본 유지: expected string or bytes-like object, got 'AsyncMock'
ERROR    core.graph_builder:graph_builder.py:124 LLM 호출 중 오류 발생: expected string or bytes-like object, got 'AsyncMock'
WARNING  core.graph_builder:graph_builder.py:542 [RAG] [REWRITE] 모든 시도 실패, 원본 유지: expected string or bytes-like object, got 'AsyncMock'
ERROR    core.graph_builder:graph_builder.py:124 LLM 호출 중 오류 발생: expected string or bytes-like object, got 'AsyncMock'
WARNING  core.graph_builder:graph_builder.py:542 [RAG] [REWRITE] 모든 시도 실패, 원본 유지: expected string or bytes-like object, got 'AsyncMock'
ERROR    core.graph_builder:graph_builder.py:124 LLM 호출 중 오류 발생: expected string or bytes-like object, got 'AsyncMock'
WARNING  core.graph_builder:graph_builder.py:542 [RAG] [REWRITE] 모든 시도 실패, 원본 유지: expected string or bytes-like object, got 'AsyncMock'
ERROR    core.graph_builder:graph_builder.py:124 LLM 호출 중 오류 발생: expected string or bytes-like object, got 'AsyncMock'
WARNING  core.graph_builder:graph_builder.py:542 [RAG] [REWRITE] 모든 시도 실패, 원본 유지: expected string or bytes-like object, got 'AsyncMock'
ERROR    core.graph_builder:graph_builder.py:124 LLM 호출 중 오류 발생: expected string or bytes-like object, got 'AsyncMock'
WARNING  core.graph_builder:graph_builder.py:542 [RAG] [REWRITE] 모든 시도 실패, 원본 유지: expected string or bytes-like object, got 'AsyncMock'
ERROR    core.graph_builder:graph_builder.py:124 LLM 호출 중 오류 발생: expected string or bytes-like object, got 'AsyncMock'
WARNING  core.graph_builder:graph_builder.py:542 [RAG] [REWRITE] 모든 시도 실패, 원본 유지: expected string or bytes-like object, got 'AsyncMock'
ERROR    core.graph_builder:graph_builder.py:124 LLM 호출 중 오류 발생: expected string or bytes-like object, got 'AsyncMock'
WARNING  core.graph_builder:graph_builder.py:542 [RAG] [REWRITE] 모든 시도 실패, 원본 유지: expected string or bytes-like object, got 'AsyncMock'
ERROR    core.graph_builder:graph_builder.py:124 LLM 호출 중 오류 발생: expected string or bytes-like object, got 'AsyncMock'
WARNING  core.graph_builder:graph_builder.py:542 [RAG] [REWRITE] 모든 시도 실패, 원본 유지: expected string or bytes-like object, got 'AsyncMock'
ERROR    core.graph_builder:graph_builder.py:124 LLM 호출 중 오류 발생: expected string or bytes-like object, got 'AsyncMock'
WARNING  core.graph_builder:graph_builder.py:542 [RAG] [REWRITE] 모든 시도 실패, 원본 유지: expected string or bytes-like object, got 'AsyncMock'
ERROR    core.graph_builder:graph_builder.py:124 LLM 호출 중 오류 발생: expected string or bytes-like object, got 'AsyncMock'
WARNING  core.graph_builder:graph_builder.py:542 [RAG] [REWRITE] 모든 시도 실패, 원본 유지: expected string or bytes-like object, got 'AsyncMock'
ERROR    core.graph_builder:graph_builder.py:124 LLM 호출 중 오류 발생: expected string or bytes-like object, got 'AsyncMock'
WARNING  core.graph_builder:graph_builder.py:542 [RAG] [REWRITE] 모든 시도 실패, 원본 유지: expected string or bytes-like object, got 'AsyncMock'
ERROR    core.graph_builder:graph_builder.py:124 LLM 호출 중 오류 발생: expected string or bytes-like object, got 'AsyncMock'
WARNING  core.graph_builder:graph_builder.py:542 [RAG] [REWRITE] 모든 시도 실패, 원본 유지: expected string or bytes-like object, got 'AsyncMock'
ERROR    core.graph_builder:graph_builder.py:124 LLM 호출 중 오류 발생: expected string or bytes-like object, got 'AsyncMock'
WARNING  core.graph_builder:graph_builder.py:542 [RAG] [REWRITE] 모든 시도 실패, 원본 유지: expected string or bytes-like object, got 'AsyncMock'
ERROR    core.graph_builder:graph_builder.py:124 LLM 호출 중 오류 발생: expected string or bytes-like object, got 'AsyncMock'
WARNING  core.graph_builder:graph_builder.py:542 [RAG] [REWRITE] 모든 시도 실패, 원본 유지: expected string or bytes-like object, got 'AsyncMock'
ERROR    core.graph_builder:graph_builder.py:124 LLM 호출 중 오류 발생: expected string or bytes-like object, got 'AsyncMock'
WARNING  core.graph_builder:graph_builder.py:542 [RAG] [REWRITE] 모든 시도 실패, 원본 유지: expected string or bytes-like object, got 'AsyncMock'
ERROR    core.graph_builder:graph_builder.py:124 LLM 호출 중 오류 발생: expected string or bytes-like object, got 'AsyncMock'
WARNING  core.graph_builder:graph_builder.py:542 [RAG] [REWRITE] 모든 시도 실패, 원본 유지: expected string or bytes-like object, got 'AsyncMock'
ERROR    core.graph_builder:graph_builder.py:124 LLM 호출 중 오류 발생: expected string or bytes-like object, got 'AsyncMock'
WARNING  core.graph_builder:graph_builder.py:542 [RAG] [REWRITE] 모든 시도 실패, 원본 유지: expected string or bytes-like object, got 'AsyncMock'
ERROR    core.graph_builder:graph_builder.py:124 LLM 호출 중 오류 발생: expected string or bytes-like object, got 'AsyncMock'
WARNING  core.graph_builder:graph_builder.py:542 [RAG] [REWRITE] 모든 시도 실패, 원본 유지: expected string or bytes-like object, got 'AsyncMock'
ERROR    core.graph_builder:graph_builder.py:124 LLM 호출 중 오류 발생: expected string or bytes-like object, got 'AsyncMock'
WARNING  core.graph_builder:graph_builder.py:542 [RAG] [REWRITE] 모든 시도 실패, 원본 유지: expected string or bytes-like object, got 'AsyncMock'
ERROR    core.graph_builder:graph_builder.py:124 LLM 호출 중 오류 발생: expected string or bytes-like object, got 'AsyncMock'
WARNING  core.graph_builder:graph_builder.py:542 [RAG] [REWRITE] 모든 시도 실패, 원본 유지: expected string or bytes-like object, got 'AsyncMock'
ERROR    core.graph_builder:graph_builder.py:124 LLM 호출 중 오류 발생: expected string or bytes-like object, got 'AsyncMock'
WARNING  core.graph_builder:graph_builder.py:542 [RAG] [REWRITE] 모든 시도 실패, 원본 유지: expected string or bytes-like object, got 'AsyncMock'
ERROR    core.graph_builder:graph_builder.py:124 LLM 호출 중 오류 발생: expected string or bytes-like object, got 'AsyncMock'
WARNING  core.graph_builder:graph_builder.py:542 [RAG] [REWRITE] 모든 시도 실패, 원본 유지: expected string or bytes-like object, got 'AsyncMock'
ERROR    core.graph_builder:graph_builder.py:124 LLM 호출 중 오류 발생: expected string or bytes-like object, got 'AsyncMock'
WARNING  core.graph_builder:graph_builder.py:542 [RAG] [REWRITE] 모든 시도 실패, 원본 유지: expected string or bytes-like object, got 'AsyncMock'
ERROR    core.graph_builder:graph_builder.py:124 LLM 호출 중 오류 발생: expected string or bytes-like object, got 'AsyncMock'
WARNING  core.graph_builder:graph_builder.py:542 [RAG] [REWRITE] 모든 시도 실패, 원본 유지: expected string or bytes-like object, got 'AsyncMock'
ERROR    core.graph_builder:graph_builder.py:124 LLM 호출 중 오류 발생: expected string or bytes-like object, got 'AsyncMock'
WARNING  core.graph_builder:graph_builder.py:542 [RAG] [REWRITE] 모든 시도 실패, 원본 유지: expected string or bytes-like object, got 'AsyncMock'
ERROR    core.graph_builder:graph_builder.py:124 LLM 호출 중 오류 발생: expected string or bytes-like object, got 'AsyncMock'
WARNING  core.graph_builder:graph_builder.py:542 [RAG] [REWRITE] 모든 시도 실패, 원본 유지: expected string or bytes-like object, got 'AsyncMock'
ERROR    core.graph_builder:graph_builder.py:124 LLM 호출 중 오류 발생: expected string or bytes-like object, got 'AsyncMock'
WARNING  core.graph_builder:graph_builder.py:542 [RAG] [REWRITE] 모든 시도 실패, 원본 유지: expected string or bytes-like object, got 'AsyncMock'
ERROR    core.graph_builder:graph_builder.py:124 LLM 호출 중 오류 발생: expected string or bytes-like object, got 'AsyncMock'
WARNING  core.graph_builder:graph_builder.py:542 [RAG] [REWRITE] 모든 시도 실패, 원본 유지: expected string or bytes-like object, got 'AsyncMock'
ERROR    core.graph_builder:graph_builder.py:124 LLM 호출 중 오류 발생: expected string or bytes-like object, got 'AsyncMock'
WARNING  core.graph_builder:graph_builder.py:542 [RAG] [REWRITE] 모든 시도 실패, 원본 유지: expected string or bytes-like object, got 'AsyncMock'
ERROR    core.graph_builder:graph_builder.py:124 LLM 호출 중 오류 발생: expected string or bytes-like object, got 'AsyncMock'
WARNING  core.graph_builder:graph_builder.py:542 [RAG] [REWRITE] 모든 시도 실패, 원본 유지: expected string or bytes-like object, got 'AsyncMock'
ERROR    core.graph_builder:graph_builder.py:124 LLM 호출 중 오류 발생: expected string or bytes-like object, got 'AsyncMock'
WARNING  core.graph_builder:graph_builder.py:542 [RAG] [REWRITE] 모든 시도 실패, 원본 유지: expected string or bytes-like object, got 'AsyncMock'
ERROR    core.graph_builder:graph_builder.py:124 LLM 호출 중 오류 발생: expected string or bytes-like object, got 'AsyncMock'
WARNING  core.graph_builder:graph_builder.py:542 [RAG] [REWRITE] 모든 시도 실패, 원본 유지: expected string or bytes-like object, got 'AsyncMock'
ERROR    core.graph_builder:graph_builder.py:124 LLM 호출 중 오류 발생: expected string or bytes-like object, got 'AsyncMock'
WARNING  core.graph_builder:graph_builder.py:542 [RAG] [REWRITE] 모든 시도 실패, 원본 유지: expected string or bytes-like object, got 'AsyncMock'
ERROR    core.graph_builder:graph_builder.py:124 LLM 호출 중 오류 발생: expected string or bytes-like object, got 'AsyncMock'
WARNING  core.graph_builder:graph_builder.py:542 [RAG] [REWRITE] 모든 시도 실패, 원본 유지: expected string or bytes-like object, got 'AsyncMock'
ERROR    core.graph_builder:graph_builder.py:124 LLM 호출 중 오류 발생: expected string or bytes-like object, got 'AsyncMock'
WARNING  core.graph_builder:graph_builder.py:542 [RAG] [REWRITE] 모든 시도 실패, 원본 유지: expected string or bytes-like object, got 'AsyncMock'
ERROR    core.graph_builder:graph_builder.py:124 LLM 호출 중 오류 발생: expected string or bytes-like object, got 'AsyncMock'
WARNING  core.graph_builder:graph_builder.py:542 [RAG] [REWRITE] 모든 시도 실패, 원본 유지: expected string or bytes-like object, got 'AsyncMock'
ERROR    core.graph_builder:graph_builder.py:124 LLM 호출 중 오류 발생: expected string or bytes-like object, got 'AsyncMock'
WARNING  core.graph_builder:graph_builder.py:542 [RAG] [REWRITE] 모든 시도 실패, 원본 유지: expected string or bytes-like object, got 'AsyncMock'
ERROR    core.graph_builder:graph_builder.py:124 LLM 호출 중 오류 발생: expected string or bytes-like object, got 'AsyncMock'
WARNING  core.graph_builder:graph_builder.py:542 [RAG] [REWRITE] 모든 시도 실패, 원본 유지: expected string or bytes-like object, got 'AsyncMock'
ERROR    core.graph_builder:graph_builder.py:124 LLM 호출 중 오류 발생: expected string or bytes-like object, got 'AsyncMock'
WARNING  core.graph_builder:graph_builder.py:542 [RAG] [REWRITE] 모든 시도 실패, 원본 유지: expected string or bytes-like object, got 'AsyncMock'
ERROR    core.graph_builder:graph_builder.py:124 LLM 호출 중 오류 발생: expected string or bytes-like object, got 'AsyncMock'
WARNING  core.graph_builder:graph_builder.py:542 [RAG] [REWRITE] 모든 시도 실패, 원본 유지: expected string or bytes-like object, got 'AsyncMock'
ERROR    core.graph_builder:graph_builder.py:124 LLM 호출 중 오류 발생: expected string or bytes-like object, got 'AsyncMock'
WARNING  core.graph_builder:graph_builder.py:542 [RAG] [REWRITE] 모든 시도 실패, 원본 유지: expected string or bytes-like object, got 'AsyncMock'
ERROR    core.graph_builder:graph_builder.py:124 LLM 호출 중 오류 발생: expected string or bytes-like object, got 'AsyncMock'
WARNING  core.graph_builder:graph_builder.py:542 [RAG] [REWRITE] 모든 시도 실패, 원본 유지: expected string or bytes-like object, got 'AsyncMock'
ERROR    core.graph_builder:graph_builder.py:124 LLM 호출 중 오류 발생: expected string or bytes-like object, got 'AsyncMock'
WARNING  core.graph_builder:graph_builder.py:542 [RAG] [REWRITE] 모든 시도 실패, 원본 유지: expected string or bytes-like object, got 'AsyncMock'
ERROR    core.graph_builder:graph_builder.py:124 LLM 호출 중 오류 발생: expected string or bytes-like object, got 'AsyncMock'
WARNING  core.graph_builder:graph_builder.py:542 [RAG] [REWRITE] 모든 시도 실패, 원본 유지: expected string or bytes-like object, got 'AsyncMock'
ERROR    core.graph_builder:graph_builder.py:124 LLM 호출 중 오류 발생: expected string or bytes-like object, got 'AsyncMock'
WARNING  core.graph_builder:graph_builder.py:542 [RAG] [REWRITE] 모든 시도 실패, 원본 유지: expected string or bytes-like object, got 'AsyncMock'
ERROR    core.graph_builder:graph_builder.py:124 LLM 호출 중 오류 발생: expected string or bytes-like object, got 'AsyncMock'
WARNING  core.graph_builder:graph_builder.py:542 [RAG] [REWRITE] 모든 시도 실패, 원본 유지: expected string or bytes-like object, got 'AsyncMock'
ERROR    core.graph_builder:graph_builder.py:124 LLM 호출 중 오류 발생: expected string or bytes-like object, got 'AsyncMock'
WARNING  core.graph_builder:graph_builder.py:542 [RAG] [REWRITE] 모든 시도 실패, 원본 유지: expected string or bytes-like object, got 'AsyncMock'
ERROR    core.graph_builder:graph_builder.py:124 LLM 호출 중 오류 발생: expected string or bytes-like object, got 'AsyncMock'
WARNING  core.graph_builder:graph_builder.py:542 [RAG] [REWRITE] 모든 시도 실패, 원본 유지: expected string or bytes-like object, got 'AsyncMock'
ERROR    core.graph_builder:graph_builder.py:124 LLM 호출 중 오류 발생: expected string or bytes-like object, got 'AsyncMock'
WARNING  core.graph_builder:graph_builder.py:542 [RAG] [REWRITE] 모든 시도 실패, 원본 유지: expected string or bytes-like object, got 'AsyncMock'
ERROR    core.graph_builder:graph_builder.py:124 LLM 호출 중 오류 발생: expected string or bytes-like object, got 'AsyncMock'
WARNING  core.graph_builder:graph_builder.py:542 [RAG] [REWRITE] 모든 시도 실패, 원본 유지: expected string or bytes-like object, got 'AsyncMock'
ERROR    core.graph_builder:graph_builder.py:124 LLM 호출 중 오류 발생: expected string or bytes-like object, got 'AsyncMock'
WARNING  core.graph_builder:graph_builder.py:542 [RAG] [REWRITE] 모든 시도 실패, 원본 유지: expected string or bytes-like object, got 'AsyncMock'
ERROR    core.graph_builder:graph_builder.py:124 LLM 호출 중 오류 발생: expected string or bytes-like object, got 'AsyncMock'
WARNING  core.graph_builder:graph_builder.py:542 [RAG] [REWRITE] 모든 시도 실패, 원본 유지: expected string or bytes-like object, got 'AsyncMock'
ERROR    core.graph_builder:graph_builder.py:124 LLM 호출 중 오류 발생: expected string or bytes-like object, got 'AsyncMock'
WARNING  core.graph_builder:graph_builder.py:542 [RAG] [REWRITE] 모든 시도 실패, 원본 유지: expected string or bytes-like object, got 'AsyncMock'
ERROR    core.graph_builder:graph_builder.py:124 LLM 호출 중 오류 발생: expected string or bytes-like object, got 'AsyncMock'
WARNING  core.graph_builder:graph_builder.py:542 [RAG] [REWRITE] 모든 시도 실패, 원본 유지: expected string or bytes-like object, got 'AsyncMock'
ERROR    core.graph_builder:graph_builder.py:124 LLM 호출 중 오류 발생: expected string or bytes-like object, got 'AsyncMock'
WARNING  core.graph_builder:graph_builder.py:542 [RAG] [REWRITE] 모든 시도 실패, 원본 유지: expected string or bytes-like object, got 'AsyncMock'
ERROR    core.graph_builder:graph_builder.py:124 LLM 호출 중 오류 발생: expected string or bytes-like object, got 'AsyncMock'
WARNING  core.graph_builder:graph_builder.py:542 [RAG] [REWRITE] 모든 시도 실패, 원본 유지: expected string or bytes-like object, got 'AsyncMock'
ERROR    core.graph_builder:graph_builder.py:124 LLM 호출 중 오류 발생: expected string or bytes-like object, got 'AsyncMock'
WARNING  core.graph_builder:graph_builder.py:542 [RAG] [REWRITE] 모든 시도 실패, 원본 유지: expected string or bytes-like object, got 'AsyncMock'
ERROR    core.graph_builder:graph_builder.py:124 LLM 호출 중 오류 발생: expected string or bytes-like object, got 'AsyncMock'
WARNING  core.graph_builder:graph_builder.py:542 [RAG] [REWRITE] 모든 시도 실패, 원본 유지: expected string or bytes-like object, got 'AsyncMock'
ERROR    core.graph_builder:graph_builder.py:124 LLM 호출 중 오류 발생: expected string or bytes-like object, got 'AsyncMock'
WARNING  core.graph_builder:graph_builder.py:542 [RAG] [REWRITE] 모든 시도 실패, 원본 유지: expected string or bytes-like object, got 'AsyncMock'
ERROR    core.graph_builder:graph_builder.py:124 LLM 호출 중 오류 발생: expected string or bytes-like object, got 'AsyncMock'
WARNING  core.graph_builder:graph_builder.py:542 [RAG] [REWRITE] 모든 시도 실패, 원본 유지: expected string or bytes-like object, got 'AsyncMock'
ERROR    core.graph_builder:graph_builder.py:124 LLM 호출 중 오류 발생: expected string or bytes-like object, got 'AsyncMock'
WARNING  core.graph_builder:graph_builder.py:542 [RAG] [REWRITE] 모든 시도 실패, 원본 유지: expected string or bytes-like object, got 'AsyncMock'
ERROR    core.graph_builder:graph_builder.py:124 LLM 호출 중 오류 발생: expected string or bytes-like object, got 'AsyncMock'
WARNING  core.graph_builder:graph_builder.py:542 [RAG] [REWRITE] 모든 시도 실패, 원본 유지: expected string or bytes-like object, got 'AsyncMock'
ERROR    core.graph_builder:graph_builder.py:124 LLM 호출 중 오류 발생: expected string or bytes-like object, got 'AsyncMock'
WARNING  core.graph_builder:graph_builder.py:542 [RAG] [REWRITE] 모든 시도 실패, 원본 유지: expected string or bytes-like object, got 'AsyncMock'
ERROR    core.graph_builder:graph_builder.py:124 LLM 호출 중 오류 발생: expected string or bytes-like object, got 'AsyncMock'
WARNING  core.graph_builder:graph_builder.py:542 [RAG] [REWRITE] 모든 시도 실패, 원본 유지: expected string or bytes-like object, got 'AsyncMock'
ERROR    core.graph_builder:graph_builder.py:124 LLM 호출 중 오류 발생: expected string or bytes-like object, got 'AsyncMock'
WARNING  core.graph_builder:graph_builder.py:542 [RAG] [REWRITE] 모든 시도 실패, 원본 유지: expected string or bytes-like object, got 'AsyncMock'
ERROR    core.graph_builder:graph_builder.py:124 LLM 호출 중 오류 발생: expected string or bytes-like object, got 'AsyncMock'
WARNING  core.graph_builder:graph_builder.py:542 [RAG] [REWRITE] 모든 시도 실패, 원본 유지: expected string or bytes-like object, got 'AsyncMock'
ERROR    core.graph_builder:graph_builder.py:124 LLM 호출 중 오류 발생: expected string or bytes-like object, got 'AsyncMock'
WARNING  core.graph_builder:graph_builder.py:542 [RAG] [REWRITE] 모든 시도 실패, 원본 유지: expected string or bytes-like object, got 'AsyncMock'
ERROR    core.graph_builder:graph_builder.py:124 LLM 호출 중 오류 발생: expected string or bytes-like object, got 'AsyncMock'
WARNING  core.graph_builder:graph_builder.py:542 [RAG] [REWRITE] 모든 시도 실패, 원본 유지: expected string or bytes-like object, got 'AsyncMock'
ERROR    core.graph_builder:graph_builder.py:124 LLM 호출 중 오류 발생: expected string or bytes-like object, got 'AsyncMock'
WARNING  core.graph_builder:graph_builder.py:542 [RAG] [REWRITE] 모든 시도 실패, 원본 유지: expected string or bytes-like object, got 'AsyncMock'
ERROR    core.graph_builder:graph_builder.py:124 LLM 호출 중 오류 발생: expected string or bytes-like object, got 'AsyncMock'
WARNING  core.graph_builder:graph_builder.py:542 [RAG] [REWRITE] 모든 시도 실패, 원본 유지: expected string or bytes-like object, got 'AsyncMock'
ERROR    core.graph_builder:graph_builder.py:124 LLM 호출 중 오류 발생: expected string or bytes-like object, got 'AsyncMock'
WARNING  core.graph_builder:graph_builder.py:542 [RAG] [REWRITE] 모든 시도 실패, 원본 유지: expected string or bytes-like object, got 'AsyncMock'
ERROR    core.graph_builder:graph_builder.py:124 LLM 호출 중 오류 발생: expected string or bytes-like object, got 'AsyncMock'
WARNING  core.graph_builder:graph_builder.py:542 [RAG] [REWRITE] 모든 시도 실패, 원본 유지: expected string or bytes-like object, got 'AsyncMock'
ERROR    core.graph_builder:graph_builder.py:124 LLM 호출 중 오류 발생: expected string or bytes-like object, got 'AsyncMock'
WARNING  core.graph_builder:graph_builder.py:542 [RAG] [REWRITE] 모든 시도 실패, 원본 유지: expected string or bytes-like object, got 'AsyncMock'
ERROR    core.graph_builder:graph_builder.py:124 LLM 호출 중 오류 발생: expected string or bytes-like object, got 'AsyncMock'
WARNING  core.graph_builder:graph_builder.py:542 [RAG] [REWRITE] 모든 시도 실패, 원본 유지: expected string or bytes-like object, got 'AsyncMock'
ERROR    core.graph_builder:graph_builder.py:124 LLM 호출 중 오류 발생: expected string or bytes-like object, got 'AsyncMock'
WARNING  core.graph_builder:graph_builder.py:542 [RAG] [REWRITE] 모든 시도 실패, 원본 유지: expected string or bytes-like object, got 'AsyncMock'
ERROR    core.graph_builder:graph_builder.py:124 LLM 호출 중 오류 발생: expected string or bytes-like object, got 'AsyncMock'
WARNING  core.graph_builder:graph_builder.py:542 [RAG] [REWRITE] 모든 시도 실패, 원본 유지: expected string or bytes-like object, got 'AsyncMock'
ERROR    core.graph_builder:graph_builder.py:124 LLM 호출 중 오류 발생: expected string or bytes-like object, got 'AsyncMock'
WARNING  core.graph_builder:graph_builder.py:542 [RAG] [REWRITE] 모든 시도 실패, 원본 유지: expected string or bytes-like object, got 'AsyncMock'
ERROR    core.graph_builder:graph_builder.py:124 LLM 호출 중 오류 발생: expected string or bytes-like object, got 'AsyncMock'
WARNING  core.graph_builder:graph_builder.py:542 [RAG] [REWRITE] 모든 시도 실패, 원본 유지: expected string or bytes-like object, got 'AsyncMock'
ERROR    core.graph_builder:graph_builder.py:124 LLM 호출 중 오류 발생: expected string or bytes-like object, got 'AsyncMock'
WARNING  core.graph_builder:graph_builder.py:542 [RAG] [REWRITE] 모든 시도 실패, 원본 유지: expected string or bytes-like object, got 'AsyncMock'
ERROR    core.graph_builder:graph_builder.py:124 LLM 호출 중 오류 발생: expected string or bytes-like object, got 'AsyncMock'
WARNING  core.graph_builder:graph_builder.py:542 [RAG] [REWRITE] 모든 시도 실패, 원본 유지: expected string or bytes-like object, got 'AsyncMock'
ERROR    core.graph_builder:graph_builder.py:124 LLM 호출 중 오류 발생: expected string or bytes-like object, got 'AsyncMock'
WARNING  core.graph_builder:graph_builder.py:542 [RAG] [REWRITE] 모든 시도 실패, 원본 유지: expected string or bytes-like object, got 'AsyncMock'
ERROR    core.graph_builder:graph_builder.py:124 LLM 호출 중 오류 발생: expected string or bytes-like object, got 'AsyncMock'
WARNING  core.graph_builder:graph_builder.py:542 [RAG] [REWRITE] 모든 시도 실패, 원본 유지: expected string or bytes-like object, got 'AsyncMock'
ERROR    core.graph_builder:graph_builder.py:124 LLM 호출 중 오류 발생: expected string or bytes-like object, got 'AsyncMock'
WARNING  core.graph_builder:graph_builder.py:542 [RAG] [REWRITE] 모든 시도 실패, 원본 유지: expected string or bytes-like object, got 'AsyncMock'
ERROR    core.graph_builder:graph_builder.py:124 LLM 호출 중 오류 발생: expected string or bytes-like object, got 'AsyncMock'
WARNING  core.graph_builder:graph_builder.py:542 [RAG] [REWRITE] 모든 시도 실패, 원본 유지: expected string or bytes-like object, got 'AsyncMock'
ERROR    core.graph_builder:graph_builder.py:124 LLM 호출 중 오류 발생: expected string or bytes-like object, got 'AsyncMock'
WARNING  core.graph_builder:graph_builder.py:542 [RAG] [REWRITE] 모든 시도 실패, 원본 유지: expected string or bytes-like object, got 'AsyncMock'
ERROR    core.graph_builder:graph_builder.py:124 LLM 호출 중 오류 발생: expected string or bytes-like object, got 'AsyncMock'
WARNING  core.graph_builder:graph_builder.py:542 [RAG] [REWRITE] 모든 시도 실패, 원본 유지: expected string or bytes-like object, got 'AsyncMock'
ERROR    core.graph_builder:graph_builder.py:124 LLM 호출 중 오류 발생: expected string or bytes-like object, got 'AsyncMock'
WARNING  core.graph_builder:graph_builder.py:542 [RAG] [REWRITE] 모든 시도 실패, 원본 유지: expected string or bytes-like object, got 'AsyncMock'
ERROR    core.graph_builder:graph_builder.py:124 LLM 호출 중 오류 발생: expected string or bytes-like object, got 'AsyncMock'
WARNING  core.graph_builder:graph_builder.py:542 [RAG] [REWRITE] 모든 시도 실패, 원본 유지: expected string or bytes-like object, got 'AsyncMock'
ERROR    core.graph_builder:graph_builder.py:124 LLM 호출 중 오류 발생: expected string or bytes-like object, got 'AsyncMock'
WARNING  core.graph_builder:graph_builder.py:542 [RAG] [REWRITE] 모든 시도 실패, 원본 유지: expected string or bytes-like object, got 'AsyncMock'
ERROR    core.graph_builder:graph_builder.py:124 LLM 호출 중 오류 발생: expected string or bytes-like object, got 'AsyncMock'
WARNING  core.graph_builder:graph_builder.py:542 [RAG] [REWRITE] 모든 시도 실패, 원본 유지: expected string or bytes-like object, got 'AsyncMock'
ERROR    core.graph_builder:graph_builder.py:124 LLM 호출 중 오류 발생: expected string or bytes-like object, got 'AsyncMock'
WARNING  core.graph_builder:graph_builder.py:542 [RAG] [REWRITE] 모든 시도 실패, 원본 유지: expected string or bytes-like object, got 'AsyncMock'
ERROR    core.graph_builder:graph_builder.py:124 LLM 호출 중 오류 발생: expected string or bytes-like object, got 'AsyncMock'
WARNING  core.graph_builder:graph_builder.py:542 [RAG] [REWRITE] 모든 시도 실패, 원본 유지: expected string or bytes-like object, got 'AsyncMock'
ERROR    core.graph_builder:graph_builder.py:124 LLM 호출 중 오류 발생: expected string or bytes-like object, got 'AsyncMock'
WARNING  core.graph_builder:graph_builder.py:542 [RAG] [REWRITE] 모든 시도 실패, 원본 유지: expected string or bytes-like object, got 'AsyncMock'
ERROR    core.graph_builder:graph_builder.py:124 LLM 호출 중 오류 발생: expected string or bytes-like object, got 'AsyncMock'
WARNING  core.graph_builder:graph_builder.py:542 [RAG] [REWRITE] 모든 시도 실패, 원본 유지: expected string or bytes-like object, got 'AsyncMock'
ERROR    core.graph_builder:graph_builder.py:124 LLM 호출 중 오류 발생: expected string or bytes-like object, got 'AsyncMock'
WARNING  core.graph_builder:graph_builder.py:542 [RAG] [REWRITE] 모든 시도 실패, 원본 유지: expected string or bytes-like object, got 'AsyncMock'
ERROR    core.graph_builder:graph_builder.py:124 LLM 호출 중 오류 발생: expected string or bytes-like object, got 'AsyncMock'
WARNING  core.graph_builder:graph_builder.py:542 [RAG] [REWRITE] 모든 시도 실패, 원본 유지: expected string or bytes-like object, got 'AsyncMock'
ERROR    core.graph_builder:graph_builder.py:124 LLM 호출 중 오류 발생: expected string or bytes-like object, got 'AsyncMock'
WARNING  core.graph_builder:graph_builder.py:542 [RAG] [REWRITE] 모든 시도 실패, 원본 유지: expected string or bytes-like object, got 'AsyncMock'
ERROR    core.graph_builder:graph_builder.py:124 LLM 호출 중 오류 발생: expected string or bytes-like object, got 'AsyncMock'
WARNING  core.graph_builder:graph_builder.py:542 [RAG] [REWRITE] 모든 시도 실패, 원본 유지: expected string or bytes-like object, got 'AsyncMock'
ERROR    core.graph_builder:graph_builder.py:124 LLM 호출 중 오류 발생: expected string or bytes-like object, got 'AsyncMock'
WARNING  core.graph_builder:graph_builder.py:542 [RAG] [REWRITE] 모든 시도 실패, 원본 유지: expected string or bytes-like object, got 'AsyncMock'
ERROR    core.graph_builder:graph_builder.py:124 LLM 호출 중 오류 발생: expected string or bytes-like object, got 'AsyncMock'
WARNING  core.graph_builder:graph_builder.py:542 [RAG] [REWRITE] 모든 시도 실패, 원본 유지: expected string or bytes-like object, got 'AsyncMock'
ERROR    core.graph_builder:graph_builder.py:124 LLM 호출 중 오류 발생: expected string or bytes-like object, got 'AsyncMock'
WARNING  core.graph_builder:graph_builder.py:542 [RAG] [REWRITE] 모든 시도 실패, 원본 유지: expected string or bytes-like object, got 'AsyncMock'
ERROR    core.graph_builder:graph_builder.py:124 LLM 호출 중 오류 발생: expected string or bytes-like object, got 'AsyncMock'
WARNING  core.graph_builder:graph_builder.py:542 [RAG] [REWRITE] 모든 시도 실패, 원본 유지: expected string or bytes-like object, got 'AsyncMock'
ERROR    core.graph_builder:graph_builder.py:124 LLM 호출 중 오류 발생: expected string or bytes-like object, got 'AsyncMock'
WARNING  core.graph_builder:graph_builder.py:542 [RAG] [REWRITE] 모든 시도 실패, 원본 유지: expected string or bytes-like object, got 'AsyncMock'
ERROR    core.graph_builder:graph_builder.py:124 LLM 호출 중 오류 발생: expected string or bytes-like object, got 'AsyncMock'
WARNING  core.graph_builder:graph_builder.py:542 [RAG] [REWRITE] 모든 시도 실패, 원본 유지: expected string or bytes-like object, got 'AsyncMock'
ERROR    core.graph_builder:graph_builder.py:124 LLM 호출 중 오류 발생: expected string or bytes-like object, got 'AsyncMock'
WARNING  core.graph_builder:graph_builder.py:542 [RAG] [REWRITE] 모든 시도 실패, 원본 유지: expected string or bytes-like object, got 'AsyncMock'
ERROR    core.graph_builder:graph_builder.py:124 LLM 호출 중 오류 발생: expected string or bytes-like object, got 'AsyncMock'
WARNING  core.graph_builder:graph_builder.py:542 [RAG] [REWRITE] 모든 시도 실패, 원본 유지: expected string or bytes-like object, got 'AsyncMock'
ERROR    core.graph_builder:graph_builder.py:124 LLM 호출 중 오류 발생: expected string or bytes-like object, got 'AsyncMock'
WARNING  core.graph_builder:graph_builder.py:542 [RAG] [REWRITE] 모든 시도 실패, 원본 유지: expected string or bytes-like object, got 'AsyncMock'
ERROR    core.graph_builder:graph_builder.py:124 LLM 호출 중 오류 발생: expected string or bytes-like object, got 'AsyncMock'
WARNING  core.graph_builder:graph_builder.py:542 [RAG] [REWRITE] 모든 시도 실패, 원본 유지: expected string or bytes-like object, got 'AsyncMock'
ERROR    core.graph_builder:graph_builder.py:124 LLM 호출 중 오류 발생: expected string or bytes-like object, got 'AsyncMock'
WARNING  core.graph_builder:graph_builder.py:542 [RAG] [REWRITE] 모든 시도 실패, 원본 유지: expected string or bytes-like object, got 'AsyncMock'
ERROR    core.graph_builder:graph_builder.py:124 LLM 호출 중 오류 발생: expected string or bytes-like object, got 'AsyncMock'
WARNING  core.graph_builder:graph_builder.py:542 [RAG] [REWRITE] 모든 시도 실패, 원본 유지: expected string or bytes-like object, got 'AsyncMock'
ERROR    core.graph_builder:graph_builder.py:124 LLM 호출 중 오류 발생: expected string or bytes-like object, got 'AsyncMock'
WARNING  core.graph_builder:graph_builder.py:542 [RAG] [REWRITE] 모든 시도 실패, 원본 유지: expected string or bytes-like object, got 'AsyncMock'
ERROR    core.graph_builder:graph_builder.py:124 LLM 호출 중 오류 발생: expected string or bytes-like object, got 'AsyncMock'
WARNING  core.graph_builder:graph_builder.py:542 [RAG] [REWRITE] 모든 시도 실패, 원본 유지: expected string or bytes-like object, got 'AsyncMock'
ERROR    core.graph_builder:graph_builder.py:124 LLM 호출 중 오류 발생: expected string or bytes-like object, got 'AsyncMock'
WARNING  core.graph_builder:graph_builder.py:542 [RAG] [REWRITE] 모든 시도 실패, 원본 유지: expected string or bytes-like object, got 'AsyncMock'
ERROR    core.graph_builder:graph_builder.py:124 LLM 호출 중 오류 발생: expected string or bytes-like object, got 'AsyncMock'
WARNING  core.graph_builder:graph_builder.py:542 [RAG] [REWRITE] 모든 시도 실패, 원본 유지: expected string or bytes-like object, got 'AsyncMock'
ERROR    core.graph_builder:graph_builder.py:124 LLM 호출 중 오류 발생: expected string or bytes-like object, got 'AsyncMock'
WARNING  core.graph_builder:graph_builder.py:542 [RAG] [REWRITE] 모든 시도 실패, 원본 유지: expected string or bytes-like object, got 'AsyncMock'
ERROR    core.graph_builder:graph_builder.py:124 LLM 호출 중 오류 발생: expected string or bytes-like object, got 'AsyncMock'
WARNING  core.graph_builder:graph_builder.py:542 [RAG] [REWRITE] 모든 시도 실패, 원본 유지: expected string or bytes-like object, got 'AsyncMock'
ERROR    core.graph_builder:graph_builder.py:124 LLM 호출 중 오류 발생: expected string or bytes-like object, got 'AsyncMock'
WARNING  core.graph_builder:graph_builder.py:542 [RAG] [REWRITE] 모든 시도 실패, 원본 유지: expected string or bytes-like object, got 'AsyncMock'
ERROR    core.graph_builder:graph_builder.py:124 LLM 호출 중 오류 발생: expected string or bytes-like object, got 'AsyncMock'
WARNING  core.graph_builder:graph_builder.py:542 [RAG] [REWRITE] 모든 시도 실패, 원본 유지: expected string or bytes-like object, got 'AsyncMock'
ERROR    core.graph_builder:graph_builder.py:124 LLM 호출 중 오류 발생: expected string or bytes-like object, got 'AsyncMock'
WARNING  core.graph_builder:graph_builder.py:542 [RAG] [REWRITE] 모든 시도 실패, 원본 유지: expected string or bytes-like object, got 'AsyncMock'
ERROR    core.graph_builder:graph_builder.py:124 LLM 호출 중 오류 발생: expected string or bytes-like object, got 'AsyncMock'
WARNING  core.graph_builder:graph_builder.py:542 [RAG] [REWRITE] 모든 시도 실패, 원본 유지: expected string or bytes-like object, got 'AsyncMock'
ERROR    core.graph_builder:graph_builder.py:124 LLM 호출 중 오류 발생: expected string or bytes-like object, got 'AsyncMock'
WARNING  core.graph_builder:graph_builder.py:542 [RAG] [REWRITE] 모든 시도 실패, 원본 유지: expected string or bytes-like object, got 'AsyncMock'
ERROR    core.graph_builder:graph_builder.py:124 LLM 호출 중 오류 발생: expected string or bytes-like object, got 'AsyncMock'
WARNING  core.graph_builder:graph_builder.py:542 [RAG] [REWRITE] 모든 시도 실패, 원본 유지: expected string or bytes-like object, got 'AsyncMock'
ERROR    core.graph_builder:graph_builder.py:124 LLM 호출 중 오류 발생: expected string or bytes-like object, got 'AsyncMock'
WARNING  core.graph_builder:graph_builder.py:542 [RAG] [REWRITE] 모든 시도 실패, 원본 유지: expected string or bytes-like object, got 'AsyncMock'
ERROR    core.graph_builder:graph_builder.py:124 LLM 호출 중 오류 발생: expected string or bytes-like object, got 'AsyncMock'
WARNING  core.graph_builder:graph_builder.py:542 [RAG] [REWRITE] 모든 시도 실패, 원본 유지: expected string or bytes-like object, got 'AsyncMock'
ERROR    core.graph_builder:graph_builder.py:124 LLM 호출 중 오류 발생: expected string or bytes-like object, got 'AsyncMock'
WARNING  core.graph_builder:graph_builder.py:542 [RAG] [REWRITE] 모든 시도 실패, 원본 유지: expected string or bytes-like object, got 'AsyncMock'
ERROR    core.graph_builder:graph_builder.py:124 LLM 호출 중 오류 발생: expected string or bytes-like object, got 'AsyncMock'
WARNING  core.graph_builder:graph_builder.py:542 [RAG] [REWRITE] 모든 시도 실패, 원본 유지: expected string or bytes-like object, got 'AsyncMock'
ERROR    core.graph_builder:graph_builder.py:124 LLM 호출 중 오류 발생: expected string or bytes-like object, got 'AsyncMock'
WARNING  core.graph_builder:graph_builder.py:542 [RAG] [REWRITE] 모든 시도 실패, 원본 유지: expected string or bytes-like object, got 'AsyncMock'
ERROR    core.graph_builder:graph_builder.py:124 LLM 호출 중 오류 발생: expected string or bytes-like object, got 'AsyncMock'
WARNING  core.graph_builder:graph_builder.py:542 [RAG] [REWRITE] 모든 시도 실패, 원본 유지: expected string or bytes-like object, got 'AsyncMock'
ERROR    core.graph_builder:graph_builder.py:124 LLM 호출 중 오류 발생: expected string or bytes-like object, got 'AsyncMock'
WARNING  core.graph_builder:graph_builder.py:542 [RAG] [REWRITE] 모든 시도 실패, 원본 유지: expected string or bytes-like object, got 'AsyncMock'
ERROR    core.graph_builder:graph_builder.py:124 LLM 호출 중 오류 발생: expected string or bytes-like object, got 'AsyncMock'
WARNING  core.graph_builder:graph_builder.py:542 [RAG] [REWRITE] 모든 시도 실패, 원본 유지: expected string or bytes-like object, got 'AsyncMock'
ERROR    core.graph_builder:graph_builder.py:124 LLM 호출 중 오류 발생: expected string or bytes-like object, got 'AsyncMock'
WARNING  core.graph_builder:graph_builder.py:542 [RAG] [REWRITE] 모든 시도 실패, 원본 유지: expected string or bytes-like object, got 'AsyncMock'
ERROR    core.graph_builder:graph_builder.py:124 LLM 호출 중 오류 발생: expected string or bytes-like object, got 'AsyncMock'
WARNING  core.graph_builder:graph_builder.py:542 [RAG] [REWRITE] 모든 시도 실패, 원본 유지: expected string or bytes-like object, got 'AsyncMock'
ERROR    core.graph_builder:graph_builder.py:124 LLM 호출 중 오류 발생: expected string or bytes-like object, got 'AsyncMock'
WARNING  core.graph_builder:graph_builder.py:542 [RAG] [REWRITE] 모든 시도 실패, 원본 유지: expected string or bytes-like object, got 'AsyncMock'
ERROR    core.graph_builder:graph_builder.py:124 LLM 호출 중 오류 발생: expected string or bytes-like object, got 'AsyncMock'
WARNING  core.graph_builder:graph_builder.py:542 [RAG] [REWRITE] 모든 시도 실패, 원본 유지: expected string or bytes-like object, got 'AsyncMock'
ERROR    core.graph_builder:graph_builder.py:124 LLM 호출 중 오류 발생: expected string or bytes-like object, got 'AsyncMock'
WARNING  core.graph_builder:graph_builder.py:542 [RAG] [REWRITE] 모든 시도 실패, 원본 유지: expected string or bytes-like object, got 'AsyncMock'
ERROR    core.graph_builder:graph_builder.py:124 LLM 호출 중 오류 발생: expected string or bytes-like object, got 'AsyncMock'
WARNING  core.graph_builder:graph_builder.py:542 [RAG] [REWRITE] 모든 시도 실패, 원본 유지: expected string or bytes-like object, got 'AsyncMock'
ERROR    core.graph_builder:graph_builder.py:124 LLM 호출 중 오류 발생: expected string or bytes-like object, got 'AsyncMock'
WARNING  core.graph_builder:graph_builder.py:542 [RAG] [REWRITE] 모든 시도 실패, 원본 유지: expected string or bytes-like object, got 'AsyncMock'
ERROR    core.graph_builder:graph_builder.py:124 LLM 호출 중 오류 발생: expected string or bytes-like object, got 'AsyncMock'
WARNING  core.graph_builder:graph_builder.py:542 [RAG] [REWRITE] 모든 시도 실패, 원본 유지: expected string or bytes-like object, got 'AsyncMock'
ERROR    core.graph_builder:graph_builder.py:124 LLM 호출 중 오류 발생: expected string or bytes-like object, got 'AsyncMock'
WARNING  core.graph_builder:graph_builder.py:542 [RAG] [REWRITE] 모든 시도 실패, 원본 유지: expected string or bytes-like object, got 'AsyncMock'
ERROR    core.graph_builder:graph_builder.py:124 LLM 호출 중 오류 발생: expected string or bytes-like object, got 'AsyncMock'
WARNING  core.graph_builder:graph_builder.py:542 [RAG] [REWRITE] 모든 시도 실패, 원본 유지: expected string or bytes-like object, got 'AsyncMock'
ERROR    core.graph_builder:graph_builder.py:124 LLM 호출 중 오류 발생: expected string or bytes-like object, got 'AsyncMock'
WARNING  core.graph_builder:graph_builder.py:542 [RAG] [REWRITE] 모든 시도 실패, 원본 유지: expected string or bytes-like object, got 'AsyncMock'
ERROR    core.graph_builder:graph_builder.py:124 LLM 호출 중 오류 발생: expected string or bytes-like object, got 'AsyncMock'
WARNING  core.graph_builder:graph_builder.py:542 [RAG] [REWRITE] 모든 시도 실패, 원본 유지: expected string or bytes-like object, got 'AsyncMock'
ERROR    core.graph_builder:graph_builder.py:124 LLM 호출 중 오류 발생: expected string or bytes-like object, got 'AsyncMock'
WARNING  core.graph_builder:graph_builder.py:542 [RAG] [REWRITE] 모든 시도 실패, 원본 유지: expected string or bytes-like object, got 'AsyncMock'
ERROR    core.graph_builder:graph_builder.py:124 LLM 호출 중 오류 발생: expected string or bytes-like object, got 'AsyncMock'
WARNING  core.graph_builder:graph_builder.py:542 [RAG] [REWRITE] 모든 시도 실패, 원본 유지: expected string or bytes-like object, got 'AsyncMock'
ERROR    core.graph_builder:graph_builder.py:124 LLM 호출 중 오류 발생: expected string or bytes-like object, got 'AsyncMock'
WARNING  core.graph_builder:graph_builder.py:542 [RAG] [REWRITE] 모든 시도 실패, 원본 유지: expected string or bytes-like object, got 'AsyncMock'
ERROR    core.graph_builder:graph_builder.py:124 LLM 호출 중 오류 발생: expected string or bytes-like object, got 'AsyncMock'
WARNING  core.graph_builder:graph_builder.py:542 [RAG] [REWRITE] 모든 시도 실패, 원본 유지: expected string or bytes-like object, got 'AsyncMock'
ERROR    core.graph_builder:graph_builder.py:124 LLM 호출 중 오류 발생: expected string or bytes-like object, got 'AsyncMock'
WARNING  core.graph_builder:graph_builder.py:542 [RAG] [REWRITE] 모든 시도 실패, 원본 유지: expected string or bytes-like object, got 'AsyncMock'
ERROR    core.graph_builder:graph_builder.py:124 LLM 호출 중 오류 발생: expected string or bytes-like object, got 'AsyncMock'
WARNING  core.graph_builder:graph_builder.py:542 [RAG] [REWRITE] 모든 시도 실패, 원본 유지: expected string or bytes-like object, got 'AsyncMock'
ERROR    core.graph_builder:graph_builder.py:124 LLM 호출 중 오류 발생: expected string or bytes-like object, got 'AsyncMock'
WARNING  core.graph_builder:graph_builder.py:542 [RAG] [REWRITE] 모든 시도 실패, 원본 유지: expected string or bytes-like object, got 'AsyncMock'
ERROR    core.graph_builder:graph_builder.py:124 LLM 호출 중 오류 발생: expected string or bytes-like object, got 'AsyncMock'
WARNING  core.graph_builder:graph_builder.py:542 [RAG] [REWRITE] 모든 시도 실패, 원본 유지: expected string or bytes-like object, got 'AsyncMock'
ERROR    core.graph_builder:graph_builder.py:124 LLM 호출 중 오류 발생: expected string or bytes-like object, got 'AsyncMock'
WARNING  core.graph_builder:graph_builder.py:542 [RAG] [REWRITE] 모든 시도 실패, 원본 유지: expected string or bytes-like object, got 'AsyncMock'
ERROR    core.graph_builder:graph_builder.py:124 LLM 호출 중 오류 발생: expected string or bytes-like object, got 'AsyncMock'
WARNING  core.graph_builder:graph_builder.py:542 [RAG] [REWRITE] 모든 시도 실패, 원본 유지: expected string or bytes-like object, got 'AsyncMock'
ERROR    core.graph_builder:graph_builder.py:124 LLM 호출 중 오류 발생: expected string or bytes-like object, got 'AsyncMock'
WARNING  core.graph_builder:graph_builder.py:542 [RAG] [REWRITE] 모든 시도 실패, 원본 유지: expected string or bytes-like object, got 'AsyncMock'
ERROR    core.graph_builder:graph_builder.py:124 LLM 호출 중 오류 발생: expected string or bytes-like object, got 'AsyncMock'
WARNING  core.graph_builder:graph_builder.py:542 [RAG] [REWRITE] 모든 시도 실패, 원본 유지: expected string or bytes-like object, got 'AsyncMock'
ERROR    core.graph_builder:graph_builder.py:124 LLM 호출 중 오류 발생: expected string or bytes-like object, got 'AsyncMock'
WARNING  core.graph_builder:graph_builder.py:542 [RAG] [REWRITE] 모든 시도 실패, 원본 유지: expected string or bytes-like object, got 'AsyncMock'
ERROR    core.graph_builder:graph_builder.py:124 LLM 호출 중 오류 발생: expected string or bytes-like object, got 'AsyncMock'
WARNING  core.graph_builder:graph_builder.py:542 [RAG] [REWRITE] 모든 시도 실패, 원본 유지: expected string or bytes-like object, got 'AsyncMock'
ERROR    core.graph_builder:graph_builder.py:124 LLM 호출 중 오류 발생: expected string or bytes-like object, got 'AsyncMock'
WARNING  core.graph_builder:graph_builder.py:542 [RAG] [REWRITE] 모든 시도 실패, 원본 유지: expected string or bytes-like object, got 'AsyncMock'
ERROR    core.graph_builder:graph_builder.py:124 LLM 호출 중 오류 발생: expected string or bytes-like object, got 'AsyncMock'
WARNING  core.graph_builder:graph_builder.py:542 [RAG] [REWRITE] 모든 시도 실패, 원본 유지: expected string or bytes-like object, got 'AsyncMock'
ERROR    core.graph_builder:graph_builder.py:124 LLM 호출 중 오류 발생: expected string or bytes-like object, got 'AsyncMock'
WARNING  core.graph_builder:graph_builder.py:542 [RAG] [REWRITE] 모든 시도 실패, 원본 유지: expected string or bytes-like object, got 'AsyncMock'
ERROR    core.graph_builder:graph_builder.py:124 LLM 호출 중 오류 발생: expected string or bytes-like object, got 'AsyncMock'
WARNING  core.graph_builder:graph_builder.py:542 [RAG] [REWRITE] 모든 시도 실패, 원본 유지: expected string or bytes-like object, got 'AsyncMock'
ERROR    core.graph_builder:graph_builder.py:124 LLM 호출 중 오류 발생: expected string or bytes-like object, got 'AsyncMock'
WARNING  core.graph_builder:graph_builder.py:542 [RAG] [REWRITE] 모든 시도 실패, 원본 유지: expected string or bytes-like object, got 'AsyncMock'
ERROR    core.graph_builder:graph_builder.py:124 LLM 호출 중 오류 발생: expected string or bytes-like object, got 'AsyncMock'
WARNING  core.graph_builder:graph_builder.py:542 [RAG] [REWRITE] 모든 시도 실패, 원본 유지: expected string or bytes-like object, got 'AsyncMock'
ERROR    core.graph_builder:graph_builder.py:124 LLM 호출 중 오류 발생: expected string or bytes-like object, got 'AsyncMock'
WARNING  core.graph_builder:graph_builder.py:542 [RAG] [REWRITE] 모든 시도 실패, 원본 유지: expected string or bytes-like object, got 'AsyncMock'
ERROR    core.graph_builder:graph_builder.py:124 LLM 호출 중 오류 발생: expected string or bytes-like object, got 'AsyncMock'
WARNING  core.graph_builder:graph_builder.py:542 [RAG] [REWRITE] 모든 시도 실패, 원본 유지: expected string or bytes-like object, got 'AsyncMock'
ERROR    core.graph_builder:graph_builder.py:124 LLM 호출 중 오류 발생: expected string or bytes-like object, got 'AsyncMock'
WARNING  core.graph_builder:graph_builder.py:542 [RAG] [REWRITE] 모든 시도 실패, 원본 유지: expected string or bytes-like object, got 'AsyncMock'
ERROR    core.graph_builder:graph_builder.py:124 LLM 호출 중 오류 발생: expected string or bytes-like object, got 'AsyncMock'
WARNING  core.graph_builder:graph_builder.py:542 [RAG] [REWRITE] 모든 시도 실패, 원본 유지: expected string or bytes-like object, got 'AsyncMock'
ERROR    core.graph_builder:graph_builder.py:124 LLM 호출 중 오류 발생: expected string or bytes-like object, got 'AsyncMock'
WARNING  core.graph_builder:graph_builder.py:542 [RAG] [REWRITE] 모든 시도 실패, 원본 유지: expected string or bytes-like object, got 'AsyncMock'
ERROR    core.graph_builder:graph_builder.py:124 LLM 호출 중 오류 발생: expected string or bytes-like object, got 'AsyncMock'
WARNING  core.graph_builder:graph_builder.py:542 [RAG] [REWRITE] 모든 시도 실패, 원본 유지: expected string or bytes-like object, got 'AsyncMock'
ERROR    core.graph_builder:graph_builder.py:124 LLM 호출 중 오류 발생: expected string or bytes-like object, got 'AsyncMock'
WARNING  core.graph_builder:graph_builder.py:542 [RAG] [REWRITE] 모든 시도 실패, 원본 유지: expected string or bytes-like object, got 'AsyncMock'
ERROR    core.graph_builder:graph_builder.py:124 LLM 호출 중 오류 발생: expected string or bytes-like object, got 'AsyncMock'
WARNING  core.graph_builder:graph_builder.py:542 [RAG] [REWRITE] 모든 시도 실패, 원본 유지: expected string or bytes-like object, got 'AsyncMock'
ERROR    core.graph_builder:graph_builder.py:124 LLM 호출 중 오류 발생: expected string or bytes-like object, got 'AsyncMock'
WARNING  core.graph_builder:graph_builder.py:542 [RAG] [REWRITE] 모든 시도 실패, 원본 유지: expected string or bytes-like object, got 'AsyncMock'
ERROR    core.graph_builder:graph_builder.py:124 LLM 호출 중 오류 발생: expected string or bytes-like object, got 'AsyncMock'
WARNING  core.graph_builder:graph_builder.py:542 [RAG] [REWRITE] 모든 시도 실패, 원본 유지: expected string or bytes-like object, got 'AsyncMock'
ERROR    core.graph_builder:graph_builder.py:124 LLM 호출 중 오류 발생: expected string or bytes-like object, got 'AsyncMock'
WARNING  core.graph_builder:graph_builder.py:542 [RAG] [REWRITE] 모든 시도 실패, 원본 유지: expected string or bytes-like object, got 'AsyncMock'
ERROR    core.graph_builder:graph_builder.py:124 LLM 호출 중 오류 발생: expected string or bytes-like object, got 'AsyncMock'
WARNING  core.graph_builder:graph_builder.py:542 [RAG] [REWRITE] 모든 시도 실패, 원본 유지: expected string or bytes-like object, got 'AsyncMock'
ERROR    core.graph_builder:graph_builder.py:124 LLM 호출 중 오류 발생: expected string or bytes-like object, got 'AsyncMock'
WARNING  core.graph_builder:graph_builder.py:542 [RAG] [REWRITE] 모든 시도 실패, 원본 유지: expected string or bytes-like object, got 'AsyncMock'
ERROR    core.graph_builder:graph_builder.py:124 LLM 호출 중 오류 발생: expected string or bytes-like object, got 'AsyncMock'
WARNING  core.graph_builder:graph_builder.py:542 [RAG] [REWRITE] 모든 시도 실패, 원본 유지: expected string or bytes-like object, got 'AsyncMock'
ERROR    core.graph_builder:graph_builder.py:124 LLM 호출 중 오류 발생: expected string or bytes-like object, got 'AsyncMock'
WARNING  core.graph_builder:graph_builder.py:542 [RAG] [REWRITE] 모든 시도 실패, 원본 유지: expected string or bytes-like object, got 'AsyncMock'
ERROR    core.graph_builder:graph_builder.py:124 LLM 호출 중 오류 발생: expected string or bytes-like object, got 'AsyncMock'
WARNING  core.graph_builder:graph_builder.py:542 [RAG] [REWRITE] 모든 시도 실패, 원본 유지: expected string or bytes-like object, got 'AsyncMock'
ERROR    core.graph_builder:graph_builder.py:124 LLM 호출 중 오류 발생: expected string or bytes-like object, got 'AsyncMock'
WARNING  core.graph_builder:graph_builder.py:542 [RAG] [REWRITE] 모든 시도 실패, 원본 유지: expected string or bytes-like object, got 'AsyncMock'
ERROR    core.graph_builder:graph_builder.py:124 LLM 호출 중 오류 발생: expected string or bytes-like object, got 'AsyncMock'
WARNING  core.graph_builder:graph_builder.py:542 [RAG] [REWRITE] 모든 시도 실패, 원본 유지: expected string or bytes-like object, got 'AsyncMock'
ERROR    core.graph_builder:graph_builder.py:124 LLM 호출 중 오류 발생: expected string or bytes-like object, got 'AsyncMock'
WARNING  core.graph_builder:graph_builder.py:542 [RAG] [REWRITE] 모든 시도 실패, 원본 유지: expected string or bytes-like object, got 'AsyncMock'
ERROR    core.graph_builder:graph_builder.py:124 LLM 호출 중 오류 발생: expected string or bytes-like object, got 'AsyncMock'
WARNING  core.graph_builder:graph_builder.py:542 [RAG] [REWRITE] 모든 시도 실패, 원본 유지: expected string or bytes-like object, got 'AsyncMock'
ERROR    core.graph_builder:graph_builder.py:124 LLM 호출 중 오류 발생: expected string or bytes-like object, got 'AsyncMock'
WARNING  core.graph_builder:graph_builder.py:542 [RAG] [REWRITE] 모든 시도 실패, 원본 유지: expected string or bytes-like object, got 'AsyncMock'
ERROR    core.graph_builder:graph_builder.py:124 LLM 호출 중 오류 발생: expected string or bytes-like object, got 'AsyncMock'
WARNING  core.graph_builder:graph_builder.py:542 [RAG] [REWRITE] 모든 시도 실패, 원본 유지: expected string or bytes-like object, got 'AsyncMock'
ERROR    core.graph_builder:graph_builder.py:124 LLM 호출 중 오류 발생: expected string or bytes-like object, got 'AsyncMock'
WARNING  core.graph_builder:graph_builder.py:542 [RAG] [REWRITE] 모든 시도 실패, 원본 유지: expected string or bytes-like object, got 'AsyncMock'
ERROR    core.graph_builder:graph_builder.py:124 LLM 호출 중 오류 발생: expected string or bytes-like object, got 'AsyncMock'
WARNING  core.graph_builder:graph_builder.py:542 [RAG] [REWRITE] 모든 시도 실패, 원본 유지: expected string or bytes-like object, got 'AsyncMock'
ERROR    core.graph_builder:graph_builder.py:124 LLM 호출 중 오류 발생: expected string or bytes-like object, got 'AsyncMock'
WARNING  core.graph_builder:graph_builder.py:542 [RAG] [REWRITE] 모든 시도 실패, 원본 유지: expected string or bytes-like object, got 'AsyncMock'
ERROR    core.graph_builder:graph_builder.py:124 LLM 호출 중 오류 발생: expected string or bytes-like object, got 'AsyncMock'
WARNING  core.graph_builder:graph_builder.py:542 [RAG] [REWRITE] 모든 시도 실패, 원본 유지: expected string or bytes-like object, got 'AsyncMock'
ERROR    core.graph_builder:graph_builder.py:124 LLM 호출 중 오류 발생: expected string or bytes-like object, got 'AsyncMock'
WARNING  core.graph_builder:graph_builder.py:542 [RAG] [REWRITE] 모든 시도 실패, 원본 유지: expected string or bytes-like object, got 'AsyncMock'
ERROR    core.graph_builder:graph_builder.py:124 LLM 호출 중 오류 발생: expected string or bytes-like object, got 'AsyncMock'
WARNING  core.graph_builder:graph_builder.py:542 [RAG] [REWRITE] 모든 시도 실패, 원본 유지: expected string or bytes-like object, got 'AsyncMock'
ERROR    core.graph_builder:graph_builder.py:124 LLM 호출 중 오류 발생: expected string or bytes-like object, got 'AsyncMock'
WARNING  core.graph_builder:graph_builder.py:542 [RAG] [REWRITE] 모든 시도 실패, 원본 유지: expected string or bytes-like object, got 'AsyncMock'
ERROR    core.graph_builder:graph_builder.py:124 LLM 호출 중 오류 발생: expected string or bytes-like object, got 'AsyncMock'
WARNING  core.graph_builder:graph_builder.py:542 [RAG] [REWRITE] 모든 시도 실패, 원본 유지: expected string or bytes-like object, got 'AsyncMock'
ERROR    core.graph_builder:graph_builder.py:124 LLM 호출 중 오류 발생: expected string or bytes-like object, got 'AsyncMock'
WARNING  core.graph_builder:graph_builder.py:542 [RAG] [REWRITE] 모든 시도 실패, 원본 유지: expected string or bytes-like object, got 'AsyncMock'
ERROR    core.graph_builder:graph_builder.py:124 LLM 호출 중 오류 발생: expected string or bytes-like object, got 'AsyncMock'
WARNING  core.graph_builder:graph_builder.py:542 [RAG] [REWRITE] 모든 시도 실패, 원본 유지: expected string or bytes-like object, got 'AsyncMock'
ERROR    core.graph_builder:graph_builder.py:124 LLM 호출 중 오류 발생: expected string or bytes-like object, got 'AsyncMock'
WARNING  core.graph_builder:graph_builder.py:542 [RAG] [REWRITE] 모든 시도 실패, 원본 유지: expected string or bytes-like object, got 'AsyncMock'
ERROR    core.graph_builder:graph_builder.py:124 LLM 호출 중 오류 발생: expected string or bytes-like object, got 'AsyncMock'
WARNING  core.graph_builder:graph_builder.py:542 [RAG] [REWRITE] 모든 시도 실패, 원본 유지: expected string or bytes-like object, got 'AsyncMock'
ERROR    core.graph_builder:graph_builder.py:124 LLM 호출 중 오류 발생: expected string or bytes-like object, got 'AsyncMock'
WARNING  core.graph_builder:graph_builder.py:542 [RAG] [REWRITE] 모든 시도 실패, 원본 유지: expected string or bytes-like object, got 'AsyncMock'
ERROR    core.graph_builder:graph_builder.py:124 LLM 호출 중 오류 발생: expected string or bytes-like object, got 'AsyncMock'
WARNING  core.graph_builder:graph_builder.py:542 [RAG] [REWRITE] 모든 시도 실패, 원본 유지: expected string or bytes-like object, got 'AsyncMock'
ERROR    core.graph_builder:graph_builder.py:124 LLM 호출 중 오류 발생: expected string or bytes-like object, got 'AsyncMock'
WARNING  core.graph_builder:graph_builder.py:542 [RAG] [REWRITE] 모든 시도 실패, 원본 유지: expected string or bytes-like object, got 'AsyncMock'
ERROR    core.graph_builder:graph_builder.py:124 LLM 호출 중 오류 발생: expected string or bytes-like object, got 'AsyncMock'
WARNING  core.graph_builder:graph_builder.py:542 [RAG] [REWRITE] 모든 시도 실패, 원본 유지: expected string or bytes-like object, got 'AsyncMock'
ERROR    core.graph_builder:graph_builder.py:124 LLM 호출 중 오류 발생: expected string or bytes-like object, got 'AsyncMock'
WARNING  core.graph_builder:graph_builder.py:542 [RAG] [REWRITE] 모든 시도 실패, 원본 유지: expected string or bytes-like object, got 'AsyncMock'
ERROR    core.graph_builder:graph_builder.py:124 LLM 호출 중 오류 발생: expected string or bytes-like object, got 'AsyncMock'
WARNING  core.graph_builder:graph_builder.py:542 [RAG] [REWRITE] 모든 시도 실패, 원본 유지: expected string or bytes-like object, got 'AsyncMock'
ERROR    core.graph_builder:graph_builder.py:124 LLM 호출 중 오류 발생: expected string or bytes-like object, got 'AsyncMock'
WARNING  core.graph_builder:graph_builder.py:542 [RAG] [REWRITE] 모든 시도 실패, 원본 유지: expected string or bytes-like object, got 'AsyncMock'
ERROR    core.graph_builder:graph_builder.py:124 LLM 호출 중 오류 발생: expected string or bytes-like object, got 'AsyncMock'
WARNING  core.graph_builder:graph_builder.py:542 [RAG] [REWRITE] 모든 시도 실패, 원본 유지: expected string or bytes-like object, got 'AsyncMock'
ERROR    core.graph_builder:graph_builder.py:124 LLM 호출 중 오류 발생: expected string or bytes-like object, got 'AsyncMock'
WARNING  core.graph_builder:graph_builder.py:542 [RAG] [REWRITE] 모든 시도 실패, 원본 유지: expected string or bytes-like object, got 'AsyncMock'
ERROR    core.graph_builder:graph_builder.py:124 LLM 호출 중 오류 발생: expected string or bytes-like object, got 'AsyncMock'
WARNING  core.graph_builder:graph_builder.py:542 [RAG] [REWRITE] 모든 시도 실패, 원본 유지: expected string or bytes-like object, got 'AsyncMock'
ERROR    core.graph_builder:graph_builder.py:124 LLM 호출 중 오류 발생: expected string or bytes-like object, got 'AsyncMock'
WARNING  core.graph_builder:graph_builder.py:542 [RAG] [REWRITE] 모든 시도 실패, 원본 유지: expected string or bytes-like object, got 'AsyncMock'
ERROR    core.graph_builder:graph_builder.py:124 LLM 호출 중 오류 발생: expected string or bytes-like object, got 'AsyncMock'
WARNING  core.graph_builder:graph_builder.py:542 [RAG] [REWRITE] 모든 시도 실패, 원본 유지: expected string or bytes-like object, got 'AsyncMock'
ERROR    core.graph_builder:graph_builder.py:124 LLM 호출 중 오류 발생: expected string or bytes-like object, got 'AsyncMock'
WARNING  core.graph_builder:graph_builder.py:542 [RAG] [REWRITE] 모든 시도 실패, 원본 유지: expected string or bytes-like object, got 'AsyncMock'
ERROR    core.graph_builder:graph_builder.py:124 LLM 호출 중 오류 발생: expected string or bytes-like object, got 'AsyncMock'
WARNING  core.graph_builder:graph_builder.py:542 [RAG] [REWRITE] 모든 시도 실패, 원본 유지: expected string or bytes-like object, got 'AsyncMock'
ERROR    core.graph_builder:graph_builder.py:124 LLM 호출 중 오류 발생: expected string or bytes-like object, got 'AsyncMock'
WARNING  core.graph_builder:graph_builder.py:542 [RAG] [REWRITE] 모든 시도 실패, 원본 유지: expected string or bytes-like object, got 'AsyncMock'
ERROR    core.graph_builder:graph_builder.py:124 LLM 호출 중 오류 발생: expected string or bytes-like object, got 'AsyncMock'
WARNING  core.graph_builder:graph_builder.py:542 [RAG] [REWRITE] 모든 시도 실패, 원본 유지: expected string or bytes-like object, got 'AsyncMock'
ERROR    core.graph_builder:graph_builder.py:124 LLM 호출 중 오류 발생: expected string or bytes-like object, got 'AsyncMock'
WARNING  core.graph_builder:graph_builder.py:542 [RAG] [REWRITE] 모든 시도 실패, 원본 유지: expected string or bytes-like object, got 'AsyncMock'
ERROR    core.graph_builder:graph_builder.py:124 LLM 호출 중 오류 발생: expected string or bytes-like object, got 'AsyncMock'
WARNING  core.graph_builder:graph_builder.py:542 [RAG] [REWRITE] 모든 시도 실패, 원본 유지: expected string or bytes-like object, got 'AsyncMock'
ERROR    core.graph_builder:graph_builder.py:124 LLM 호출 중 오류 발생: expected string or bytes-like object, got 'AsyncMock'
WARNING  core.graph_builder:graph_builder.py:542 [RAG] [REWRITE] 모든 시도 실패, 원본 유지: expected string or bytes-like object, got 'AsyncMock'
ERROR    core.graph_builder:graph_builder.py:124 LLM 호출 중 오류 발생: expected string or bytes-like object, got 'AsyncMock'
WARNING  core.graph_builder:graph_builder.py:542 [RAG] [REWRITE] 모든 시도 실패, 원본 유지: expected string or bytes-like object, got 'AsyncMock'
ERROR    core.graph_builder:graph_builder.py:124 LLM 호출 중 오류 발생: expected string or bytes-like object, got 'AsyncMock'
WARNING  core.graph_builder:graph_builder.py:542 [RAG] [REWRITE] 모든 시도 실패, 원본 유지: expected string or bytes-like object, got 'AsyncMock'
ERROR    core.graph_builder:graph_builder.py:124 LLM 호출 중 오류 발생: expected string or bytes-like object, got 'AsyncMock'
WARNING  core.graph_builder:graph_builder.py:542 [RAG] [REWRITE] 모든 시도 실패, 원본 유지: expected string or bytes-like object, got 'AsyncMock'
ERROR    core.graph_builder:graph_builder.py:124 LLM 호출 중 오류 발생: expected string or bytes-like object, got 'AsyncMock'
WARNING  core.graph_builder:graph_builder.py:542 [RAG] [REWRITE] 모든 시도 실패, 원본 유지: expected string or bytes-like object, got 'AsyncMock'
ERROR    core.graph_builder:graph_builder.py:124 LLM 호출 중 오류 발생: expected string or bytes-like object, got 'AsyncMock'
WARNING  core.graph_builder:graph_builder.py:542 [RAG] [REWRITE] 모든 시도 실패, 원본 유지: expected string or bytes-like object, got 'AsyncMock'
ERROR    core.graph_builder:graph_builder.py:124 LLM 호출 중 오류 발생: expected string or bytes-like object, got 'AsyncMock'
WARNING  core.graph_builder:graph_builder.py:542 [RAG] [REWRITE] 모든 시도 실패, 원본 유지: expected string or bytes-like object, got 'AsyncMock'
ERROR    core.graph_builder:graph_builder.py:124 LLM 호출 중 오류 발생: expected string or bytes-like object, got 'AsyncMock'
WARNING  core.graph_builder:graph_builder.py:542 [RAG] [REWRITE] 모든 시도 실패, 원본 유지: expected string or bytes-like object, got 'AsyncMock'
ERROR    core.graph_builder:graph_builder.py:124 LLM 호출 중 오류 발생: expected string or bytes-like object, got 'AsyncMock'
WARNING  core.graph_builder:graph_builder.py:542 [RAG] [REWRITE] 모든 시도 실패, 원본 유지: expected string or bytes-like object, got 'AsyncMock'
ERROR    core.graph_builder:graph_builder.py:124 LLM 호출 중 오류 발생: expected string or bytes-like object, got 'AsyncMock'
WARNING  core.graph_builder:graph_builder.py:542 [RAG] [REWRITE] 모든 시도 실패, 원본 유지: expected string or bytes-like object, got 'AsyncMock'
ERROR    core.graph_builder:graph_builder.py:124 LLM 호출 중 오류 발생: expected string or bytes-like object, got 'AsyncMock'
WARNING  core.graph_builder:graph_builder.py:542 [RAG] [REWRITE] 모든 시도 실패, 원본 유지: expected string or bytes-like object, got 'AsyncMock'
ERROR    core.graph_builder:graph_builder.py:124 LLM 호출 중 오류 발생: expected string or bytes-like object, got 'AsyncMock'
WARNING  core.graph_builder:graph_builder.py:542 [RAG] [REWRITE] 모든 시도 실패, 원본 유지: expected string or bytes-like object, got 'AsyncMock'
ERROR    core.graph_builder:graph_builder.py:124 LLM 호출 중 오류 발생: expected string or bytes-like object, got 'AsyncMock'
WARNING  core.graph_builder:graph_builder.py:542 [RAG] [REWRITE] 모든 시도 실패, 원본 유지: expected string or bytes-like object, got 'AsyncMock'
ERROR    core.graph_builder:graph_builder.py:124 LLM 호출 중 오류 발생: expected string or bytes-like object, got 'AsyncMock'
WARNING  core.graph_builder:graph_builder.py:542 [RAG] [REWRITE] 모든 시도 실패, 원본 유지: expected string or bytes-like object, got 'AsyncMock'
ERROR    core.graph_builder:graph_builder.py:124 LLM 호출 중 오류 발생: expected string or bytes-like object, got 'AsyncMock'
WARNING  core.graph_builder:graph_builder.py:542 [RAG] [REWRITE] 모든 시도 실패, 원본 유지: expected string or bytes-like object, got 'AsyncMock'
ERROR    core.graph_builder:graph_builder.py:124 LLM 호출 중 오류 발생: expected string or bytes-like object, got 'AsyncMock'
WARNING  core.graph_builder:graph_builder.py:542 [RAG] [REWRITE] 모든 시도 실패, 원본 유지: expected string or bytes-like object, got 'AsyncMock'
ERROR    core.graph_builder:graph_builder.py:124 LLM 호출 중 오류 발생: expected string or bytes-like object, got 'AsyncMock'
WARNING  core.graph_builder:graph_builder.py:542 [RAG] [REWRITE] 모든 시도 실패, 원본 유지: expected string or bytes-like object, got 'AsyncMock'
ERROR    core.graph_builder:graph_builder.py:124 LLM 호출 중 오류 발생: expected string or bytes-like object, got 'AsyncMock'
WARNING  core.graph_builder:graph_builder.py:542 [RAG] [REWRITE] 모든 시도 실패, 원본 유지: expected string or bytes-like object, got 'AsyncMock'
ERROR    core.graph_builder:graph_builder.py:124 LLM 호출 중 오류 발생: expected string or bytes-like object, got 'AsyncMock'
WARNING  core.graph_builder:graph_builder.py:542 [RAG] [REWRITE] 모든 시도 실패, 원본 유지: expected string or bytes-like object, got 'AsyncMock'
ERROR    core.graph_builder:graph_builder.py:124 LLM 호출 중 오류 발생: expected string or bytes-like object, got 'AsyncMock'
WARNING  core.graph_builder:graph_builder.py:542 [RAG] [REWRITE] 모든 시도 실패, 원본 유지: expected string or bytes-like object, got 'AsyncMock'
ERROR    core.graph_builder:graph_builder.py:124 LLM 호출 중 오류 발생: expected string or bytes-like object, got 'AsyncMock'
WARNING  core.graph_builder:graph_builder.py:542 [RAG] [REWRITE] 모든 시도 실패, 원본 유지: expected string or bytes-like object, got 'AsyncMock'
ERROR    core.graph_builder:graph_builder.py:124 LLM 호출 중 오류 발생: expected string or bytes-like object, got 'AsyncMock'
WARNING  core.graph_builder:graph_builder.py:542 [RAG] [REWRITE] 모든 시도 실패, 원본 유지: expected string or bytes-like object, got 'AsyncMock'
ERROR    core.graph_builder:graph_builder.py:124 LLM 호출 중 오류 발생: expected string or bytes-like object, got 'AsyncMock'
WARNING  core.graph_builder:graph_builder.py:542 [RAG] [REWRITE] 모든 시도 실패, 원본 유지: expected string or bytes-like object, got 'AsyncMock'
ERROR    core.graph_builder:graph_builder.py:124 LLM 호출 중 오류 발생: expected string or bytes-like object, got 'AsyncMock'
WARNING  core.graph_builder:graph_builder.py:542 [RAG] [REWRITE] 모든 시도 실패, 원본 유지: expected string or bytes-like object, got 'AsyncMock'
ERROR    core.graph_builder:graph_builder.py:124 LLM 호출 중 오류 발생: expected string or bytes-like object, got 'AsyncMock'
WARNING  core.graph_builder:graph_builder.py:542 [RAG] [REWRITE] 모든 시도 실패, 원본 유지: expected string or bytes-like object, got 'AsyncMock'
ERROR    core.graph_builder:graph_builder.py:124 LLM 호출 중 오류 발생: expected string or bytes-like object, got 'AsyncMock'
WARNING  core.graph_builder:graph_builder.py:542 [RAG] [REWRITE] 모든 시도 실패, 원본 유지: expected string or bytes-like object, got 'AsyncMock'
ERROR    core.graph_builder:graph_builder.py:124 LLM 호출 중 오류 발생: expected string or bytes-like object, got 'AsyncMock'
WARNING  core.graph_builder:graph_builder.py:542 [RAG] [REWRITE] 모든 시도 실패, 원본 유지: expected string or bytes-like object, got 'AsyncMock'
ERROR    core.graph_builder:graph_builder.py:124 LLM 호출 중 오류 발생: expected string or bytes-like object, got 'AsyncMock'
WARNING  core.graph_builder:graph_builder.py:542 [RAG] [REWRITE] 모든 시도 실패, 원본 유지: expected string or bytes-like object, got 'AsyncMock'
ERROR    core.graph_builder:graph_builder.py:124 LLM 호출 중 오류 발생: expected string or bytes-like object, got 'AsyncMock'
WARNING  core.graph_builder:graph_builder.py:542 [RAG] [REWRITE] 모든 시도 실패, 원본 유지: expected string or bytes-like object, got 'AsyncMock'
ERROR    core.graph_builder:graph_builder.py:124 LLM 호출 중 오류 발생: expected string or bytes-like object, got 'AsyncMock'
WARNING  core.graph_builder:graph_builder.py:542 [RAG] [REWRITE] 모든 시도 실패, 원본 유지: expected string or bytes-like object, got 'AsyncMock'
ERROR    core.graph_builder:graph_builder.py:124 LLM 호출 중 오류 발생: expected string or bytes-like object, got 'AsyncMock'
WARNING  core.graph_builder:graph_builder.py:542 [RAG] [REWRITE] 모든 시도 실패, 원본 유지: expected string or bytes-like object, got 'AsyncMock'
ERROR    core.graph_builder:graph_builder.py:124 LLM 호출 중 오류 발생: expected string or bytes-like object, got 'AsyncMock'
WARNING  core.graph_builder:graph_builder.py:542 [RAG] [REWRITE] 모든 시도 실패, 원본 유지: expected string or bytes-like object, got 'AsyncMock'
ERROR    core.graph_builder:graph_builder.py:124 LLM 호출 중 오류 발생: expected string or bytes-like object, got 'AsyncMock'
WARNING  core.graph_builder:graph_builder.py:542 [RAG] [REWRITE] 모든 시도 실패, 원본 유지: expected string or bytes-like object, got 'AsyncMock'
ERROR    core.graph_builder:graph_builder.py:124 LLM 호출 중 오류 발생: expected string or bytes-like object, got 'AsyncMock'
WARNING  core.graph_builder:graph_builder.py:542 [RAG] [REWRITE] 모든 시도 실패, 원본 유지: expected string or bytes-like object, got 'AsyncMock'
ERROR    core.graph_builder:graph_builder.py:124 LLM 호출 중 오류 발생: expected string or bytes-like object, got 'AsyncMock'
WARNING  core.graph_builder:graph_builder.py:542 [RAG] [REWRITE] 모든 시도 실패, 원본 유지: expected string or bytes-like object, got 'AsyncMock'
ERROR    core.graph_builder:graph_builder.py:124 LLM 호출 중 오류 발생: expected string or bytes-like object, got 'AsyncMock'
WARNING  core.graph_builder:graph_builder.py:542 [RAG] [REWRITE] 모든 시도 실패, 원본 유지: expected string or bytes-like object, got 'AsyncMock'
ERROR    core.graph_builder:graph_builder.py:124 LLM 호출 중 오류 발생: expected string or bytes-like object, got 'AsyncMock'
WARNING  core.graph_builder:graph_builder.py:542 [RAG] [REWRITE] 모든 시도 실패, 원본 유지: expected string or bytes-like object, got 'AsyncMock'
ERROR    core.graph_builder:graph_builder.py:124 LLM 호출 중 오류 발생: expected string or bytes-like object, got 'AsyncMock'
WARNING  core.graph_builder:graph_builder.py:542 [RAG] [REWRITE] 모든 시도 실패, 원본 유지: expected string or bytes-like object, got 'AsyncMock'
ERROR    core.graph_builder:graph_builder.py:124 LLM 호출 중 오류 발생: expected string or bytes-like object, got 'AsyncMock'
WARNING  core.graph_builder:graph_builder.py:542 [RAG] [REWRITE] 모든 시도 실패, 원본 유지: expected string or bytes-like object, got 'AsyncMock'
ERROR    core.graph_builder:graph_builder.py:124 LLM 호출 중 오류 발생: expected string or bytes-like object, got 'AsyncMock'
WARNING  core.graph_builder:graph_builder.py:542 [RAG] [REWRITE] 모든 시도 실패, 원본 유지: expected string or bytes-like object, got 'AsyncMock'
ERROR    core.graph_builder:graph_builder.py:124 LLM 호출 중 오류 발생: expected string or bytes-like object, got 'AsyncMock'
WARNING  core.graph_builder:graph_builder.py:542 [RAG] [REWRITE] 모든 시도 실패, 원본 유지: expected string or bytes-like object, got 'AsyncMock'
ERROR    core.graph_builder:graph_builder.py:124 LLM 호출 중 오류 발생: expected string or bytes-like object, got 'AsyncMock'
WARNING  core.graph_builder:graph_builder.py:542 [RAG] [REWRITE] 모든 시도 실패, 원본 유지: expected string or bytes-like object, got 'AsyncMock'
ERROR    core.graph_builder:graph_builder.py:124 LLM 호출 중 오류 발생: expected string or bytes-like object, got 'AsyncMock'
WARNING  core.graph_builder:graph_builder.py:542 [RAG] [REWRITE] 모든 시도 실패, 원본 유지: expected string or bytes-like object, got 'AsyncMock'
ERROR    core.graph_builder:graph_builder.py:124 LLM 호출 중 오류 발생: expected string or bytes-like object, got 'AsyncMock'
WARNING  core.graph_builder:graph_builder.py:542 [RAG] [REWRITE] 모든 시도 실패, 원본 유지: expected string or bytes-like object, got 'AsyncMock'
ERROR    core.graph_builder:graph_builder.py:124 LLM 호출 중 오류 발생: expected string or bytes-like object, got 'AsyncMock'
WARNING  core.graph_builder:graph_builder.py:542 [RAG] [REWRITE] 모든 시도 실패, 원본 유지: expected string or bytes-like object, got 'AsyncMock'
ERROR    core.graph_builder:graph_builder.py:124 LLM 호출 중 오류 발생: expected string or bytes-like object, got 'AsyncMock'
WARNING  core.graph_builder:graph_builder.py:542 [RAG] [REWRITE] 모든 시도 실패, 원본 유지: expected string or bytes-like object, got 'AsyncMock'
ERROR    core.graph_builder:graph_builder.py:124 LLM 호출 중 오류 발생: expected string or bytes-like object, got 'AsyncMock'
WARNING  core.graph_builder:graph_builder.py:542 [RAG] [REWRITE] 모든 시도 실패, 원본 유지: expected string or bytes-like object, got 'AsyncMock'
ERROR    core.graph_builder:graph_builder.py:124 LLM 호출 중 오류 발생: expected string or bytes-like object, got 'AsyncMock'
WARNING  core.graph_builder:graph_builder.py:542 [RAG] [REWRITE] 모든 시도 실패, 원본 유지: expected string or bytes-like object, got 'AsyncMock'
ERROR    core.graph_builder:graph_builder.py:124 LLM 호출 중 오류 발생: expected string or bytes-like object, got 'AsyncMock'
WARNING  core.graph_builder:graph_builder.py:542 [RAG] [REWRITE] 모든 시도 실패, 원본 유지: expected string or bytes-like object, got 'AsyncMock'
ERROR    core.graph_builder:graph_builder.py:124 LLM 호출 중 오류 발생: expected string or bytes-like object, got 'AsyncMock'
WARNING  core.graph_builder:graph_builder.py:542 [RAG] [REWRITE] 모든 시도 실패, 원본 유지: expected string or bytes-like object, got 'AsyncMock'
ERROR    core.graph_builder:graph_builder.py:124 LLM 호출 중 오류 발생: expected string or bytes-like object, got 'AsyncMock'
WARNING  core.graph_builder:graph_builder.py:542 [RAG] [REWRITE] 모든 시도 실패, 원본 유지: expected string or bytes-like object, got 'AsyncMock'
ERROR    core.graph_builder:graph_builder.py:124 LLM 호출 중 오류 발생: expected string or bytes-like object, got 'AsyncMock'
WARNING  core.graph_builder:graph_builder.py:542 [RAG] [REWRITE] 모든 시도 실패, 원본 유지: expected string or bytes-like object, got 'AsyncMock'
ERROR    core.graph_builder:graph_builder.py:124 LLM 호출 중 오류 발생: expected string or bytes-like object, got 'AsyncMock'
WARNING  core.graph_builder:graph_builder.py:542 [RAG] [REWRITE] 모든 시도 실패, 원본 유지: expected string or bytes-like object, got 'AsyncMock'
ERROR    core.graph_builder:graph_builder.py:124 LLM 호출 중 오류 발생: expected string or bytes-like object, got 'AsyncMock'
WARNING  core.graph_builder:graph_builder.py:542 [RAG] [REWRITE] 모든 시도 실패, 원본 유지: expected string or bytes-like object, got 'AsyncMock'
ERROR    core.graph_builder:graph_builder.py:124 LLM 호출 중 오류 발생: expected string or bytes-like object, got 'AsyncMock'
WARNING  core.graph_builder:graph_builder.py:542 [RAG] [REWRITE] 모든 시도 실패, 원본 유지: expected string or bytes-like object, got 'AsyncMock'
ERROR    core.graph_builder:graph_builder.py:124 LLM 호출 중 오류 발생: expected string or bytes-like object, got 'AsyncMock'
WARNING  core.graph_builder:graph_builder.py:542 [RAG] [REWRITE] 모든 시도 실패, 원본 유지: expected string or bytes-like object, got 'AsyncMock'
ERROR    core.graph_builder:graph_builder.py:124 LLM 호출 중 오류 발생: expected string or bytes-like object, got 'AsyncMock'
WARNING  core.graph_builder:graph_builder.py:542 [RAG] [REWRITE] 모든 시도 실패, 원본 유지: expected string or bytes-like object, got 'AsyncMock'
ERROR    core.graph_builder:graph_builder.py:124 LLM 호출 중 오류 발생: expected string or bytes-like object, got 'AsyncMock'
WARNING  core.graph_builder:graph_builder.py:542 [RAG] [REWRITE] 모든 시도 실패, 원본 유지: expected string or bytes-like object, got 'AsyncMock'
ERROR    core.graph_builder:graph_builder.py:124 LLM 호출 중 오류 발생: expected string or bytes-like object, got 'AsyncMock'
WARNING  core.graph_builder:graph_builder.py:542 [RAG] [REWRITE] 모든 시도 실패, 원본 유지: expected string or bytes-like object, got 'AsyncMock'
ERROR    core.graph_builder:graph_builder.py:124 LLM 호출 중 오류 발생: expected string or bytes-like object, got 'AsyncMock'
WARNING  core.graph_builder:graph_builder.py:542 [RAG] [REWRITE] 모든 시도 실패, 원본 유지: expected string or bytes-like object, got 'AsyncMock'
ERROR    core.graph_builder:graph_builder.py:124 LLM 호출 중 오류 발생: expected string or bytes-like object, got 'AsyncMock'
WARNING  core.graph_builder:graph_builder.py:542 [RAG] [REWRITE] 모든 시도 실패, 원본 유지: expected string or bytes-like object, got 'AsyncMock'
ERROR    core.graph_builder:graph_builder.py:124 LLM 호출 중 오류 발생: expected string or bytes-like object, got 'AsyncMock'
WARNING  core.graph_builder:graph_builder.py:542 [RAG] [REWRITE] 모든 시도 실패, 원본 유지: expected string or bytes-like object, got 'AsyncMock'
ERROR    core.graph_builder:graph_builder.py:124 LLM 호출 중 오류 발생: expected string or bytes-like object, got 'AsyncMock'
WARNING  core.graph_builder:graph_builder.py:542 [RAG] [REWRITE] 모든 시도 실패, 원본 유지: expected string or bytes-like object, got 'AsyncMock'
ERROR    core.graph_builder:graph_builder.py:124 LLM 호출 중 오류 발생: expected string or bytes-like object, got 'AsyncMock'
WARNING  core.graph_builder:graph_builder.py:542 [RAG] [REWRITE] 모든 시도 실패, 원본 유지: expected string or bytes-like object, got 'AsyncMock'
ERROR    core.graph_builder:graph_builder.py:124 LLM 호출 중 오류 발생: expected string or bytes-like object, got 'AsyncMock'
WARNING  core.graph_builder:graph_builder.py:542 [RAG] [REWRITE] 모든 시도 실패, 원본 유지: expected string or bytes-like object, got 'AsyncMock'
ERROR    core.graph_builder:graph_builder.py:124 LLM 호출 중 오류 발생: expected string or bytes-like object, got 'AsyncMock'
WARNING  core.graph_builder:graph_builder.py:542 [RAG] [REWRITE] 모든 시도 실패, 원본 유지: expected string or bytes-like object, got 'AsyncMock'
ERROR    core.graph_builder:graph_builder.py:124 LLM 호출 중 오류 발생: expected string or bytes-like object, got 'AsyncMock'
WARNING  core.graph_builder:graph_builder.py:542 [RAG] [REWRITE] 모든 시도 실패, 원본 유지: expected string or bytes-like object, got 'AsyncMock'
ERROR    core.graph_builder:graph_builder.py:124 LLM 호출 중 오류 발생: expected string or bytes-like object, got 'AsyncMock'
WARNING  core.graph_builder:graph_builder.py:542 [RAG] [REWRITE] 모든 시도 실패, 원본 유지: expected string or bytes-like object, got 'AsyncMock'
ERROR    core.graph_builder:graph_builder.py:124 LLM 호출 중 오류 발생: expected string or bytes-like object, got 'AsyncMock'
WARNING  core.graph_builder:graph_builder.py:542 [RAG] [REWRITE] 모든 시도 실패, 원본 유지: expected string or bytes-like object, got 'AsyncMock'
ERROR    core.graph_builder:graph_builder.py:124 LLM 호출 중 오류 발생: expected string or bytes-like object, got 'AsyncMock'
WARNING  core.graph_builder:graph_builder.py:542 [RAG] [REWRITE] 모든 시도 실패, 원본 유지: expected string or bytes-like object, got 'AsyncMock'
ERROR    core.graph_builder:graph_builder.py:124 LLM 호출 중 오류 발생: expected string or bytes-like object, got 'AsyncMock'
WARNING  core.graph_builder:graph_builder.py:542 [RAG] [REWRITE] 모든 시도 실패, 원본 유지: expected string or bytes-like object, got 'AsyncMock'
ERROR    core.graph_builder:graph_builder.py:124 LLM 호출 중 오류 발생: expected string or bytes-like object, got 'AsyncMock'
WARNING  core.graph_builder:graph_builder.py:542 [RAG] [REWRITE] 모든 시도 실패, 원본 유지: expected string or bytes-like object, got 'AsyncMock'
ERROR    core.graph_builder:graph_builder.py:124 LLM 호출 중 오류 발생: expected string or bytes-like object, got 'AsyncMock'
WARNING  core.graph_builder:graph_builder.py:542 [RAG] [REWRITE] 모든 시도 실패, 원본 유지: expected string or bytes-like object, got 'AsyncMock'
ERROR    core.graph_builder:graph_builder.py:124 LLM 호출 중 오류 발생: expected string or bytes-like object, got 'AsyncMock'
WARNING  core.graph_builder:graph_builder.py:542 [RAG] [REWRITE] 모든 시도 실패, 원본 유지: expected string or bytes-like object, got 'AsyncMock'
ERROR    core.graph_builder:graph_builder.py:124 LLM 호출 중 오류 발생: expected string or bytes-like object, got 'AsyncMock'
WARNING  core.graph_builder:graph_builder.py:542 [RAG] [REWRITE] 모든 시도 실패, 원본 유지: expected string or bytes-like object, got 'AsyncMock'
ERROR    core.graph_builder:graph_builder.py:124 LLM 호출 중 오류 발생: expected string or bytes-like object, got 'AsyncMock'
WARNING  core.graph_builder:graph_builder.py:542 [RAG] [REWRITE] 모든 시도 실패, 원본 유지: expected string or bytes-like object, got 'AsyncMock'
ERROR    core.graph_builder:graph_builder.py:124 LLM 호출 중 오류 발생: expected string or bytes-like object, got 'AsyncMock'
WARNING  core.graph_builder:graph_builder.py:542 [RAG] [REWRITE] 모든 시도 실패, 원본 유지: expected string or bytes-like object, got 'AsyncMock'
ERROR    core.graph_builder:graph_builder.py:124 LLM 호출 중 오류 발생: expected string or bytes-like object, got 'AsyncMock'
WARNING  core.graph_builder:graph_builder.py:542 [RAG] [REWRITE] 모든 시도 실패, 원본 유지: expected string or bytes-like object, got 'AsyncMock'
ERROR    core.graph_builder:graph_builder.py:124 LLM 호출 중 오류 발생: expected string or bytes-like object, got 'AsyncMock'
WARNING  core.graph_builder:graph_builder.py:542 [RAG] [REWRITE] 모든 시도 실패, 원본 유지: expected string or bytes-like object, got 'AsyncMock'
ERROR    core.graph_builder:graph_builder.py:124 LLM 호출 중 오류 발생: expected string or bytes-like object, got 'AsyncMock'
WARNING  core.graph_builder:graph_builder.py:542 [RAG] [REWRITE] 모든 시도 실패, 원본 유지: expected string or bytes-like object, got 'AsyncMock'
ERROR    core.graph_builder:graph_builder.py:124 LLM 호출 중 오류 발생: expected string or bytes-like object, got 'AsyncMock'
WARNING  core.graph_builder:graph_builder.py:542 [RAG] [REWRITE] 모든 시도 실패, 원본 유지: expected string or bytes-like object, got 'AsyncMock'
ERROR    core.graph_builder:graph_builder.py:124 LLM 호출 중 오류 발생: expected string or bytes-like object, got 'AsyncMock'
WARNING  core.graph_builder:graph_builder.py:542 [RAG] [REWRITE] 모든 시도 실패, 원본 유지: expected string or bytes-like object, got 'AsyncMock'
ERROR    core.graph_builder:graph_builder.py:124 LLM 호출 중 오류 발생: expected string or bytes-like object, got 'AsyncMock'
WARNING  core.graph_builder:graph_builder.py:542 [RAG] [REWRITE] 모든 시도 실패, 원본 유지: expected string or bytes-like object, got 'AsyncMock'
ERROR    core.graph_builder:graph_builder.py:124 LLM 호출 중 오류 발생: expected string or bytes-like object, got 'AsyncMock'
WARNING  core.graph_builder:graph_builder.py:542 [RAG] [REWRITE] 모든 시도 실패, 원본 유지: expected string or bytes-like object, got 'AsyncMock'
ERROR    core.graph_builder:graph_builder.py:124 LLM 호출 중 오류 발생: expected string or bytes-like object, got 'AsyncMock'
WARNING  core.graph_builder:graph_builder.py:542 [RAG] [REWRITE] 모든 시도 실패, 원본 유지: expected string or bytes-like object, got 'AsyncMock'
ERROR    core.graph_builder:graph_builder.py:124 LLM 호출 중 오류 발생: expected string or bytes-like object, got 'AsyncMock'
WARNING  core.graph_builder:graph_builder.py:542 [RAG] [REWRITE] 모든 시도 실패, 원본 유지: expected string or bytes-like object, got 'AsyncMock'
ERROR    core.graph_builder:graph_builder.py:124 LLM 호출 중 오류 발생: expected string or bytes-like object, got 'AsyncMock'
WARNING  core.graph_builder:graph_builder.py:542 [RAG] [REWRITE] 모든 시도 실패, 원본 유지: expected string or bytes-like object, got 'AsyncMock'
ERROR    core.graph_builder:graph_builder.py:124 LLM 호출 중 오류 발생: expected string or bytes-like object, got 'AsyncMock'
WARNING  core.graph_builder:graph_builder.py:542 [RAG] [REWRITE] 모든 시도 실패, 원본 유지: expected string or bytes-like object, got 'AsyncMock'
ERROR    core.graph_builder:graph_builder.py:124 LLM 호출 중 오류 발생: expected string or bytes-like object, got 'AsyncMock'
WARNING  core.graph_builder:graph_builder.py:542 [RAG] [REWRITE] 모든 시도 실패, 원본 유지: expected string or bytes-like object, got 'AsyncMock'
ERROR    core.graph_builder:graph_builder.py:124 LLM 호출 중 오류 발생: expected string or bytes-like object, got 'AsyncMock'
WARNING  core.graph_builder:graph_builder.py:542 [RAG] [REWRITE] 모든 시도 실패, 원본 유지: expected string or bytes-like object, got 'AsyncMock'
ERROR    core.graph_builder:graph_builder.py:124 LLM 호출 중 오류 발생: expected string or bytes-like object, got 'AsyncMock'
WARNING  core.graph_builder:graph_builder.py:542 [RAG] [REWRITE] 모든 시도 실패, 원본 유지: expected string or bytes-like object, got 'AsyncMock'
ERROR    core.graph_builder:graph_builder.py:124 LLM 호출 중 오류 발생: expected string or bytes-like object, got 'AsyncMock'
WARNING  core.graph_builder:graph_builder.py:542 [RAG] [REWRITE] 모든 시도 실패, 원본 유지: expected string or bytes-like object, got 'AsyncMock'
ERROR    core.graph_builder:graph_builder.py:124 LLM 호출 중 오류 발생: expected string or bytes-like object, got 'AsyncMock'
WARNING  core.graph_builder:graph_builder.py:542 [RAG] [REWRITE] 모든 시도 실패, 원본 유지: expected string or bytes-like object, got 'AsyncMock'
ERROR    core.graph_builder:graph_builder.py:124 LLM 호출 중 오류 발생: expected string or bytes-like object, got 'AsyncMock'
WARNING  core.graph_builder:graph_builder.py:542 [RAG] [REWRITE] 모든 시도 실패, 원본 유지: expected string or bytes-like object, got 'AsyncMock'
ERROR    core.graph_builder:graph_builder.py:124 LLM 호출 중 오류 발생: expected string or bytes-like object, got 'AsyncMock'
WARNING  core.graph_builder:graph_builder.py:542 [RAG] [REWRITE] 모든 시도 실패, 원본 유지: expected string or bytes-like object, got 'AsyncMock'
ERROR    core.graph_builder:graph_builder.py:124 LLM 호출 중 오류 발생: expected string or bytes-like object, got 'AsyncMock'
WARNING  core.graph_builder:graph_builder.py:542 [RAG] [REWRITE] 모든 시도 실패, 원본 유지: expected string or bytes-like object, got 'AsyncMock'
ERROR    core.graph_builder:graph_builder.py:124 LLM 호출 중 오류 발생: expected string or bytes-like object, got 'AsyncMock'
WARNING  core.graph_builder:graph_builder.py:542 [RAG] [REWRITE] 모든 시도 실패, 원본 유지: expected string or bytes-like object, got 'AsyncMock'
ERROR    core.graph_builder:graph_builder.py:124 LLM 호출 중 오류 발생: expected string or bytes-like object, got 'AsyncMock'
WARNING  core.graph_builder:graph_builder.py:542 [RAG] [REWRITE] 모든 시도 실패, 원본 유지: expected string or bytes-like object, got 'AsyncMock'
ERROR    core.graph_builder:graph_builder.py:124 LLM 호출 중 오류 발생: expected string or bytes-like object, got 'AsyncMock'
WARNING  core.graph_builder:graph_builder.py:542 [RAG] [REWRITE] 모든 시도 실패, 원본 유지: expected string or bytes-like object, got 'AsyncMock'
ERROR    core.graph_builder:graph_builder.py:124 LLM 호출 중 오류 발생: expected string or bytes-like object, got 'AsyncMock'
WARNING  core.graph_builder:graph_builder.py:542 [RAG] [REWRITE] 모든 시도 실패, 원본 유지: expected string or bytes-like object, got 'AsyncMock'
ERROR    core.graph_builder:graph_builder.py:124 LLM 호출 중 오류 발생: expected string or bytes-like object, got 'AsyncMock'
WARNING  core.graph_builder:graph_builder.py:542 [RAG] [REWRITE] 모든 시도 실패, 원본 유지: expected string or bytes-like object, got 'AsyncMock'
ERROR    core.graph_builder:graph_builder.py:124 LLM 호출 중 오류 발생: expected string or bytes-like object, got 'AsyncMock'
WARNING  core.graph_builder:graph_builder.py:542 [RAG] [REWRITE] 모든 시도 실패, 원본 유지: expected string or bytes-like object, got 'AsyncMock'
ERROR    core.graph_builder:graph_builder.py:124 LLM 호출 중 오류 발생: expected string or bytes-like object, got 'AsyncMock'
WARNING  core.graph_builder:graph_builder.py:542 [RAG] [REWRITE] 모든 시도 실패, 원본 유지: expected string or bytes-like object, got 'AsyncMock'
ERROR    core.graph_builder:graph_builder.py:124 LLM 호출 중 오류 발생: expected string or bytes-like object, got 'AsyncMock'
WARNING  core.graph_builder:graph_builder.py:542 [RAG] [REWRITE] 모든 시도 실패, 원본 유지: expected string or bytes-like object, got 'AsyncMock'
ERROR    core.graph_builder:graph_builder.py:124 LLM 호출 중 오류 발생: expected string or bytes-like object, got 'AsyncMock'
WARNING  core.graph_builder:graph_builder.py:542 [RAG] [REWRITE] 모든 시도 실패, 원본 유지: expected string or bytes-like object, got 'AsyncMock'
ERROR    core.graph_builder:graph_builder.py:124 LLM 호출 중 오류 발생: expected string or bytes-like object, got 'AsyncMock'
WARNING  core.graph_builder:graph_builder.py:542 [RAG] [REWRITE] 모든 시도 실패, 원본 유지: expected string or bytes-like object, got 'AsyncMock'
ERROR    core.graph_builder:graph_builder.py:124 LLM 호출 중 오류 발생: expected string or bytes-like object, got 'AsyncMock'
WARNING  core.graph_builder:graph_builder.py:542 [RAG] [REWRITE] 모든 시도 실패, 원본 유지: expected string or bytes-like object, got 'AsyncMock'
ERROR    core.graph_builder:graph_builder.py:124 LLM 호출 중 오류 발생: expected string or bytes-like object, got 'AsyncMock'
WARNING  core.graph_builder:graph_builder.py:542 [RAG] [REWRITE] 모든 시도 실패, 원본 유지: expected string or bytes-like object, got 'AsyncMock'
ERROR    core.graph_builder:graph_builder.py:124 LLM 호출 중 오류 발생: expected string or bytes-like object, got 'AsyncMock'
WARNING  core.graph_builder:graph_builder.py:542 [RAG] [REWRITE] 모든 시도 실패, 원본 유지: expected string or bytes-like object, got 'AsyncMock'
ERROR    core.graph_builder:graph_builder.py:124 LLM 호출 중 오류 발생: expected string or bytes-like object, got 'AsyncMock'
WARNING  core.graph_builder:graph_builder.py:542 [RAG] [REWRITE] 모든 시도 실패, 원본 유지: expected string or bytes-like object, got 'AsyncMock'
ERROR    core.graph_builder:graph_builder.py:124 LLM 호출 중 오류 발생: expected string or bytes-like object, got 'AsyncMock'
WARNING  core.graph_builder:graph_builder.py:542 [RAG] [REWRITE] 모든 시도 실패, 원본 유지: expected string or bytes-like object, got 'AsyncMock'
ERROR    core.graph_builder:graph_builder.py:124 LLM 호출 중 오류 발생: expected string or bytes-like object, got 'AsyncMock'
WARNING  core.graph_builder:graph_builder.py:542 [RAG] [REWRITE] 모든 시도 실패, 원본 유지: expected string or bytes-like object, got 'AsyncMock'
ERROR    core.graph_builder:graph_builder.py:124 LLM 호출 중 오류 발생: expected string or bytes-like object, got 'AsyncMock'
WARNING  core.graph_builder:graph_builder.py:542 [RAG] [REWRITE] 모든 시도 실패, 원본 유지: expected string or bytes-like object, got 'AsyncMock'
ERROR    core.graph_builder:graph_builder.py:124 LLM 호출 중 오류 발생: expected string or bytes-like object, got 'AsyncMock'
WARNING  core.graph_builder:graph_builder.py:542 [RAG] [REWRITE] 모든 시도 실패, 원본 유지: expected string or bytes-like object, got 'AsyncMock'
ERROR    core.graph_builder:graph_builder.py:124 LLM 호출 중 오류 발생: expected string or bytes-like object, got 'AsyncMock'
WARNING  core.graph_builder:graph_builder.py:542 [RAG] [REWRITE] 모든 시도 실패, 원본 유지: expected string or bytes-like object, got 'AsyncMock'
ERROR    core.graph_builder:graph_builder.py:124 LLM 호출 중 오류 발생: expected string or bytes-like object, got 'AsyncMock'
WARNING  core.graph_builder:graph_builder.py:542 [RAG] [REWRITE] 모든 시도 실패, 원본 유지: expected string or bytes-like object, got 'AsyncMock'
ERROR    core.graph_builder:graph_builder.py:124 LLM 호출 중 오류 발생: expected string or bytes-like object, got 'AsyncMock'
WARNING  core.graph_builder:graph_builder.py:542 [RAG] [REWRITE] 모든 시도 실패, 원본 유지: expected string or bytes-like object, got 'AsyncMock'
ERROR    core.graph_builder:graph_builder.py:124 LLM 호출 중 오류 발생: expected string or bytes-like object, got 'AsyncMock'
WARNING  core.graph_builder:graph_builder.py:542 [RAG] [REWRITE] 모든 시도 실패, 원본 유지: expected string or bytes-like object, got 'AsyncMock'
ERROR    core.graph_builder:graph_builder.py:124 LLM 호출 중 오류 발생: expected string or bytes-like object, got 'AsyncMock'
WARNING  core.graph_builder:graph_builder.py:542 [RAG] [REWRITE] 모든 시도 실패, 원본 유지: expected string or bytes-like object, got 'AsyncMock'
ERROR    core.graph_builder:graph_builder.py:124 LLM 호출 중 오류 발생: expected string or bytes-like object, got 'AsyncMock'
WARNING  core.graph_builder:graph_builder.py:542 [RAG] [REWRITE] 모든 시도 실패, 원본 유지: expected string or bytes-like object, got 'AsyncMock'
ERROR    core.graph_builder:graph_builder.py:124 LLM 호출 중 오류 발생: expected string or bytes-like object, got 'AsyncMock'
WARNING  core.graph_builder:graph_builder.py:542 [RAG] [REWRITE] 모든 시도 실패, 원본 유지: expected string or bytes-like object, got 'AsyncMock'
ERROR    core.graph_builder:graph_builder.py:124 LLM 호출 중 오류 발생: expected string or bytes-like object, got 'AsyncMock'
WARNING  core.graph_builder:graph_builder.py:542 [RAG] [REWRITE] 모든 시도 실패, 원본 유지: expected string or bytes-like object, got 'AsyncMock'
ERROR    core.graph_builder:graph_builder.py:124 LLM 호출 중 오류 발생: expected string or bytes-like object, got 'AsyncMock'
WARNING  core.graph_builder:graph_builder.py:542 [RAG] [REWRITE] 모든 시도 실패, 원본 유지: expected string or bytes-like object, got 'AsyncMock'
ERROR    core.graph_builder:graph_builder.py:124 LLM 호출 중 오류 발생: expected string or bytes-like object, got 'AsyncMock'
WARNING  core.graph_builder:graph_builder.py:542 [RAG] [REWRITE] 모든 시도 실패, 원본 유지: expected string or bytes-like object, got 'AsyncMock'
ERROR    core.graph_builder:graph_builder.py:124 LLM 호출 중 오류 발생: expected string or bytes-like object, got 'AsyncMock'
WARNING  core.graph_builder:graph_builder.py:542 [RAG] [REWRITE] 모든 시도 실패, 원본 유지: expected string or bytes-like object, got 'AsyncMock'
ERROR    core.graph_builder:graph_builder.py:124 LLM 호출 중 오류 발생: expected string or bytes-like object, got 'AsyncMock'
WARNING  core.graph_builder:graph_builder.py:542 [RAG] [REWRITE] 모든 시도 실패, 원본 유지: expected string or bytes-like object, got 'AsyncMock'
ERROR    core.graph_builder:graph_builder.py:124 LLM 호출 중 오류 발생: expected string or bytes-like object, got 'AsyncMock'
WARNING  core.graph_builder:graph_builder.py:542 [RAG] [REWRITE] 모든 시도 실패, 원본 유지: expected string or bytes-like object, got 'AsyncMock'
ERROR    core.graph_builder:graph_builder.py:124 LLM 호출 중 오류 발생: expected string or bytes-like object, got 'AsyncMock'
WARNING  core.graph_builder:graph_builder.py:542 [RAG] [REWRITE] 모든 시도 실패, 원본 유지: expected string or bytes-like object, got 'AsyncMock'
ERROR    core.graph_builder:graph_builder.py:124 LLM 호출 중 오류 발생: expected string or bytes-like object, got 'AsyncMock'
WARNING  core.graph_builder:graph_builder.py:542 [RAG] [REWRITE] 모든 시도 실패, 원본 유지: expected string or bytes-like object, got 'AsyncMock'
ERROR    core.graph_builder:graph_builder.py:124 LLM 호출 중 오류 발생: expected string or bytes-like object, got 'AsyncMock'
WARNING  core.graph_builder:graph_builder.py:542 [RAG] [REWRITE] 모든 시도 실패, 원본 유지: expected string or bytes-like object, got 'AsyncMock'
ERROR    core.graph_builder:graph_builder.py:124 LLM 호출 중 오류 발생: expected string or bytes-like object, got 'AsyncMock'
WARNING  core.graph_builder:graph_builder.py:542 [RAG] [REWRITE] 모든 시도 실패, 원본 유지: expected string or bytes-like object, got 'AsyncMock'
ERROR    core.graph_builder:graph_builder.py:124 LLM 호출 중 오류 발생: expected string or bytes-like object, got 'AsyncMock'
WARNING  core.graph_builder:graph_builder.py:542 [RAG] [REWRITE] 모든 시도 실패, 원본 유지: expected string or bytes-like object, got 'AsyncMock'
ERROR    core.graph_builder:graph_builder.py:124 LLM 호출 중 오류 발생: expected string or bytes-like object, got 'AsyncMock'
WARNING  core.graph_builder:graph_builder.py:542 [RAG] [REWRITE] 모든 시도 실패, 원본 유지: expected string or bytes-like object, got 'AsyncMock'
ERROR    core.graph_builder:graph_builder.py:124 LLM 호출 중 오류 발생: expected string or bytes-like object, got 'AsyncMock'
WARNING  core.graph_builder:graph_builder.py:542 [RAG] [REWRITE] 모든 시도 실패, 원본 유지: expected string or bytes-like object, got 'AsyncMock'
ERROR    core.graph_builder:graph_builder.py:124 LLM 호출 중 오류 발생: expected string or bytes-like object, got 'AsyncMock'
WARNING  core.graph_builder:graph_builder.py:542 [RAG] [REWRITE] 모든 시도 실패, 원본 유지: expected string or bytes-like object, got 'AsyncMock'
ERROR    core.graph_builder:graph_builder.py:124 LLM 호출 중 오류 발생: expected string or bytes-like object, got 'AsyncMock'
WARNING  core.graph_builder:graph_builder.py:542 [RAG] [REWRITE] 모든 시도 실패, 원본 유지: expected string or bytes-like object, got 'AsyncMock'
ERROR    core.graph_builder:graph_builder.py:124 LLM 호출 중 오류 발생: expected string or bytes-like object, got 'AsyncMock'
WARNING  core.graph_builder:graph_builder.py:542 [RAG] [REWRITE] 모든 시도 실패, 원본 유지: expected string or bytes-like object, got 'AsyncMock'
ERROR    core.graph_builder:graph_builder.py:124 LLM 호출 중 오류 발생: expected string or bytes-like object, got 'AsyncMock'
WARNING  core.graph_builder:graph_builder.py:542 [RAG] [REWRITE] 모든 시도 실패, 원본 유지: expected string or bytes-like object, got 'AsyncMock'
ERROR    core.graph_builder:graph_builder.py:124 LLM 호출 중 오류 발생: expected string or bytes-like object, got 'AsyncMock'
WARNING  core.graph_builder:graph_builder.py:542 [RAG] [REWRITE] 모든 시도 실패, 원본 유지: expected string or bytes-like object, got 'AsyncMock'
ERROR    core.graph_builder:graph_builder.py:124 LLM 호출 중 오류 발생: expected string or bytes-like object, got 'AsyncMock'
WARNING  core.graph_builder:graph_builder.py:542 [RAG] [REWRITE] 모든 시도 실패, 원본 유지: expected string or bytes-like object, got 'AsyncMock'
ERROR    core.graph_builder:graph_builder.py:124 LLM 호출 중 오류 발생: expected string or bytes-like object, got 'AsyncMock'
WARNING  core.graph_builder:graph_builder.py:542 [RAG] [REWRITE] 모든 시도 실패, 원본 유지: expected string or bytes-like object, got 'AsyncMock'
ERROR    core.graph_builder:graph_builder.py:124 LLM 호출 중 오류 발생: expected string or bytes-like object, got 'AsyncMock'
WARNING  core.graph_builder:graph_builder.py:542 [RAG] [REWRITE] 모든 시도 실패, 원본 유지: expected string or bytes-like object, got 'AsyncMock'
ERROR    core.graph_builder:graph_builder.py:124 LLM 호출 중 오류 발생: expected string or bytes-like object, got 'AsyncMock'
WARNING  core.graph_builder:graph_builder.py:542 [RAG] [REWRITE] 모든 시도 실패, 원본 유지: expected string or bytes-like object, got 'AsyncMock'
ERROR    core.graph_builder:graph_builder.py:124 LLM 호출 중 오류 발생: expected string or bytes-like object, got 'AsyncMock'
WARNING  core.graph_builder:graph_builder.py:542 [RAG] [REWRITE] 모든 시도 실패, 원본 유지: expected string or bytes-like object, got 'AsyncMock'
ERROR    core.graph_builder:graph_builder.py:124 LLM 호출 중 오류 발생: expected string or bytes-like object, got 'AsyncMock'
WARNING  core.graph_builder:graph_builder.py:542 [RAG] [REWRITE] 모든 시도 실패, 원본 유지: expected string or bytes-like object, got 'AsyncMock'
ERROR    core.graph_builder:graph_builder.py:124 LLM 호출 중 오류 발생: expected string or bytes-like object, got 'AsyncMock'
WARNING  core.graph_builder:graph_builder.py:542 [RAG] [REWRITE] 모든 시도 실패, 원본 유지: expected string or bytes-like object, got 'AsyncMock'
ERROR    core.graph_builder:graph_builder.py:124 LLM 호출 중 오류 발생: expected string or bytes-like object, got 'AsyncMock'
WARNING  core.graph_builder:graph_builder.py:542 [RAG] [REWRITE] 모든 시도 실패, 원본 유지: expected string or bytes-like object, got 'AsyncMock'
ERROR    core.graph_builder:graph_builder.py:124 LLM 호출 중 오류 발생: expected string or bytes-like object, got 'AsyncMock'
WARNING  core.graph_builder:graph_builder.py:542 [RAG] [REWRITE] 모든 시도 실패, 원본 유지: expected string or bytes-like object, got 'AsyncMock'
ERROR    core.graph_builder:graph_builder.py:124 LLM 호출 중 오류 발생: expected string or bytes-like object, got 'AsyncMock'
WARNING  core.graph_builder:graph_builder.py:542 [RAG] [REWRITE] 모든 시도 실패, 원본 유지: expected string or bytes-like object, got 'AsyncMock'
ERROR    core.graph_builder:graph_builder.py:124 LLM 호출 중 오류 발생: expected string or bytes-like object, got 'AsyncMock'
WARNING  core.graph_builder:graph_builder.py:542 [RAG] [REWRITE] 모든 시도 실패, 원본 유지: expected string or bytes-like object, got 'AsyncMock'
ERROR    core.graph_builder:graph_builder.py:124 LLM 호출 중 오류 발생: expected string or bytes-like object, got 'AsyncMock'
WARNING  core.graph_builder:graph_builder.py:542 [RAG] [REWRITE] 모든 시도 실패, 원본 유지: expected string or bytes-like object, got 'AsyncMock'
ERROR    core.graph_builder:graph_builder.py:124 LLM 호출 중 오류 발생: expected string or bytes-like object, got 'AsyncMock'
WARNING  core.graph_builder:graph_builder.py:542 [RAG] [REWRITE] 모든 시도 실패, 원본 유지: expected string or bytes-like object, got 'AsyncMock'
ERROR    core.graph_builder:graph_builder.py:124 LLM 호출 중 오류 발생: expected string or bytes-like object, got 'AsyncMock'
WARNING  core.graph_builder:graph_builder.py:542 [RAG] [REWRITE] 모든 시도 실패, 원본 유지: expected string or bytes-like object, got 'AsyncMock'
ERROR    core.graph_builder:graph_builder.py:124 LLM 호출 중 오류 발생: expected string or bytes-like object, got 'AsyncMock'
WARNING  core.graph_builder:graph_builder.py:542 [RAG] [REWRITE] 모든 시도 실패, 원본 유지: expected string or bytes-like object, got 'AsyncMock'
ERROR    core.graph_builder:graph_builder.py:124 LLM 호출 중 오류 발생: expected string or bytes-like object, got 'AsyncMock'
WARNING  core.graph_builder:graph_builder.py:542 [RAG] [REWRITE] 모든 시도 실패, 원본 유지: expected string or bytes-like object, got 'AsyncMock'
ERROR    core.graph_builder:graph_builder.py:124 LLM 호출 중 오류 발생: expected string or bytes-like object, got 'AsyncMock'
WARNING  core.graph_builder:graph_builder.py:542 [RAG] [REWRITE] 모든 시도 실패, 원본 유지: expected string or bytes-like object, got 'AsyncMock'
ERROR    core.graph_builder:graph_builder.py:124 LLM 호출 중 오류 발생: expected string or bytes-like object, got 'AsyncMock'
WARNING  core.graph_builder:graph_builder.py:542 [RAG] [REWRITE] 모든 시도 실패, 원본 유지: expected string or bytes-like object, got 'AsyncMock'
ERROR    core.graph_builder:graph_builder.py:124 LLM 호출 중 오류 발생: expected string or bytes-like object, got 'AsyncMock'
WARNING  core.graph_builder:graph_builder.py:542 [RAG] [REWRITE] 모든 시도 실패, 원본 유지: expected string or bytes-like object, got 'AsyncMock'
ERROR    core.graph_builder:graph_builder.py:124 LLM 호출 중 오류 발생: expected string or bytes-like object, got 'AsyncMock'
WARNING  core.graph_builder:graph_builder.py:542 [RAG] [REWRITE] 모든 시도 실패, 원본 유지: expected string or bytes-like object, got 'AsyncMock'
ERROR    core.graph_builder:graph_builder.py:124 LLM 호출 중 오류 발생: expected string or bytes-like object, got 'AsyncMock'
WARNING  core.graph_builder:graph_builder.py:542 [RAG] [REWRITE] 모든 시도 실패, 원본 유지: expected string or bytes-like object, got 'AsyncMock'
ERROR    core.graph_builder:graph_builder.py:124 LLM 호출 중 오류 발생: expected string or bytes-like object, got 'AsyncMock'
WARNING  core.graph_builder:graph_builder.py:542 [RAG] [REWRITE] 모든 시도 실패, 원본 유지: expected string or bytes-like object, got 'AsyncMock'
ERROR    core.graph_builder:graph_builder.py:124 LLM 호출 중 오류 발생: expected string or bytes-like object, got 'AsyncMock'
WARNING  core.graph_builder:graph_builder.py:542 [RAG] [REWRITE] 모든 시도 실패, 원본 유지: expected string or bytes-like object, got 'AsyncMock'
ERROR    core.graph_builder:graph_builder.py:124 LLM 호출 중 오류 발생: expected string or bytes-like object, got 'AsyncMock'
WARNING  core.graph_builder:graph_builder.py:542 [RAG] [REWRITE] 모든 시도 실패, 원본 유지: expected string or bytes-like object, got 'AsyncMock'
ERROR    core.graph_builder:graph_builder.py:124 LLM 호출 중 오류 발생: expected string or bytes-like object, got 'AsyncMock'
WARNING  core.graph_builder:graph_builder.py:542 [RAG] [REWRITE] 모든 시도 실패, 원본 유지: expected string or bytes-like object, got 'AsyncMock'
ERROR    core.graph_builder:graph_builder.py:124 LLM 호출 중 오류 발생: expected string or bytes-like object, got 'AsyncMock'
WARNING  core.graph_builder:graph_builder.py:542 [RAG] [REWRITE] 모든 시도 실패, 원본 유지: expected string or bytes-like object, got 'AsyncMock'
ERROR    core.graph_builder:graph_builder.py:124 LLM 호출 중 오류 발생: expected string or bytes-like object, got 'AsyncMock'
WARNING  core.graph_builder:graph_builder.py:542 [RAG] [REWRITE] 모든 시도 실패, 원본 유지: expected string or bytes-like object, got 'AsyncMock'
ERROR    core.graph_builder:graph_builder.py:124 LLM 호출 중 오류 발생: expected string or bytes-like object, got 'AsyncMock'
WARNING  core.graph_builder:graph_builder.py:542 [RAG] [REWRITE] 모든 시도 실패, 원본 유지: expected string or bytes-like object, got 'AsyncMock'
ERROR    core.graph_builder:graph_builder.py:124 LLM 호출 중 오류 발생: expected string or bytes-like object, got 'AsyncMock'
WARNING  core.graph_builder:graph_builder.py:542 [RAG] [REWRITE] 모든 시도 실패, 원본 유지: expected string or bytes-like object, got 'AsyncMock'
ERROR    core.graph_builder:graph_builder.py:124 LLM 호출 중 오류 발생: expected string or bytes-like object, got 'AsyncMock'
WARNING  core.graph_builder:graph_builder.py:542 [RAG] [REWRITE] 모든 시도 실패, 원본 유지: expected string or bytes-like object, got 'AsyncMock'
ERROR    core.graph_builder:graph_builder.py:124 LLM 호출 중 오류 발생: expected string or bytes-like object, got 'AsyncMock'
WARNING  core.graph_builder:graph_builder.py:542 [RAG] [REWRITE] 모든 시도 실패, 원본 유지: expected string or bytes-like object, got 'AsyncMock'
ERROR    core.graph_builder:graph_builder.py:124 LLM 호출 중 오류 발생: expected string or bytes-like object, got 'AsyncMock'
WARNING  core.graph_builder:graph_builder.py:542 [RAG] [REWRITE] 모든 시도 실패, 원본 유지: expected string or bytes-like object, got 'AsyncMock'
ERROR    core.graph_builder:graph_builder.py:124 LLM 호출 중 오류 발생: expected string or bytes-like object, got 'AsyncMock'
WARNING  core.graph_builder:graph_builder.py:542 [RAG] [REWRITE] 모든 시도 실패, 원본 유지: expected string or bytes-like object, got 'AsyncMock'
ERROR    core.graph_builder:graph_builder.py:124 LLM 호출 중 오류 발생: expected string or bytes-like object, got 'AsyncMock'
WARNING  core.graph_builder:graph_builder.py:542 [RAG] [REWRITE] 모든 시도 실패, 원본 유지: expected string or bytes-like object, got 'AsyncMock'
ERROR    core.graph_builder:graph_builder.py:124 LLM 호출 중 오류 발생: expected string or bytes-like object, got 'AsyncMock'
WARNING  core.graph_builder:graph_builder.py:542 [RAG] [REWRITE] 모든 시도 실패, 원본 유지: expected string or bytes-like object, got 'AsyncMock'
ERROR    core.graph_builder:graph_builder.py:124 LLM 호출 중 오류 발생: expected string or bytes-like object, got 'AsyncMock'
WARNING  core.graph_builder:graph_builder.py:542 [RAG] [REWRITE] 모든 시도 실패, 원본 유지: expected string or bytes-like object, got 'AsyncMock'
ERROR    core.graph_builder:graph_builder.py:124 LLM 호출 중 오류 발생: expected string or bytes-like object, got 'AsyncMock'
WARNING  core.graph_builder:graph_builder.py:542 [RAG] [REWRITE] 모든 시도 실패, 원본 유지: expected string or bytes-like object, got 'AsyncMock'
ERROR    core.graph_builder:graph_builder.py:124 LLM 호출 중 오류 발생: expected string or bytes-like object, got 'AsyncMock'
WARNING  core.graph_builder:graph_builder.py:542 [RAG] [REWRITE] 모든 시도 실패, 원본 유지: expected string or bytes-like object, got 'AsyncMock'
ERROR    core.graph_builder:graph_builder.py:124 LLM 호출 중 오류 발생: expected string or bytes-like object, got 'AsyncMock'
WARNING  core.graph_builder:graph_builder.py:542 [RAG] [REWRITE] 모든 시도 실패, 원본 유지: expected string or bytes-like object, got 'AsyncMock'
ERROR    core.graph_builder:graph_builder.py:124 LLM 호출 중 오류 발생: expected string or bytes-like object, got 'AsyncMock'
WARNING  core.graph_builder:graph_builder.py:542 [RAG] [REWRITE] 모든 시도 실패, 원본 유지: expected string or bytes-like object, got 'AsyncMock'
ERROR    core.graph_builder:graph_builder.py:124 LLM 호출 중 오류 발생: expected string or bytes-like object, got 'AsyncMock'
WARNING  core.graph_builder:graph_builder.py:542 [RAG] [REWRITE] 모든 시도 실패, 원본 유지: expected string or bytes-like object, got 'AsyncMock'
ERROR    core.graph_builder:graph_builder.py:124 LLM 호출 중 오류 발생: expected string or bytes-like object, got 'AsyncMock'
WARNING  core.graph_builder:graph_builder.py:542 [RAG] [REWRITE] 모든 시도 실패, 원본 유지: expected string or bytes-like object, got 'AsyncMock'
ERROR    core.graph_builder:graph_builder.py:124 LLM 호출 중 오류 발생: expected string or bytes-like object, got 'AsyncMock'
WARNING  core.graph_builder:graph_builder.py:542 [RAG] [REWRITE] 모든 시도 실패, 원본 유지: expected string or bytes-like object, got 'AsyncMock'
ERROR    core.graph_builder:graph_builder.py:124 LLM 호출 중 오류 발생: expected string or bytes-like object, got 'AsyncMock'
WARNING  core.graph_builder:graph_builder.py:542 [RAG] [REWRITE] 모든 시도 실패, 원본 유지: expected string or bytes-like object, got 'AsyncMock'
ERROR    core.graph_builder:graph_builder.py:124 LLM 호출 중 오류 발생: expected string or bytes-like object, got 'AsyncMock'
WARNING  core.graph_builder:graph_builder.py:542 [RAG] [REWRITE] 모든 시도 실패, 원본 유지: expected string or bytes-like object, got 'AsyncMock'
ERROR    core.graph_builder:graph_builder.py:124 LLM 호출 중 오류 발생: expected string or bytes-like object, got 'AsyncMock'
WARNING  core.graph_builder:graph_builder.py:542 [RAG] [REWRITE] 모든 시도 실패, 원본 유지: expected string or bytes-like object, got 'AsyncMock'
ERROR    core.graph_builder:graph_builder.py:124 LLM 호출 중 오류 발생: expected string or bytes-like object, got 'AsyncMock'
WARNING  core.graph_builder:graph_builder.py:542 [RAG] [REWRITE] 모든 시도 실패, 원본 유지: expected string or bytes-like object, got 'AsyncMock'
ERROR    core.graph_builder:graph_builder.py:124 LLM 호출 중 오류 발생: expected string or bytes-like object, got 'AsyncMock'
WARNING  core.graph_builder:graph_builder.py:542 [RAG] [REWRITE] 모든 시도 실패, 원본 유지: expected string or bytes-like object, got 'AsyncMock'
ERROR    core.graph_builder:graph_builder.py:124 LLM 호출 중 오류 발생: expected string or bytes-like object, got 'AsyncMock'
WARNING  core.graph_builder:graph_builder.py:542 [RAG] [REWRITE] 모든 시도 실패, 원본 유지: expected string or bytes-like object, got 'AsyncMock'
ERROR    core.graph_builder:graph_builder.py:124 LLM 호출 중 오류 발생: expected string or bytes-like object, got 'AsyncMock'
WARNING  core.graph_builder:graph_builder.py:542 [RAG] [REWRITE] 모든 시도 실패, 원본 유지: expected string or bytes-like object, got 'AsyncMock'
ERROR    core.graph_builder:graph_builder.py:124 LLM 호출 중 오류 발생: expected string or bytes-like object, got 'AsyncMock'
WARNING  core.graph_builder:graph_builder.py:542 [RAG] [REWRITE] 모든 시도 실패, 원본 유지: expected string or bytes-like object, got 'AsyncMock'
ERROR    core.graph_builder:graph_builder.py:124 LLM 호출 중 오류 발생: expected string or bytes-like object, got 'AsyncMock'
WARNING  core.graph_builder:graph_builder.py:542 [RAG] [REWRITE] 모든 시도 실패, 원본 유지: expected string or bytes-like object, got 'AsyncMock'
ERROR    core.graph_builder:graph_builder.py:124 LLM 호출 중 오류 발생: expected string or bytes-like object, got 'AsyncMock'
WARNING  core.graph_builder:graph_builder.py:542 [RAG] [REWRITE] 모든 시도 실패, 원본 유지: expected string or bytes-like object, got 'AsyncMock'
ERROR    core.graph_builder:graph_builder.py:124 LLM 호출 중 오류 발생: expected string or bytes-like object, got 'AsyncMock'
WARNING  core.graph_builder:graph_builder.py:542 [RAG] [REWRITE] 모든 시도 실패, 원본 유지: expected string or bytes-like object, got 'AsyncMock'
ERROR    core.graph_builder:graph_builder.py:124 LLM 호출 중 오류 발생: expected string or bytes-like object, got 'AsyncMock'
WARNING  core.graph_builder:graph_builder.py:542 [RAG] [REWRITE] 모든 시도 실패, 원본 유지: expected string or bytes-like object, got 'AsyncMock'
ERROR    core.graph_builder:graph_builder.py:124 LLM 호출 중 오류 발생: expected string or bytes-like object, got 'AsyncMock'
WARNING  core.graph_builder:graph_builder.py:542 [RAG] [REWRITE] 모든 시도 실패, 원본 유지: expected string or bytes-like object, got 'AsyncMock'
ERROR    core.graph_builder:graph_builder.py:124 LLM 호출 중 오류 발생: expected string or bytes-like object, got 'AsyncMock'
WARNING  core.graph_builder:graph_builder.py:542 [RAG] [REWRITE] 모든 시도 실패, 원본 유지: expected string or bytes-like object, got 'AsyncMock'
ERROR    core.graph_builder:graph_builder.py:124 LLM 호출 중 오류 발생: expected string or bytes-like object, got 'AsyncMock'
WARNING  core.graph_builder:graph_builder.py:542 [RAG] [REWRITE] 모든 시도 실패, 원본 유지: expected string or bytes-like object, got 'AsyncMock'
ERROR    core.graph_builder:graph_builder.py:124 LLM 호출 중 오류 발생: expected string or bytes-like object, got 'AsyncMock'
WARNING  core.graph_builder:graph_builder.py:542 [RAG] [REWRITE] 모든 시도 실패, 원본 유지: expected string or bytes-like object, got 'AsyncMock'
ERROR    core.graph_builder:graph_builder.py:124 LLM 호출 중 오류 발생: expected string or bytes-like object, got 'AsyncMock'
WARNING  core.graph_builder:graph_builder.py:542 [RAG] [REWRITE] 모든 시도 실패, 원본 유지: expected string or bytes-like object, got 'AsyncMock'
ERROR    core.graph_builder:graph_builder.py:124 LLM 호출 중 오류 발생: expected string or bytes-like object, got 'AsyncMock'
WARNING  core.graph_builder:graph_builder.py:542 [RAG] [REWRITE] 모든 시도 실패, 원본 유지: expected string or bytes-like object, got 'AsyncMock'
ERROR    core.graph_builder:graph_builder.py:124 LLM 호출 중 오류 발생: expected string or bytes-like object, got 'AsyncMock'
WARNING  core.graph_builder:graph_builder.py:542 [RAG] [REWRITE] 모든 시도 실패, 원본 유지: expected string or bytes-like object, got 'AsyncMock'
ERROR    core.graph_builder:graph_builder.py:124 LLM 호출 중 오류 발생: expected string or bytes-like object, got 'AsyncMock'
WARNING  core.graph_builder:graph_builder.py:542 [RAG] [REWRITE] 모든 시도 실패, 원본 유지: expected string or bytes-like object, got 'AsyncMock'
ERROR    core.graph_builder:graph_builder.py:124 LLM 호출 중 오류 발생: expected string or bytes-like object, got 'AsyncMock'
WARNING  core.graph_builder:graph_builder.py:542 [RAG] [REWRITE] 모든 시도 실패, 원본 유지: expected string or bytes-like object, got 'AsyncMock'
ERROR    core.graph_builder:graph_builder.py:124 LLM 호출 중 오류 발생: expected string or bytes-like object, got 'AsyncMock'
WARNING  core.graph_builder:graph_builder.py:542 [RAG] [REWRITE] 모든 시도 실패, 원본 유지: expected string or bytes-like object, got 'AsyncMock'
ERROR    core.graph_builder:graph_builder.py:124 LLM 호출 중 오류 발생: expected string or bytes-like object, got 'AsyncMock'
WARNING  core.graph_builder:graph_builder.py:542 [RAG] [REWRITE] 모든 시도 실패, 원본 유지: expected string or bytes-like object, got 'AsyncMock'
ERROR    core.graph_builder:graph_builder.py:124 LLM 호출 중 오류 발생: expected string or bytes-like object, got 'AsyncMock'
WARNING  core.graph_builder:graph_builder.py:542 [RAG] [REWRITE] 모든 시도 실패, 원본 유지: expected string or bytes-like object, got 'AsyncMock'
ERROR    core.graph_builder:graph_builder.py:124 LLM 호출 중 오류 발생: expected string or bytes-like object, got 'AsyncMock'
WARNING  core.graph_builder:graph_builder.py:542 [RAG] [REWRITE] 모든 시도 실패, 원본 유지: expected string or bytes-like object, got 'AsyncMock'
ERROR    core.graph_builder:graph_builder.py:124 LLM 호출 중 오류 발생: expected string or bytes-like object, got 'AsyncMock'
WARNING  core.graph_builder:graph_builder.py:542 [RAG] [REWRITE] 모든 시도 실패, 원본 유지: expected string or bytes-like object, got 'AsyncMock'
ERROR    core.graph_builder:graph_builder.py:124 LLM 호출 중 오류 발생: expected string or bytes-like object, got 'AsyncMock'
WARNING  core.graph_builder:graph_builder.py:542 [RAG] [REWRITE] 모든 시도 실패, 원본 유지: expected string or bytes-like object, got 'AsyncMock'
ERROR    core.graph_builder:graph_builder.py:124 LLM 호출 중 오류 발생: expected string or bytes-like object, got 'AsyncMock'
WARNING  core.graph_builder:graph_builder.py:542 [RAG] [REWRITE] 모든 시도 실패, 원본 유지: expected string or bytes-like object, got 'AsyncMock'
ERROR    core.graph_builder:graph_builder.py:124 LLM 호출 중 오류 발생: expected string or bytes-like object, got 'AsyncMock'
WARNING  core.graph_builder:graph_builder.py:542 [RAG] [REWRITE] 모든 시도 실패, 원본 유지: expected string or bytes-like object, got 'AsyncMock'
ERROR    core.graph_builder:graph_builder.py:124 LLM 호출 중 오류 발생: expected string or bytes-like object, got 'AsyncMock'
WARNING  core.graph_builder:graph_builder.py:542 [RAG] [REWRITE] 모든 시도 실패, 원본 유지: expected string or bytes-like object, got 'AsyncMock'
ERROR    core.graph_builder:graph_builder.py:124 LLM 호출 중 오류 발생: expected string or bytes-like object, got 'AsyncMock'
WARNING  core.graph_builder:graph_builder.py:542 [RAG] [REWRITE] 모든 시도 실패, 원본 유지: expected string or bytes-like object, got 'AsyncMock'
ERROR    core.graph_builder:graph_builder.py:124 LLM 호출 중 오류 발생: expected string or bytes-like object, got 'AsyncMock'
WARNING  core.graph_builder:graph_builder.py:542 [RAG] [REWRITE] 모든 시도 실패, 원본 유지: expected string or bytes-like object, got 'AsyncMock'
ERROR    core.graph_builder:graph_builder.py:124 LLM 호출 중 오류 발생: expected string or bytes-like object, got 'AsyncMock'
WARNING  core.graph_builder:graph_builder.py:542 [RAG] [REWRITE] 모든 시도 실패, 원본 유지: expected string or bytes-like object, got 'AsyncMock'
ERROR    core.graph_builder:graph_builder.py:124 LLM 호출 중 오류 발생: expected string or bytes-like object, got 'AsyncMock'
WARNING  core.graph_builder:graph_builder.py:542 [RAG] [REWRITE] 모든 시도 실패, 원본 유지: expected string or bytes-like object, got 'AsyncMock'
ERROR    core.graph_builder:graph_builder.py:124 LLM 호출 중 오류 발생: expected string or bytes-like object, got 'AsyncMock'
WARNING  core.graph_builder:graph_builder.py:542 [RAG] [REWRITE] 모든 시도 실패, 원본 유지: expected string or bytes-like object, got 'AsyncMock'
ERROR    core.graph_builder:graph_builder.py:124 LLM 호출 중 오류 발생: expected string or bytes-like object, got 'AsyncMock'
WARNING  core.graph_builder:graph_builder.py:542 [RAG] [REWRITE] 모든 시도 실패, 원본 유지: expected string or bytes-like object, got 'AsyncMock'
ERROR    core.graph_builder:graph_builder.py:124 LLM 호출 중 오류 발생: expected string or bytes-like object, got 'AsyncMock'
WARNING  core.graph_builder:graph_builder.py:542 [RAG] [REWRITE] 모든 시도 실패, 원본 유지: expected string or bytes-like object, got 'AsyncMock'
ERROR    core.graph_builder:graph_builder.py:124 LLM 호출 중 오류 발생: expected string or bytes-like object, got 'AsyncMock'
WARNING  core.graph_builder:graph_builder.py:542 [RAG] [REWRITE] 모든 시도 실패, 원본 유지: expected string or bytes-like object, got 'AsyncMock'
ERROR    core.graph_builder:graph_builder.py:124 LLM 호출 중 오류 발생: expected string or bytes-like object, got 'AsyncMock'
WARNING  core.graph_builder:graph_builder.py:542 [RAG] [REWRITE] 모든 시도 실패, 원본 유지: expected string or bytes-like object, got 'AsyncMock'
ERROR    core.graph_builder:graph_builder.py:124 LLM 호출 중 오류 발생: expected string or bytes-like object, got 'AsyncMock'
WARNING  core.graph_builder:graph_builder.py:542 [RAG] [REWRITE] 모든 시도 실패, 원본 유지: expected string or bytes-like object, got 'AsyncMock'
ERROR    core.graph_builder:graph_builder.py:124 LLM 호출 중 오류 발생: expected string or bytes-like object, got 'AsyncMock'
WARNING  core.graph_builder:graph_builder.py:542 [RAG] [REWRITE] 모든 시도 실패, 원본 유지: expected string or bytes-like object, got 'AsyncMock'
ERROR    core.graph_builder:graph_builder.py:124 LLM 호출 중 오류 발생: expected string or bytes-like object, got 'AsyncMock'
WARNING  core.graph_builder:graph_builder.py:542 [RAG] [REWRITE] 모든 시도 실패, 원본 유지: expected string or bytes-like object, got 'AsyncMock'
ERROR    core.graph_builder:graph_builder.py:124 LLM 호출 중 오류 발생: expected string or bytes-like object, got 'AsyncMock'
WARNING  core.graph_builder:graph_builder.py:542 [RAG] [REWRITE] 모든 시도 실패, 원본 유지: expected string or bytes-like object, got 'AsyncMock'
ERROR    core.graph_builder:graph_builder.py:124 LLM 호출 중 오류 발생: expected string or bytes-like object, got 'AsyncMock'
WARNING  core.graph_builder:graph_builder.py:542 [RAG] [REWRITE] 모든 시도 실패, 원본 유지: expected string or bytes-like object, got 'AsyncMock'
ERROR    core.graph_builder:graph_builder.py:124 LLM 호출 중 오류 발생: expected string or bytes-like object, got 'AsyncMock'
WARNING  core.graph_builder:graph_builder.py:542 [RAG] [REWRITE] 모든 시도 실패, 원본 유지: expected string or bytes-like object, got 'AsyncMock'
ERROR    core.graph_builder:graph_builder.py:124 LLM 호출 중 오류 발생: expected string or bytes-like object, got 'AsyncMock'
WARNING  core.graph_builder:graph_builder.py:542 [RAG] [REWRITE] 모든 시도 실패, 원본 유지: expected string or bytes-like object, got 'AsyncMock'
ERROR    core.graph_builder:graph_builder.py:124 LLM 호출 중 오류 발생: expected string or bytes-like object, got 'AsyncMock'
WARNING  core.graph_builder:graph_builder.py:542 [RAG] [REWRITE] 모든 시도 실패, 원본 유지: expected string or bytes-like object, got 'AsyncMock'
ERROR    core.graph_builder:graph_builder.py:124 LLM 호출 중 오류 발생: expected string or bytes-like object, got 'AsyncMock'
WARNING  core.graph_builder:graph_builder.py:542 [RAG] [REWRITE] 모든 시도 실패, 원본 유지: expected string or bytes-like object, got 'AsyncMock'
ERROR    core.graph_builder:graph_builder.py:124 LLM 호출 중 오류 발생: expected string or bytes-like object, got 'AsyncMock'
WARNING  core.graph_builder:graph_builder.py:542 [RAG] [REWRITE] 모든 시도 실패, 원본 유지: expected string or bytes-like object, got 'AsyncMock'
ERROR    core.graph_builder:graph_builder.py:124 LLM 호출 중 오류 발생: expected string or bytes-like object, got 'AsyncMock'
WARNING  core.graph_builder:graph_builder.py:542 [RAG] [REWRITE] 모든 시도 실패, 원본 유지: expected string or bytes-like object, got 'AsyncMock'
ERROR    core.graph_builder:graph_builder.py:124 LLM 호출 중 오류 발생: expected string or bytes-like object, got 'AsyncMock'
WARNING  core.graph_builder:graph_builder.py:542 [RAG] [REWRITE] 모든 시도 실패, 원본 유지: expected string or bytes-like object, got 'AsyncMock'
ERROR    core.graph_builder:graph_builder.py:124 LLM 호출 중 오류 발생: expected string or bytes-like object, got 'AsyncMock'
WARNING  core.graph_builder:graph_builder.py:542 [RAG] [REWRITE] 모든 시도 실패, 원본 유지: expected string or bytes-like object, got 'AsyncMock'
ERROR    core.graph_builder:graph_builder.py:124 LLM 호출 중 오류 발생: expected string or bytes-like object, got 'AsyncMock'
WARNING  core.graph_builder:graph_builder.py:542 [RAG] [REWRITE] 모든 시도 실패, 원본 유지: expected string or bytes-like object, got 'AsyncMock'
ERROR    core.graph_builder:graph_builder.py:124 LLM 호출 중 오류 발생: expected string or bytes-like object, got 'AsyncMock'
WARNING  core.graph_builder:graph_builder.py:542 [RAG] [REWRITE] 모든 시도 실패, 원본 유지: expected string or bytes-like object, got 'AsyncMock'
ERROR    core.graph_builder:graph_builder.py:124 LLM 호출 중 오류 발생: expected string or bytes-like object, got 'AsyncMock'
WARNING  core.graph_builder:graph_builder.py:542 [RAG] [REWRITE] 모든 시도 실패, 원본 유지: expected string or bytes-like object, got 'AsyncMock'
ERROR    core.graph_builder:graph_builder.py:124 LLM 호출 중 오류 발생: expected string or bytes-like object, got 'AsyncMock'
WARNING  core.graph_builder:graph_builder.py:542 [RAG] [REWRITE] 모든 시도 실패, 원본 유지: expected string or bytes-like object, got 'AsyncMock'
ERROR    core.graph_builder:graph_builder.py:124 LLM 호출 중 오류 발생: expected string or bytes-like object, got 'AsyncMock'
WARNING  core.graph_builder:graph_builder.py:542 [RAG] [REWRITE] 모든 시도 실패, 원본 유지: expected string or bytes-like object, got 'AsyncMock'
ERROR    core.graph_builder:graph_builder.py:124 LLM 호출 중 오류 발생: expected string or bytes-like object, got 'AsyncMock'
WARNING  core.graph_builder:graph_builder.py:542 [RAG] [REWRITE] 모든 시도 실패, 원본 유지: expected string or bytes-like object, got 'AsyncMock'
ERROR    core.graph_builder:graph_builder.py:124 LLM 호출 중 오류 발생: expected string or bytes-like object, got 'AsyncMock'
WARNING  core.graph_builder:graph_builder.py:542 [RAG] [REWRITE] 모든 시도 실패, 원본 유지: expected string or bytes-like object, got 'AsyncMock'
ERROR    core.graph_builder:graph_builder.py:124 LLM 호출 중 오류 발생: expected string or bytes-like object, got 'AsyncMock'
WARNING  core.graph_builder:graph_builder.py:542 [RAG] [REWRITE] 모든 시도 실패, 원본 유지: expected string or bytes-like object, got 'AsyncMock'
ERROR    core.graph_builder:graph_builder.py:124 LLM 호출 중 오류 발생: expected string or bytes-like object, got 'AsyncMock'
WARNING  core.graph_builder:graph_builder.py:542 [RAG] [REWRITE] 모든 시도 실패, 원본 유지: expected string or bytes-like object, got 'AsyncMock'
ERROR    core.graph_builder:graph_builder.py:124 LLM 호출 중 오류 발생: expected string or bytes-like object, got 'AsyncMock'
WARNING  core.graph_builder:graph_builder.py:542 [RAG] [REWRITE] 모든 시도 실패, 원본 유지: expected string or bytes-like object, got 'AsyncMock'
ERROR    core.graph_builder:graph_builder.py:124 LLM 호출 중 오류 발생: expected string or bytes-like object, got 'AsyncMock'
WARNING  core.graph_builder:graph_builder.py:542 [RAG] [REWRITE] 모든 시도 실패, 원본 유지: expected string or bytes-like object, got 'AsyncMock'
ERROR    core.graph_builder:graph_builder.py:124 LLM 호출 중 오류 발생: expected string or bytes-like object, got 'AsyncMock'
WARNING  core.graph_builder:graph_builder.py:542 [RAG] [REWRITE] 모든 시도 실패, 원본 유지: expected string or bytes-like object, got 'AsyncMock'
ERROR    core.graph_builder:graph_builder.py:124 LLM 호출 중 오류 발생: expected string or bytes-like object, got 'AsyncMock'
WARNING  core.graph_builder:graph_builder.py:542 [RAG] [REWRITE] 모든 시도 실패, 원본 유지: expected string or bytes-like object, got 'AsyncMock'
ERROR    core.graph_builder:graph_builder.py:124 LLM 호출 중 오류 발생: expected string or bytes-like object, got 'AsyncMock'
WARNING  core.graph_builder:graph_builder.py:542 [RAG] [REWRITE] 모든 시도 실패, 원본 유지: expected string or bytes-like object, got 'AsyncMock'
ERROR    core.graph_builder:graph_builder.py:124 LLM 호출 중 오류 발생: expected string or bytes-like object, got 'AsyncMock'
WARNING  core.graph_builder:graph_builder.py:542 [RAG] [REWRITE] 모든 시도 실패, 원본 유지: expected string or bytes-like object, got 'AsyncMock'
ERROR    core.graph_builder:graph_builder.py:124 LLM 호출 중 오류 발생: expected string or bytes-like object, got 'AsyncMock'
WARNING  core.graph_builder:graph_builder.py:542 [RAG] [REWRITE] 모든 시도 실패, 원본 유지: expected string or bytes-like object, got 'AsyncMock'
ERROR    core.graph_builder:graph_builder.py:124 LLM 호출 중 오류 발생: expected string or bytes-like object, got 'AsyncMock'
WARNING  core.graph_builder:graph_builder.py:542 [RAG] [REWRITE] 모든 시도 실패, 원본 유지: expected string or bytes-like object, got 'AsyncMock'
ERROR    core.graph_builder:graph_builder.py:124 LLM 호출 중 오류 발생: expected string or bytes-like object, got 'AsyncMock'
WARNING  core.graph_builder:graph_builder.py:542 [RAG] [REWRITE] 모든 시도 실패, 원본 유지: expected string or bytes-like object, got 'AsyncMock'
ERROR    core.graph_builder:graph_builder.py:124 LLM 호출 중 오류 발생: expected string or bytes-like object, got 'AsyncMock'
WARNING  core.graph_builder:graph_builder.py:542 [RAG] [REWRITE] 모든 시도 실패, 원본 유지: expected string or bytes-like object, got 'AsyncMock'
ERROR    core.graph_builder:graph_builder.py:124 LLM 호출 중 오류 발생: expected string or bytes-like object, got 'AsyncMock'
WARNING  core.graph_builder:graph_builder.py:542 [RAG] [REWRITE] 모든 시도 실패, 원본 유지: expected string or bytes-like object, got 'AsyncMock'
ERROR    core.graph_builder:graph_builder.py:124 LLM 호출 중 오류 발생: expected string or bytes-like object, got 'AsyncMock'
WARNING  core.graph_builder:graph_builder.py:542 [RAG] [REWRITE] 모든 시도 실패, 원본 유지: expected string or bytes-like object, got 'AsyncMock'
ERROR    core.graph_builder:graph_builder.py:124 LLM 호출 중 오류 발생: expected string or bytes-like object, got 'AsyncMock'
WARNING  core.graph_builder:graph_builder.py:542 [RAG] [REWRITE] 모든 시도 실패, 원본 유지: expected string or bytes-like object, got 'AsyncMock'
ERROR    core.graph_builder:graph_builder.py:124 LLM 호출 중 오류 발생: expected string or bytes-like object, got 'AsyncMock'
WARNING  core.graph_builder:graph_builder.py:542 [RAG] [REWRITE] 모든 시도 실패, 원본 유지: expected string or bytes-like object, got 'AsyncMock'
ERROR    core.graph_builder:graph_builder.py:124 LLM 호출 중 오류 발생: expected string or bytes-like object, got 'AsyncMock'
WARNING  core.graph_builder:graph_builder.py:542 [RAG] [REWRITE] 모든 시도 실패, 원본 유지: expected string or bytes-like object, got 'AsyncMock'
ERROR    core.graph_builder:graph_builder.py:124 LLM 호출 중 오류 발생: expected string or bytes-like object, got 'AsyncMock'
WARNING  core.graph_builder:graph_builder.py:542 [RAG] [REWRITE] 모든 시도 실패, 원본 유지: expected string or bytes-like object, got 'AsyncMock'
ERROR    core.graph_builder:graph_builder.py:124 LLM 호출 중 오류 발생: expected string or bytes-like object, got 'AsyncMock'
WARNING  core.graph_builder:graph_builder.py:542 [RAG] [REWRITE] 모든 시도 실패, 원본 유지: expected string or bytes-like object, got 'AsyncMock'
ERROR    core.graph_builder:graph_builder.py:124 LLM 호출 중 오류 발생: expected string or bytes-like object, got 'AsyncMock'
WARNING  core.graph_builder:graph_builder.py:542 [RAG] [REWRITE] 모든 시도 실패, 원본 유지: expected string or bytes-like object, got 'AsyncMock'
ERROR    core.graph_builder:graph_builder.py:124 LLM 호출 중 오류 발생: expected string or bytes-like object, got 'AsyncMock'
WARNING  core.graph_builder:graph_builder.py:542 [RAG] [REWRITE] 모든 시도 실패, 원본 유지: expected string or bytes-like object, got 'AsyncMock'
ERROR    core.graph_builder:graph_builder.py:124 LLM 호출 중 오류 발생: expected string or bytes-like object, got 'AsyncMock'
WARNING  core.graph_builder:graph_builder.py:542 [RAG] [REWRITE] 모든 시도 실패, 원본 유지: expected string or bytes-like object, got 'AsyncMock'
ERROR    core.graph_builder:graph_builder.py:124 LLM 호출 중 오류 발생: expected string or bytes-like object, got 'AsyncMock'
WARNING  core.graph_builder:graph_builder.py:542 [RAG] [REWRITE] 모든 시도 실패, 원본 유지: expected string or bytes-like object, got 'AsyncMock'
ERROR    core.graph_builder:graph_builder.py:124 LLM 호출 중 오류 발생: expected string or bytes-like object, got 'AsyncMock'
WARNING  core.graph_builder:graph_builder.py:542 [RAG] [REWRITE] 모든 시도 실패, 원본 유지: expected string or bytes-like object, got 'AsyncMock'
ERROR    core.graph_builder:graph_builder.py:124 LLM 호출 중 오류 발생: expected string or bytes-like object, got 'AsyncMock'
WARNING  core.graph_builder:graph_builder.py:542 [RAG] [REWRITE] 모든 시도 실패, 원본 유지: expected string or bytes-like object, got 'AsyncMock'
ERROR    core.graph_builder:graph_builder.py:124 LLM 호출 중 오류 발생: expected string or bytes-like object, got 'AsyncMock'
WARNING  core.graph_builder:graph_builder.py:542 [RAG] [REWRITE] 모든 시도 실패, 원본 유지: expected string or bytes-like object, got 'AsyncMock'
ERROR    core.graph_builder:graph_builder.py:124 LLM 호출 중 오류 발생: expected string or bytes-like object, got 'AsyncMock'
WARNING  core.graph_builder:graph_builder.py:542 [RAG] [REWRITE] 모든 시도 실패, 원본 유지: expected string or bytes-like object, got 'AsyncMock'
ERROR    core.graph_builder:graph_builder.py:124 LLM 호출 중 오류 발생: expected string or bytes-like object, got 'AsyncMock'
WARNING  core.graph_builder:graph_builder.py:542 [RAG] [REWRITE] 모든 시도 실패, 원본 유지: expected string or bytes-like object, got 'AsyncMock'
ERROR    core.graph_builder:graph_builder.py:124 LLM 호출 중 오류 발생: expected string or bytes-like object, got 'AsyncMock'
WARNING  core.graph_builder:graph_builder.py:542 [RAG] [REWRITE] 모든 시도 실패, 원본 유지: expected string or bytes-like object, got 'AsyncMock'
ERROR    core.graph_builder:graph_builder.py:124 LLM 호출 중 오류 발생: expected string or bytes-like object, got 'AsyncMock'
WARNING  core.graph_builder:graph_builder.py:542 [RAG] [REWRITE] 모든 시도 실패, 원본 유지: expected string or bytes-like object, got 'AsyncMock'
ERROR    core.graph_builder:graph_builder.py:124 LLM 호출 중 오류 발생: expected string or bytes-like object, got 'AsyncMock'
WARNING  core.graph_builder:graph_builder.py:542 [RAG] [REWRITE] 모든 시도 실패, 원본 유지: expected string or bytes-like object, got 'AsyncMock'
ERROR    core.graph_builder:graph_builder.py:124 LLM 호출 중 오류 발생: expected string or bytes-like object, got 'AsyncMock'
WARNING  core.graph_builder:graph_builder.py:542 [RAG] [REWRITE] 모든 시도 실패, 원본 유지: expected string or bytes-like object, got 'AsyncMock'
ERROR    core.graph_builder:graph_builder.py:124 LLM 호출 중 오류 발생: expected string or bytes-like object, got 'AsyncMock'
WARNING  core.graph_builder:graph_builder.py:542 [RAG] [REWRITE] 모든 시도 실패, 원본 유지: expected string or bytes-like object, got 'AsyncMock'
ERROR    core.graph_builder:graph_builder.py:124 LLM 호출 중 오류 발생: expected string or bytes-like object, got 'AsyncMock'
WARNING  core.graph_builder:graph_builder.py:542 [RAG] [REWRITE] 모든 시도 실패, 원본 유지: expected string or bytes-like object, got 'AsyncMock'
ERROR    core.graph_builder:graph_builder.py:124 LLM 호출 중 오류 발생: expected string or bytes-like object, got 'AsyncMock'
WARNING  core.graph_builder:graph_builder.py:542 [RAG] [REWRITE] 모든 시도 실패, 원본 유지: expected string or bytes-like object, got 'AsyncMock'
ERROR    core.graph_builder:graph_builder.py:124 LLM 호출 중 오류 발생: expected string or bytes-like object, got 'AsyncMock'
WARNING  core.graph_builder:graph_builder.py:542 [RAG] [REWRITE] 모든 시도 실패, 원본 유지: expected string or bytes-like object, got 'AsyncMock'
ERROR    core.graph_builder:graph_builder.py:124 LLM 호출 중 오류 발생: expected string or bytes-like object, got 'AsyncMock'
WARNING  core.graph_builder:graph_builder.py:542 [RAG] [REWRITE] 모든 시도 실패, 원본 유지: expected string or bytes-like object, got 'AsyncMock'
ERROR    core.graph_builder:graph_builder.py:124 LLM 호출 중 오류 발생: expected string or bytes-like object, got 'AsyncMock'
WARNING  core.graph_builder:graph_builder.py:542 [RAG] [REWRITE] 모든 시도 실패, 원본 유지: expected string or bytes-like object, got 'AsyncMock'
ERROR    core.graph_builder:graph_builder.py:124 LLM 호출 중 오류 발생: expected string or bytes-like object, got 'AsyncMock'
WARNING  core.graph_builder:graph_builder.py:542 [RAG] [REWRITE] 모든 시도 실패, 원본 유지: expected string or bytes-like object, got 'AsyncMock'
ERROR    core.graph_builder:graph_builder.py:124 LLM 호출 중 오류 발생: expected string or bytes-like object, got 'AsyncMock'
WARNING  core.graph_builder:graph_builder.py:542 [RAG] [REWRITE] 모든 시도 실패, 원본 유지: expected string or bytes-like object, got 'AsyncMock'
ERROR    core.graph_builder:graph_builder.py:124 LLM 호출 중 오류 발생: expected string or bytes-like object, got 'AsyncMock'
WARNING  core.graph_builder:graph_builder.py:542 [RAG] [REWRITE] 모든 시도 실패, 원본 유지: expected string or bytes-like object, got 'AsyncMock'
ERROR    core.graph_builder:graph_builder.py:124 LLM 호출 중 오류 발생: expected string or bytes-like object, got 'AsyncMock'
WARNING  core.graph_builder:graph_builder.py:542 [RAG] [REWRITE] 모든 시도 실패, 원본 유지: expected string or bytes-like object, got 'AsyncMock'
ERROR    core.graph_builder:graph_builder.py:124 LLM 호출 중 오류 발생: expected string or bytes-like object, got 'AsyncMock'
WARNING  core.graph_builder:graph_builder.py:542 [RAG] [REWRITE] 모든 시도 실패, 원본 유지: expected string or bytes-like object, got 'AsyncMock'
ERROR    core.graph_builder:graph_builder.py:124 LLM 호출 중 오류 발생: expected string or bytes-like object, got 'AsyncMock'
WARNING  core.graph_builder:graph_builder.py:542 [RAG] [REWRITE] 모든 시도 실패, 원본 유지: expected string or bytes-like object, got 'AsyncMock'
ERROR    core.graph_builder:graph_builder.py:124 LLM 호출 중 오류 발생: expected string or bytes-like object, got 'AsyncMock'
WARNING  core.graph_builder:graph_builder.py:542 [RAG] [REWRITE] 모든 시도 실패, 원본 유지: expected string or bytes-like object, got 'AsyncMock'
ERROR    core.graph_builder:graph_builder.py:124 LLM 호출 중 오류 발생: expected string or bytes-like object, got 'AsyncMock'
WARNING  core.graph_builder:graph_builder.py:542 [RAG] [REWRITE] 모든 시도 실패, 원본 유지: expected string or bytes-like object, got 'AsyncMock'
ERROR    core.graph_builder:graph_builder.py:124 LLM 호출 중 오류 발생: expected string or bytes-like object, got 'AsyncMock'
WARNING  core.graph_builder:graph_builder.py:542 [RAG] [REWRITE] 모든 시도 실패, 원본 유지: expected string or bytes-like object, got 'AsyncMock'
ERROR    core.graph_builder:graph_builder.py:124 LLM 호출 중 오류 발생: expected string or bytes-like object, got 'AsyncMock'
WARNING  core.graph_builder:graph_builder.py:542 [RAG] [REWRITE] 모든 시도 실패, 원본 유지: expected string or bytes-like object, got 'AsyncMock'
ERROR    core.graph_builder:graph_builder.py:124 LLM 호출 중 오류 발생: expected string or bytes-like object, got 'AsyncMock'
WARNING  core.graph_builder:graph_builder.py:542 [RAG] [REWRITE] 모든 시도 실패, 원본 유지: expected string or bytes-like object, got 'AsyncMock'
ERROR    core.graph_builder:graph_builder.py:124 LLM 호출 중 오류 발생: expected string or bytes-like object, got 'AsyncMock'
WARNING  core.graph_builder:graph_builder.py:542 [RAG] [REWRITE] 모든 시도 실패, 원본 유지: expected string or bytes-like object, got 'AsyncMock'
ERROR    core.graph_builder:graph_builder.py:124 LLM 호출 중 오류 발생: expected string or bytes-like object, got 'AsyncMock'
WARNING  core.graph_builder:graph_builder.py:542 [RAG] [REWRITE] 모든 시도 실패, 원본 유지: expected string or bytes-like object, got 'AsyncMock'
ERROR    core.graph_builder:graph_builder.py:124 LLM 호출 중 오류 발생: expected string or bytes-like object, got 'AsyncMock'
WARNING  core.graph_builder:graph_builder.py:542 [RAG] [REWRITE] 모든 시도 실패, 원본 유지: expected string or bytes-like object, got 'AsyncMock'
ERROR    core.graph_builder:graph_builder.py:124 LLM 호출 중 오류 발생: expected string or bytes-like object, got 'AsyncMock'
WARNING  core.graph_builder:graph_builder.py:542 [RAG] [REWRITE] 모든 시도 실패, 원본 유지: expected string or bytes-like object, got 'AsyncMock'
ERROR    core.graph_builder:graph_builder.py:124 LLM 호출 중 오류 발생: expected string or bytes-like object, got 'AsyncMock'
WARNING  core.graph_builder:graph_builder.py:542 [RAG] [REWRITE] 모든 시도 실패, 원본 유지: expected string or bytes-like object, got 'AsyncMock'
ERROR    core.graph_builder:graph_builder.py:124 LLM 호출 중 오류 발생: expected string or bytes-like object, got 'AsyncMock'
WARNING  core.graph_builder:graph_builder.py:542 [RAG] [REWRITE] 모든 시도 실패, 원본 유지: expected string or bytes-like object, got 'AsyncMock'
ERROR    core.graph_builder:graph_builder.py:124 LLM 호출 중 오류 발생: expected string or bytes-like object, got 'AsyncMock'
WARNING  core.graph_builder:graph_builder.py:542 [RAG] [REWRITE] 모든 시도 실패, 원본 유지: expected string or bytes-like object, got 'AsyncMock'
ERROR    core.graph_builder:graph_builder.py:124 LLM 호출 중 오류 발생: expected string or bytes-like object, got 'AsyncMock'
WARNING  core.graph_builder:graph_builder.py:542 [RAG] [REWRITE] 모든 시도 실패, 원본 유지: expected string or bytes-like object, got 'AsyncMock'
ERROR    core.graph_builder:graph_builder.py:124 LLM 호출 중 오류 발생: expected string or bytes-like object, got 'AsyncMock'
WARNING  core.graph_builder:graph_builder.py:542 [RAG] [REWRITE] 모든 시도 실패, 원본 유지: expected string or bytes-like object, got 'AsyncMock'
ERROR    core.graph_builder:graph_builder.py:124 LLM 호출 중 오류 발생: expected string or bytes-like object, got 'AsyncMock'
WARNING  core.graph_builder:graph_builder.py:542 [RAG] [REWRITE] 모든 시도 실패, 원본 유지: expected string or bytes-like object, got 'AsyncMock'
ERROR    core.graph_builder:graph_builder.py:124 LLM 호출 중 오류 발생: expected string or bytes-like object, got 'AsyncMock'
WARNING  core.graph_builder:graph_builder.py:542 [RAG] [REWRITE] 모든 시도 실패, 원본 유지: expected string or bytes-like object, got 'AsyncMock'
ERROR    core.graph_builder:graph_builder.py:124 LLM 호출 중 오류 발생: expected string or bytes-like object, got 'AsyncMock'
WARNING  core.graph_builder:graph_builder.py:542 [RAG] [REWRITE] 모든 시도 실패, 원본 유지: expected string or bytes-like object, got 'AsyncMock'
ERROR    core.graph_builder:graph_builder.py:124 LLM 호출 중 오류 발생: expected string or bytes-like object, got 'AsyncMock'
WARNING  core.graph_builder:graph_builder.py:542 [RAG] [REWRITE] 모든 시도 실패, 원본 유지: expected string or bytes-like object, got 'AsyncMock'
ERROR    core.graph_builder:graph_builder.py:124 LLM 호출 중 오류 발생: expected string or bytes-like object, got 'AsyncMock'
WARNING  core.graph_builder:graph_builder.py:542 [RAG] [REWRITE] 모든 시도 실패, 원본 유지: expected string or bytes-like object, got 'AsyncMock'
ERROR    core.graph_builder:graph_builder.py:124 LLM 호출 중 오류 발생: expected string or bytes-like object, got 'AsyncMock'
WARNING  core.graph_builder:graph_builder.py:542 [RAG] [REWRITE] 모든 시도 실패, 원본 유지: expected string or bytes-like object, got 'AsyncMock'
ERROR    core.graph_builder:graph_builder.py:124 LLM 호출 중 오류 발생: expected string or bytes-like object, got 'AsyncMock'
WARNING  core.graph_builder:graph_builder.py:542 [RAG] [REWRITE] 모든 시도 실패, 원본 유지: expected string or bytes-like object, got 'AsyncMock'
ERROR    core.graph_builder:graph_builder.py:124 LLM 호출 중 오류 발생: expected string or bytes-like object, got 'AsyncMock'
WARNING  core.graph_builder:graph_builder.py:542 [RAG] [REWRITE] 모든 시도 실패, 원본 유지: expected string or bytes-like object, got 'AsyncMock'
ERROR    core.graph_builder:graph_builder.py:124 LLM 호출 중 오류 발생: expected string or bytes-like object, got 'AsyncMock'
WARNING  core.graph_builder:graph_builder.py:542 [RAG] [REWRITE] 모든 시도 실패, 원본 유지: expected string or bytes-like object, got 'AsyncMock'
ERROR    core.graph_builder:graph_builder.py:124 LLM 호출 중 오류 발생: expected string or bytes-like object, got 'AsyncMock'
WARNING  core.graph_builder:graph_builder.py:542 [RAG] [REWRITE] 모든 시도 실패, 원본 유지: expected string or bytes-like object, got 'AsyncMock'
ERROR    core.graph_builder:graph_builder.py:124 LLM 호출 중 오류 발생: expected string or bytes-like object, got 'AsyncMock'
WARNING  core.graph_builder:graph_builder.py:542 [RAG] [REWRITE] 모든 시도 실패, 원본 유지: expected string or bytes-like object, got 'AsyncMock'
ERROR    core.graph_builder:graph_builder.py:124 LLM 호출 중 오류 발생: expected string or bytes-like object, got 'AsyncMock'
WARNING  core.graph_builder:graph_builder.py:542 [RAG] [REWRITE] 모든 시도 실패, 원본 유지: expected string or bytes-like object, got 'AsyncMock'
ERROR    core.graph_builder:graph_builder.py:124 LLM 호출 중 오류 발생: expected string or bytes-like object, got 'AsyncMock'
WARNING  core.graph_builder:graph_builder.py:542 [RAG] [REWRITE] 모든 시도 실패, 원본 유지: expected string or bytes-like object, got 'AsyncMock'
ERROR    core.graph_builder:graph_builder.py:124 LLM 호출 중 오류 발생: expected string or bytes-like object, got 'AsyncMock'
WARNING  core.graph_builder:graph_builder.py:542 [RAG] [REWRITE] 모든 시도 실패, 원본 유지: expected string or bytes-like object, got 'AsyncMock'
ERROR    core.graph_builder:graph_builder.py:124 LLM 호출 중 오류 발생: expected string or bytes-like object, got 'AsyncMock'
WARNING  core.graph_builder:graph_builder.py:542 [RAG] [REWRITE] 모든 시도 실패, 원본 유지: expected string or bytes-like object, got 'AsyncMock'
ERROR    core.graph_builder:graph_builder.py:124 LLM 호출 중 오류 발생: expected string or bytes-like object, got 'AsyncMock'
WARNING  core.graph_builder:graph_builder.py:542 [RAG] [REWRITE] 모든 시도 실패, 원본 유지: expected string or bytes-like object, got 'AsyncMock'
ERROR    core.graph_builder:graph_builder.py:124 LLM 호출 중 오류 발생: expected string or bytes-like object, got 'AsyncMock'
WARNING  core.graph_builder:graph_builder.py:542 [RAG] [REWRITE] 모든 시도 실패, 원본 유지: expected string or bytes-like object, got 'AsyncMock'
ERROR    core.graph_builder:graph_builder.py:124 LLM 호출 중 오류 발생: expected string or bytes-like object, got 'AsyncMock'
WARNING  core.graph_builder:graph_builder.py:542 [RAG] [REWRITE] 모든 시도 실패, 원본 유지: expected string or bytes-like object, got 'AsyncMock'
ERROR    core.graph_builder:graph_builder.py:124 LLM 호출 중 오류 발생: expected string or bytes-like object, got 'AsyncMock'
WARNING  core.graph_builder:graph_builder.py:542 [RAG] [REWRITE] 모든 시도 실패, 원본 유지: expected string or bytes-like object, got 'AsyncMock'
ERROR    core.graph_builder:graph_builder.py:124 LLM 호출 중 오류 발생: expected string or bytes-like object, got 'AsyncMock'
WARNING  core.graph_builder:graph_builder.py:542 [RAG] [REWRITE] 모든 시도 실패, 원본 유지: expected string or bytes-like object, got 'AsyncMock'
ERROR    core.graph_builder:graph_builder.py:124 LLM 호출 중 오류 발생: expected string or bytes-like object, got 'AsyncMock'
WARNING  core.graph_builder:graph_builder.py:542 [RAG] [REWRITE] 모든 시도 실패, 원본 유지: expected string or bytes-like object, got 'AsyncMock'
ERROR    core.graph_builder:graph_builder.py:124 LLM 호출 중 오류 발생: expected string or bytes-like object, got 'AsyncMock'
WARNING  core.graph_builder:graph_builder.py:542 [RAG] [REWRITE] 모든 시도 실패, 원본 유지: expected string or bytes-like object, got 'AsyncMock'
ERROR    core.graph_builder:graph_builder.py:124 LLM 호출 중 오류 발생: expected string or bytes-like object, got 'AsyncMock'
WARNING  core.graph_builder:graph_builder.py:542 [RAG] [REWRITE] 모든 시도 실패, 원본 유지: expected string or bytes-like object, got 'AsyncMock'
ERROR    core.graph_builder:graph_builder.py:124 LLM 호출 중 오류 발생: expected string or bytes-like object, got 'AsyncMock'
WARNING  core.graph_builder:graph_builder.py:542 [RAG] [REWRITE] 모든 시도 실패, 원본 유지: expected string or bytes-like object, got 'AsyncMock'
ERROR    core.graph_builder:graph_builder.py:124 LLM 호출 중 오류 발생: expected string or bytes-like object, got 'AsyncMock'
WARNING  core.graph_builder:graph_builder.py:542 [RAG] [REWRITE] 모든 시도 실패, 원본 유지: expected string or bytes-like object, got 'AsyncMock'
ERROR    core.graph_builder:graph_builder.py:124 LLM 호출 중 오류 발생: expected string or bytes-like object, got 'AsyncMock'
WARNING  core.graph_builder:graph_builder.py:542 [RAG] [REWRITE] 모든 시도 실패, 원본 유지: expected string or bytes-like object, got 'AsyncMock'
ERROR    core.graph_builder:graph_builder.py:124 LLM 호출 중 오류 발생: expected string or bytes-like object, got 'AsyncMock'
WARNING  core.graph_builder:graph_builder.py:542 [RAG] [REWRITE] 모든 시도 실패, 원본 유지: expected string or bytes-like object, got 'AsyncMock'
ERROR    core.graph_builder:graph_builder.py:124 LLM 호출 중 오류 발생: expected string or bytes-like object, got 'AsyncMock'
WARNING  core.graph_builder:graph_builder.py:542 [RAG] [REWRITE] 모든 시도 실패, 원본 유지: expected string or bytes-like object, got 'AsyncMock'
ERROR    core.graph_builder:graph_builder.py:124 LLM 호출 중 오류 발생: expected string or bytes-like object, got 'AsyncMock'
WARNING  core.graph_builder:graph_builder.py:542 [RAG] [REWRITE] 모든 시도 실패, 원본 유지: expected string or bytes-like object, got 'AsyncMock'
ERROR    core.graph_builder:graph_builder.py:124 LLM 호출 중 오류 발생: expected string or bytes-like object, got 'AsyncMock'
WARNING  core.graph_builder:graph_builder.py:542 [RAG] [REWRITE] 모든 시도 실패, 원본 유지: expected string or bytes-like object, got 'AsyncMock'
ERROR    core.graph_builder:graph_builder.py:124 LLM 호출 중 오류 발생: expected string or bytes-like object, got 'AsyncMock'
WARNING  core.graph_builder:graph_builder.py:542 [RAG] [REWRITE] 모든 시도 실패, 원본 유지: expected string or bytes-like object, got 'AsyncMock'
ERROR    core.graph_builder:graph_builder.py:124 LLM 호출 중 오류 발생: expected string or bytes-like object, got 'AsyncMock'
WARNING  core.graph_builder:graph_builder.py:542 [RAG] [REWRITE] 모든 시도 실패, 원본 유지: expected string or bytes-like object, got 'AsyncMock'
ERROR    core.graph_builder:graph_builder.py:124 LLM 호출 중 오류 발생: expected string or bytes-like object, got 'AsyncMock'
WARNING  core.graph_builder:graph_builder.py:542 [RAG] [REWRITE] 모든 시도 실패, 원본 유지: expected string or bytes-like object, got 'AsyncMock'
ERROR    core.graph_builder:graph_builder.py:124 LLM 호출 중 오류 발생: expected string or bytes-like object, got 'AsyncMock'
WARNING  core.graph_builder:graph_builder.py:542 [RAG] [REWRITE] 모든 시도 실패, 원본 유지: expected string or bytes-like object, got 'AsyncMock'
ERROR    core.graph_builder:graph_builder.py:124 LLM 호출 중 오류 발생: expected string or bytes-like object, got 'AsyncMock'
WARNING  core.graph_builder:graph_builder.py:542 [RAG] [REWRITE] 모든 시도 실패, 원본 유지: expected string or bytes-like object, got 'AsyncMock'
ERROR    core.graph_builder:graph_builder.py:124 LLM 호출 중 오류 발생: expected string or bytes-like object, got 'AsyncMock'
WARNING  core.graph_builder:graph_builder.py:542 [RAG] [REWRITE] 모든 시도 실패, 원본 유지: expected string or bytes-like object, got 'AsyncMock'
ERROR    core.graph_builder:graph_builder.py:124 LLM 호출 중 오류 발생: expected string or bytes-like object, got 'AsyncMock'
WARNING  core.graph_builder:graph_builder.py:542 [RAG] [REWRITE] 모든 시도 실패, 원본 유지: expected string or bytes-like object, got 'AsyncMock'
ERROR    core.graph_builder:graph_builder.py:124 LLM 호출 중 오류 발생: expected string or bytes-like object, got 'AsyncMock'
WARNING  core.graph_builder:graph_builder.py:542 [RAG] [REWRITE] 모든 시도 실패, 원본 유지: expected string or bytes-like object, got 'AsyncMock'
ERROR    core.graph_builder:graph_builder.py:124 LLM 호출 중 오류 발생: expected string or bytes-like object, got 'AsyncMock'
WARNING  core.graph_builder:graph_builder.py:542 [RAG] [REWRITE] 모든 시도 실패, 원본 유지: expected string or bytes-like object, got 'AsyncMock'
ERROR    core.graph_builder:graph_builder.py:124 LLM 호출 중 오류 발생: expected string or bytes-like object, got 'AsyncMock'
WARNING  core.graph_builder:graph_builder.py:542 [RAG] [REWRITE] 모든 시도 실패, 원본 유지: expected string or bytes-like object, got 'AsyncMock'
ERROR    core.graph_builder:graph_builder.py:124 LLM 호출 중 오류 발생: expected string or bytes-like object, got 'AsyncMock'
WARNING  core.graph_builder:graph_builder.py:542 [RAG] [REWRITE] 모든 시도 실패, 원본 유지: expected string or bytes-like object, got 'AsyncMock'
ERROR    core.graph_builder:graph_builder.py:124 LLM 호출 중 오류 발생: expected string or bytes-like object, got 'AsyncMock'
WARNING  core.graph_builder:graph_builder.py:542 [RAG] [REWRITE] 모든 시도 실패, 원본 유지: expected string or bytes-like object, got 'AsyncMock'
ERROR    core.graph_builder:graph_builder.py:124 LLM 호출 중 오류 발생: expected string or bytes-like object, got 'AsyncMock'
WARNING  core.graph_builder:graph_builder.py:542 [RAG] [REWRITE] 모든 시도 실패, 원본 유지: expected string or bytes-like object, got 'AsyncMock'
ERROR    core.graph_builder:graph_builder.py:124 LLM 호출 중 오류 발생: expected string or bytes-like object, got 'AsyncMock'
WARNING  core.graph_builder:graph_builder.py:542 [RAG] [REWRITE] 모든 시도 실패, 원본 유지: expected string or bytes-like object, got 'AsyncMock'
ERROR    core.graph_builder:graph_builder.py:124 LLM 호출 중 오류 발생: expected string or bytes-like object, got 'AsyncMock'
WARNING  core.graph_builder:graph_builder.py:542 [RAG] [REWRITE] 모든 시도 실패, 원본 유지: expected string or bytes-like object, got 'AsyncMock'
ERROR    core.graph_builder:graph_builder.py:124 LLM 호출 중 오류 발생: expected string or bytes-like object, got 'AsyncMock'
WARNING  core.graph_builder:graph_builder.py:542 [RAG] [REWRITE] 모든 시도 실패, 원본 유지: expected string or bytes-like object, got 'AsyncMock'
ERROR    core.graph_builder:graph_builder.py:124 LLM 호출 중 오류 발생: expected string or bytes-like object, got 'AsyncMock'
WARNING  core.graph_builder:graph_builder.py:542 [RAG] [REWRITE] 모든 시도 실패, 원본 유지: expected string or bytes-like object, got 'AsyncMock'
ERROR    core.graph_builder:graph_builder.py:124 LLM 호출 중 오류 발생: expected string or bytes-like object, got 'AsyncMock'
WARNING  core.graph_builder:graph_builder.py:542 [RAG] [REWRITE] 모든 시도 실패, 원본 유지: expected string or bytes-like object, got 'AsyncMock'
ERROR    core.graph_builder:graph_builder.py:124 LLM 호출 중 오류 발생: expected string or bytes-like object, got 'AsyncMock'
WARNING  core.graph_builder:graph_builder.py:542 [RAG] [REWRITE] 모든 시도 실패, 원본 유지: expected string or bytes-like object, got 'AsyncMock'
ERROR    core.graph_builder:graph_builder.py:124 LLM 호출 중 오류 발생: expected string or bytes-like object, got 'AsyncMock'
WARNING  core.graph_builder:graph_builder.py:542 [RAG] [REWRITE] 모든 시도 실패, 원본 유지: expected string or bytes-like object, got 'AsyncMock'
ERROR    core.graph_builder:graph_builder.py:124 LLM 호출 중 오류 발생: expected string or bytes-like object, got 'AsyncMock'
WARNING  core.graph_builder:graph_builder.py:542 [RAG] [REWRITE] 모든 시도 실패, 원본 유지: expected string or bytes-like object, got 'AsyncMock'
ERROR    core.graph_builder:graph_builder.py:124 LLM 호출 중 오류 발생: expected string or bytes-like object, got 'AsyncMock'
WARNING  core.graph_builder:graph_builder.py:542 [RAG] [REWRITE] 모든 시도 실패, 원본 유지: expected string or bytes-like object, got 'AsyncMock'
ERROR    core.graph_builder:graph_builder.py:124 LLM 호출 중 오류 발생: expected string or bytes-like object, got 'AsyncMock'
WARNING  core.graph_builder:graph_builder.py:542 [RAG] [REWRITE] 모든 시도 실패, 원본 유지: expected string or bytes-like object, got 'AsyncMock'
ERROR    core.graph_builder:graph_builder.py:124 LLM 호출 중 오류 발생: expected string or bytes-like object, got 'AsyncMock'
WARNING  core.graph_builder:graph_builder.py:542 [RAG] [REWRITE] 모든 시도 실패, 원본 유지: expected string or bytes-like object, got 'AsyncMock'
ERROR    core.graph_builder:graph_builder.py:124 LLM 호출 중 오류 발생: expected string or bytes-like object, got 'AsyncMock'
WARNING  core.graph_builder:graph_builder.py:542 [RAG] [REWRITE] 모든 시도 실패, 원본 유지: expected string or bytes-like object, got 'AsyncMock'
ERROR    core.graph_builder:graph_builder.py:124 LLM 호출 중 오류 발생: expected string or bytes-like object, got 'AsyncMock'
WARNING  core.graph_builder:graph_builder.py:542 [RAG] [REWRITE] 모든 시도 실패, 원본 유지: expected string or bytes-like object, got 'AsyncMock'
ERROR    core.graph_builder:graph_builder.py:124 LLM 호출 중 오류 발생: expected string or bytes-like object, got 'AsyncMock'
WARNING  core.graph_builder:graph_builder.py:542 [RAG] [REWRITE] 모든 시도 실패, 원본 유지: expected string or bytes-like object, got 'AsyncMock'
ERROR    core.graph_builder:graph_builder.py:124 LLM 호출 중 오류 발생: expected string or bytes-like object, got 'AsyncMock'
WARNING  core.graph_builder:graph_builder.py:542 [RAG] [REWRITE] 모든 시도 실패, 원본 유지: expected string or bytes-like object, got 'AsyncMock'
ERROR    core.graph_builder:graph_builder.py:124 LLM 호출 중 오류 발생: expected string or bytes-like object, got 'AsyncMock'
WARNING  core.graph_builder:graph_builder.py:542 [RAG] [REWRITE] 모든 시도 실패, 원본 유지: expected string or bytes-like object, got 'AsyncMock'
ERROR    core.graph_builder:graph_builder.py:124 LLM 호출 중 오류 발생: expected string or bytes-like object, got 'AsyncMock'
WARNING  core.graph_builder:graph_builder.py:542 [RAG] [REWRITE] 모든 시도 실패, 원본 유지: expected string or bytes-like object, got 'AsyncMock'
ERROR    core.graph_builder:graph_builder.py:124 LLM 호출 중 오류 발생: expected string or bytes-like object, got 'AsyncMock'
WARNING  core.graph_builder:graph_builder.py:542 [RAG] [REWRITE] 모든 시도 실패, 원본 유지: expected string or bytes-like object, got 'AsyncMock'
ERROR    core.graph_builder:graph_builder.py:124 LLM 호출 중 오류 발생: expected string or bytes-like object, got 'AsyncMock'
WARNING  core.graph_builder:graph_builder.py:542 [RAG] [REWRITE] 모든 시도 실패, 원본 유지: expected string or bytes-like object, got 'AsyncMock'
ERROR    core.graph_builder:graph_builder.py:124 LLM 호출 중 오류 발생: expected string or bytes-like object, got 'AsyncMock'
WARNING  core.graph_builder:graph_builder.py:542 [RAG] [REWRITE] 모든 시도 실패, 원본 유지: expected string or bytes-like object, got 'AsyncMock'
ERROR    core.graph_builder:graph_builder.py:124 LLM 호출 중 오류 발생: expected string or bytes-like object, got 'AsyncMock'
WARNING  core.graph_builder:graph_builder.py:542 [RAG] [REWRITE] 모든 시도 실패, 원본 유지: expected string or bytes-like object, got 'AsyncMock'
ERROR    core.graph_builder:graph_builder.py:124 LLM 호출 중 오류 발생: expected string or bytes-like object, got 'AsyncMock'
WARNING  core.graph_builder:graph_builder.py:542 [RAG] [REWRITE] 모든 시도 실패, 원본 유지: expected string or bytes-like object, got 'AsyncMock'
ERROR    core.graph_builder:graph_builder.py:124 LLM 호출 중 오류 발생: expected string or bytes-like object, got 'AsyncMock'
WARNING  core.graph_builder:graph_builder.py:542 [RAG] [REWRITE] 모든 시도 실패, 원본 유지: expected string or bytes-like object, got 'AsyncMock'
ERROR    core.graph_builder:graph_builder.py:124 LLM 호출 중 오류 발생: expected string or bytes-like object, got 'AsyncMock'
WARNING  core.graph_builder:graph_builder.py:542 [RAG] [REWRITE] 모든 시도 실패, 원본 유지: expected string or bytes-like object, got 'AsyncMock'
ERROR    core.graph_builder:graph_builder.py:124 LLM 호출 중 오류 발생: expected string or bytes-like object, got 'AsyncMock'
WARNING  core.graph_builder:graph_builder.py:542 [RAG] [REWRITE] 모든 시도 실패, 원본 유지: expected string or bytes-like object, got 'AsyncMock'
ERROR    core.graph_builder:graph_builder.py:124 LLM 호출 중 오류 발생: expected string or bytes-like object, got 'AsyncMock'
WARNING  core.graph_builder:graph_builder.py:542 [RAG] [REWRITE] 모든 시도 실패, 원본 유지: expected string or bytes-like object, got 'AsyncMock'
ERROR    core.graph_builder:graph_builder.py:124 LLM 호출 중 오류 발생: expected string or bytes-like object, got 'AsyncMock'
WARNING  core.graph_builder:graph_builder.py:542 [RAG] [REWRITE] 모든 시도 실패, 원본 유지: expected string or bytes-like object, got 'AsyncMock'
ERROR    core.graph_builder:graph_builder.py:124 LLM 호출 중 오류 발생: expected string or bytes-like object, got 'AsyncMock'
WARNING  core.graph_builder:graph_builder.py:542 [RAG] [REWRITE] 모든 시도 실패, 원본 유지: expected string or bytes-like object, got 'AsyncMock'
ERROR    core.graph_builder:graph_builder.py:124 LLM 호출 중 오류 발생: expected string or bytes-like object, got 'AsyncMock'
WARNING  core.graph_builder:graph_builder.py:542 [RAG] [REWRITE] 모든 시도 실패, 원본 유지: expected string or bytes-like object, got 'AsyncMock'
ERROR    core.graph_builder:graph_builder.py:124 LLM 호출 중 오류 발생: expected string or bytes-like object, got 'AsyncMock'
WARNING  core.graph_builder:graph_builder.py:542 [RAG] [REWRITE] 모든 시도 실패, 원본 유지: expected string or bytes-like object, got 'AsyncMock'
ERROR    core.graph_builder:graph_builder.py:124 LLM 호출 중 오류 발생: expected string or bytes-like object, got 'AsyncMock'
WARNING  core.graph_builder:graph_builder.py:542 [RAG] [REWRITE] 모든 시도 실패, 원본 유지: expected string or bytes-like object, got 'AsyncMock'
ERROR    core.graph_builder:graph_builder.py:124 LLM 호출 중 오류 발생: expected string or bytes-like object, got 'AsyncMock'
WARNING  core.graph_builder:graph_builder.py:542 [RAG] [REWRITE] 모든 시도 실패, 원본 유지: expected string or bytes-like object, got 'AsyncMock'
ERROR    core.graph_builder:graph_builder.py:124 LLM 호출 중 오류 발생: expected string or bytes-like object, got 'AsyncMock'
WARNING  core.graph_builder:graph_builder.py:542 [RAG] [REWRITE] 모든 시도 실패, 원본 유지: expected string or bytes-like object, got 'AsyncMock'
ERROR    core.graph_builder:graph_builder.py:124 LLM 호출 중 오류 발생: expected string or bytes-like object, got 'AsyncMock'
WARNING  core.graph_builder:graph_builder.py:542 [RAG] [REWRITE] 모든 시도 실패, 원본 유지: expected string or bytes-like object, got 'AsyncMock'
ERROR    core.graph_builder:graph_builder.py:124 LLM 호출 중 오류 발생: expected string or bytes-like object, got 'AsyncMock'
WARNING  core.graph_builder:graph_builder.py:542 [RAG] [REWRITE] 모든 시도 실패, 원본 유지: expected string or bytes-like object, got 'AsyncMock'
ERROR    core.graph_builder:graph_builder.py:124 LLM 호출 중 오류 발생: expected string or bytes-like object, got 'AsyncMock'
WARNING  core.graph_builder:graph_builder.py:542 [RAG] [REWRITE] 모든 시도 실패, 원본 유지: expected string or bytes-like object, got 'AsyncMock'
ERROR    core.graph_builder:graph_builder.py:124 LLM 호출 중 오류 발생: expected string or bytes-like object, got 'AsyncMock'
WARNING  core.graph_builder:graph_builder.py:542 [RAG] [REWRITE] 모든 시도 실패, 원본 유지: expected string or bytes-like object, got 'AsyncMock'
ERROR    core.graph_builder:graph_builder.py:124 LLM 호출 중 오류 발생: expected string or bytes-like object, got 'AsyncMock'
WARNING  core.graph_builder:graph_builder.py:542 [RAG] [REWRITE] 모든 시도 실패, 원본 유지: expected string or bytes-like object, got 'AsyncMock'
ERROR    core.graph_builder:graph_builder.py:124 LLM 호출 중 오류 발생: expected string or bytes-like object, got 'AsyncMock'
WARNING  core.graph_builder:graph_builder.py:542 [RAG] [REWRITE] 모든 시도 실패, 원본 유지: expected string or bytes-like object, got 'AsyncMock'
ERROR    core.graph_builder:graph_builder.py:124 LLM 호출 중 오류 발생: expected string or bytes-like object, got 'AsyncMock'
WARNING  core.graph_builder:graph_builder.py:542 [RAG] [REWRITE] 모든 시도 실패, 원본 유지: expected string or bytes-like object, got 'AsyncMock'
ERROR    core.graph_builder:graph_builder.py:124 LLM 호출 중 오류 발생: expected string or bytes-like object, got 'AsyncMock'
WARNING  core.graph_builder:graph_builder.py:542 [RAG] [REWRITE] 모든 시도 실패, 원본 유지: expected string or bytes-like object, got 'AsyncMock'
ERROR    core.graph_builder:graph_builder.py:124 LLM 호출 중 오류 발생: expected string or bytes-like object, got 'AsyncMock'
WARNING  core.graph_builder:graph_builder.py:542 [RAG] [REWRITE] 모든 시도 실패, 원본 유지: expected string or bytes-like object, got 'AsyncMock'
ERROR    core.graph_builder:graph_builder.py:124 LLM 호출 중 오류 발생: expected string or bytes-like object, got 'AsyncMock'
WARNING  core.graph_builder:graph_builder.py:542 [RAG] [REWRITE] 모든 시도 실패, 원본 유지: expected string or bytes-like object, got 'AsyncMock'
ERROR    core.graph_builder:graph_builder.py:124 LLM 호출 중 오류 발생: expected string or bytes-like object, got 'AsyncMock'
WARNING  core.graph_builder:graph_builder.py:542 [RAG] [REWRITE] 모든 시도 실패, 원본 유지: expected string or bytes-like object, got 'AsyncMock'
ERROR    core.graph_builder:graph_builder.py:124 LLM 호출 중 오류 발생: expected string or bytes-like object, got 'AsyncMock'
WARNING  core.graph_builder:graph_builder.py:542 [RAG] [REWRITE] 모든 시도 실패, 원본 유지: expected string or bytes-like object, got 'AsyncMock'
ERROR    core.graph_builder:graph_builder.py:124 LLM 호출 중 오류 발생: expected string or bytes-like object, got 'AsyncMock'
WARNING  core.graph_builder:graph_builder.py:542 [RAG] [REWRITE] 모든 시도 실패, 원본 유지: expected string or bytes-like object, got 'AsyncMock'
ERROR    core.graph_builder:graph_builder.py:124 LLM 호출 중 오류 발생: expected string or bytes-like object, got 'AsyncMock'
WARNING  core.graph_builder:graph_builder.py:542 [RAG] [REWRITE] 모든 시도 실패, 원본 유지: expected string or bytes-like object, got 'AsyncMock'
ERROR    core.graph_builder:graph_builder.py:124 LLM 호출 중 오류 발생: expected string or bytes-like object, got 'AsyncMock'
WARNING  core.graph_builder:graph_builder.py:542 [RAG] [REWRITE] 모든 시도 실패, 원본 유지: expected string or bytes-like object, got 'AsyncMock'
ERROR    core.graph_builder:graph_builder.py:124 LLM 호출 중 오류 발생: expected string or bytes-like object, got 'AsyncMock'
WARNING  core.graph_builder:graph_builder.py:542 [RAG] [REWRITE] 모든 시도 실패, 원본 유지: expected string or bytes-like object, got 'AsyncMock'
ERROR    core.graph_builder:graph_builder.py:124 LLM 호출 중 오류 발생: expected string or bytes-like object, got 'AsyncMock'
WARNING  core.graph_builder:graph_builder.py:542 [RAG] [REWRITE] 모든 시도 실패, 원본 유지: expected string or bytes-like object, got 'AsyncMock'
ERROR    core.graph_builder:graph_builder.py:124 LLM 호출 중 오류 발생: expected string or bytes-like object, got 'AsyncMock'
WARNING  core.graph_builder:graph_builder.py:542 [RAG] [REWRITE] 모든 시도 실패, 원본 유지: expected string or bytes-like object, got 'AsyncMock'
ERROR    core.graph_builder:graph_builder.py:124 LLM 호출 중 오류 발생: expected string or bytes-like object, got 'AsyncMock'
WARNING  core.graph_builder:graph_builder.py:542 [RAG] [REWRITE] 모든 시도 실패, 원본 유지: expected string or bytes-like object, got 'AsyncMock'
ERROR    core.graph_builder:graph_builder.py:124 LLM 호출 중 오류 발생: expected string or bytes-like object, got 'AsyncMock'
WARNING  core.graph_builder:graph_builder.py:542 [RAG] [REWRITE] 모든 시도 실패, 원본 유지: expected string or bytes-like object, got 'AsyncMock'
ERROR    core.graph_builder:graph_builder.py:124 LLM 호출 중 오류 발생: expected string or bytes-like object, got 'AsyncMock'
WARNING  core.graph_builder:graph_builder.py:542 [RAG] [REWRITE] 모든 시도 실패, 원본 유지: expected string or bytes-like object, got 'AsyncMock'
ERROR    core.graph_builder:graph_builder.py:124 LLM 호출 중 오류 발생: expected string or bytes-like object, got 'AsyncMock'
WARNING  core.graph_builder:graph_builder.py:542 [RAG] [REWRITE] 모든 시도 실패, 원본 유지: expected string or bytes-like object, got 'AsyncMock'
ERROR    core.graph_builder:graph_builder.py:124 LLM 호출 중 오류 발생: expected string or bytes-like object, got 'AsyncMock'
WARNING  core.graph_builder:graph_builder.py:542 [RAG] [REWRITE] 모든 시도 실패, 원본 유지: expected string or bytes-like object, got 'AsyncMock'
ERROR    core.graph_builder:graph_builder.py:124 LLM 호출 중 오류 발생: expected string or bytes-like object, got 'AsyncMock'
WARNING  core.graph_builder:graph_builder.py:542 [RAG] [REWRITE] 모든 시도 실패, 원본 유지: expected string or bytes-like object, got 'AsyncMock'
ERROR    core.graph_builder:graph_builder.py:124 LLM 호출 중 오류 발생: expected string or bytes-like object, got 'AsyncMock'
WARNING  core.graph_builder:graph_builder.py:542 [RAG] [REWRITE] 모든 시도 실패, 원본 유지: expected string or bytes-like object, got 'AsyncMock'
ERROR    core.graph_builder:graph_builder.py:124 LLM 호출 중 오류 발생: expected string or bytes-like object, got 'AsyncMock'
WARNING  core.graph_builder:graph_builder.py:542 [RAG] [REWRITE] 모든 시도 실패, 원본 유지: expected string or bytes-like object, got 'AsyncMock'
ERROR    core.graph_builder:graph_builder.py:124 LLM 호출 중 오류 발생: expected string or bytes-like object, got 'AsyncMock'
WARNING  core.graph_builder:graph_builder.py:542 [RAG] [REWRITE] 모든 시도 실패, 원본 유지: expected string or bytes-like object, got 'AsyncMock'
ERROR    core.graph_builder:graph_builder.py:124 LLM 호출 중 오류 발생: expected string or bytes-like object, got 'AsyncMock'
WARNING  core.graph_builder:graph_builder.py:542 [RAG] [REWRITE] 모든 시도 실패, 원본 유지: expected string or bytes-like object, got 'AsyncMock'
ERROR    core.graph_builder:graph_builder.py:124 LLM 호출 중 오류 발생: expected string or bytes-like object, got 'AsyncMock'
WARNING  core.graph_builder:graph_builder.py:542 [RAG] [REWRITE] 모든 시도 실패, 원본 유지: expected string or bytes-like object, got 'AsyncMock'
ERROR    core.graph_builder:graph_builder.py:124 LLM 호출 중 오류 발생: expected string or bytes-like object, got 'AsyncMock'
WARNING  core.graph_builder:graph_builder.py:542 [RAG] [REWRITE] 모든 시도 실패, 원본 유지: expected string or bytes-like object, got 'AsyncMock'
ERROR    core.graph_builder:graph_builder.py:124 LLM 호출 중 오류 발생: expected string or bytes-like object, got 'AsyncMock'
WARNING  core.graph_builder:graph_builder.py:542 [RAG] [REWRITE] 모든 시도 실패, 원본 유지: expected string or bytes-like object, got 'AsyncMock'
ERROR    core.graph_builder:graph_builder.py:124 LLM 호출 중 오류 발생: expected string or bytes-like object, got 'AsyncMock'
WARNING  core.graph_builder:graph_builder.py:542 [RAG] [REWRITE] 모든 시도 실패, 원본 유지: expected string or bytes-like object, got 'AsyncMock'
ERROR    core.graph_builder:graph_builder.py:124 LLM 호출 중 오류 발생: expected string or bytes-like object, got 'AsyncMock'
WARNING  core.graph_builder:graph_builder.py:542 [RAG] [REWRITE] 모든 시도 실패, 원본 유지: expected string or bytes-like object, got 'AsyncMock'
ERROR    core.graph_builder:graph_builder.py:124 LLM 호출 중 오류 발생: expected string or bytes-like object, got 'AsyncMock'
WARNING  core.graph_builder:graph_builder.py:542 [RAG] [REWRITE] 모든 시도 실패, 원본 유지: expected string or bytes-like object, got 'AsyncMock'
ERROR    core.graph_builder:graph_builder.py:124 LLM 호출 중 오류 발생: expected string or bytes-like object, got 'AsyncMock'
WARNING  core.graph_builder:graph_builder.py:542 [RAG] [REWRITE] 모든 시도 실패, 원본 유지: expected string or bytes-like object, got 'AsyncMock'
ERROR    core.graph_builder:graph_builder.py:124 LLM 호출 중 오류 발생: expected string or bytes-like object, got 'AsyncMock'
WARNING  core.graph_builder:graph_builder.py:542 [RAG] [REWRITE] 모든 시도 실패, 원본 유지: expected string or bytes-like object, got 'AsyncMock'
ERROR    core.graph_builder:graph_builder.py:124 LLM 호출 중 오류 발생: expected string or bytes-like object, got 'AsyncMock'
WARNING  core.graph_builder:graph_builder.py:542 [RAG] [REWRITE] 모든 시도 실패, 원본 유지: expected string or bytes-like object, got 'AsyncMock'
ERROR    core.graph_builder:graph_builder.py:124 LLM 호출 중 오류 발생: expected string or bytes-like object, got 'AsyncMock'
WARNING  core.graph_builder:graph_builder.py:542 [RAG] [REWRITE] 모든 시도 실패, 원본 유지: expected string or bytes-like object, got 'AsyncMock'
ERROR    core.graph_builder:graph_builder.py:124 LLM 호출 중 오류 발생: expected string or bytes-like object, got 'AsyncMock'
WARNING  core.graph_builder:graph_builder.py:542 [RAG] [REWRITE] 모든 시도 실패, 원본 유지: expected string or bytes-like object, got 'AsyncMock'
ERROR    core.graph_builder:graph_builder.py:124 LLM 호출 중 오류 발생: expected string or bytes-like object, got 'AsyncMock'
WARNING  core.graph_builder:graph_builder.py:542 [RAG] [REWRITE] 모든 시도 실패, 원본 유지: expected string or bytes-like object, got 'AsyncMock'
ERROR    core.graph_builder:graph_builder.py:124 LLM 호출 중 오류 발생: expected string or bytes-like object, got 'AsyncMock'
WARNING  core.graph_builder:graph_builder.py:542 [RAG] [REWRITE] 모든 시도 실패, 원본 유지: expected string or bytes-like object, got 'AsyncMock'
ERROR    core.graph_builder:graph_builder.py:124 LLM 호출 중 오류 발생: expected string or bytes-like object, got 'AsyncMock'
WARNING  core.graph_builder:graph_builder.py:542 [RAG] [REWRITE] 모든 시도 실패, 원본 유지: expected string or bytes-like object, got 'AsyncMock'
ERROR    core.graph_builder:graph_builder.py:124 LLM 호출 중 오류 발생: expected string or bytes-like object, got 'AsyncMock'
WARNING  core.graph_builder:graph_builder.py:542 [RAG] [REWRITE] 모든 시도 실패, 원본 유지: expected string or bytes-like object, got 'AsyncMock'
ERROR    core.graph_builder:graph_builder.py:124 LLM 호출 중 오류 발생: expected string or bytes-like object, got 'AsyncMock'
WARNING  core.graph_builder:graph_builder.py:542 [RAG] [REWRITE] 모든 시도 실패, 원본 유지: expected string or bytes-like object, got 'AsyncMock'
ERROR    core.graph_builder:graph_builder.py:124 LLM 호출 중 오류 발생: expected string or bytes-like object, got 'AsyncMock'
WARNING  core.graph_builder:graph_builder.py:542 [RAG] [REWRITE] 모든 시도 실패, 원본 유지: expected string or bytes-like object, got 'AsyncMock'
ERROR    core.graph_builder:graph_builder.py:124 LLM 호출 중 오류 발생: expected string or bytes-like object, got 'AsyncMock'
WARNING  core.graph_builder:graph_builder.py:542 [RAG] [REWRITE] 모든 시도 실패, 원본 유지: expected string or bytes-like object, got 'AsyncMock'
ERROR    core.graph_builder:graph_builder.py:124 LLM 호출 중 오류 발생: expected string or bytes-like object, got 'AsyncMock'
WARNING  core.graph_builder:graph_builder.py:542 [RAG] [REWRITE] 모든 시도 실패, 원본 유지: expected string or bytes-like object, got 'AsyncMock'
ERROR    core.graph_builder:graph_builder.py:124 LLM 호출 중 오류 발생: expected string or bytes-like object, got 'AsyncMock'
WARNING  core.graph_builder:graph_builder.py:542 [RAG] [REWRITE] 모든 시도 실패, 원본 유지: expected string or bytes-like object, got 'AsyncMock'
ERROR    core.graph_builder:graph_builder.py:124 LLM 호출 중 오류 발생: expected string or bytes-like object, got 'AsyncMock'
WARNING  core.graph_builder:graph_builder.py:542 [RAG] [REWRITE] 모든 시도 실패, 원본 유지: expected string or bytes-like object, got 'AsyncMock'
ERROR    core.graph_builder:graph_builder.py:124 LLM 호출 중 오류 발생: expected string or bytes-like object, got 'AsyncMock'
WARNING  core.graph_builder:graph_builder.py:542 [RAG] [REWRITE] 모든 시도 실패, 원본 유지: expected string or bytes-like object, got 'AsyncMock'
ERROR    core.graph_builder:graph_builder.py:124 LLM 호출 중 오류 발생: expected string or bytes-like object, got 'AsyncMock'
WARNING  core.graph_builder:graph_builder.py:542 [RAG] [REWRITE] 모든 시도 실패, 원본 유지: expected string or bytes-like object, got 'AsyncMock'
ERROR    core.graph_builder:graph_builder.py:124 LLM 호출 중 오류 발생: expected string or bytes-like object, got 'AsyncMock'
WARNING  core.graph_builder:graph_builder.py:542 [RAG] [REWRITE] 모든 시도 실패, 원본 유지: expected string or bytes-like object, got 'AsyncMock'
ERROR    core.graph_builder:graph_builder.py:124 LLM 호출 중 오류 발생: expected string or bytes-like object, got 'AsyncMock'
WARNING  core.graph_builder:graph_builder.py:542 [RAG] [REWRITE] 모든 시도 실패, 원본 유지: expected string or bytes-like object, got 'AsyncMock'
ERROR    core.graph_builder:graph_builder.py:124 LLM 호출 중 오류 발생: expected string or bytes-like object, got 'AsyncMock'
WARNING  core.graph_builder:graph_builder.py:542 [RAG] [REWRITE] 모든 시도 실패, 원본 유지: expected string or bytes-like object, got 'AsyncMock'
ERROR    core.graph_builder:graph_builder.py:124 LLM 호출 중 오류 발생: expected string or bytes-like object, got 'AsyncMock'
WARNING  core.graph_builder:graph_builder.py:542 [RAG] [REWRITE] 모든 시도 실패, 원본 유지: expected string or bytes-like object, got 'AsyncMock'
ERROR    core.graph_builder:graph_builder.py:124 LLM 호출 중 오류 발생: expected string or bytes-like object, got 'AsyncMock'
WARNING  core.graph_builder:graph_builder.py:542 [RAG] [REWRITE] 모든 시도 실패, 원본 유지: expected string or bytes-like object, got 'AsyncMock'
ERROR    core.graph_builder:graph_builder.py:124 LLM 호출 중 오류 발생: expected string or bytes-like object, got 'AsyncMock'
WARNING  core.graph_builder:graph_builder.py:542 [RAG] [REWRITE] 모든 시도 실패, 원본 유지: expected string or bytes-like object, got 'AsyncMock'
ERROR    core.graph_builder:graph_builder.py:124 LLM 호출 중 오류 발생: expected string or bytes-like object, got 'AsyncMock'
WARNING  core.graph_builder:graph_builder.py:542 [RAG] [REWRITE] 모든 시도 실패, 원본 유지: expected string or bytes-like object, got 'AsyncMock'
ERROR    core.graph_builder:graph_builder.py:124 LLM 호출 중 오류 발생: expected string or bytes-like object, got 'AsyncMock'
WARNING  core.graph_builder:graph_builder.py:542 [RAG] [REWRITE] 모든 시도 실패, 원본 유지: expected string or bytes-like object, got 'AsyncMock'
ERROR    core.graph_builder:graph_builder.py:124 LLM 호출 중 오류 발생: expected string or bytes-like object, got 'AsyncMock'
WARNING  core.graph_builder:graph_builder.py:542 [RAG] [REWRITE] 모든 시도 실패, 원본 유지: expected string or bytes-like object, got 'AsyncMock'
ERROR    core.graph_builder:graph_builder.py:124 LLM 호출 중 오류 발생: expected string or bytes-like object, got 'AsyncMock'
WARNING  core.graph_builder:graph_builder.py:542 [RAG] [REWRITE] 모든 시도 실패, 원본 유지: expected string or bytes-like object, got 'AsyncMock'
ERROR    core.graph_builder:graph_builder.py:124 LLM 호출 중 오류 발생: expected string or bytes-like object, got 'AsyncMock'
WARNING  core.graph_builder:graph_builder.py:542 [RAG] [REWRITE] 모든 시도 실패, 원본 유지: expected string or bytes-like object, got 'AsyncMock'
ERROR    core.graph_builder:graph_builder.py:124 LLM 호출 중 오류 발생: expected string or bytes-like object, got 'AsyncMock'
WARNING  core.graph_builder:graph_builder.py:542 [RAG] [REWRITE] 모든 시도 실패, 원본 유지: expected string or bytes-like object, got 'AsyncMock'
ERROR    core.graph_builder:graph_builder.py:124 LLM 호출 중 오류 발생: expected string or bytes-like object, got 'AsyncMock'
WARNING  core.graph_builder:graph_builder.py:542 [RAG] [REWRITE] 모든 시도 실패, 원본 유지: expected string or bytes-like object, got 'AsyncMock'
ERROR    core.graph_builder:graph_builder.py:124 LLM 호출 중 오류 발생: expected string or bytes-like object, got 'AsyncMock'
WARNING  core.graph_builder:graph_builder.py:542 [RAG] [REWRITE] 모든 시도 실패, 원본 유지: expected string or bytes-like object, got 'AsyncMock'
ERROR    core.graph_builder:graph_builder.py:124 LLM 호출 중 오류 발생: expected string or bytes-like object, got 'AsyncMock'
WARNING  core.graph_builder:graph_builder.py:542 [RAG] [REWRITE] 모든 시도 실패, 원본 유지: expected string or bytes-like object, got 'AsyncMock'
ERROR    core.graph_builder:graph_builder.py:124 LLM 호출 중 오류 발생: expected string or bytes-like object, got 'AsyncMock'
WARNING  core.graph_builder:graph_builder.py:542 [RAG] [REWRITE] 모든 시도 실패, 원본 유지: expected string or bytes-like object, got 'AsyncMock'
ERROR    core.graph_builder:graph_builder.py:124 LLM 호출 중 오류 발생: expected string or bytes-like object, got 'AsyncMock'
WARNING  core.graph_builder:graph_builder.py:542 [RAG] [REWRITE] 모든 시도 실패, 원본 유지: expected string or bytes-like object, got 'AsyncMock'
ERROR    core.graph_builder:graph_builder.py:124 LLM 호출 중 오류 발생: expected string or bytes-like object, got 'AsyncMock'
WARNING  core.graph_builder:graph_builder.py:542 [RAG] [REWRITE] 모든 시도 실패, 원본 유지: expected string or bytes-like object, got 'AsyncMock'
ERROR    core.graph_builder:graph_builder.py:124 LLM 호출 중 오류 발생: expected string or bytes-like object, got 'AsyncMock'
WARNING  core.graph_builder:graph_builder.py:542 [RAG] [REWRITE] 모든 시도 실패, 원본 유지: expected string or bytes-like object, got 'AsyncMock'
ERROR    core.graph_builder:graph_builder.py:124 LLM 호출 중 오류 발생: expected string or bytes-like object, got 'AsyncMock'
WARNING  core.graph_builder:graph_builder.py:542 [RAG] [REWRITE] 모든 시도 실패, 원본 유지: expected string or bytes-like object, got 'AsyncMock'
ERROR    core.graph_builder:graph_builder.py:124 LLM 호출 중 오류 발생: expected string or bytes-like object, got 'AsyncMock'
WARNING  core.graph_builder:graph_builder.py:542 [RAG] [REWRITE] 모든 시도 실패, 원본 유지: expected string or bytes-like object, got 'AsyncMock'
ERROR    core.graph_builder:graph_builder.py:124 LLM 호출 중 오류 발생: expected string or bytes-like object, got 'AsyncMock'
WARNING  core.graph_builder:graph_builder.py:542 [RAG] [REWRITE] 모든 시도 실패, 원본 유지: expected string or bytes-like object, got 'AsyncMock'
ERROR    core.graph_builder:graph_builder.py:124 LLM 호출 중 오류 발생: expected string or bytes-like object, got 'AsyncMock'
WARNING  core.graph_builder:graph_builder.py:542 [RAG] [REWRITE] 모든 시도 실패, 원본 유지: expected string or bytes-like object, got 'AsyncMock'
ERROR    core.graph_builder:graph_builder.py:124 LLM 호출 중 오류 발생: expected string or bytes-like object, got 'AsyncMock'
WARNING  core.graph_builder:graph_builder.py:542 [RAG] [REWRITE] 모든 시도 실패, 원본 유지: expected string or bytes-like object, got 'AsyncMock'
ERROR    core.graph_builder:graph_builder.py:124 LLM 호출 중 오류 발생: expected string or bytes-like object, got 'AsyncMock'
WARNING  core.graph_builder:graph_builder.py:542 [RAG] [REWRITE] 모든 시도 실패, 원본 유지: expected string or bytes-like object, got 'AsyncMock'
ERROR    core.graph_builder:graph_builder.py:124 LLM 호출 중 오류 발생: expected string or bytes-like object, got 'AsyncMock'
WARNING  core.graph_builder:graph_builder.py:542 [RAG] [REWRITE] 모든 시도 실패, 원본 유지: expected string or bytes-like object, got 'AsyncMock'
ERROR    core.graph_builder:graph_builder.py:124 LLM 호출 중 오류 발생: expected string or bytes-like object, got 'AsyncMock'
WARNING  core.graph_builder:graph_builder.py:542 [RAG] [REWRITE] 모든 시도 실패, 원본 유지: expected string or bytes-like object, got 'AsyncMock'
ERROR    core.graph_builder:graph_builder.py:124 LLM 호출 중 오류 발생: expected string or bytes-like object, got 'AsyncMock'
WARNING  core.graph_builder:graph_builder.py:542 [RAG] [REWRITE] 모든 시도 실패, 원본 유지: expected string or bytes-like object, got 'AsyncMock'
ERROR    core.graph_builder:graph_builder.py:124 LLM 호출 중 오류 발생: expected string or bytes-like object, got 'AsyncMock'
WARNING  core.graph_builder:graph_builder.py:542 [RAG] [REWRITE] 모든 시도 실패, 원본 유지: expected string or bytes-like object, got 'AsyncMock'
ERROR    core.graph_builder:graph_builder.py:124 LLM 호출 중 오류 발생: expected string or bytes-like object, got 'AsyncMock'
WARNING  core.graph_builder:graph_builder.py:542 [RAG] [REWRITE] 모든 시도 실패, 원본 유지: expected string or bytes-like object, got 'AsyncMock'
ERROR    core.graph_builder:graph_builder.py:124 LLM 호출 중 오류 발생: expected string or bytes-like object, got 'AsyncMock'
WARNING  core.graph_builder:graph_builder.py:542 [RAG] [REWRITE] 모든 시도 실패, 원본 유지: expected string or bytes-like object, got 'AsyncMock'
ERROR    core.graph_builder:graph_builder.py:124 LLM 호출 중 오류 발생: expected string or bytes-like object, got 'AsyncMock'
WARNING  core.graph_builder:graph_builder.py:542 [RAG] [REWRITE] 모든 시도 실패, 원본 유지: expected string or bytes-like object, got 'AsyncMock'
ERROR    core.graph_builder:graph_builder.py:124 LLM 호출 중 오류 발생: expected string or bytes-like object, got 'AsyncMock'
WARNING  core.graph_builder:graph_builder.py:542 [RAG] [REWRITE] 모든 시도 실패, 원본 유지: expected string or bytes-like object, got 'AsyncMock'
ERROR    core.graph_builder:graph_builder.py:124 LLM 호출 중 오류 발생: expected string or bytes-like object, got 'AsyncMock'
WARNING  core.graph_builder:graph_builder.py:542 [RAG] [REWRITE] 모든 시도 실패, 원본 유지: expected string or bytes-like object, got 'AsyncMock'
ERROR    core.graph_builder:graph_builder.py:124 LLM 호출 중 오류 발생: expected string or bytes-like object, got 'AsyncMock'
WARNING  core.graph_builder:graph_builder.py:542 [RAG] [REWRITE] 모든 시도 실패, 원본 유지: expected string or bytes-like object, got 'AsyncMock'
ERROR    core.graph_builder:graph_builder.py:124 LLM 호출 중 오류 발생: expected string or bytes-like object, got 'AsyncMock'
WARNING  core.graph_builder:graph_builder.py:542 [RAG] [REWRITE] 모든 시도 실패, 원본 유지: expected string or bytes-like object, got 'AsyncMock'
ERROR    core.graph_builder:graph_builder.py:124 LLM 호출 중 오류 발생: expected string or bytes-like object, got 'AsyncMock'
WARNING  core.graph_builder:graph_builder.py:542 [RAG] [REWRITE] 모든 시도 실패, 원본 유지: expected string or bytes-like object, got 'AsyncMock'
ERROR    core.graph_builder:graph_builder.py:124 LLM 호출 중 오류 발생: expected string or bytes-like object, got 'AsyncMock'
WARNING  core.graph_builder:graph_builder.py:542 [RAG] [REWRITE] 모든 시도 실패, 원본 유지: expected string or bytes-like object, got 'AsyncMock'
ERROR    core.graph_builder:graph_builder.py:124 LLM 호출 중 오류 발생: expected string or bytes-like object, got 'AsyncMock'
WARNING  core.graph_builder:graph_builder.py:542 [RAG] [REWRITE] 모든 시도 실패, 원본 유지: expected string or bytes-like object, got 'AsyncMock'
ERROR    core.graph_builder:graph_builder.py:124 LLM 호출 중 오류 발생: expected string or bytes-like object, got 'AsyncMock'
WARNING  core.graph_builder:graph_builder.py:542 [RAG] [REWRITE] 모든 시도 실패, 원본 유지: expected string or bytes-like object, got 'AsyncMock'
ERROR    core.graph_builder:graph_builder.py:124 LLM 호출 중 오류 발생: expected string or bytes-like object, got 'AsyncMock'
WARNING  core.graph_builder:graph_builder.py:542 [RAG] [REWRITE] 모든 시도 실패, 원본 유지: expected string or bytes-like object, got 'AsyncMock'
ERROR    core.graph_builder:graph_builder.py:124 LLM 호출 중 오류 발생: expected string or bytes-like object, got 'AsyncMock'
WARNING  core.graph_builder:graph_builder.py:542 [RAG] [REWRITE] 모든 시도 실패, 원본 유지: expected string or bytes-like object, got 'AsyncMock'
ERROR    core.graph_builder:graph_builder.py:124 LLM 호출 중 오류 발생: expected string or bytes-like object, got 'AsyncMock'
WARNING  core.graph_builder:graph_builder.py:542 [RAG] [REWRITE] 모든 시도 실패, 원본 유지: expected string or bytes-like object, got 'AsyncMock'
ERROR    core.graph_builder:graph_builder.py:124 LLM 호출 중 오류 발생: expected string or bytes-like object, got 'AsyncMock'
WARNING  core.graph_builder:graph_builder.py:542 [RAG] [REWRITE] 모든 시도 실패, 원본 유지: expected string or bytes-like object, got 'AsyncMock'
ERROR    core.graph_builder:graph_builder.py:124 LLM 호출 중 오류 발생: expected string or bytes-like object, got 'AsyncMock'
WARNING  core.graph_builder:graph_builder.py:542 [RAG] [REWRITE] 모든 시도 실패, 원본 유지: expected string or bytes-like object, got 'AsyncMock'
ERROR    core.graph_builder:graph_builder.py:124 LLM 호출 중 오류 발생: expected string or bytes-like object, got 'AsyncMock'
WARNING  core.graph_builder:graph_builder.py:542 [RAG] [REWRITE] 모든 시도 실패, 원본 유지: expected string or bytes-like object, got 'AsyncMock'
ERROR    core.graph_builder:graph_builder.py:124 LLM 호출 중 오류 발생: expected string or bytes-like object, got 'AsyncMock'
WARNING  core.graph_builder:graph_builder.py:542 [RAG] [REWRITE] 모든 시도 실패, 원본 유지: expected string or bytes-like object, got 'AsyncMock'
ERROR    core.graph_builder:graph_builder.py:124 LLM 호출 중 오류 발생: expected string or bytes-like object, got 'AsyncMock'
WARNING  core.graph_builder:graph_builder.py:542 [RAG] [REWRITE] 모든 시도 실패, 원본 유지: expected string or bytes-like object, got 'AsyncMock'
ERROR    core.graph_builder:graph_builder.py:124 LLM 호출 중 오류 발생: expected string or bytes-like object, got 'AsyncMock'
WARNING  core.graph_builder:graph_builder.py:542 [RAG] [REWRITE] 모든 시도 실패, 원본 유지: expected string or bytes-like object, got 'AsyncMock'
ERROR    core.graph_builder:graph_builder.py:124 LLM 호출 중 오류 발생: expected string or bytes-like object, got 'AsyncMock'
WARNING  core.graph_builder:graph_builder.py:542 [RAG] [REWRITE] 모든 시도 실패, 원본 유지: expected string or bytes-like object, got 'AsyncMock'
ERROR    core.graph_builder:graph_builder.py:124 LLM 호출 중 오류 발생: expected string or bytes-like object, got 'AsyncMock'
WARNING  core.graph_builder:graph_builder.py:542 [RAG] [REWRITE] 모든 시도 실패, 원본 유지: expected string or bytes-like object, got 'AsyncMock'
ERROR    core.graph_builder:graph_builder.py:124 LLM 호출 중 오류 발생: expected string or bytes-like object, got 'AsyncMock'
WARNING  core.graph_builder:graph_builder.py:542 [RAG] [REWRITE] 모든 시도 실패, 원본 유지: expected string or bytes-like object, got 'AsyncMock'
ERROR    core.graph_builder:graph_builder.py:124 LLM 호출 중 오류 발생: expected string or bytes-like object, got 'AsyncMock'
WARNING  core.graph_builder:graph_builder.py:542 [RAG] [REWRITE] 모든 시도 실패, 원본 유지: expected string or bytes-like object, got 'AsyncMock'
ERROR    core.graph_builder:graph_builder.py:124 LLM 호출 중 오류 발생: expected string or bytes-like object, got 'AsyncMock'
WARNING  core.graph_builder:graph_builder.py:542 [RAG] [REWRITE] 모든 시도 실패, 원본 유지: expected string or bytes-like object, got 'AsyncMock'
ERROR    core.graph_builder:graph_builder.py:124 LLM 호출 중 오류 발생: expected string or bytes-like object, got 'AsyncMock'
WARNING  core.graph_builder:graph_builder.py:542 [RAG] [REWRITE] 모든 시도 실패, 원본 유지: expected string or bytes-like object, got 'AsyncMock'
ERROR    core.graph_builder:graph_builder.py:124 LLM 호출 중 오류 발생: expected string or bytes-like object, got 'AsyncMock'
WARNING  core.graph_builder:graph_builder.py:542 [RAG] [REWRITE] 모든 시도 실패, 원본 유지: expected string or bytes-like object, got 'AsyncMock'
ERROR    core.graph_builder:graph_builder.py:124 LLM 호출 중 오류 발생: expected string or bytes-like object, got 'AsyncMock'
WARNING  core.graph_builder:graph_builder.py:542 [RAG] [REWRITE] 모든 시도 실패, 원본 유지: expected string or bytes-like object, got 'AsyncMock'
ERROR    core.graph_builder:graph_builder.py:124 LLM 호출 중 오류 발생: expected string or bytes-like object, got 'AsyncMock'
WARNING  core.graph_builder:graph_builder.py:542 [RAG] [REWRITE] 모든 시도 실패, 원본 유지: expected string or bytes-like object, got 'AsyncMock'
ERROR    core.graph_builder:graph_builder.py:124 LLM 호출 중 오류 발생: expected string or bytes-like object, got 'AsyncMock'
WARNING  core.graph_builder:graph_builder.py:542 [RAG] [REWRITE] 모든 시도 실패, 원본 유지: expected string or bytes-like object, got 'AsyncMock'
ERROR    core.graph_builder:graph_builder.py:124 LLM 호출 중 오류 발생: expected string or bytes-like object, got 'AsyncMock'
WARNING  core.graph_builder:graph_builder.py:542 [RAG] [REWRITE] 모든 시도 실패, 원본 유지: expected string or bytes-like object, got 'AsyncMock'
ERROR    core.graph_builder:graph_builder.py:124 LLM 호출 중 오류 발생: expected string or bytes-like object, got 'AsyncMock'
WARNING  core.graph_builder:graph_builder.py:542 [RAG] [REWRITE] 모든 시도 실패, 원본 유지: expected string or bytes-like object, got 'AsyncMock'
ERROR    core.graph_builder:graph_builder.py:124 LLM 호출 중 오류 발생: expected string or bytes-like object, got 'AsyncMock'
WARNING  core.graph_builder:graph_builder.py:542 [RAG] [REWRITE] 모든 시도 실패, 원본 유지: expected string or bytes-like object, got 'AsyncMock'
ERROR    core.graph_builder:graph_builder.py:124 LLM 호출 중 오류 발생: expected string or bytes-like object, got 'AsyncMock'
WARNING  core.graph_builder:graph_builder.py:542 [RAG] [REWRITE] 모든 시도 실패, 원본 유지: expected string or bytes-like object, got 'AsyncMock'
ERROR    core.graph_builder:graph_builder.py:124 LLM 호출 중 오류 발생: expected string or bytes-like object, got 'AsyncMock'
WARNING  core.graph_builder:graph_builder.py:542 [RAG] [REWRITE] 모든 시도 실패, 원본 유지: expected string or bytes-like object, got 'AsyncMock'
ERROR    core.graph_builder:graph_builder.py:124 LLM 호출 중 오류 발생: expected string or bytes-like object, got 'AsyncMock'
WARNING  core.graph_builder:graph_builder.py:542 [RAG] [REWRITE] 모든 시도 실패, 원본 유지: expected string or bytes-like object, got 'AsyncMock'
ERROR    core.graph_builder:graph_builder.py:124 LLM 호출 중 오류 발생: expected string or bytes-like object, got 'AsyncMock'
WARNING  core.graph_builder:graph_builder.py:542 [RAG] [REWRITE] 모든 시도 실패, 원본 유지: expected string or bytes-like object, got 'AsyncMock'
ERROR    core.graph_builder:graph_builder.py:124 LLM 호출 중 오류 발생: expected string or bytes-like object, got 'AsyncMock'
WARNING  core.graph_builder:graph_builder.py:542 [RAG] [REWRITE] 모든 시도 실패, 원본 유지: expected string or bytes-like object, got 'AsyncMock'
ERROR    core.graph_builder:graph_builder.py:124 LLM 호출 중 오류 발생: expected string or bytes-like object, got 'AsyncMock'
WARNING  core.graph_builder:graph_builder.py:542 [RAG] [REWRITE] 모든 시도 실패, 원본 유지: expected string or bytes-like object, got 'AsyncMock'
ERROR    core.graph_builder:graph_builder.py:124 LLM 호출 중 오류 발생: expected string or bytes-like object, got 'AsyncMock'
WARNING  core.graph_builder:graph_builder.py:542 [RAG] [REWRITE] 모든 시도 실패, 원본 유지: expected string or bytes-like object, got 'AsyncMock'
ERROR    core.graph_builder:graph_builder.py:124 LLM 호출 중 오류 발생: expected string or bytes-like object, got 'AsyncMock'
WARNING  core.graph_builder:graph_builder.py:542 [RAG] [REWRITE] 모든 시도 실패, 원본 유지: expected string or bytes-like object, got 'AsyncMock'
ERROR    core.graph_builder:graph_builder.py:124 LLM 호출 중 오류 발생: expected string or bytes-like object, got 'AsyncMock'
WARNING  core.graph_builder:graph_builder.py:542 [RAG] [REWRITE] 모든 시도 실패, 원본 유지: expected string or bytes-like object, got 'AsyncMock'
ERROR    core.graph_builder:graph_builder.py:124 LLM 호출 중 오류 발생: expected string or bytes-like object, got 'AsyncMock'
WARNING  core.graph_builder:graph_builder.py:542 [RAG] [REWRITE] 모든 시도 실패, 원본 유지: expected string or bytes-like object, got 'AsyncMock'
ERROR    core.graph_builder:graph_builder.py:124 LLM 호출 중 오류 발생: expected string or bytes-like object, got 'AsyncMock'
WARNING  core.graph_builder:graph_builder.py:542 [RAG] [REWRITE] 모든 시도 실패, 원본 유지: expected string or bytes-like object, got 'AsyncMock'
ERROR    core.graph_builder:graph_builder.py:124 LLM 호출 중 오류 발생: expected string or bytes-like object, got 'AsyncMock'
WARNING  core.graph_builder:graph_builder.py:542 [RAG] [REWRITE] 모든 시도 실패, 원본 유지: expected string or bytes-like object, got 'AsyncMock'
ERROR    core.graph_builder:graph_builder.py:124 LLM 호출 중 오류 발생: expected string or bytes-like object, got 'AsyncMock'
WARNING  core.graph_builder:graph_builder.py:542 [RAG] [REWRITE] 모든 시도 실패, 원본 유지: expected string or bytes-like object, got 'AsyncMock'
ERROR    core.graph_builder:graph_builder.py:124 LLM 호출 중 오류 발생: expected string or bytes-like object, got 'AsyncMock'
WARNING  core.graph_builder:graph_builder.py:542 [RAG] [REWRITE] 모든 시도 실패, 원본 유지: expected string or bytes-like object, got 'AsyncMock'
ERROR    core.graph_builder:graph_builder.py:124 LLM 호출 중 오류 발생: expected string or bytes-like object, got 'AsyncMock'
WARNING  core.graph_builder:graph_builder.py:542 [RAG] [REWRITE] 모든 시도 실패, 원본 유지: expected string or bytes-like object, got 'AsyncMock'
ERROR    core.graph_builder:graph_builder.py:124 LLM 호출 중 오류 발생: expected string or bytes-like object, got 'AsyncMock'
WARNING  core.graph_builder:graph_builder.py:542 [RAG] [REWRITE] 모든 시도 실패, 원본 유지: expected string or bytes-like object, got 'AsyncMock'
ERROR    core.graph_builder:graph_builder.py:124 LLM 호출 중 오류 발생: expected string or bytes-like object, got 'AsyncMock'
WARNING  core.graph_builder:graph_builder.py:542 [RAG] [REWRITE] 모든 시도 실패, 원본 유지: expected string or bytes-like object, got 'AsyncMock'
ERROR    core.graph_builder:graph_builder.py:124 LLM 호출 중 오류 발생: expected string or bytes-like object, got 'AsyncMock'
WARNING  core.graph_builder:graph_builder.py:542 [RAG] [REWRITE] 모든 시도 실패, 원본 유지: expected string or bytes-like object, got 'AsyncMock'
ERROR    core.graph_builder:graph_builder.py:124 LLM 호출 중 오류 발생: expected string or bytes-like object, got 'AsyncMock'
WARNING  core.graph_builder:graph_builder.py:542 [RAG] [REWRITE] 모든 시도 실패, 원본 유지: expected string or bytes-like object, got 'AsyncMock'
ERROR    core.graph_builder:graph_builder.py:124 LLM 호출 중 오류 발생: expected string or bytes-like object, got 'AsyncMock'
WARNING  core.graph_builder:graph_builder.py:542 [RAG] [REWRITE] 모든 시도 실패, 원본 유지: expected string or bytes-like object, got 'AsyncMock'
ERROR    core.graph_builder:graph_builder.py:124 LLM 호출 중 오류 발생: expected string or bytes-like object, got 'AsyncMock'
WARNING  core.graph_builder:graph_builder.py:542 [RAG] [REWRITE] 모든 시도 실패, 원본 유지: expected string or bytes-like object, got 'AsyncMock'
ERROR    core.graph_builder:graph_builder.py:124 LLM 호출 중 오류 발생: expected string or bytes-like object, got 'AsyncMock'
WARNING  core.graph_builder:graph_builder.py:542 [RAG] [REWRITE] 모든 시도 실패, 원본 유지: expected string or bytes-like object, got 'AsyncMock'
ERROR    core.graph_builder:graph_builder.py:124 LLM 호출 중 오류 발생: expected string or bytes-like object, got 'AsyncMock'
WARNING  core.graph_builder:graph_builder.py:542 [RAG] [REWRITE] 모든 시도 실패, 원본 유지: expected string or bytes-like object, got 'AsyncMock'
ERROR    core.graph_builder:graph_builder.py:124 LLM 호출 중 오류 발생: expected string or bytes-like object, got 'AsyncMock'
WARNING  core.graph_builder:graph_builder.py:542 [RAG] [REWRITE] 모든 시도 실패, 원본 유지: expected string or bytes-like object, got 'AsyncMock'
ERROR    core.graph_builder:graph_builder.py:124 LLM 호출 중 오류 발생: expected string or bytes-like object, got 'AsyncMock'
WARNING  core.graph_builder:graph_builder.py:542 [RAG] [REWRITE] 모든 시도 실패, 원본 유지: expected string or bytes-like object, got 'AsyncMock'
ERROR    core.graph_builder:graph_builder.py:124 LLM 호출 중 오류 발생: expected string or bytes-like object, got 'AsyncMock'
WARNING  core.graph_builder:graph_builder.py:542 [RAG] [REWRITE] 모든 시도 실패, 원본 유지: expected string or bytes-like object, got 'AsyncMock'
ERROR    core.graph_builder:graph_builder.py:124 LLM 호출 중 오류 발생: expected string or bytes-like object, got 'AsyncMock'
WARNING  core.graph_builder:graph_builder.py:542 [RAG] [REWRITE] 모든 시도 실패, 원본 유지: expected string or bytes-like object, got 'AsyncMock'
ERROR    core.graph_builder:graph_builder.py:124 LLM 호출 중 오류 발생: expected string or bytes-like object, got 'AsyncMock'
WARNING  core.graph_builder:graph_builder.py:542 [RAG] [REWRITE] 모든 시도 실패, 원본 유지: expected string or bytes-like object, got 'AsyncMock'
ERROR    core.graph_builder:graph_builder.py:124 LLM 호출 중 오류 발생: expected string or bytes-like object, got 'AsyncMock'
WARNING  core.graph_builder:graph_builder.py:542 [RAG] [REWRITE] 모든 시도 실패, 원본 유지: expected string or bytes-like object, got 'AsyncMock'
ERROR    core.graph_builder:graph_builder.py:124 LLM 호출 중 오류 발생: expected string or bytes-like object, got 'AsyncMock'
WARNING  core.graph_builder:graph_builder.py:542 [RAG] [REWRITE] 모든 시도 실패, 원본 유지: expected string or bytes-like object, got 'AsyncMock'
ERROR    core.graph_builder:graph_builder.py:124 LLM 호출 중 오류 발생: expected string or bytes-like object, got 'AsyncMock'
WARNING  core.graph_builder:graph_builder.py:542 [RAG] [REWRITE] 모든 시도 실패, 원본 유지: expected string or bytes-like object, got 'AsyncMock'
ERROR    core.graph_builder:graph_builder.py:124 LLM 호출 중 오류 발생: expected string or bytes-like object, got 'AsyncMock'
WARNING  core.graph_builder:graph_builder.py:542 [RAG] [REWRITE] 모든 시도 실패, 원본 유지: expected string or bytes-like object, got 'AsyncMock'
ERROR    core.graph_builder:graph_builder.py:124 LLM 호출 중 오류 발생: expected string or bytes-like object, got 'AsyncMock'
WARNING  core.graph_builder:graph_builder.py:542 [RAG] [REWRITE] 모든 시도 실패, 원본 유지: expected string or bytes-like object, got 'AsyncMock'
ERROR    core.graph_builder:graph_builder.py:124 LLM 호출 중 오류 발생: expected string or bytes-like object, got 'AsyncMock'
WARNING  core.graph_builder:graph_builder.py:542 [RAG] [REWRITE] 모든 시도 실패, 원본 유지: expected string or bytes-like object, got 'AsyncMock'
ERROR    core.graph_builder:graph_builder.py:124 LLM 호출 중 오류 발생: expected string or bytes-like object, got 'AsyncMock'
WARNING  core.graph_builder:graph_builder.py:542 [RAG] [REWRITE] 모든 시도 실패, 원본 유지: expected string or bytes-like object, got 'AsyncMock'
ERROR    core.graph_builder:graph_builder.py:124 LLM 호출 중 오류 발생: expected string or bytes-like object, got 'AsyncMock'
WARNING  core.graph_builder:graph_builder.py:542 [RAG] [REWRITE] 모든 시도 실패, 원본 유지: expected string or bytes-like object, got 'AsyncMock'
ERROR    core.graph_builder:graph_builder.py:124 LLM 호출 중 오류 발생: expected string or bytes-like object, got 'AsyncMock'
WARNING  core.graph_builder:graph_builder.py:542 [RAG] [REWRITE] 모든 시도 실패, 원본 유지: expected string or bytes-like object, got 'AsyncMock'
ERROR    core.graph_builder:graph_builder.py:124 LLM 호출 중 오류 발생: expected string or bytes-like object, got 'AsyncMock'
WARNING  core.graph_builder:graph_builder.py:542 [RAG] [REWRITE] 모든 시도 실패, 원본 유지: expected string or bytes-like object, got 'AsyncMock'
ERROR    core.graph_builder:graph_builder.py:124 LLM 호출 중 오류 발생: expected string or bytes-like object, got 'AsyncMock'
WARNING  core.graph_builder:graph_builder.py:542 [RAG] [REWRITE] 모든 시도 실패, 원본 유지: expected string or bytes-like object, got 'AsyncMock'
ERROR    core.graph_builder:graph_builder.py:124 LLM 호출 중 오류 발생: expected string or bytes-like object, got 'AsyncMock'
WARNING  core.graph_builder:graph_builder.py:542 [RAG] [REWRITE] 모든 시도 실패, 원본 유지: expected string or bytes-like object, got 'AsyncMock'
ERROR    core.graph_builder:graph_builder.py:124 LLM 호출 중 오류 발생: expected string or bytes-like object, got 'AsyncMock'
WARNING  core.graph_builder:graph_builder.py:542 [RAG] [REWRITE] 모든 시도 실패, 원본 유지: expected string or bytes-like object, got 'AsyncMock'
ERROR    core.graph_builder:graph_builder.py:124 LLM 호출 중 오류 발생: expected string or bytes-like object, got 'AsyncMock'
WARNING  core.graph_builder:graph_builder.py:542 [RAG] [REWRITE] 모든 시도 실패, 원본 유지: expected string or bytes-like object, got 'AsyncMock'
ERROR    core.graph_builder:graph_builder.py:124 LLM 호출 중 오류 발생: expected string or bytes-like object, got 'AsyncMock'
WARNING  core.graph_builder:graph_builder.py:542 [RAG] [REWRITE] 모든 시도 실패, 원본 유지: expected string or bytes-like object, got 'AsyncMock'
ERROR    core.graph_builder:graph_builder.py:124 LLM 호출 중 오류 발생: expected string or bytes-like object, got 'AsyncMock'
WARNING  core.graph_builder:graph_builder.py:542 [RAG] [REWRITE] 모든 시도 실패, 원본 유지: expected string or bytes-like object, got 'AsyncMock'
ERROR    core.graph_builder:graph_builder.py:124 LLM 호출 중 오류 발생: expected string or bytes-like object, got 'AsyncMock'
WARNING  core.graph_builder:graph_builder.py:542 [RAG] [REWRITE] 모든 시도 실패, 원본 유지: expected string or bytes-like object, got 'AsyncMock'
ERROR    core.graph_builder:graph_builder.py:124 LLM 호출 중 오류 발생: expected string or bytes-like object, got 'AsyncMock'
WARNING  core.graph_builder:graph_builder.py:542 [RAG] [REWRITE] 모든 시도 실패, 원본 유지: expected string or bytes-like object, got 'AsyncMock'
ERROR    core.graph_builder:graph_builder.py:124 LLM 호출 중 오류 발생: expected string or bytes-like object, got 'AsyncMock'
WARNING  core.graph_builder:graph_builder.py:542 [RAG] [REWRITE] 모든 시도 실패, 원본 유지: expected string or bytes-like object, got 'AsyncMock'
ERROR    core.graph_builder:graph_builder.py:124 LLM 호출 중 오류 발생: expected string or bytes-like object, got 'AsyncMock'
WARNING  core.graph_builder:graph_builder.py:542 [RAG] [REWRITE] 모든 시도 실패, 원본 유지: expected string or bytes-like object, got 'AsyncMock'
ERROR    core.graph_builder:graph_builder.py:124 LLM 호출 중 오류 발생: expected string or bytes-like object, got 'AsyncMock'
WARNING  core.graph_builder:graph_builder.py:542 [RAG] [REWRITE] 모든 시도 실패, 원본 유지: expected string or bytes-like object, got 'AsyncMock'
ERROR    core.graph_builder:graph_builder.py:124 LLM 호출 중 오류 발생: expected string or bytes-like object, got 'AsyncMock'
WARNING  core.graph_builder:graph_builder.py:542 [RAG] [REWRITE] 모든 시도 실패, 원본 유지: expected string or bytes-like object, got 'AsyncMock'
ERROR    core.graph_builder:graph_builder.py:124 LLM 호출 중 오류 발생: expected string or bytes-like object, got 'AsyncMock'
WARNING  core.graph_builder:graph_builder.py:542 [RAG] [REWRITE] 모든 시도 실패, 원본 유지: expected string or bytes-like object, got 'AsyncMock'
ERROR    core.graph_builder:graph_builder.py:124 LLM 호출 중 오류 발생: expected string or bytes-like object, got 'AsyncMock'
WARNING  core.graph_builder:graph_builder.py:542 [RAG] [REWRITE] 모든 시도 실패, 원본 유지: expected string or bytes-like object, got 'AsyncMock'
ERROR    core.graph_builder:graph_builder.py:124 LLM 호출 중 오류 발생: expected string or bytes-like object, got 'AsyncMock'
WARNING  core.graph_builder:graph_builder.py:542 [RAG] [REWRITE] 모든 시도 실패, 원본 유지: expected string or bytes-like object, got 'AsyncMock'
ERROR    core.graph_builder:graph_builder.py:124 LLM 호출 중 오류 발생: expected string or bytes-like object, got 'AsyncMock'
WARNING  core.graph_builder:graph_builder.py:542 [RAG] [REWRITE] 모든 시도 실패, 원본 유지: expected string or bytes-like object, got 'AsyncMock'
ERROR    core.graph_builder:graph_builder.py:124 LLM 호출 중 오류 발생: expected string or bytes-like object, got 'AsyncMock'
WARNING  core.graph_builder:graph_builder.py:542 [RAG] [REWRITE] 모든 시도 실패, 원본 유지: expected string or bytes-like object, got 'AsyncMock'
ERROR    core.graph_builder:graph_builder.py:124 LLM 호출 중 오류 발생: expected string or bytes-like object, got 'AsyncMock'
WARNING  core.graph_builder:graph_builder.py:542 [RAG] [REWRITE] 모든 시도 실패, 원본 유지: expected string or bytes-like object, got 'AsyncMock'
ERROR    core.graph_builder:graph_builder.py:124 LLM 호출 중 오류 발생: expected string or bytes-like object, got 'AsyncMock'
WARNING  core.graph_builder:graph_builder.py:542 [RAG] [REWRITE] 모든 시도 실패, 원본 유지: expected string or bytes-like object, got 'AsyncMock'
ERROR    core.graph_builder:graph_builder.py:124 LLM 호출 중 오류 발생: expected string or bytes-like object, got 'AsyncMock'
WARNING  core.graph_builder:graph_builder.py:542 [RAG] [REWRITE] 모든 시도 실패, 원본 유지: expected string or bytes-like object, got 'AsyncMock'
ERROR    core.graph_builder:graph_builder.py:124 LLM 호출 중 오류 발생: expected string or bytes-like object, got 'AsyncMock'
WARNING  core.graph_builder:graph_builder.py:542 [RAG] [REWRITE] 모든 시도 실패, 원본 유지: expected string or bytes-like object, got 'AsyncMock'
ERROR    core.graph_builder:graph_builder.py:124 LLM 호출 중 오류 발생: expected string or bytes-like object, got 'AsyncMock'
WARNING  core.graph_builder:graph_builder.py:542 [RAG] [REWRITE] 모든 시도 실패, 원본 유지: expected string or bytes-like object, got 'AsyncMock'
ERROR    core.graph_builder:graph_builder.py:124 LLM 호출 중 오류 발생: expected string or bytes-like object, got 'AsyncMock'
WARNING  core.graph_builder:graph_builder.py:542 [RAG] [REWRITE] 모든 시도 실패, 원본 유지: expected string or bytes-like object, got 'AsyncMock'
ERROR    core.graph_builder:graph_builder.py:124 LLM 호출 중 오류 발생: expected string or bytes-like object, got 'AsyncMock'
WARNING  core.graph_builder:graph_builder.py:542 [RAG] [REWRITE] 모든 시도 실패, 원본 유지: expected string or bytes-like object, got 'AsyncMock'
ERROR    core.graph_builder:graph_builder.py:124 LLM 호출 중 오류 발생: expected string or bytes-like object, got 'AsyncMock'
WARNING  core.graph_builder:graph_builder.py:542 [RAG] [REWRITE] 모든 시도 실패, 원본 유지: expected string or bytes-like object, got 'AsyncMock'
ERROR    core.graph_builder:graph_builder.py:124 LLM 호출 중 오류 발생: expected string or bytes-like object, got 'AsyncMock'
WARNING  core.graph_builder:graph_builder.py:542 [RAG] [REWRITE] 모든 시도 실패, 원본 유지: expected string or bytes-like object, got 'AsyncMock'
ERROR    core.graph_builder:graph_builder.py:124 LLM 호출 중 오류 발생: expected string or bytes-like object, got 'AsyncMock'
WARNING  core.graph_builder:graph_builder.py:542 [RAG] [REWRITE] 모든 시도 실패, 원본 유지: expected string or bytes-like object, got 'AsyncMock'
ERROR    core.graph_builder:graph_builder.py:124 LLM 호출 중 오류 발생: expected string or bytes-like object, got 'AsyncMock'
WARNING  core.graph_builder:graph_builder.py:542 [RAG] [REWRITE] 모든 시도 실패, 원본 유지: expected string or bytes-like object, got 'AsyncMock'
ERROR    core.graph_builder:graph_builder.py:124 LLM 호출 중 오류 발생: expected string or bytes-like object, got 'AsyncMock'
WARNING  core.graph_builder:graph_builder.py:542 [RAG] [REWRITE] 모든 시도 실패, 원본 유지: expected string or bytes-like object, got 'AsyncMock'
ERROR    core.graph_builder:graph_builder.py:124 LLM 호출 중 오류 발생: expected string or bytes-like object, got 'AsyncMock'
WARNING  core.graph_builder:graph_builder.py:542 [RAG] [REWRITE] 모든 시도 실패, 원본 유지: expected string or bytes-like object, got 'AsyncMock'
ERROR    core.graph_builder:graph_builder.py:124 LLM 호출 중 오류 발생: expected string or bytes-like object, got 'AsyncMock'
WARNING  core.graph_builder:graph_builder.py:542 [RAG] [REWRITE] 모든 시도 실패, 원본 유지: expected string or bytes-like object, got 'AsyncMock'
ERROR    core.graph_builder:graph_builder.py:124 LLM 호출 중 오류 발생: expected string or bytes-like object, got 'AsyncMock'
WARNING  core.graph_builder:graph_builder.py:542 [RAG] [REWRITE] 모든 시도 실패, 원본 유지: expected string or bytes-like object, got 'AsyncMock'
ERROR    core.graph_builder:graph_builder.py:124 LLM 호출 중 오류 발생: expected string or bytes-like object, got 'AsyncMock'
WARNING  core.graph_builder:graph_builder.py:542 [RAG] [REWRITE] 모든 시도 실패, 원본 유지: expected string or bytes-like object, got 'AsyncMock'
ERROR    core.graph_builder:graph_builder.py:124 LLM 호출 중 오류 발생: expected string or bytes-like object, got 'AsyncMock'
WARNING  core.graph_builder:graph_builder.py:542 [RAG] [REWRITE] 모든 시도 실패, 원본 유지: expected string or bytes-like object, got 'AsyncMock'
ERROR    core.graph_builder:graph_builder.py:124 LLM 호출 중 오류 발생: expected string or bytes-like object, got 'AsyncMock'
WARNING  core.graph_builder:graph_builder.py:542 [RAG] [REWRITE] 모든 시도 실패, 원본 유지: expected string or bytes-like object, got 'AsyncMock'
ERROR    core.graph_builder:graph_builder.py:124 LLM 호출 중 오류 발생: expected string or bytes-like object, got 'AsyncMock'
WARNING  core.graph_builder:graph_builder.py:542 [RAG] [REWRITE] 모든 시도 실패, 원본 유지: expected string or bytes-like object, got 'AsyncMock'
ERROR    core.graph_builder:graph_builder.py:124 LLM 호출 중 오류 발생: expected string or bytes-like object, got 'AsyncMock'
WARNING  core.graph_builder:graph_builder.py:542 [RAG] [REWRITE] 모든 시도 실패, 원본 유지: expected string or bytes-like object, got 'AsyncMock'
ERROR    core.graph_builder:graph_builder.py:124 LLM 호출 중 오류 발생: expected string or bytes-like object, got 'AsyncMock'
WARNING  core.graph_builder:graph_builder.py:542 [RAG] [REWRITE] 모든 시도 실패, 원본 유지: expected string or bytes-like object, got 'AsyncMock'
ERROR    core.graph_builder:graph_builder.py:124 LLM 호출 중 오류 발생: expected string or bytes-like object, got 'AsyncMock'
WARNING  core.graph_builder:graph_builder.py:542 [RAG] [REWRITE] 모든 시도 실패, 원본 유지: expected string or bytes-like object, got 'AsyncMock'
ERROR    core.graph_builder:graph_builder.py:124 LLM 호출 중 오류 발생: expected string or bytes-like object, got 'AsyncMock'
WARNING  core.graph_builder:graph_builder.py:542 [RAG] [REWRITE] 모든 시도 실패, 원본 유지: expected string or bytes-like object, got 'AsyncMock'
ERROR    core.graph_builder:graph_builder.py:124 LLM 호출 중 오류 발생: expected string or bytes-like object, got 'AsyncMock'
WARNING  core.graph_builder:graph_builder.py:542 [RAG] [REWRITE] 모든 시도 실패, 원본 유지: expected string or bytes-like object, got 'AsyncMock'
ERROR    core.graph_builder:graph_builder.py:124 LLM 호출 중 오류 발생: expected string or bytes-like object, got 'AsyncMock'
WARNING  core.graph_builder:graph_builder.py:542 [RAG] [REWRITE] 모든 시도 실패, 원본 유지: expected string or bytes-like object, got 'AsyncMock'
ERROR    core.graph_builder:graph_builder.py:124 LLM 호출 중 오류 발생: expected string or bytes-like object, got 'AsyncMock'
WARNING  core.graph_builder:graph_builder.py:542 [RAG] [REWRITE] 모든 시도 실패, 원본 유지: expected string or bytes-like object, got 'AsyncMock'
ERROR    core.graph_builder:graph_builder.py:124 LLM 호출 중 오류 발생: expected string or bytes-like object, got 'AsyncMock'
WARNING  core.graph_builder:graph_builder.py:542 [RAG] [REWRITE] 모든 시도 실패, 원본 유지: expected string or bytes-like object, got 'AsyncMock'
ERROR    core.graph_builder:graph_builder.py:124 LLM 호출 중 오류 발생: expected string or bytes-like object, got 'AsyncMock'
WARNING  core.graph_builder:graph_builder.py:542 [RAG] [REWRITE] 모든 시도 실패, 원본 유지: expected string or bytes-like object, got 'AsyncMock'
ERROR    core.graph_builder:graph_builder.py:124 LLM 호출 중 오류 발생: expected string or bytes-like object, got 'AsyncMock'
WARNING  core.graph_builder:graph_builder.py:542 [RAG] [REWRITE] 모든 시도 실패, 원본 유지: expected string or bytes-like object, got 'AsyncMock'
ERROR    core.graph_builder:graph_builder.py:124 LLM 호출 중 오류 발생: expected string or bytes-like object, got 'AsyncMock'
WARNING  core.graph_builder:graph_builder.py:542 [RAG] [REWRITE] 모든 시도 실패, 원본 유지: expected string or bytes-like object, got 'AsyncMock'
ERROR    core.graph_builder:graph_builder.py:124 LLM 호출 중 오류 발생: expected string or bytes-like object, got 'AsyncMock'
WARNING  core.graph_builder:graph_builder.py:542 [RAG] [REWRITE] 모든 시도 실패, 원본 유지: expected string or bytes-like object, got 'AsyncMock'
ERROR    core.graph_builder:graph_builder.py:124 LLM 호출 중 오류 발생: expected string or bytes-like object, got 'AsyncMock'
WARNING  core.graph_builder:graph_builder.py:542 [RAG] [REWRITE] 모든 시도 실패, 원본 유지: expected string or bytes-like object, got 'AsyncMock'
ERROR    core.graph_builder:graph_builder.py:124 LLM 호출 중 오류 발생: expected string or bytes-like object, got 'AsyncMock'
WARNING  core.graph_builder:graph_builder.py:542 [RAG] [REWRITE] 모든 시도 실패, 원본 유지: expected string or bytes-like object, got 'AsyncMock'
ERROR    core.graph_builder:graph_builder.py:124 LLM 호출 중 오류 발생: expected string or bytes-like object, got 'AsyncMock'
WARNING  core.graph_builder:graph_builder.py:542 [RAG] [REWRITE] 모든 시도 실패, 원본 유지: expected string or bytes-like object, got 'AsyncMock'
ERROR    core.graph_builder:graph_builder.py:124 LLM 호출 중 오류 발생: expected string or bytes-like object, got 'AsyncMock'
WARNING  core.graph_builder:graph_builder.py:542 [RAG] [REWRITE] 모든 시도 실패, 원본 유지: expected string or bytes-like object, got 'AsyncMock'
ERROR    core.graph_builder:graph_builder.py:124 LLM 호출 중 오류 발생: expected string or bytes-like object, got 'AsyncMock'
WARNING  core.graph_builder:graph_builder.py:542 [RAG] [REWRITE] 모든 시도 실패, 원본 유지: expected string or bytes-like object, got 'AsyncMock'
ERROR    core.graph_builder:graph_builder.py:124 LLM 호출 중 오류 발생: expected string or bytes-like object, got 'AsyncMock'
WARNING  core.graph_builder:graph_builder.py:542 [RAG] [REWRITE] 모든 시도 실패, 원본 유지: expected string or bytes-like object, got 'AsyncMock'
ERROR    core.graph_builder:graph_builder.py:124 LLM 호출 중 오류 발생: expected string or bytes-like object, got 'AsyncMock'
WARNING  core.graph_builder:graph_builder.py:542 [RAG] [REWRITE] 모든 시도 실패, 원본 유지: expected string or bytes-like object, got 'AsyncMock'
ERROR    core.graph_builder:graph_builder.py:124 LLM 호출 중 오류 발생: expected string or bytes-like object, got 'AsyncMock'
WARNING  core.graph_builder:graph_builder.py:542 [RAG] [REWRITE] 모든 시도 실패, 원본 유지: expected string or bytes-like object, got 'AsyncMock'
ERROR    core.graph_builder:graph_builder.py:124 LLM 호출 중 오류 발생: expected string or bytes-like object, got 'AsyncMock'
WARNING  core.graph_builder:graph_builder.py:542 [RAG] [REWRITE] 모든 시도 실패, 원본 유지: expected string or bytes-like object, got 'AsyncMock'
ERROR    core.graph_builder:graph_builder.py:124 LLM 호출 중 오류 발생: expected string or bytes-like object, got 'AsyncMock'
WARNING  core.graph_builder:graph_builder.py:542 [RAG] [REWRITE] 모든 시도 실패, 원본 유지: expected string or bytes-like object, got 'AsyncMock'
ERROR    core.graph_builder:graph_builder.py:124 LLM 호출 중 오류 발생: expected string or bytes-like object, got 'AsyncMock'
WARNING  core.graph_builder:graph_builder.py:542 [RAG] [REWRITE] 모든 시도 실패, 원본 유지: expected string or bytes-like object, got 'AsyncMock'
ERROR    core.graph_builder:graph_builder.py:124 LLM 호출 중 오류 발생: expected string or bytes-like object, got 'AsyncMock'
WARNING  core.graph_builder:graph_builder.py:542 [RAG] [REWRITE] 모든 시도 실패, 원본 유지: expected string or bytes-like object, got 'AsyncMock'
ERROR    core.graph_builder:graph_builder.py:124 LLM 호출 중 오류 발생: expected string or bytes-like object, got 'AsyncMock'
WARNING  core.graph_builder:graph_builder.py:542 [RAG] [REWRITE] 모든 시도 실패, 원본 유지: expected string or bytes-like object, got 'AsyncMock'
ERROR    core.graph_builder:graph_builder.py:124 LLM 호출 중 오류 발생: expected string or bytes-like object, got 'AsyncMock'
WARNING  core.graph_builder:graph_builder.py:542 [RAG] [REWRITE] 모든 시도 실패, 원본 유지: expected string or bytes-like object, got 'AsyncMock'
ERROR    core.graph_builder:graph_builder.py:124 LLM 호출 중 오류 발생: expected string or bytes-like object, got 'AsyncMock'
WARNING  core.graph_builder:graph_builder.py:542 [RAG] [REWRITE] 모든 시도 실패, 원본 유지: expected string or bytes-like object, got 'AsyncMock'
ERROR    core.graph_builder:graph_builder.py:124 LLM 호출 중 오류 발생: expected string or bytes-like object, got 'AsyncMock'
WARNING  core.graph_builder:graph_builder.py:542 [RAG] [REWRITE] 모든 시도 실패, 원본 유지: expected string or bytes-like object, got 'AsyncMock'
ERROR    core.graph_builder:graph_builder.py:124 LLM 호출 중 오류 발생: expected string or bytes-like object, got 'AsyncMock'
WARNING  core.graph_builder:graph_builder.py:542 [RAG] [REWRITE] 모든 시도 실패, 원본 유지: expected string or bytes-like object, got 'AsyncMock'
ERROR    core.graph_builder:graph_builder.py:124 LLM 호출 중 오류 발생: expected string or bytes-like object, got 'AsyncMock'
WARNING  core.graph_builder:graph_builder.py:542 [RAG] [REWRITE] 모든 시도 실패, 원본 유지: expected string or bytes-like object, got 'AsyncMock'
ERROR    core.graph_builder:graph_builder.py:124 LLM 호출 중 오류 발생: expected string or bytes-like object, got 'AsyncMock'
WARNING  core.graph_builder:graph_builder.py:542 [RAG] [REWRITE] 모든 시도 실패, 원본 유지: expected string or bytes-like object, got 'AsyncMock'
ERROR    core.graph_builder:graph_builder.py:124 LLM 호출 중 오류 발생: expected string or bytes-like object, got 'AsyncMock'
WARNING  core.graph_builder:graph_builder.py:542 [RAG] [REWRITE] 모든 시도 실패, 원본 유지: expected string or bytes-like object, got 'AsyncMock'
ERROR    core.graph_builder:graph_builder.py:124 LLM 호출 중 오류 발생: expected string or bytes-like object, got 'AsyncMock'
WARNING  core.graph_builder:graph_builder.py:542 [RAG] [REWRITE] 모든 시도 실패, 원본 유지: expected string or bytes-like object, got 'AsyncMock'
ERROR    core.graph_builder:graph_builder.py:124 LLM 호출 중 오류 발생: expected string or bytes-like object, got 'AsyncMock'
WARNING  core.graph_builder:graph_builder.py:542 [RAG] [REWRITE] 모든 시도 실패, 원본 유지: expected string or bytes-like object, got 'AsyncMock'
ERROR    core.graph_builder:graph_builder.py:124 LLM 호출 중 오류 발생: expected string or bytes-like object, got 'AsyncMock'
WARNING  core.graph_builder:graph_builder.py:542 [RAG] [REWRITE] 모든 시도 실패, 원본 유지: expected string or bytes-like object, got 'AsyncMock'
ERROR    core.graph_builder:graph_builder.py:124 LLM 호출 중 오류 발생: expected string or bytes-like object, got 'AsyncMock'
WARNING  core.graph_builder:graph_builder.py:542 [RAG] [REWRITE] 모든 시도 실패, 원본 유지: expected string or bytes-like object, got 'AsyncMock'
ERROR    core.graph_builder:graph_builder.py:124 LLM 호출 중 오류 발생: expected string or bytes-like object, got 'AsyncMock'
WARNING  core.graph_builder:graph_builder.py:542 [RAG] [REWRITE] 모든 시도 실패, 원본 유지: expected string or bytes-like object, got 'AsyncMock'
ERROR    core.graph_builder:graph_builder.py:124 LLM 호출 중 오류 발생: expected string or bytes-like object, got 'AsyncMock'
WARNING  core.graph_builder:graph_builder.py:542 [RAG] [REWRITE] 모든 시도 실패, 원본 유지: expected string or bytes-like object, got 'AsyncMock'
ERROR    core.graph_builder:graph_builder.py:124 LLM 호출 중 오류 발생: expected string or bytes-like object, got 'AsyncMock'
WARNING  core.graph_builder:graph_builder.py:542 [RAG] [REWRITE] 모든 시도 실패, 원본 유지: expected string or bytes-like object, got 'AsyncMock'
ERROR    core.graph_builder:graph_builder.py:124 LLM 호출 중 오류 발생: expected string or bytes-like object, got 'AsyncMock'
WARNING  core.graph_builder:graph_builder.py:542 [RAG] [REWRITE] 모든 시도 실패, 원본 유지: expected string or bytes-like object, got 'AsyncMock'
ERROR    core.graph_builder:graph_builder.py:124 LLM 호출 중 오류 발생: expected string or bytes-like object, got 'AsyncMock'
WARNING  core.graph_builder:graph_builder.py:542 [RAG] [REWRITE] 모든 시도 실패, 원본 유지: expected string or bytes-like object, got 'AsyncMock'
ERROR    core.graph_builder:graph_builder.py:124 LLM 호출 중 오류 발생: expected string or bytes-like object, got 'AsyncMock'
WARNING  core.graph_builder:graph_builder.py:542 [RAG] [REWRITE] 모든 시도 실패, 원본 유지: expected string or bytes-like object, got 'AsyncMock'
ERROR    core.graph_builder:graph_builder.py:124 LLM 호출 중 오류 발생: expected string or bytes-like object, got 'AsyncMock'
WARNING  core.graph_builder:graph_builder.py:542 [RAG] [REWRITE] 모든 시도 실패, 원본 유지: expected string or bytes-like object, got 'AsyncMock'
ERROR    core.graph_builder:graph_builder.py:124 LLM 호출 중 오류 발생: expected string or bytes-like object, got 'AsyncMock'
WARNING  core.graph_builder:graph_builder.py:542 [RAG] [REWRITE] 모든 시도 실패, 원본 유지: expected string or bytes-like object, got 'AsyncMock'
ERROR    core.graph_builder:graph_builder.py:124 LLM 호출 중 오류 발생: expected string or bytes-like object, got 'AsyncMock'
WARNING  core.graph_builder:graph_builder.py:542 [RAG] [REWRITE] 모든 시도 실패, 원본 유지: expected string or bytes-like object, got 'AsyncMock'
ERROR    core.graph_builder:graph_builder.py:124 LLM 호출 중 오류 발생: expected string or bytes-like object, got 'AsyncMock'
WARNING  core.graph_builder:graph_builder.py:542 [RAG] [REWRITE] 모든 시도 실패, 원본 유지: expected string or bytes-like object, got 'AsyncMock'
ERROR    core.graph_builder:graph_builder.py:124 LLM 호출 중 오류 발생: expected string or bytes-like object, got 'AsyncMock'
WARNING  core.graph_builder:graph_builder.py:542 [RAG] [REWRITE] 모든 시도 실패, 원본 유지: expected string or bytes-like object, got 'AsyncMock'
ERROR    core.graph_builder:graph_builder.py:124 LLM 호출 중 오류 발생: expected string or bytes-like object, got 'AsyncMock'
WARNING  core.graph_builder:graph_builder.py:542 [RAG] [REWRITE] 모든 시도 실패, 원본 유지: expected string or bytes-like object, got 'AsyncMock'
ERROR    core.graph_builder:graph_builder.py:124 LLM 호출 중 오류 발생: expected string or bytes-like object, got 'AsyncMock'
WARNING  core.graph_builder:graph_builder.py:542 [RAG] [REWRITE] 모든 시도 실패, 원본 유지: expected string or bytes-like object, got 'AsyncMock'
ERROR    core.graph_builder:graph_builder.py:124 LLM 호출 중 오류 발생: expected string or bytes-like object, got 'AsyncMock'
WARNING  core.graph_builder:graph_builder.py:542 [RAG] [REWRITE] 모든 시도 실패, 원본 유지: expected string or bytes-like object, got 'AsyncMock'
ERROR    core.graph_builder:graph_builder.py:124 LLM 호출 중 오류 발생: expected string or bytes-like object, got 'AsyncMock'
WARNING  core.graph_builder:graph_builder.py:542 [RAG] [REWRITE] 모든 시도 실패, 원본 유지: expected string or bytes-like object, got 'AsyncMock'
ERROR    core.graph_builder:graph_builder.py:124 LLM 호출 중 오류 발생: expected string or bytes-like object, got 'AsyncMock'
WARNING  core.graph_builder:graph_builder.py:542 [RAG] [REWRITE] 모든 시도 실패, 원본 유지: expected string or bytes-like object, got 'AsyncMock'
ERROR    core.graph_builder:graph_builder.py:124 LLM 호출 중 오류 발생: expected string or bytes-like object, got 'AsyncMock'
WARNING  core.graph_builder:graph_builder.py:542 [RAG] [REWRITE] 모든 시도 실패, 원본 유지: expected string or bytes-like object, got 'AsyncMock'
ERROR    core.graph_builder:graph_builder.py:124 LLM 호출 중 오류 발생: expected string or bytes-like object, got 'AsyncMock'
WARNING  core.graph_builder:graph_builder.py:542 [RAG] [REWRITE] 모든 시도 실패, 원본 유지: expected string or bytes-like object, got 'AsyncMock'
ERROR    core.graph_builder:graph_builder.py:124 LLM 호출 중 오류 발생: expected string or bytes-like object, got 'AsyncMock'
WARNING  core.graph_builder:graph_builder.py:542 [RAG] [REWRITE] 모든 시도 실패, 원본 유지: expected string or bytes-like object, got 'AsyncMock'
ERROR    core.graph_builder:graph_builder.py:124 LLM 호출 중 오류 발생: expected string or bytes-like object, got 'AsyncMock'
WARNING  core.graph_builder:graph_builder.py:542 [RAG] [REWRITE] 모든 시도 실패, 원본 유지: expected string or bytes-like object, got 'AsyncMock'
ERROR    core.graph_builder:graph_builder.py:124 LLM 호출 중 오류 발생: expected string or bytes-like object, got 'AsyncMock'
WARNING  core.graph_builder:graph_builder.py:542 [RAG] [REWRITE] 모든 시도 실패, 원본 유지: expected string or bytes-like object, got 'AsyncMock'
ERROR    core.graph_builder:graph_builder.py:124 LLM 호출 중 오류 발생: expected string or bytes-like object, got 'AsyncMock'
WARNING  core.graph_builder:graph_builder.py:542 [RAG] [REWRITE] 모든 시도 실패, 원본 유지: expected string or bytes-like object, got 'AsyncMock'
ERROR    core.graph_builder:graph_builder.py:124 LLM 호출 중 오류 발생: expected string or bytes-like object, got 'AsyncMock'
WARNING  core.graph_builder:graph_builder.py:542 [RAG] [REWRITE] 모든 시도 실패, 원본 유지: expected string or bytes-like object, got 'AsyncMock'
ERROR    core.graph_builder:graph_builder.py:124 LLM 호출 중 오류 발생: expected string or bytes-like object, got 'AsyncMock'
WARNING  core.graph_builder:graph_builder.py:542 [RAG] [REWRITE] 모든 시도 실패, 원본 유지: expected string or bytes-like object, got 'AsyncMock'
ERROR    core.graph_builder:graph_builder.py:124 LLM 호출 중 오류 발생: expected string or bytes-like object, got 'AsyncMock'
WARNING  core.graph_builder:graph_builder.py:542 [RAG] [REWRITE] 모든 시도 실패, 원본 유지: expected string or bytes-like object, got 'AsyncMock'
ERROR    core.graph_builder:graph_builder.py:124 LLM 호출 중 오류 발생: expected string or bytes-like object, got 'AsyncMock'
WARNING  core.graph_builder:graph_builder.py:542 [RAG] [REWRITE] 모든 시도 실패, 원본 유지: expected string or bytes-like object, got 'AsyncMock'
ERROR    core.graph_builder:graph_builder.py:124 LLM 호출 중 오류 발생: expected string or bytes-like object, got 'AsyncMock'
WARNING  core.graph_builder:graph_builder.py:542 [RAG] [REWRITE] 모든 시도 실패, 원본 유지: expected string or bytes-like object, got 'AsyncMock'
ERROR    core.graph_builder:graph_builder.py:124 LLM 호출 중 오류 발생: expected string or bytes-like object, got 'AsyncMock'
WARNING  core.graph_builder:graph_builder.py:542 [RAG] [REWRITE] 모든 시도 실패, 원본 유지: expected string or bytes-like object, got 'AsyncMock'
ERROR    core.graph_builder:graph_builder.py:124 LLM 호출 중 오류 발생: expected string or bytes-like object, got 'AsyncMock'
WARNING  core.graph_builder:graph_builder.py:542 [RAG] [REWRITE] 모든 시도 실패, 원본 유지: expected string or bytes-like object, got 'AsyncMock'
ERROR    core.graph_builder:graph_builder.py:124 LLM 호출 중 오류 발생: expected string or bytes-like object, got 'AsyncMock'
WARNING  core.graph_builder:graph_builder.py:542 [RAG] [REWRITE] 모든 시도 실패, 원본 유지: expected string or bytes-like object, got 'AsyncMock'
ERROR    core.graph_builder:graph_builder.py:124 LLM 호출 중 오류 발생: expected string or bytes-like object, got 'AsyncMock'
WARNING  core.graph_builder:graph_builder.py:542 [RAG] [REWRITE] 모든 시도 실패, 원본 유지: expected string or bytes-like object, got 'AsyncMock'
ERROR    core.graph_builder:graph_builder.py:124 LLM 호출 중 오류 발생: expected string or bytes-like object, got 'AsyncMock'
WARNING  core.graph_builder:graph_builder.py:542 [RAG] [REWRITE] 모든 시도 실패, 원본 유지: expected string or bytes-like object, got 'AsyncMock'
ERROR    core.graph_builder:graph_builder.py:124 LLM 호출 중 오류 발생: expected string or bytes-like object, got 'AsyncMock'
WARNING  core.graph_builder:graph_builder.py:542 [RAG] [REWRITE] 모든 시도 실패, 원본 유지: expected string or bytes-like object, got 'AsyncMock'
ERROR    core.graph_builder:graph_builder.py:124 LLM 호출 중 오류 발생: expected string or bytes-like object, got 'AsyncMock'
WARNING  core.graph_builder:graph_builder.py:542 [RAG] [REWRITE] 모든 시도 실패, 원본 유지: expected string or bytes-like object, got 'AsyncMock'
ERROR    core.graph_builder:graph_builder.py:124 LLM 호출 중 오류 발생: expected string or bytes-like object, got 'AsyncMock'
WARNING  core.graph_builder:graph_builder.py:542 [RAG] [REWRITE] 모든 시도 실패, 원본 유지: expected string or bytes-like object, got 'AsyncMock'
ERROR    core.graph_builder:graph_builder.py:124 LLM 호출 중 오류 발생: expected string or bytes-like object, got 'AsyncMock'
WARNING  core.graph_builder:graph_builder.py:542 [RAG] [REWRITE] 모든 시도 실패, 원본 유지: expected string or bytes-like object, got 'AsyncMock'
ERROR    core.graph_builder:graph_builder.py:124 LLM 호출 중 오류 발생: expected string or bytes-like object, got 'AsyncMock'
WARNING  core.graph_builder:graph_builder.py:542 [RAG] [REWRITE] 모든 시도 실패, 원본 유지: expected string or bytes-like object, got 'AsyncMock'
ERROR    core.graph_builder:graph_builder.py:124 LLM 호출 중 오류 발생: expected string or bytes-like object, got 'AsyncMock'
WARNING  core.graph_builder:graph_builder.py:542 [RAG] [REWRITE] 모든 시도 실패, 원본 유지: expected string or bytes-like object, got 'AsyncMock'
ERROR    core.graph_builder:graph_builder.py:124 LLM 호출 중 오류 발생: expected string or bytes-like object, got 'AsyncMock'
WARNING  core.graph_builder:graph_builder.py:542 [RAG] [REWRITE] 모든 시도 실패, 원본 유지: expected string or bytes-like object, got 'AsyncMock'
ERROR    core.graph_builder:graph_builder.py:124 LLM 호출 중 오류 발생: expected string or bytes-like object, got 'AsyncMock'
WARNING  core.graph_builder:graph_builder.py:542 [RAG] [REWRITE] 모든 시도 실패, 원본 유지: expected string or bytes-like object, got 'AsyncMock'
ERROR    core.graph_builder:graph_builder.py:124 LLM 호출 중 오류 발생: expected string or bytes-like object, got 'AsyncMock'
WARNING  core.graph_builder:graph_builder.py:542 [RAG] [REWRITE] 모든 시도 실패, 원본 유지: expected string or bytes-like object, got 'AsyncMock'
ERROR    core.graph_builder:graph_builder.py:124 LLM 호출 중 오류 발생: expected string or bytes-like object, got 'AsyncMock'
WARNING  core.graph_builder:graph_builder.py:542 [RAG] [REWRITE] 모든 시도 실패, 원본 유지: expected string or bytes-like object, got 'AsyncMock'
ERROR    core.graph_builder:graph_builder.py:124 LLM 호출 중 오류 발생: expected string or bytes-like object, got 'AsyncMock'
WARNING  core.graph_builder:graph_builder.py:542 [RAG] [REWRITE] 모든 시도 실패, 원본 유지: expected string or bytes-like object, got 'AsyncMock'
ERROR    core.graph_builder:graph_builder.py:124 LLM 호출 중 오류 발생: expected string or bytes-like object, got 'AsyncMock'
WARNING  core.graph_builder:graph_builder.py:542 [RAG] [REWRITE] 모든 시도 실패, 원본 유지: expected string or bytes-like object, got 'AsyncMock'
ERROR    core.graph_builder:graph_builder.py:124 LLM 호출 중 오류 발생: expected string or bytes-like object, got 'AsyncMock'
WARNING  core.graph_builder:graph_builder.py:542 [RAG] [REWRITE] 모든 시도 실패, 원본 유지: expected string or bytes-like object, got 'AsyncMock'
ERROR    core.graph_builder:graph_builder.py:124 LLM 호출 중 오류 발생: expected string or bytes-like object, got 'AsyncMock'
WARNING  core.graph_builder:graph_builder.py:542 [RAG] [REWRITE] 모든 시도 실패, 원본 유지: expected string or bytes-like object, got 'AsyncMock'
ERROR    core.graph_builder:graph_builder.py:124 LLM 호출 중 오류 발생: expected string or bytes-like object, got 'AsyncMock'
WARNING  core.graph_builder:graph_builder.py:542 [RAG] [REWRITE] 모든 시도 실패, 원본 유지: expected string or bytes-like object, got 'AsyncMock'
ERROR    core.graph_builder:graph_builder.py:124 LLM 호출 중 오류 발생: expected string or bytes-like object, got 'AsyncMock'
WARNING  core.graph_builder:graph_builder.py:542 [RAG] [REWRITE] 모든 시도 실패, 원본 유지: expected string or bytes-like object, got 'AsyncMock'
ERROR    core.graph_builder:graph_builder.py:124 LLM 호출 중 오류 발생: expected string or bytes-like object, got 'AsyncMock'
WARNING  core.graph_builder:graph_builder.py:542 [RAG] [REWRITE] 모든 시도 실패, 원본 유지: expected string or bytes-like object, got 'AsyncMock'
ERROR    core.graph_builder:graph_builder.py:124 LLM 호출 중 오류 발생: expected string or bytes-like object, got 'AsyncMock'
WARNING  core.graph_builder:graph_builder.py:542 [RAG] [REWRITE] 모든 시도 실패, 원본 유지: expected string or bytes-like object, got 'AsyncMock'
ERROR    core.graph_builder:graph_builder.py:124 LLM 호출 중 오류 발생: expected string or bytes-like object, got 'AsyncMock'
WARNING  core.graph_builder:graph_builder.py:542 [RAG] [REWRITE] 모든 시도 실패, 원본 유지: expected string or bytes-like object, got 'AsyncMock'
ERROR    core.graph_builder:graph_builder.py:124 LLM 호출 중 오류 발생: expected string or bytes-like object, got 'AsyncMock'
WARNING  core.graph_builder:graph_builder.py:542 [RAG] [REWRITE] 모든 시도 실패, 원본 유지: expected string or bytes-like object, got 'AsyncMock'
ERROR    core.graph_builder:graph_builder.py:124 LLM 호출 중 오류 발생: expected string or bytes-like object, got 'AsyncMock'
WARNING  core.graph_builder:graph_builder.py:542 [RAG] [REWRITE] 모든 시도 실패, 원본 유지: expected string or bytes-like object, got 'AsyncMock'
ERROR    core.graph_builder:graph_builder.py:124 LLM 호출 중 오류 발생: expected string or bytes-like object, got 'AsyncMock'
WARNING  core.graph_builder:graph_builder.py:542 [RAG] [REWRITE] 모든 시도 실패, 원본 유지: expected string or bytes-like object, got 'AsyncMock'
ERROR    core.graph_builder:graph_builder.py:124 LLM 호출 중 오류 발생: expected string or bytes-like object, got 'AsyncMock'
WARNING  core.graph_builder:graph_builder.py:542 [RAG] [REWRITE] 모든 시도 실패, 원본 유지: expected string or bytes-like object, got 'AsyncMock'
ERROR    core.graph_builder:graph_builder.py:124 LLM 호출 중 오류 발생: expected string or bytes-like object, got 'AsyncMock'
WARNING  core.graph_builder:graph_builder.py:542 [RAG] [REWRITE] 모든 시도 실패, 원본 유지: expected string or bytes-like object, got 'AsyncMock'
ERROR    core.graph_builder:graph_builder.py:124 LLM 호출 중 오류 발생: expected string or bytes-like object, got 'AsyncMock'
WARNING  core.graph_builder:graph_builder.py:542 [RAG] [REWRITE] 모든 시도 실패, 원본 유지: expected string or bytes-like object, got 'AsyncMock'
ERROR    core.graph_builder:graph_builder.py:124 LLM 호출 중 오류 발생: expected string or bytes-like object, got 'AsyncMock'
WARNING  core.graph_builder:graph_builder.py:542 [RAG] [REWRITE] 모든 시도 실패, 원본 유지: expected string or bytes-like object, got 'AsyncMock'
ERROR    core.graph_builder:graph_builder.py:124 LLM 호출 중 오류 발생: expected string or bytes-like object, got 'AsyncMock'
WARNING  core.graph_builder:graph_builder.py:542 [RAG] [REWRITE] 모든 시도 실패, 원본 유지: expected string or bytes-like object, got 'AsyncMock'
ERROR    core.graph_builder:graph_builder.py:124 LLM 호출 중 오류 발생: expected string or bytes-like object, got 'AsyncMock'
WARNING  core.graph_builder:graph_builder.py:542 [RAG] [REWRITE] 모든 시도 실패, 원본 유지: expected string or bytes-like object, got 'AsyncMock'
ERROR    core.graph_builder:graph_builder.py:124 LLM 호출 중 오류 발생: expected string or bytes-like object, got 'AsyncMock'
WARNING  core.graph_builder:graph_builder.py:542 [RAG] [REWRITE] 모든 시도 실패, 원본 유지: expected string or bytes-like object, got 'AsyncMock'
ERROR    core.graph_builder:graph_builder.py:124 LLM 호출 중 오류 발생: expected string or bytes-like object, got 'AsyncMock'
WARNING  core.graph_builder:graph_builder.py:542 [RAG] [REWRITE] 모든 시도 실패, 원본 유지: expected string or bytes-like object, got 'AsyncMock'
ERROR    core.graph_builder:graph_builder.py:124 LLM 호출 중 오류 발생: expected string or bytes-like object, got 'AsyncMock'
WARNING  core.graph_builder:graph_builder.py:542 [RAG] [REWRITE] 모든 시도 실패, 원본 유지: expected string or bytes-like object, got 'AsyncMock'
ERROR    core.graph_builder:graph_builder.py:124 LLM 호출 중 오류 발생: expected string or bytes-like object, got 'AsyncMock'
WARNING  core.graph_builder:graph_builder.py:542 [RAG] [REWRITE] 모든 시도 실패, 원본 유지: expected string or bytes-like object, got 'AsyncMock'
ERROR    core.graph_builder:graph_builder.py:124 LLM 호출 중 오류 발생: expected string or bytes-like object, got 'AsyncMock'
WARNING  core.graph_builder:graph_builder.py:542 [RAG] [REWRITE] 모든 시도 실패, 원본 유지: expected string or bytes-like object, got 'AsyncMock'
ERROR    core.graph_builder:graph_builder.py:124 LLM 호출 중 오류 발생: expected string or bytes-like object, got 'AsyncMock'
WARNING  core.graph_builder:graph_builder.py:542 [RAG] [REWRITE] 모든 시도 실패, 원본 유지: expected string or bytes-like object, got 'AsyncMock'
ERROR    core.graph_builder:graph_builder.py:124 LLM 호출 중 오류 발생: expected string or bytes-like object, got 'AsyncMock'
WARNING  core.graph_builder:graph_builder.py:542 [RAG] [REWRITE] 모든 시도 실패, 원본 유지: expected string or bytes-like object, got 'AsyncMock'
ERROR    core.graph_builder:graph_builder.py:124 LLM 호출 중 오류 발생: expected string or bytes-like object, got 'AsyncMock'
WARNING  core.graph_builder:graph_builder.py:542 [RAG] [REWRITE] 모든 시도 실패, 원본 유지: expected string or bytes-like object, got 'AsyncMock'
ERROR    core.graph_builder:graph_builder.py:124 LLM 호출 중 오류 발생: expected string or bytes-like object, got 'AsyncMock'
WARNING  core.graph_builder:graph_builder.py:542 [RAG] [REWRITE] 모든 시도 실패, 원본 유지: expected string or bytes-like object, got 'AsyncMock'
ERROR    core.graph_builder:graph_builder.py:124 LLM 호출 중 오류 발생: expected string or bytes-like object, got 'AsyncMock'
WARNING  core.graph_builder:graph_builder.py:542 [RAG] [REWRITE] 모든 시도 실패, 원본 유지: expected string or bytes-like object, got 'AsyncMock'
ERROR    core.graph_builder:graph_builder.py:124 LLM 호출 중 오류 발생: expected string or bytes-like object, got 'AsyncMock'
WARNING  core.graph_builder:graph_builder.py:542 [RAG] [REWRITE] 모든 시도 실패, 원본 유지: expected string or bytes-like object, got 'AsyncMock'
ERROR    core.graph_builder:graph_builder.py:124 LLM 호출 중 오류 발생: expected string or bytes-like object, got 'AsyncMock'
WARNING  core.graph_builder:graph_builder.py:542 [RAG] [REWRITE] 모든 시도 실패, 원본 유지: expected string or bytes-like object, got 'AsyncMock'
ERROR    core.graph_builder:graph_builder.py:124 LLM 호출 중 오류 발생: expected string or bytes-like object, got 'AsyncMock'
WARNING  core.graph_builder:graph_builder.py:542 [RAG] [REWRITE] 모든 시도 실패, 원본 유지: expected string or bytes-like object, got 'AsyncMock'
ERROR    core.graph_builder:graph_builder.py:124 LLM 호출 중 오류 발생: expected string or bytes-like object, got 'AsyncMock'
WARNING  core.graph_builder:graph_builder.py:542 [RAG] [REWRITE] 모든 시도 실패, 원본 유지: expected string or bytes-like object, got 'AsyncMock'
ERROR    core.graph_builder:graph_builder.py:124 LLM 호출 중 오류 발생: expected string or bytes-like object, got 'AsyncMock'
WARNING  core.graph_builder:graph_builder.py:542 [RAG] [REWRITE] 모든 시도 실패, 원본 유지: expected string or bytes-like object, got 'AsyncMock'
ERROR    core.graph_builder:graph_builder.py:124 LLM 호출 중 오류 발생: expected string or bytes-like object, got 'AsyncMock'
WARNING  core.graph_builder:graph_builder.py:542 [RAG] [REWRITE] 모든 시도 실패, 원본 유지: expected string or bytes-like object, got 'AsyncMock'
ERROR    core.graph_builder:graph_builder.py:124 LLM 호출 중 오류 발생: expected string or bytes-like object, got 'AsyncMock'
WARNING  core.graph_builder:graph_builder.py:542 [RAG] [REWRITE] 모든 시도 실패, 원본 유지: expected string or bytes-like object, got 'AsyncMock'
ERROR    core.graph_builder:graph_builder.py:124 LLM 호출 중 오류 발생: expected string or bytes-like object, got 'AsyncMock'
WARNING  core.graph_builder:graph_builder.py:542 [RAG] [REWRITE] 모든 시도 실패, 원본 유지: expected string or bytes-like object, got 'AsyncMock'
ERROR    core.graph_builder:graph_builder.py:124 LLM 호출 중 오류 발생: expected string or bytes-like object, got 'AsyncMock'
WARNING  core.graph_builder:graph_builder.py:542 [RAG] [REWRITE] 모든 시도 실패, 원본 유지: expected string or bytes-like object, got 'AsyncMock'
ERROR    core.graph_builder:graph_builder.py:124 LLM 호출 중 오류 발생: expected string or bytes-like object, got 'AsyncMock'
WARNING  core.graph_builder:graph_builder.py:542 [RAG] [REWRITE] 모든 시도 실패, 원본 유지: expected string or bytes-like object, got 'AsyncMock'
ERROR    core.graph_builder:graph_builder.py:124 LLM 호출 중 오류 발생: expected string or bytes-like object, got 'AsyncMock'
WARNING  core.graph_builder:graph_builder.py:542 [RAG] [REWRITE] 모든 시도 실패, 원본 유지: expected string or bytes-like object, got 'AsyncMock'
ERROR    core.graph_builder:graph_builder.py:124 LLM 호출 중 오류 발생: expected string or bytes-like object, got 'AsyncMock'
WARNING  core.graph_builder:graph_builder.py:542 [RAG] [REWRITE] 모든 시도 실패, 원본 유지: expected string or bytes-like object, got 'AsyncMock'
ERROR    core.graph_builder:graph_builder.py:124 LLM 호출 중 오류 발생: expected string or bytes-like object, got 'AsyncMock'
WARNING  core.graph_builder:graph_builder.py:542 [RAG] [REWRITE] 모든 시도 실패, 원본 유지: expected string or bytes-like object, got 'AsyncMock'
ERROR    core.graph_builder:graph_builder.py:124 LLM 호출 중 오류 발생: expected string or bytes-like object, got 'AsyncMock'
WARNING  core.graph_builder:graph_builder.py:542 [RAG] [REWRITE] 모든 시도 실패, 원본 유지: expected string or bytes-like object, got 'AsyncMock'
ERROR    core.graph_builder:graph_builder.py:124 LLM 호출 중 오류 발생: expected string or bytes-like object, got 'AsyncMock'
WARNING  core.graph_builder:graph_builder.py:542 [RAG] [REWRITE] 모든 시도 실패, 원본 유지: expected string or bytes-like object, got 'AsyncMock'
ERROR    core.graph_builder:graph_builder.py:124 LLM 호출 중 오류 발생: expected string or bytes-like object, got 'AsyncMock'
WARNING  core.graph_builder:graph_builder.py:542 [RAG] [REWRITE] 모든 시도 실패, 원본 유지: expected string or bytes-like object, got 'AsyncMock'
ERROR    core.graph_builder:graph_builder.py:124 LLM 호출 중 오류 발생: expected string or bytes-like object, got 'AsyncMock'
WARNING  core.graph_builder:graph_builder.py:542 [RAG] [REWRITE] 모든 시도 실패, 원본 유지: expected string or bytes-like object, got 'AsyncMock'
ERROR    core.graph_builder:graph_builder.py:124 LLM 호출 중 오류 발생: expected string or bytes-like object, got 'AsyncMock'
WARNING  core.graph_builder:graph_builder.py:542 [RAG] [REWRITE] 모든 시도 실패, 원본 유지: expected string or bytes-like object, got 'AsyncMock'
ERROR    core.graph_builder:graph_builder.py:124 LLM 호출 중 오류 발생: expected string or bytes-like object, got 'AsyncMock'
WARNING  core.graph_builder:graph_builder.py:542 [RAG] [REWRITE] 모든 시도 실패, 원본 유지: expected string or bytes-like object, got 'AsyncMock'
ERROR    core.graph_builder:graph_builder.py:124 LLM 호출 중 오류 발생: expected string or bytes-like object, got 'AsyncMock'
WARNING  core.graph_builder:graph_builder.py:542 [RAG] [REWRITE] 모든 시도 실패, 원본 유지: expected string or bytes-like object, got 'AsyncMock'
ERROR    core.graph_builder:graph_builder.py:124 LLM 호출 중 오류 발생: expected string or bytes-like object, got 'AsyncMock'
WARNING  core.graph_builder:graph_builder.py:542 [RAG] [REWRITE] 모든 시도 실패, 원본 유지: expected string or bytes-like object, got 'AsyncMock'
ERROR    core.graph_builder:graph_builder.py:124 LLM 호출 중 오류 발생: expected string or bytes-like object, got 'AsyncMock'
WARNING  core.graph_builder:graph_builder.py:542 [RAG] [REWRITE] 모든 시도 실패, 원본 유지: expected string or bytes-like object, got 'AsyncMock'
ERROR    core.graph_builder:graph_builder.py:124 LLM 호출 중 오류 발생: expected string or bytes-like object, got 'AsyncMock'
WARNING  core.graph_builder:graph_builder.py:542 [RAG] [REWRITE] 모든 시도 실패, 원본 유지: expected string or bytes-like object, got 'AsyncMock'
ERROR    core.graph_builder:graph_builder.py:124 LLM 호출 중 오류 발생: expected string or bytes-like object, got 'AsyncMock'
WARNING  core.graph_builder:graph_builder.py:542 [RAG] [REWRITE] 모든 시도 실패, 원본 유지: expected string or bytes-like object, got 'AsyncMock'
ERROR    core.graph_builder:graph_builder.py:124 LLM 호출 중 오류 발생: expected string or bytes-like object, got 'AsyncMock'
WARNING  core.graph_builder:graph_builder.py:542 [RAG] [REWRITE] 모든 시도 실패, 원본 유지: expected string or bytes-like object, got 'AsyncMock'
ERROR    core.graph_builder:graph_builder.py:124 LLM 호출 중 오류 발생: expected string or bytes-like object, got 'AsyncMock'
WARNING  core.graph_builder:graph_builder.py:542 [RAG] [REWRITE] 모든 시도 실패, 원본 유지: expected string or bytes-like object, got 'AsyncMock'
ERROR    core.graph_builder:graph_builder.py:124 LLM 호출 중 오류 발생: expected string or bytes-like object, got 'AsyncMock'
WARNING  core.graph_builder:graph_builder.py:542 [RAG] [REWRITE] 모든 시도 실패, 원본 유지: expected string or bytes-like object, got 'AsyncMock'
ERROR    core.graph_builder:graph_builder.py:124 LLM 호출 중 오류 발생: expected string or bytes-like object, got 'AsyncMock'
WARNING  core.graph_builder:graph_builder.py:542 [RAG] [REWRITE] 모든 시도 실패, 원본 유지: expected string or bytes-like object, got 'AsyncMock'
ERROR    core.graph_builder:graph_builder.py:124 LLM 호출 중 오류 발생: expected string or bytes-like object, got 'AsyncMock'
WARNING  core.graph_builder:graph_builder.py:542 [RAG] [REWRITE] 모든 시도 실패, 원본 유지: expected string or bytes-like object, got 'AsyncMock'
ERROR    core.graph_builder:graph_builder.py:124 LLM 호출 중 오류 발생: expected string or bytes-like object, got 'AsyncMock'
WARNING  core.graph_builder:graph_builder.py:542 [RAG] [REWRITE] 모든 시도 실패, 원본 유지: expected string or bytes-like object, got 'AsyncMock'
ERROR    core.graph_builder:graph_builder.py:124 LLM 호출 중 오류 발생: expected string or bytes-like object, got 'AsyncMock'
WARNING  core.graph_builder:graph_builder.py:542 [RAG] [REWRITE] 모든 시도 실패, 원본 유지: expected string or bytes-like object, got 'AsyncMock'
ERROR    core.graph_builder:graph_builder.py:124 LLM 호출 중 오류 발생: expected string or bytes-like object, got 'AsyncMock'
WARNING  core.graph_builder:graph_builder.py:542 [RAG] [REWRITE] 모든 시도 실패, 원본 유지: expected string or bytes-like object, got 'AsyncMock'
ERROR    core.graph_builder:graph_builder.py:124 LLM 호출 중 오류 발생: expected string or bytes-like object, got 'AsyncMock'
WARNING  core.graph_builder:graph_builder.py:542 [RAG] [REWRITE] 모든 시도 실패, 원본 유지: expected string or bytes-like object, got 'AsyncMock'
ERROR    core.graph_builder:graph_builder.py:124 LLM 호출 중 오류 발생: expected string or bytes-like object, got 'AsyncMock'
WARNING  core.graph_builder:graph_builder.py:542 [RAG] [REWRITE] 모든 시도 실패, 원본 유지: expected string or bytes-like object, got 'AsyncMock'
ERROR    core.graph_builder:graph_builder.py:124 LLM 호출 중 오류 발생: expected string or bytes-like object, got 'AsyncMock'
WARNING  core.graph_builder:graph_builder.py:542 [RAG] [REWRITE] 모든 시도 실패, 원본 유지: expected string or bytes-like object, got 'AsyncMock'
ERROR    core.graph_builder:graph_builder.py:124 LLM 호출 중 오류 발생: expected string or bytes-like object, got 'AsyncMock'
WARNING  core.graph_builder:graph_builder.py:542 [RAG] [REWRITE] 모든 시도 실패, 원본 유지: expected string or bytes-like object, got 'AsyncMock'
ERROR    core.graph_builder:graph_builder.py:124 LLM 호출 중 오류 발생: expected string or bytes-like object, got 'AsyncMock'
WARNING  core.graph_builder:graph_builder.py:542 [RAG] [REWRITE] 모든 시도 실패, 원본 유지: expected string or bytes-like object, got 'AsyncMock'
ERROR    core.graph_builder:graph_builder.py:124 LLM 호출 중 오류 발생: expected string or bytes-like object, got 'AsyncMock'
WARNING  core.graph_builder:graph_builder.py:542 [RAG] [REWRITE] 모든 시도 실패, 원본 유지: expected string or bytes-like object, got 'AsyncMock'
ERROR    core.graph_builder:graph_builder.py:124 LLM 호출 중 오류 발생: expected string or bytes-like object, got 'AsyncMock'
WARNING  core.graph_builder:graph_builder.py:542 [RAG] [REWRITE] 모든 시도 실패, 원본 유지: expected string or bytes-like object, got 'AsyncMock'
ERROR    core.graph_builder:graph_builder.py:124 LLM 호출 중 오류 발생: expected string or bytes-like object, got 'AsyncMock'
WARNING  core.graph_builder:graph_builder.py:542 [RAG] [REWRITE] 모든 시도 실패, 원본 유지: expected string or bytes-like object, got 'AsyncMock'
ERROR    core.graph_builder:graph_builder.py:124 LLM 호출 중 오류 발생: expected string or bytes-like object, got 'AsyncMock'
WARNING  core.graph_builder:graph_builder.py:542 [RAG] [REWRITE] 모든 시도 실패, 원본 유지: expected string or bytes-like object, got 'AsyncMock'
ERROR    core.graph_builder:graph_builder.py:124 LLM 호출 중 오류 발생: expected string or bytes-like object, got 'AsyncMock'
WARNING  core.graph_builder:graph_builder.py:542 [RAG] [REWRITE] 모든 시도 실패, 원본 유지: expected string or bytes-like object, got 'AsyncMock'
ERROR    core.graph_builder:graph_builder.py:124 LLM 호출 중 오류 발생: expected string or bytes-like object, got 'AsyncMock'
WARNING  core.graph_builder:graph_builder.py:542 [RAG] [REWRITE] 모든 시도 실패, 원본 유지: expected string or bytes-like object, got 'AsyncMock'
ERROR    core.graph_builder:graph_builder.py:124 LLM 호출 중 오류 발생: expected string or bytes-like object, got 'AsyncMock'
WARNING  core.graph_builder:graph_builder.py:542 [RAG] [REWRITE] 모든 시도 실패, 원본 유지: expected string or bytes-like object, got 'AsyncMock'
ERROR    core.graph_builder:graph_builder.py:124 LLM 호출 중 오류 발생: expected string or bytes-like object, got 'AsyncMock'
WARNING  core.graph_builder:graph_builder.py:542 [RAG] [REWRITE] 모든 시도 실패, 원본 유지: expected string or bytes-like object, got 'AsyncMock'
ERROR    core.graph_builder:graph_builder.py:124 LLM 호출 중 오류 발생: expected string or bytes-like object, got 'AsyncMock'
WARNING  core.graph_builder:graph_builder.py:542 [RAG] [REWRITE] 모든 시도 실패, 원본 유지: expected string or bytes-like object, got 'AsyncMock'
ERROR    core.graph_builder:graph_builder.py:124 LLM 호출 중 오류 발생: expected string or bytes-like object, got 'AsyncMock'
WARNING  core.graph_builder:graph_builder.py:542 [RAG] [REWRITE] 모든 시도 실패, 원본 유지: expected string or bytes-like object, got 'AsyncMock'
ERROR    core.graph_builder:graph_builder.py:124 LLM 호출 중 오류 발생: expected string or bytes-like object, got 'AsyncMock'
WARNING  core.graph_builder:graph_builder.py:542 [RAG] [REWRITE] 모든 시도 실패, 원본 유지: expected string or bytes-like object, got 'AsyncMock'
ERROR    core.graph_builder:graph_builder.py:124 LLM 호출 중 오류 발생: expected string or bytes-like object, got 'AsyncMock'
WARNING  core.graph_builder:graph_builder.py:542 [RAG] [REWRITE] 모든 시도 실패, 원본 유지: expected string or bytes-like object, got 'AsyncMock'
ERROR    core.graph_builder:graph_builder.py:124 LLM 호출 중 오류 발생: expected string or bytes-like object, got 'AsyncMock'
WARNING  core.graph_builder:graph_builder.py:542 [RAG] [REWRITE] 모든 시도 실패, 원본 유지: expected string or bytes-like object, got 'AsyncMock'
ERROR    core.graph_builder:graph_builder.py:124 LLM 호출 중 오류 발생: expected string or bytes-like object, got 'AsyncMock'
WARNING  core.graph_builder:graph_builder.py:542 [RAG] [REWRITE] 모든 시도 실패, 원본 유지: expected string or bytes-like object, got 'AsyncMock'
ERROR    core.graph_builder:graph_builder.py:124 LLM 호출 중 오류 발생: expected string or bytes-like object, got 'AsyncMock'
WARNING  core.graph_builder:graph_builder.py:542 [RAG] [REWRITE] 모든 시도 실패, 원본 유지: expected string or bytes-like object, got 'AsyncMock'
ERROR    core.graph_builder:graph_builder.py:124 LLM 호출 중 오류 발생: expected string or bytes-like object, got 'AsyncMock'
WARNING  core.graph_builder:graph_builder.py:542 [RAG] [REWRITE] 모든 시도 실패, 원본 유지: expected string or bytes-like object, got 'AsyncMock'
ERROR    core.graph_builder:graph_builder.py:124 LLM 호출 중 오류 발생: expected string or bytes-like object, got 'AsyncMock'
WARNING  core.graph_builder:graph_builder.py:542 [RAG] [REWRITE] 모든 시도 실패, 원본 유지: expected string or bytes-like object, got 'AsyncMock'
ERROR    core.graph_builder:graph_builder.py:124 LLM 호출 중 오류 발생: expected string or bytes-like object, got 'AsyncMock'
WARNING  core.graph_builder:graph_builder.py:542 [RAG] [REWRITE] 모든 시도 실패, 원본 유지: expected string or bytes-like object, got 'AsyncMock'
ERROR    core.graph_builder:graph_builder.py:124 LLM 호출 중 오류 발생: expected string or bytes-like object, got 'AsyncMock'
WARNING  core.graph_builder:graph_builder.py:542 [RAG] [REWRITE] 모든 시도 실패, 원본 유지: expected string or bytes-like object, got 'AsyncMock'
ERROR    core.graph_builder:graph_builder.py:124 LLM 호출 중 오류 발생: expected string or bytes-like object, got 'AsyncMock'
WARNING  core.graph_builder:graph_builder.py:542 [RAG] [REWRITE] 모든 시도 실패, 원본 유지: expected string or bytes-like object, got 'AsyncMock'
ERROR    core.graph_builder:graph_builder.py:124 LLM 호출 중 오류 발생: expected string or bytes-like object, got 'AsyncMock'
WARNING  core.graph_builder:graph_builder.py:542 [RAG] [REWRITE] 모든 시도 실패, 원본 유지: expected string or bytes-like object, got 'AsyncMock'
ERROR    core.graph_builder:graph_builder.py:124 LLM 호출 중 오류 발생: expected string or bytes-like object, got 'AsyncMock'
WARNING  core.graph_builder:graph_builder.py:542 [RAG] [REWRITE] 모든 시도 실패, 원본 유지: expected string or bytes-like object, got 'AsyncMock'
ERROR    core.graph_builder:graph_builder.py:124 LLM 호출 중 오류 발생: expected string or bytes-like object, got 'AsyncMock'
WARNING  core.graph_builder:graph_builder.py:542 [RAG] [REWRITE] 모든 시도 실패, 원본 유지: expected string or bytes-like object, got 'AsyncMock'
ERROR    core.graph_builder:graph_builder.py:124 LLM 호출 중 오류 발생: expected string or bytes-like object, got 'AsyncMock'
WARNING  core.graph_builder:graph_builder.py:542 [RAG] [REWRITE] 모든 시도 실패, 원본 유지: expected string or bytes-like object, got 'AsyncMock'
ERROR    core.graph_builder:graph_builder.py:124 LLM 호출 중 오류 발생: expected string or bytes-like object, got 'AsyncMock'
WARNING  core.graph_builder:graph_builder.py:542 [RAG] [REWRITE] 모든 시도 실패, 원본 유지: expected string or bytes-like object, got 'AsyncMock'
ERROR    core.graph_builder:graph_builder.py:124 LLM 호출 중 오류 발생: expected string or bytes-like object, got 'AsyncMock'
WARNING  core.graph_builder:graph_builder.py:542 [RAG] [REWRITE] 모든 시도 실패, 원본 유지: expected string or bytes-like object, got 'AsyncMock'
ERROR    core.graph_builder:graph_builder.py:124 LLM 호출 중 오류 발생: expected string or bytes-like object, got 'AsyncMock'
WARNING  core.graph_builder:graph_builder.py:542 [RAG] [REWRITE] 모든 시도 실패, 원본 유지: expected string or bytes-like object, got 'AsyncMock'
ERROR    core.graph_builder:graph_builder.py:124 LLM 호출 중 오류 발생: expected string or bytes-like object, got 'AsyncMock'
WARNING  core.graph_builder:graph_builder.py:542 [RAG] [REWRITE] 모든 시도 실패, 원본 유지: expected string or bytes-like object, got 'AsyncMock'
ERROR    core.graph_builder:graph_builder.py:124 LLM 호출 중 오류 발생: expected string or bytes-like object, got 'AsyncMock'
WARNING  core.graph_builder:graph_builder.py:542 [RAG] [REWRITE] 모든 시도 실패, 원본 유지: expected string or bytes-like object, got 'AsyncMock'
ERROR    core.graph_builder:graph_builder.py:124 LLM 호출 중 오류 발생: expected string or bytes-like object, got 'AsyncMock'
WARNING  core.graph_builder:graph_builder.py:542 [RAG] [REWRITE] 모든 시도 실패, 원본 유지: expected string or bytes-like object, got 'AsyncMock'
ERROR    core.graph_builder:graph_builder.py:124 LLM 호출 중 오류 발생: expected string or bytes-like object, got 'AsyncMock'
WARNING  core.graph_builder:graph_builder.py:542 [RAG] [REWRITE] 모든 시도 실패, 원본 유지: expected string or bytes-like object, got 'AsyncMock'
ERROR    core.graph_builder:graph_builder.py:124 LLM 호출 중 오류 발생: expected string or bytes-like object, got 'AsyncMock'
WARNING  core.graph_builder:graph_builder.py:542 [RAG] [REWRITE] 모든 시도 실패, 원본 유지: expected string or bytes-like object, got 'AsyncMock'
ERROR    core.graph_builder:graph_builder.py:124 LLM 호출 중 오류 발생: expected string or bytes-like object, got 'AsyncMock'
WARNING  core.graph_builder:graph_builder.py:542 [RAG] [REWRITE] 모든 시도 실패, 원본 유지: expected string or bytes-like object, got 'AsyncMock'
ERROR    core.graph_builder:graph_builder.py:124 LLM 호출 중 오류 발생: expected string or bytes-like object, got 'AsyncMock'
WARNING  core.graph_builder:graph_builder.py:542 [RAG] [REWRITE] 모든 시도 실패, 원본 유지: expected string or bytes-like object, got 'AsyncMock'
ERROR    core.graph_builder:graph_builder.py:124 LLM 호출 중 오류 발생: expected string or bytes-like object, got 'AsyncMock'
WARNING  core.graph_builder:graph_builder.py:542 [RAG] [REWRITE] 모든 시도 실패, 원본 유지: expected string or bytes-like object, got 'AsyncMock'
ERROR    core.graph_builder:graph_builder.py:124 LLM 호출 중 오류 발생: expected string or bytes-like object, got 'AsyncMock'
WARNING  core.graph_builder:graph_builder.py:542 [RAG] [REWRITE] 모든 시도 실패, 원본 유지: expected string or bytes-like object, got 'AsyncMock'
ERROR    core.graph_builder:graph_builder.py:124 LLM 호출 중 오류 발생: expected string or bytes-like object, got 'AsyncMock'
WARNING  core.graph_builder:graph_builder.py:542 [RAG] [REWRITE] 모든 시도 실패, 원본 유지: expected string or bytes-like object, got 'AsyncMock'
ERROR    core.graph_builder:graph_builder.py:124 LLM 호출 중 오류 발생: expected string or bytes-like object, got 'AsyncMock'
WARNING  core.graph_builder:graph_builder.py:542 [RAG] [REWRITE] 모든 시도 실패, 원본 유지: expected string or bytes-like object, got 'AsyncMock'
ERROR    core.graph_builder:graph_builder.py:124 LLM 호출 중 오류 발생: expected string or bytes-like object, got 'AsyncMock'
WARNING  core.graph_builder:graph_builder.py:542 [RAG] [REWRITE] 모든 시도 실패, 원본 유지: expected string or bytes-like object, got 'AsyncMock'
ERROR    core.graph_builder:graph_builder.py:124 LLM 호출 중 오류 발생: expected string or bytes-like object, got 'AsyncMock'
WARNING  core.graph_builder:graph_builder.py:542 [RAG] [REWRITE] 모든 시도 실패, 원본 유지: expected string or bytes-like object, got 'AsyncMock'
ERROR    core.graph_builder:graph_builder.py:124 LLM 호출 중 오류 발생: expected string or bytes-like object, got 'AsyncMock'
WARNING  core.graph_builder:graph_builder.py:542 [RAG] [REWRITE] 모든 시도 실패, 원본 유지: expected string or bytes-like object, got 'AsyncMock'
ERROR    core.graph_builder:graph_builder.py:124 LLM 호출 중 오류 발생: expected string or bytes-like object, got 'AsyncMock'
WARNING  core.graph_builder:graph_builder.py:542 [RAG] [REWRITE] 모든 시도 실패, 원본 유지: expected string or bytes-like object, got 'AsyncMock'
ERROR    core.graph_builder:graph_builder.py:124 LLM 호출 중 오류 발생: expected string or bytes-like object, got 'AsyncMock'
WARNING  core.graph_builder:graph_builder.py:542 [RAG] [REWRITE] 모든 시도 실패, 원본 유지: expected string or bytes-like object, got 'AsyncMock'
ERROR    core.graph_builder:graph_builder.py:124 LLM 호출 중 오류 발생: expected string or bytes-like object, got 'AsyncMock'
WARNING  core.graph_builder:graph_builder.py:542 [RAG] [REWRITE] 모든 시도 실패, 원본 유지: expected string or bytes-like object, got 'AsyncMock'
ERROR    core.graph_builder:graph_builder.py:124 LLM 호출 중 오류 발생: expected string or bytes-like object, got 'AsyncMock'
WARNING  core.graph_builder:graph_builder.py:542 [RAG] [REWRITE] 모든 시도 실패, 원본 유지: expected string or bytes-like object, got 'AsyncMock'
ERROR    core.graph_builder:graph_builder.py:124 LLM 호출 중 오류 발생: expected string or bytes-like object, got 'AsyncMock'
WARNING  core.graph_builder:graph_builder.py:542 [RAG] [REWRITE] 모든 시도 실패, 원본 유지: expected string or bytes-like object, got 'AsyncMock'
ERROR    core.graph_builder:graph_builder.py:124 LLM 호출 중 오류 발생: expected string or bytes-like object, got 'AsyncMock'
WARNING  core.graph_builder:graph_builder.py:542 [RAG] [REWRITE] 모든 시도 실패, 원본 유지: expected string or bytes-like object, got 'AsyncMock'
ERROR    core.graph_builder:graph_builder.py:124 LLM 호출 중 오류 발생: expected string or bytes-like object, got 'AsyncMock'
WARNING  core.graph_builder:graph_builder.py:542 [RAG] [REWRITE] 모든 시도 실패, 원본 유지: expected string or bytes-like object, got 'AsyncMock'
ERROR    core.graph_builder:graph_builder.py:124 LLM 호출 중 오류 발생: expected string or bytes-like object, got 'AsyncMock'
WARNING  core.graph_builder:graph_builder.py:542 [RAG] [REWRITE] 모든 시도 실패, 원본 유지: expected string or bytes-like object, got 'AsyncMock'
ERROR    core.graph_builder:graph_builder.py:124 LLM 호출 중 오류 발생: expected string or bytes-like object, got 'AsyncMock'
WARNING  core.graph_builder:graph_builder.py:542 [RAG] [REWRITE] 모든 시도 실패, 원본 유지: expected string or bytes-like object, got 'AsyncMock'
ERROR    core.graph_builder:graph_builder.py:124 LLM 호출 중 오류 발생: expected string or bytes-like object, got 'AsyncMock'
WARNING  core.graph_builder:graph_builder.py:542 [RAG] [REWRITE] 모든 시도 실패, 원본 유지: expected string or bytes-like object, got 'AsyncMock'
ERROR    core.graph_builder:graph_builder.py:124 LLM 호출 중 오류 발생: expected string or bytes-like object, got 'AsyncMock'
WARNING  core.graph_builder:graph_builder.py:542 [RAG] [REWRITE] 모든 시도 실패, 원본 유지: expected string or bytes-like object, got 'AsyncMock'
ERROR    core.graph_builder:graph_builder.py:124 LLM 호출 중 오류 발생: expected string or bytes-like object, got 'AsyncMock'
WARNING  core.graph_builder:graph_builder.py:542 [RAG] [REWRITE] 모든 시도 실패, 원본 유지: expected string or bytes-like object, got 'AsyncMock'
ERROR    core.graph_builder:graph_builder.py:124 LLM 호출 중 오류 발생: expected string or bytes-like object, got 'AsyncMock'
WARNING  core.graph_builder:graph_builder.py:542 [RAG] [REWRITE] 모든 시도 실패, 원본 유지: expected string or bytes-like object, got 'AsyncMock'
ERROR    core.graph_builder:graph_builder.py:124 LLM 호출 중 오류 발생: expected string or bytes-like object, got 'AsyncMock'
WARNING  core.graph_builder:graph_builder.py:542 [RAG] [REWRITE] 모든 시도 실패, 원본 유지: expected string or bytes-like object, got 'AsyncMock'
ERROR    core.graph_builder:graph_builder.py:124 LLM 호출 중 오류 발생: expected string or bytes-like object, got 'AsyncMock'
WARNING  core.graph_builder:graph_builder.py:542 [RAG] [REWRITE] 모든 시도 실패, 원본 유지: expected string or bytes-like object, got 'AsyncMock'
ERROR    core.graph_builder:graph_builder.py:124 LLM 호출 중 오류 발생: expected string or bytes-like object, got 'AsyncMock'
WARNING  core.graph_builder:graph_builder.py:542 [RAG] [REWRITE] 모든 시도 실패, 원본 유지: expected string or bytes-like object, got 'AsyncMock'
ERROR    core.graph_builder:graph_builder.py:124 LLM 호출 중 오류 발생: expected string or bytes-like object, got 'AsyncMock'
WARNING  core.graph_builder:graph_builder.py:542 [RAG] [REWRITE] 모든 시도 실패, 원본 유지: expected string or bytes-like object, got 'AsyncMock'
ERROR    core.graph_builder:graph_builder.py:124 LLM 호출 중 오류 발생: expected string or bytes-like object, got 'AsyncMock'
WARNING  core.graph_builder:graph_builder.py:542 [RAG] [REWRITE] 모든 시도 실패, 원본 유지: expected string or bytes-like object, got 'AsyncMock'
ERROR    core.graph_builder:graph_builder.py:124 LLM 호출 중 오류 발생: expected string or bytes-like object, got 'AsyncMock'
WARNING  core.graph_builder:graph_builder.py:542 [RAG] [REWRITE] 모든 시도 실패, 원본 유지: expected string or bytes-like object, got 'AsyncMock'
ERROR    core.graph_builder:graph_builder.py:124 LLM 호출 중 오류 발생: expected string or bytes-like object, got 'AsyncMock'
WARNING  core.graph_builder:graph_builder.py:542 [RAG] [REWRITE] 모든 시도 실패, 원본 유지: expected string or bytes-like object, got 'AsyncMock'
ERROR    core.graph_builder:graph_builder.py:124 LLM 호출 중 오류 발생: expected string or bytes-like object, got 'AsyncMock'
WARNING  core.graph_builder:graph_builder.py:542 [RAG] [REWRITE] 모든 시도 실패, 원본 유지: expected string or bytes-like object, got 'AsyncMock'
ERROR    core.graph_builder:graph_builder.py:124 LLM 호출 중 오류 발생: expected string or bytes-like object, got 'AsyncMock'
WARNING  core.graph_builder:graph_builder.py:542 [RAG] [REWRITE] 모든 시도 실패, 원본 유지: expected string or bytes-like object, got 'AsyncMock'
ERROR    core.graph_builder:graph_builder.py:124 LLM 호출 중 오류 발생: expected string or bytes-like object, got 'AsyncMock'
WARNING  core.graph_builder:graph_builder.py:542 [RAG] [REWRITE] 모든 시도 실패, 원본 유지: expected string or bytes-like object, got 'AsyncMock'
ERROR    core.graph_builder:graph_builder.py:124 LLM 호출 중 오류 발생: expected string or bytes-like object, got 'AsyncMock'
WARNING  core.graph_builder:graph_builder.py:542 [RAG] [REWRITE] 모든 시도 실패, 원본 유지: expected string or bytes-like object, got 'AsyncMock'
ERROR    core.graph_builder:graph_builder.py:124 LLM 호출 중 오류 발생: expected string or bytes-like object, got 'AsyncMock'
WARNING  core.graph_builder:graph_builder.py:542 [RAG] [REWRITE] 모든 시도 실패, 원본 유지: expected string or bytes-like object, got 'AsyncMock'
ERROR    core.graph_builder:graph_builder.py:124 LLM 호출 중 오류 발생: expected string or bytes-like object, got 'AsyncMock'
WARNING  core.graph_builder:graph_builder.py:542 [RAG] [REWRITE] 모든 시도 실패, 원본 유지: expected string or bytes-like object, got 'AsyncMock'
ERROR    core.graph_builder:graph_builder.py:124 LLM 호출 중 오류 발생: expected string or bytes-like object, got 'AsyncMock'
WARNING  core.graph_builder:graph_builder.py:542 [RAG] [REWRITE] 모든 시도 실패, 원본 유지: expected string or bytes-like object, got 'AsyncMock'
ERROR    core.graph_builder:graph_builder.py:124 LLM 호출 중 오류 발생: expected string or bytes-like object, got 'AsyncMock'
WARNING  core.graph_builder:graph_builder.py:542 [RAG] [REWRITE] 모든 시도 실패, 원본 유지: expected string or bytes-like object, got 'AsyncMock'
ERROR    core.graph_builder:graph_builder.py:124 LLM 호출 중 오류 발생: expected string or bytes-like object, got 'AsyncMock'
WARNING  core.graph_builder:graph_builder.py:542 [RAG] [REWRITE] 모든 시도 실패, 원본 유지: expected string or bytes-like object, got 'AsyncMock'
ERROR    core.graph_builder:graph_builder.py:124 LLM 호출 중 오류 발생: expected string or bytes-like object, got 'AsyncMock'
WARNING  core.graph_builder:graph_builder.py:542 [RAG] [REWRITE] 모든 시도 실패, 원본 유지: expected string or bytes-like object, got 'AsyncMock'
ERROR    core.graph_builder:graph_builder.py:124 LLM 호출 중 오류 발생: expected string or bytes-like object, got 'AsyncMock'
WARNING  core.graph_builder:graph_builder.py:542 [RAG] [REWRITE] 모든 시도 실패, 원본 유지: expected string or bytes-like object, got 'AsyncMock'
ERROR    core.graph_builder:graph_builder.py:124 LLM 호출 중 오류 발생: expected string or bytes-like object, got 'AsyncMock'
WARNING  core.graph_builder:graph_builder.py:542 [RAG] [REWRITE] 모든 시도 실패, 원본 유지: expected string or bytes-like object, got 'AsyncMock'
ERROR    core.graph_builder:graph_builder.py:124 LLM 호출 중 오류 발생: expected string or bytes-like object, got 'AsyncMock'
WARNING  core.graph_builder:graph_builder.py:542 [RAG] [REWRITE] 모든 시도 실패, 원본 유지: expected string or bytes-like object, got 'AsyncMock'
ERROR    core.graph_builder:graph_builder.py:124 LLM 호출 중 오류 발생: expected string or bytes-like object, got 'AsyncMock'
WARNING  core.graph_builder:graph_builder.py:542 [RAG] [REWRITE] 모든 시도 실패, 원본 유지: expected string or bytes-like object, got 'AsyncMock'
ERROR    core.graph_builder:graph_builder.py:124 LLM 호출 중 오류 발생: expected string or bytes-like object, got 'AsyncMock'
WARNING  core.graph_builder:graph_builder.py:542 [RAG] [REWRITE] 모든 시도 실패, 원본 유지: expected string or bytes-like object, got 'AsyncMock'
ERROR    core.graph_builder:graph_builder.py:124 LLM 호출 중 오류 발생: expected string or bytes-like object, got 'AsyncMock'
WARNING  core.graph_builder:graph_builder.py:542 [RAG] [REWRITE] 모든 시도 실패, 원본 유지: expected string or bytes-like object, got 'AsyncMock'
ERROR    core.graph_builder:graph_builder.py:124 LLM 호출 중 오류 발생: expected string or bytes-like object, got 'AsyncMock'
WARNING  core.graph_builder:graph_builder.py:542 [RAG] [REWRITE] 모든 시도 실패, 원본 유지: expected string or bytes-like object, got 'AsyncMock'
ERROR    core.graph_builder:graph_builder.py:124 LLM 호출 중 오류 발생: expected string or bytes-like object, got 'AsyncMock'
WARNING  core.graph_builder:graph_builder.py:542 [RAG] [REWRITE] 모든 시도 실패, 원본 유지: expected string or bytes-like object, got 'AsyncMock'
ERROR    core.graph_builder:graph_builder.py:124 LLM 호출 중 오류 발생: expected string or bytes-like object, got 'AsyncMock'
WARNING  core.graph_builder:graph_builder.py:542 [RAG] [REWRITE] 모든 시도 실패, 원본 유지: expected string or bytes-like object, got 'AsyncMock'
ERROR    core.graph_builder:graph_builder.py:124 LLM 호출 중 오류 발생: expected string or bytes-like object, got 'AsyncMock'
WARNING  core.graph_builder:graph_builder.py:542 [RAG] [REWRITE] 모든 시도 실패, 원본 유지: expected string or bytes-like object, got 'AsyncMock'
ERROR    core.graph_builder:graph_builder.py:124 LLM 호출 중 오류 발생: expected string or bytes-like object, got 'AsyncMock'
WARNING  core.graph_builder:graph_builder.py:542 [RAG] [REWRITE] 모든 시도 실패, 원본 유지: expected string or bytes-like object, got 'AsyncMock'
ERROR    core.graph_builder:graph_builder.py:124 LLM 호출 중 오류 발생: expected string or bytes-like object, got 'AsyncMock'
WARNING  core.graph_builder:graph_builder.py:542 [RAG] [REWRITE] 모든 시도 실패, 원본 유지: expected string or bytes-like object, got 'AsyncMock'
ERROR    core.graph_builder:graph_builder.py:124 LLM 호출 중 오류 발생: expected string or bytes-like object, got 'AsyncMock'
WARNING  core.graph_builder:graph_builder.py:542 [RAG] [REWRITE] 모든 시도 실패, 원본 유지: expected string or bytes-like object, got 'AsyncMock'
ERROR    core.graph_builder:graph_builder.py:124 LLM 호출 중 오류 발생: expected string or bytes-like object, got 'AsyncMock'
WARNING  core.graph_builder:graph_builder.py:542 [RAG] [REWRITE] 모든 시도 실패, 원본 유지: expected string or bytes-like object, got 'AsyncMock'
ERROR    core.graph_builder:graph_builder.py:124 LLM 호출 중 오류 발생: expected string or bytes-like object, got 'AsyncMock'
WARNING  core.graph_builder:graph_builder.py:542 [RAG] [REWRITE] 모든 시도 실패, 원본 유지: expected string or bytes-like object, got 'AsyncMock'
ERROR    core.graph_builder:graph_builder.py:124 LLM 호출 중 오류 발생: expected string or bytes-like object, got 'AsyncMock'
WARNING  core.graph_builder:graph_builder.py:542 [RAG] [REWRITE] 모든 시도 실패, 원본 유지: expected string or bytes-like object, got 'AsyncMock'
ERROR    core.graph_builder:graph_builder.py:124 LLM 호출 중 오류 발생: expected string or bytes-like object, got 'AsyncMock'
WARNING  core.graph_builder:graph_builder.py:542 [RAG] [REWRITE] 모든 시도 실패, 원본 유지: expected string or bytes-like object, got 'AsyncMock'
ERROR    core.graph_builder:graph_builder.py:124 LLM 호출 중 오류 발생: expected string or bytes-like object, got 'AsyncMock'
WARNING  core.graph_builder:graph_builder.py:542 [RAG] [REWRITE] 모든 시도 실패, 원본 유지: expected string or bytes-like object, got 'AsyncMock'
ERROR    core.graph_builder:graph_builder.py:124 LLM 호출 중 오류 발생: expected string or bytes-like object, got 'AsyncMock'
WARNING  core.graph_builder:graph_builder.py:542 [RAG] [REWRITE] 모든 시도 실패, 원본 유지: expected string or bytes-like object, got 'AsyncMock'
ERROR    core.graph_builder:graph_builder.py:124 LLM 호출 중 오류 발생: expected string or bytes-like object, got 'AsyncMock'
WARNING  core.graph_builder:graph_builder.py:542 [RAG] [REWRITE] 모든 시도 실패, 원본 유지: expected string or bytes-like object, got 'AsyncMock'
ERROR    core.graph_builder:graph_builder.py:124 LLM 호출 중 오류 발생: expected string or bytes-like object, got 'AsyncMock'
WARNING  core.graph_builder:graph_builder.py:542 [RAG] [REWRITE] 모든 시도 실패, 원본 유지: expected string or bytes-like object, got 'AsyncMock'
ERROR    core.graph_builder:graph_builder.py:124 LLM 호출 중 오류 발생: expected string or bytes-like object, got 'AsyncMock'
WARNING  core.graph_builder:graph_builder.py:542 [RAG] [REWRITE] 모든 시도 실패, 원본 유지: expected string or bytes-like object, got 'AsyncMock'
ERROR    core.graph_builder:graph_builder.py:124 LLM 호출 중 오류 발생: expected string or bytes-like object, got 'AsyncMock'
WARNING  core.graph_builder:graph_builder.py:542 [RAG] [REWRITE] 모든 시도 실패, 원본 유지: expected string or bytes-like object, got 'AsyncMock'
ERROR    core.graph_builder:graph_builder.py:124 LLM 호출 중 오류 발생: expected string or bytes-like object, got 'AsyncMock'
WARNING  core.graph_builder:graph_builder.py:542 [RAG] [REWRITE] 모든 시도 실패, 원본 유지: expected string or bytes-like object, got 'AsyncMock'
ERROR    core.graph_builder:graph_builder.py:124 LLM 호출 중 오류 발생: expected string or bytes-like object, got 'AsyncMock'
WARNING  core.graph_builder:graph_builder.py:542 [RAG] [REWRITE] 모든 시도 실패, 원본 유지: expected string or bytes-like object, got 'AsyncMock'
ERROR    core.graph_builder:graph_builder.py:124 LLM 호출 중 오류 발생: expected string or bytes-like object, got 'AsyncMock'
WARNING  core.graph_builder:graph_builder.py:542 [RAG] [REWRITE] 모든 시도 실패, 원본 유지: expected string or bytes-like object, got 'AsyncMock'
ERROR    core.graph_builder:graph_builder.py:124 LLM 호출 중 오류 발생: expected string or bytes-like object, got 'AsyncMock'
WARNING  core.graph_builder:graph_builder.py:542 [RAG] [REWRITE] 모든 시도 실패, 원본 유지: expected string or bytes-like object, got 'AsyncMock'
ERROR    core.graph_builder:graph_builder.py:124 LLM 호출 중 오류 발생: expected string or bytes-like object, got 'AsyncMock'
WARNING  core.graph_builder:graph_builder.py:542 [RAG] [REWRITE] 모든 시도 실패, 원본 유지: expected string or bytes-like object, got 'AsyncMock'
ERROR    core.graph_builder:graph_builder.py:124 LLM 호출 중 오류 발생: expected string or bytes-like object, got 'AsyncMock'
WARNING  core.graph_builder:graph_builder.py:542 [RAG] [REWRITE] 모든 시도 실패, 원본 유지: expected string or bytes-like object, got 'AsyncMock'
ERROR    core.graph_builder:graph_builder.py:124 LLM 호출 중 오류 발생: expected string or bytes-like object, got 'AsyncMock'
WARNING  core.graph_builder:graph_builder.py:542 [RAG] [REWRITE] 모든 시도 실패, 원본 유지: expected string or bytes-like object, got 'AsyncMock'
ERROR    core.graph_builder:graph_builder.py:124 LLM 호출 중 오류 발생: expected string or bytes-like object, got 'AsyncMock'
WARNING  core.graph_builder:graph_builder.py:542 [RAG] [REWRITE] 모든 시도 실패, 원본 유지: expected string or bytes-like object, got 'AsyncMock'
ERROR    core.graph_builder:graph_builder.py:124 LLM 호출 중 오류 발생: expected string or bytes-like object, got 'AsyncMock'
WARNING  core.graph_builder:graph_builder.py:542 [RAG] [REWRITE] 모든 시도 실패, 원본 유지: expected string or bytes-like object, got 'AsyncMock'
ERROR    core.graph_builder:graph_builder.py:124 LLM 호출 중 오류 발생: expected string or bytes-like object, got 'AsyncMock'
WARNING  core.graph_builder:graph_builder.py:542 [RAG] [REWRITE] 모든 시도 실패, 원본 유지: expected string or bytes-like object, got 'AsyncMock'
ERROR    core.graph_builder:graph_builder.py:124 LLM 호출 중 오류 발생: expected string or bytes-like object, got 'AsyncMock'
WARNING  core.graph_builder:graph_builder.py:542 [RAG] [REWRITE] 모든 시도 실패, 원본 유지: expected string or bytes-like object, got 'AsyncMock'
ERROR    core.graph_builder:graph_builder.py:124 LLM 호출 중 오류 발생: expected string or bytes-like object, got 'AsyncMock'
WARNING  core.graph_builder:graph_builder.py:542 [RAG] [REWRITE] 모든 시도 실패, 원본 유지: expected string or bytes-like object, got 'AsyncMock'
ERROR    core.graph_builder:graph_builder.py:124 LLM 호출 중 오류 발생: expected string or bytes-like object, got 'AsyncMock'
WARNING  core.graph_builder:graph_builder.py:542 [RAG] [REWRITE] 모든 시도 실패, 원본 유지: expected string or bytes-like object, got 'AsyncMock'
ERROR    core.graph_builder:graph_builder.py:124 LLM 호출 중 오류 발생: expected string or bytes-like object, got 'AsyncMock'
WARNING  core.graph_builder:graph_builder.py:542 [RAG] [REWRITE] 모든 시도 실패, 원본 유지: expected string or bytes-like object, got 'AsyncMock'
ERROR    core.graph_builder:graph_builder.py:124 LLM 호출 중 오류 발생: expected string or bytes-like object, got 'AsyncMock'
WARNING  core.graph_builder:graph_builder.py:542 [RAG] [REWRITE] 모든 시도 실패, 원본 유지: expected string or bytes-like object, got 'AsyncMock'
ERROR    core.graph_builder:graph_builder.py:124 LLM 호출 중 오류 발생: expected string or bytes-like object, got 'AsyncMock'
WARNING  core.graph_builder:graph_builder.py:542 [RAG] [REWRITE] 모든 시도 실패, 원본 유지: expected string or bytes-like object, got 'AsyncMock'
ERROR    core.graph_builder:graph_builder.py:124 LLM 호출 중 오류 발생: expected string or bytes-like object, got 'AsyncMock'
WARNING  core.graph_builder:graph_builder.py:542 [RAG] [REWRITE] 모든 시도 실패, 원본 유지: expected string or bytes-like object, got 'AsyncMock'
ERROR    core.graph_builder:graph_builder.py:124 LLM 호출 중 오류 발생: expected string or bytes-like object, got 'AsyncMock'
WARNING  core.graph_builder:graph_builder.py:542 [RAG] [REWRITE] 모든 시도 실패, 원본 유지: expected string or bytes-like object, got 'AsyncMock'
ERROR    core.graph_builder:graph_builder.py:124 LLM 호출 중 오류 발생: expected string or bytes-like object, got 'AsyncMock'
WARNING  core.graph_builder:graph_builder.py:542 [RAG] [REWRITE] 모든 시도 실패, 원본 유지: expected string or bytes-like object, got 'AsyncMock'
ERROR    core.graph_builder:graph_builder.py:124 LLM 호출 중 오류 발생: expected string or bytes-like object, got 'AsyncMock'
WARNING  core.graph_builder:graph_builder.py:542 [RAG] [REWRITE] 모든 시도 실패, 원본 유지: expected string or bytes-like object, got 'AsyncMock'
ERROR    core.graph_builder:graph_builder.py:124 LLM 호출 중 오류 발생: expected string or bytes-like object, got 'AsyncMock'
WARNING  core.graph_builder:graph_builder.py:542 [RAG] [REWRITE] 모든 시도 실패, 원본 유지: expected string or bytes-like object, got 'AsyncMock'
ERROR    core.graph_builder:graph_builder.py:124 LLM 호출 중 오류 발생: expected string or bytes-like object, got 'AsyncMock'
WARNING  core.graph_builder:graph_builder.py:542 [RAG] [REWRITE] 모든 시도 실패, 원본 유지: expected string or bytes-like object, got 'AsyncMock'
ERROR    core.graph_builder:graph_builder.py:124 LLM 호출 중 오류 발생: expected string or bytes-like object, got 'AsyncMock'
WARNING  core.graph_builder:graph_builder.py:542 [RAG] [REWRITE] 모든 시도 실패, 원본 유지: expected string or bytes-like object, got 'AsyncMock'
ERROR    core.graph_builder:graph_builder.py:124 LLM 호출 중 오류 발생: expected string or bytes-like object, got 'AsyncMock'
WARNING  core.graph_builder:graph_builder.py:542 [RAG] [REWRITE] 모든 시도 실패, 원본 유지: expected string or bytes-like object, got 'AsyncMock'
ERROR    core.graph_builder:graph_builder.py:124 LLM 호출 중 오류 발생: expected string or bytes-like object, got 'AsyncMock'
WARNING  core.graph_builder:graph_builder.py:542 [RAG] [REWRITE] 모든 시도 실패, 원본 유지: expected string or bytes-like object, got 'AsyncMock'
ERROR    core.graph_builder:graph_builder.py:124 LLM 호출 중 오류 발생: expected string or bytes-like object, got 'AsyncMock'
WARNING  core.graph_builder:graph_builder.py:542 [RAG] [REWRITE] 모든 시도 실패, 원본 유지: expected string or bytes-like object, got 'AsyncMock'
ERROR    core.graph_builder:graph_builder.py:124 LLM 호출 중 오류 발생: expected string or bytes-like object, got 'AsyncMock'
WARNING  core.graph_builder:graph_builder.py:542 [RAG] [REWRITE] 모든 시도 실패, 원본 유지: expected string or bytes-like object, got 'AsyncMock'
ERROR    core.graph_builder:graph_builder.py:124 LLM 호출 중 오류 발생: expected string or bytes-like object, got 'AsyncMock'
WARNING  core.graph_builder:graph_builder.py:542 [RAG] [REWRITE] 모든 시도 실패, 원본 유지: expected string or bytes-like object, got 'AsyncMock'
ERROR    core.graph_builder:graph_builder.py:124 LLM 호출 중 오류 발생: expected string or bytes-like object, got 'AsyncMock'
WARNING  core.graph_builder:graph_builder.py:542 [RAG] [REWRITE] 모든 시도 실패, 원본 유지: expected string or bytes-like object, got 'AsyncMock'
ERROR    core.graph_builder:graph_builder.py:124 LLM 호출 중 오류 발생: expected string or bytes-like object, got 'AsyncMock'
WARNING  core.graph_builder:graph_builder.py:542 [RAG] [REWRITE] 모든 시도 실패, 원본 유지: expected string or bytes-like object, got 'AsyncMock'
ERROR    core.graph_builder:graph_builder.py:124 LLM 호출 중 오류 발생: expected string or bytes-like object, got 'AsyncMock'
WARNING  core.graph_builder:graph_builder.py:542 [RAG] [REWRITE] 모든 시도 실패, 원본 유지: expected string or bytes-like object, got 'AsyncMock'
ERROR    core.graph_builder:graph_builder.py:124 LLM 호출 중 오류 발생: expected string or bytes-like object, got 'AsyncMock'
WARNING  core.graph_builder:graph_builder.py:542 [RAG] [REWRITE] 모든 시도 실패, 원본 유지: expected string or bytes-like object, got 'AsyncMock'
ERROR    core.graph_builder:graph_builder.py:124 LLM 호출 중 오류 발생: expected string or bytes-like object, got 'AsyncMock'
WARNING  core.graph_builder:graph_builder.py:542 [RAG] [REWRITE] 모든 시도 실패, 원본 유지: expected string or bytes-like object, got 'AsyncMock'
ERROR    core.graph_builder:graph_builder.py:124 LLM 호출 중 오류 발생: expected string or bytes-like object, got 'AsyncMock'
WARNING  core.graph_builder:graph_builder.py:542 [RAG] [REWRITE] 모든 시도 실패, 원본 유지: expected string or bytes-like object, got 'AsyncMock'
ERROR    core.graph_builder:graph_builder.py:124 LLM 호출 중 오류 발생: expected string or bytes-like object, got 'AsyncMock'
WARNING  core.graph_builder:graph_builder.py:542 [RAG] [REWRITE] 모든 시도 실패, 원본 유지: expected string or bytes-like object, got 'AsyncMock'
ERROR    core.graph_builder:graph_builder.py:124 LLM 호출 중 오류 발생: expected string or bytes-like object, got 'AsyncMock'
WARNING  core.graph_builder:graph_builder.py:542 [RAG] [REWRITE] 모든 시도 실패, 원본 유지: expected string or bytes-like object, got 'AsyncMock'
ERROR    core.graph_builder:graph_builder.py:124 LLM 호출 중 오류 발생: expected string or bytes-like object, got 'AsyncMock'
WARNING  core.graph_builder:graph_builder.py:542 [RAG] [REWRITE] 모든 시도 실패, 원본 유지: expected string or bytes-like object, got 'AsyncMock'
ERROR    core.graph_builder:graph_builder.py:124 LLM 호출 중 오류 발생: expected string or bytes-like object, got 'AsyncMock'
WARNING  core.graph_builder:graph_builder.py:542 [RAG] [REWRITE] 모든 시도 실패, 원본 유지: expected string or bytes-like object, got 'AsyncMock'
ERROR    core.graph_builder:graph_builder.py:124 LLM 호출 중 오류 발생: expected string or bytes-like object, got 'AsyncMock'
WARNING  core.graph_builder:graph_builder.py:542 [RAG] [REWRITE] 모든 시도 실패, 원본 유지: expected string or bytes-like object, got 'AsyncMock'
ERROR    core.graph_builder:graph_builder.py:124 LLM 호출 중 오류 발생: expected string or bytes-like object, got 'AsyncMock'
WARNING  core.graph_builder:graph_builder.py:542 [RAG] [REWRITE] 모든 시도 실패, 원본 유지: expected string or bytes-like object, got 'AsyncMock'
ERROR    core.graph_builder:graph_builder.py:124 LLM 호출 중 오류 발생: expected string or bytes-like object, got 'AsyncMock'
WARNING  core.graph_builder:graph_builder.py:542 [RAG] [REWRITE] 모든 시도 실패, 원본 유지: expected string or bytes-like object, got 'AsyncMock'
ERROR    core.graph_builder:graph_builder.py:124 LLM 호출 중 오류 발생: expected string or bytes-like object, got 'AsyncMock'
WARNING  core.graph_builder:graph_builder.py:542 [RAG] [REWRITE] 모든 시도 실패, 원본 유지: expected string or bytes-like object, got 'AsyncMock'
ERROR    core.graph_builder:graph_builder.py:124 LLM 호출 중 오류 발생: expected string or bytes-like object, got 'AsyncMock'
WARNING  core.graph_builder:graph_builder.py:542 [RAG] [REWRITE] 모든 시도 실패, 원본 유지: expected string or bytes-like object, got 'AsyncMock'
ERROR    core.graph_builder:graph_builder.py:124 LLM 호출 중 오류 발생: expected string or bytes-like object, got 'AsyncMock'
WARNING  core.graph_builder:graph_builder.py:542 [RAG] [REWRITE] 모든 시도 실패, 원본 유지: expected string or bytes-like object, got 'AsyncMock'
ERROR    core.graph_builder:graph_builder.py:124 LLM 호출 중 오류 발생: expected string or bytes-like object, got 'AsyncMock'
WARNING  core.graph_builder:graph_builder.py:542 [RAG] [REWRITE] 모든 시도 실패, 원본 유지: expected string or bytes-like object, got 'AsyncMock'
ERROR    core.graph_builder:graph_builder.py:124 LLM 호출 중 오류 발생: expected string or bytes-like object, got 'AsyncMock'
WARNING  core.graph_builder:graph_builder.py:542 [RAG] [REWRITE] 모든 시도 실패, 원본 유지: expected string or bytes-like object, got 'AsyncMock'
ERROR    core.graph_builder:graph_builder.py:124 LLM 호출 중 오류 발생: expected string or bytes-like object, got 'AsyncMock'
WARNING  core.graph_builder:graph_builder.py:542 [RAG] [REWRITE] 모든 시도 실패, 원본 유지: expected string or bytes-like object, got 'AsyncMock'
ERROR    core.graph_builder:graph_builder.py:124 LLM 호출 중 오류 발생: expected string or bytes-like object, got 'AsyncMock'
WARNING  core.graph_builder:graph_builder.py:542 [RAG] [REWRITE] 모든 시도 실패, 원본 유지: expected string or bytes-like object, got 'AsyncMock'
ERROR    core.graph_builder:graph_builder.py:124 LLM 호출 중 오류 발생: expected string or bytes-like object, got 'AsyncMock'
WARNING  core.graph_builder:graph_builder.py:542 [RAG] [REWRITE] 모든 시도 실패, 원본 유지: expected string or bytes-like object, got 'AsyncMock'
ERROR    core.graph_builder:graph_builder.py:124 LLM 호출 중 오류 발생: expected string or bytes-like object, got 'AsyncMock'
WARNING  core.graph_builder:graph_builder.py:542 [RAG] [REWRITE] 모든 시도 실패, 원본 유지: expected string or bytes-like object, got 'AsyncMock'
ERROR    core.graph_builder:graph_builder.py:124 LLM 호출 중 오류 발생: expected string or bytes-like object, got 'AsyncMock'
WARNING  core.graph_builder:graph_builder.py:542 [RAG] [REWRITE] 모든 시도 실패, 원본 유지: expected string or bytes-like object, got 'AsyncMock'
ERROR    core.graph_builder:graph_builder.py:124 LLM 호출 중 오류 발생: expected string or bytes-like object, got 'AsyncMock'
WARNING  core.graph_builder:graph_builder.py:542 [RAG] [REWRITE] 모든 시도 실패, 원본 유지: expected string or bytes-like object, got 'AsyncMock'
ERROR    core.graph_builder:graph_builder.py:124 LLM 호출 중 오류 발생: expected string or bytes-like object, got 'AsyncMock'
WARNING  core.graph_builder:graph_builder.py:542 [RAG] [REWRITE] 모든 시도 실패, 원본 유지: expected string or bytes-like object, got 'AsyncMock'
ERROR    core.graph_builder:graph_builder.py:124 LLM 호출 중 오류 발생: expected string or bytes-like object, got 'AsyncMock'
WARNING  core.graph_builder:graph_builder.py:542 [RAG] [REWRITE] 모든 시도 실패, 원본 유지: expected string or bytes-like object, got 'AsyncMock'
ERROR    core.graph_builder:graph_builder.py:124 LLM 호출 중 오류 발생: expected string or bytes-like object, got 'AsyncMock'
WARNING  core.graph_builder:graph_builder.py:542 [RAG] [REWRITE] 모든 시도 실패, 원본 유지: expected string or bytes-like object, got 'AsyncMock'
ERROR    core.graph_builder:graph_builder.py:124 LLM 호출 중 오류 발생: expected string or bytes-like object, got 'AsyncMock'
WARNING  core.graph_builder:graph_builder.py:542 [RAG] [REWRITE] 모든 시도 실패, 원본 유지: expected string or bytes-like object, got 'AsyncMock'
ERROR    core.graph_builder:graph_builder.py:124 LLM 호출 중 오류 발생: expected string or bytes-like object, got 'AsyncMock'
WARNING  core.graph_builder:graph_builder.py:542 [RAG] [REWRITE] 모든 시도 실패, 원본 유지: expected string or bytes-like object, got 'AsyncMock'
ERROR    core.graph_builder:graph_builder.py:124 LLM 호출 중 오류 발생: expected string or bytes-like object, got 'AsyncMock'
WARNING  core.graph_builder:graph_builder.py:542 [RAG] [REWRITE] 모든 시도 실패, 원본 유지: expected string or bytes-like object, got 'AsyncMock'
ERROR    core.graph_builder:graph_builder.py:124 LLM 호출 중 오류 발생: expected string or bytes-like object, got 'AsyncMock'
WARNING  core.graph_builder:graph_builder.py:542 [RAG] [REWRITE] 모든 시도 실패, 원본 유지: expected string or bytes-like object, got 'AsyncMock'
ERROR    core.graph_builder:graph_builder.py:124 LLM 호출 중 오류 발생: expected string or bytes-like object, got 'AsyncMock'
WARNING  core.graph_builder:graph_builder.py:542 [RAG] [REWRITE] 모든 시도 실패, 원본 유지: expected string or bytes-like object, got 'AsyncMock'
ERROR    core.graph_builder:graph_builder.py:124 LLM 호출 중 오류 발생: expected string or bytes-like object, got 'AsyncMock'
WARNING  core.graph_builder:graph_builder.py:542 [RAG] [REWRITE] 모든 시도 실패, 원본 유지: expected string or bytes-like object, got 'AsyncMock'
ERROR    core.graph_builder:graph_builder.py:124 LLM 호출 중 오류 발생: expected string or bytes-like object, got 'AsyncMock'
WARNING  core.graph_builder:graph_builder.py:542 [RAG] [REWRITE] 모든 시도 실패, 원본 유지: expected string or bytes-like object, got 'AsyncMock'
ERROR    core.graph_builder:graph_builder.py:124 LLM 호출 중 오류 발생: expected string or bytes-like object, got 'AsyncMock'
WARNING  core.graph_builder:graph_builder.py:542 [RAG] [REWRITE] 모든 시도 실패, 원본 유지: expected string or bytes-like object, got 'AsyncMock'
ERROR    core.graph_builder:graph_builder.py:124 LLM 호출 중 오류 발생: expected string or bytes-like object, got 'AsyncMock'
WARNING  core.graph_builder:graph_builder.py:542 [RAG] [REWRITE] 모든 시도 실패, 원본 유지: expected string or bytes-like object, got 'AsyncMock'
ERROR    core.graph_builder:graph_builder.py:124 LLM 호출 중 오류 발생: expected string or bytes-like object, got 'AsyncMock'
WARNING  core.graph_builder:graph_builder.py:542 [RAG] [REWRITE] 모든 시도 실패, 원본 유지: expected string or bytes-like object, got 'AsyncMock'
ERROR    core.graph_builder:graph_builder.py:124 LLM 호출 중 오류 발생: expected string or bytes-like object, got 'AsyncMock'
WARNING  core.graph_builder:graph_builder.py:542 [RAG] [REWRITE] 모든 시도 실패, 원본 유지: expected string or bytes-like object, got 'AsyncMock'
ERROR    core.graph_builder:graph_builder.py:124 LLM 호출 중 오류 발생: expected string or bytes-like object, got 'AsyncMock'
WARNING  core.graph_builder:graph_builder.py:542 [RAG] [REWRITE] 모든 시도 실패, 원본 유지: expected string or bytes-like object, got 'AsyncMock'
ERROR    core.graph_builder:graph_builder.py:124 LLM 호출 중 오류 발생: expected string or bytes-like object, got 'AsyncMock'
WARNING  core.graph_builder:graph_builder.py:542 [RAG] [REWRITE] 모든 시도 실패, 원본 유지: expected string or bytes-like object, got 'AsyncMock'
ERROR    core.graph_builder:graph_builder.py:124 LLM 호출 중 오류 발생: expected string or bytes-like object, got 'AsyncMock'
WARNING  core.graph_builder:graph_builder.py:542 [RAG] [REWRITE] 모든 시도 실패, 원본 유지: expected string or bytes-like object, got 'AsyncMock'
ERROR    core.graph_builder:graph_builder.py:124 LLM 호출 중 오류 발생: expected string or bytes-like object, got 'AsyncMock'
WARNING  core.graph_builder:graph_builder.py:542 [RAG] [REWRITE] 모든 시도 실패, 원본 유지: expected string or bytes-like object, got 'AsyncMock'
ERROR    core.graph_builder:graph_builder.py:124 LLM 호출 중 오류 발생: expected string or bytes-like object, got 'AsyncMock'
WARNING  core.graph_builder:graph_builder.py:542 [RAG] [REWRITE] 모든 시도 실패, 원본 유지: expected string or bytes-like object, got 'AsyncMock'
ERROR    core.graph_builder:graph_builder.py:124 LLM 호출 중 오류 발생: expected string or bytes-like object, got 'AsyncMock'
WARNING  core.graph_builder:graph_builder.py:542 [RAG] [REWRITE] 모든 시도 실패, 원본 유지: expected string or bytes-like object, got 'AsyncMock'
ERROR    core.graph_builder:graph_builder.py:124 LLM 호출 중 오류 발생: expected string or bytes-like object, got 'AsyncMock'
WARNING  core.graph_builder:graph_builder.py:542 [RAG] [REWRITE] 모든 시도 실패, 원본 유지: expected string or bytes-like object, got 'AsyncMock'
ERROR    core.graph_builder:graph_builder.py:124 LLM 호출 중 오류 발생: expected string or bytes-like object, got 'AsyncMock'
WARNING  core.graph_builder:graph_builder.py:542 [RAG] [REWRITE] 모든 시도 실패, 원본 유지: expected string or bytes-like object, got 'AsyncMock'
ERROR    core.graph_builder:graph_builder.py:124 LLM 호출 중 오류 발생: expected string or bytes-like object, got 'AsyncMock'
WARNING  core.graph_builder:graph_builder.py:542 [RAG] [REWRITE] 모든 시도 실패, 원본 유지: expected string or bytes-like object, got 'AsyncMock'
ERROR    core.graph_builder:graph_builder.py:124 LLM 호출 중 오류 발생: expected string or bytes-like object, got 'AsyncMock'
WARNING  core.graph_builder:graph_builder.py:542 [RAG] [REWRITE] 모든 시도 실패, 원본 유지: expected string or bytes-like object, got 'AsyncMock'
ERROR    core.graph_builder:graph_builder.py:124 LLM 호출 중 오류 발생: expected string or bytes-like object, got 'AsyncMock'
WARNING  core.graph_builder:graph_builder.py:542 [RAG] [REWRITE] 모든 시도 실패, 원본 유지: expected string or bytes-like object, got 'AsyncMock'
ERROR    core.graph_builder:graph_builder.py:124 LLM 호출 중 오류 발생: expected string or bytes-like object, got 'AsyncMock'
WARNING  core.graph_builder:graph_builder.py:542 [RAG] [REWRITE] 모든 시도 실패, 원본 유지: expected string or bytes-like object, got 'AsyncMock'
ERROR    core.graph_builder:graph_builder.py:124 LLM 호출 중 오류 발생: expected string or bytes-like object, got 'AsyncMock'
WARNING  core.graph_builder:graph_builder.py:542 [RAG] [REWRITE] 모든 시도 실패, 원본 유지: expected string or bytes-like object, got 'AsyncMock'
ERROR    core.graph_builder:graph_builder.py:124 LLM 호출 중 오류 발생: expected string or bytes-like object, got 'AsyncMock'
WARNING  core.graph_builder:graph_builder.py:542 [RAG] [REWRITE] 모든 시도 실패, 원본 유지: expected string or bytes-like object, got 'AsyncMock'
ERROR    core.graph_builder:graph_builder.py:124 LLM 호출 중 오류 발생: expected string or bytes-like object, got 'AsyncMock'
WARNING  core.graph_builder:graph_builder.py:542 [RAG] [REWRITE] 모든 시도 실패, 원본 유지: expected string or bytes-like object, got 'AsyncMock'
ERROR    core.graph_builder:graph_builder.py:124 LLM 호출 중 오류 발생: expected string or bytes-like object, got 'AsyncMock'
WARNING  core.graph_builder:graph_builder.py:542 [RAG] [REWRITE] 모든 시도 실패, 원본 유지: expected string or bytes-like object, got 'AsyncMock'
ERROR    core.graph_builder:graph_builder.py:124 LLM 호출 중 오류 발생: expected string or bytes-like object, got 'AsyncMock'
WARNING  core.graph_builder:graph_builder.py:542 [RAG] [REWRITE] 모든 시도 실패, 원본 유지: expected string or bytes-like object, got 'AsyncMock'
ERROR    core.graph_builder:graph_builder.py:124 LLM 호출 중 오류 발생: expected string or bytes-like object, got 'AsyncMock'
WARNING  core.graph_builder:graph_builder.py:542 [RAG] [REWRITE] 모든 시도 실패, 원본 유지: expected string or bytes-like object, got 'AsyncMock'
ERROR    core.graph_builder:graph_builder.py:124 LLM 호출 중 오류 발생: expected string or bytes-like object, got 'AsyncMock'
WARNING  core.graph_builder:graph_builder.py:542 [RAG] [REWRITE] 모든 시도 실패, 원본 유지: expected string or bytes-like object, got 'AsyncMock'
ERROR    core.graph_builder:graph_builder.py:124 LLM 호출 중 오류 발생: expected string or bytes-like object, got 'AsyncMock'
WARNING  core.graph_builder:graph_builder.py:542 [RAG] [REWRITE] 모든 시도 실패, 원본 유지: expected string or bytes-like object, got 'AsyncMock'
ERROR    core.graph_builder:graph_builder.py:124 LLM 호출 중 오류 발생: expected string or bytes-like object, got 'AsyncMock'
WARNING  core.graph_builder:graph_builder.py:542 [RAG] [REWRITE] 모든 시도 실패, 원본 유지: expected string or bytes-like object, got 'AsyncMock'
ERROR    core.graph_builder:graph_builder.py:124 LLM 호출 중 오류 발생: expected string or bytes-like object, got 'AsyncMock'
WARNING  core.graph_builder:graph_builder.py:542 [RAG] [REWRITE] 모든 시도 실패, 원본 유지: expected string or bytes-like object, got 'AsyncMock'
ERROR    core.graph_builder:graph_builder.py:124 LLM 호출 중 오류 발생: expected string or bytes-like object, got 'AsyncMock'
WARNING  core.graph_builder:graph_builder.py:542 [RAG] [REWRITE] 모든 시도 실패, 원본 유지: expected string or bytes-like object, got 'AsyncMock'
ERROR    core.graph_builder:graph_builder.py:124 LLM 호출 중 오류 발생: expected string or bytes-like object, got 'AsyncMock'
WARNING  core.graph_builder:graph_builder.py:542 [RAG] [REWRITE] 모든 시도 실패, 원본 유지: expected string or bytes-like object, got 'AsyncMock'
ERROR    core.graph_builder:graph_builder.py:124 LLM 호출 중 오류 발생: expected string or bytes-like object, got 'AsyncMock'
WARNING  core.graph_builder:graph_builder.py:542 [RAG] [REWRITE] 모든 시도 실패, 원본 유지: expected string or bytes-like object, got 'AsyncMock'
ERROR    core.graph_builder:graph_builder.py:124 LLM 호출 중 오류 발생: expected string or bytes-like object, got 'AsyncMock'
WARNING  core.graph_builder:graph_builder.py:542 [RAG] [REWRITE] 모든 시도 실패, 원본 유지: expected string or bytes-like object, got 'AsyncMock'
ERROR    core.graph_builder:graph_builder.py:124 LLM 호출 중 오류 발생: expected string or bytes-like object, got 'AsyncMock'
WARNING  core.graph_builder:graph_builder.py:542 [RAG] [REWRITE] 모든 시도 실패, 원본 유지: expected string or bytes-like object, got 'AsyncMock'
ERROR    core.graph_builder:graph_builder.py:124 LLM 호출 중 오류 발생: expected string or bytes-like object, got 'AsyncMock'
WARNING  core.graph_builder:graph_builder.py:542 [RAG] [REWRITE] 모든 시도 실패, 원본 유지: expected string or bytes-like object, got 'AsyncMock'
ERROR    core.graph_builder:graph_builder.py:124 LLM 호출 중 오류 발생: expected string or bytes-like object, got 'AsyncMock'
WARNING  core.graph_builder:graph_builder.py:542 [RAG] [REWRITE] 모든 시도 실패, 원본 유지: expected string or bytes-like object, got 'AsyncMock'
ERROR    core.graph_builder:graph_builder.py:124 LLM 호출 중 오류 발생: expected string or bytes-like object, got 'AsyncMock'
WARNING  core.graph_builder:graph_builder.py:542 [RAG] [REWRITE] 모든 시도 실패, 원본 유지: expected string or bytes-like object, got 'AsyncMock'
ERROR    core.graph_builder:graph_builder.py:124 LLM 호출 중 오류 발생: expected string or bytes-like object, got 'AsyncMock'
WARNING  core.graph_builder:graph_builder.py:542 [RAG] [REWRITE] 모든 시도 실패, 원본 유지: expected string or bytes-like object, got 'AsyncMock'
ERROR    core.graph_builder:graph_builder.py:124 LLM 호출 중 오류 발생: expected string or bytes-like object, got 'AsyncMock'
WARNING  core.graph_builder:graph_builder.py:542 [RAG] [REWRITE] 모든 시도 실패, 원본 유지: expected string or bytes-like object, got 'AsyncMock'
ERROR    core.graph_builder:graph_builder.py:124 LLM 호출 중 오류 발생: expected string or bytes-like object, got 'AsyncMock'
WARNING  core.graph_builder:graph_builder.py:542 [RAG] [REWRITE] 모든 시도 실패, 원본 유지: expected string or bytes-like object, got 'AsyncMock'
ERROR    core.graph_builder:graph_builder.py:124 LLM 호출 중 오류 발생: expected string or bytes-like object, got 'AsyncMock'
WARNING  core.graph_builder:graph_builder.py:542 [RAG] [REWRITE] 모든 시도 실패, 원본 유지: expected string or bytes-like object, got 'AsyncMock'
ERROR    core.graph_builder:graph_builder.py:124 LLM 호출 중 오류 발생: expected string or bytes-like object, got 'AsyncMock'
WARNING  core.graph_builder:graph_builder.py:542 [RAG] [REWRITE] 모든 시도 실패, 원본 유지: expected string or bytes-like object, got 'AsyncMock'
ERROR    core.graph_builder:graph_builder.py:124 LLM 호출 중 오류 발생: expected string or bytes-like object, got 'AsyncMock'
WARNING  core.graph_builder:graph_builder.py:542 [RAG] [REWRITE] 모든 시도 실패, 원본 유지: expected string or bytes-like object, got 'AsyncMock'
ERROR    core.graph_builder:graph_builder.py:124 LLM 호출 중 오류 발생: expected string or bytes-like object, got 'AsyncMock'
WARNING  core.graph_builder:graph_builder.py:542 [RAG] [REWRITE] 모든 시도 실패, 원본 유지: expected string or bytes-like object, got 'AsyncMock'
ERROR    core.graph_builder:graph_builder.py:124 LLM 호출 중 오류 발생: expected string or bytes-like object, got 'AsyncMock'
WARNING  core.graph_builder:graph_builder.py:542 [RAG] [REWRITE] 모든 시도 실패, 원본 유지: expected string or bytes-like object, got 'AsyncMock'
ERROR    core.graph_builder:graph_builder.py:124 LLM 호출 중 오류 발생: expected string or bytes-like object, got 'AsyncMock'
WARNING  core.graph_builder:graph_builder.py:542 [RAG] [REWRITE] 모든 시도 실패, 원본 유지: expected string or bytes-like object, got 'AsyncMock'
ERROR    core.graph_builder:graph_builder.py:124 LLM 호출 중 오류 발생: expected string or bytes-like object, got 'AsyncMock'
WARNING  core.graph_builder:graph_builder.py:542 [RAG] [REWRITE] 모든 시도 실패, 원본 유지: expected string or bytes-like object, got 'AsyncMock'
ERROR    core.graph_builder:graph_builder.py:124 LLM 호출 중 오류 발생: expected string or bytes-like object, got 'AsyncMock'
WARNING  core.graph_builder:graph_builder.py:542 [RAG] [REWRITE] 모든 시도 실패, 원본 유지: expected string or bytes-like object, got 'AsyncMock'
ERROR    core.graph_builder:graph_builder.py:124 LLM 호출 중 오류 발생: expected string or bytes-like object, got 'AsyncMock'
WARNING  core.graph_builder:graph_builder.py:542 [RAG] [REWRITE] 모든 시도 실패, 원본 유지: expected string or bytes-like object, got 'AsyncMock'
ERROR    core.graph_builder:graph_builder.py:124 LLM 호출 중 오류 발생: expected string or bytes-like object, got 'AsyncMock'
WARNING  core.graph_builder:graph_builder.py:542 [RAG] [REWRITE] 모든 시도 실패, 원본 유지: expected string or bytes-like object, got 'AsyncMock'
ERROR    core.graph_builder:graph_builder.py:124 LLM 호출 중 오류 발생: expected string or bytes-like object, got 'AsyncMock'
WARNING  core.graph_builder:graph_builder.py:542 [RAG] [REWRITE] 모든 시도 실패, 원본 유지: expected string or bytes-like object, got 'AsyncMock'
ERROR    core.graph_builder:graph_builder.py:124 LLM 호출 중 오류 발생: expected string or bytes-like object, got 'AsyncMock'
WARNING  core.graph_builder:graph_builder.py:542 [RAG] [REWRITE] 모든 시도 실패, 원본 유지: expected string or bytes-like object, got 'AsyncMock'
ERROR    core.graph_builder:graph_builder.py:124 LLM 호출 중 오류 발생: expected string or bytes-like object, got 'AsyncMock'
WARNING  core.graph_builder:graph_builder.py:542 [RAG] [REWRITE] 모든 시도 실패, 원본 유지: expected string or bytes-like object, got 'AsyncMock'
ERROR    core.graph_builder:graph_builder.py:124 LLM 호출 중 오류 발생: expected string or bytes-like object, got 'AsyncMock'
WARNING  core.graph_builder:graph_builder.py:542 [RAG] [REWRITE] 모든 시도 실패, 원본 유지: expected string or bytes-like object, got 'AsyncMock'
ERROR    core.graph_builder:graph_builder.py:124 LLM 호출 중 오류 발생: expected string or bytes-like object, got 'AsyncMock'
WARNING  core.graph_builder:graph_builder.py:542 [RAG] [REWRITE] 모든 시도 실패, 원본 유지: expected string or bytes-like object, got 'AsyncMock'
ERROR    core.graph_builder:graph_builder.py:124 LLM 호출 중 오류 발생: expected string or bytes-like object, got 'AsyncMock'
WARNING  core.graph_builder:graph_builder.py:542 [RAG] [REWRITE] 모든 시도 실패, 원본 유지: expected string or bytes-like object, got 'AsyncMock'
ERROR    core.graph_builder:graph_builder.py:124 LLM 호출 중 오류 발생: expected string or bytes-like object, got 'AsyncMock'
WARNING  core.graph_builder:graph_builder.py:542 [RAG] [REWRITE] 모든 시도 실패, 원본 유지: expected string or bytes-like object, got 'AsyncMock'
ERROR    core.graph_builder:graph_builder.py:124 LLM 호출 중 오류 발생: expected string or bytes-like object, got 'AsyncMock'
WARNING  core.graph_builder:graph_builder.py:542 [RAG] [REWRITE] 모든 시도 실패, 원본 유지: expected string or bytes-like object, got 'AsyncMock'
ERROR    core.graph_builder:graph_builder.py:124 LLM 호출 중 오류 발생: expected string or bytes-like object, got 'AsyncMock'
WARNING  core.graph_builder:graph_builder.py:542 [RAG] [REWRITE] 모든 시도 실패, 원본 유지: expected string or bytes-like object, got 'AsyncMock'
ERROR    core.graph_builder:graph_builder.py:124 LLM 호출 중 오류 발생: expected string or bytes-like object, got 'AsyncMock'
WARNING  core.graph_builder:graph_builder.py:542 [RAG] [REWRITE] 모든 시도 실패, 원본 유지: expected string or bytes-like object, got 'AsyncMock'
ERROR    core.graph_builder:graph_builder.py:124 LLM 호출 중 오류 발생: expected string or bytes-like object, got 'AsyncMock'
WARNING  core.graph_builder:graph_builder.py:542 [RAG] [REWRITE] 모든 시도 실패, 원본 유지: expected string or bytes-like object, got 'AsyncMock'
ERROR    core.graph_builder:graph_builder.py:124 LLM 호출 중 오류 발생: expected string or bytes-like object, got 'AsyncMock'
WARNING  core.graph_builder:graph_builder.py:542 [RAG] [REWRITE] 모든 시도 실패, 원본 유지: expected string or bytes-like object, got 'AsyncMock'
ERROR    core.graph_builder:graph_builder.py:124 LLM 호출 중 오류 발생: expected string or bytes-like object, got 'AsyncMock'
WARNING  core.graph_builder:graph_builder.py:542 [RAG] [REWRITE] 모든 시도 실패, 원본 유지: expected string or bytes-like object, got 'AsyncMock'
ERROR    core.graph_builder:graph_builder.py:124 LLM 호출 중 오류 발생: expected string or bytes-like object, got 'AsyncMock'
WARNING  core.graph_builder:graph_builder.py:542 [RAG] [REWRITE] 모든 시도 실패, 원본 유지: expected string or bytes-like object, got 'AsyncMock'
ERROR    core.graph_builder:graph_builder.py:124 LLM 호출 중 오류 발생: expected string or bytes-like object, got 'AsyncMock'
WARNING  core.graph_builder:graph_builder.py:542 [RAG] [REWRITE] 모든 시도 실패, 원본 유지: expected string or bytes-like object, got 'AsyncMock'
ERROR    core.graph_builder:graph_builder.py:124 LLM 호출 중 오류 발생: expected string or bytes-like object, got 'AsyncMock'
WARNING  core.graph_builder:graph_builder.py:542 [RAG] [REWRITE] 모든 시도 실패, 원본 유지: expected string or bytes-like object, got 'AsyncMock'
ERROR    core.graph_builder:graph_builder.py:124 LLM 호출 중 오류 발생: expected string or bytes-like object, got 'AsyncMock'
WARNING  core.graph_builder:graph_builder.py:542 [RAG] [REWRITE] 모든 시도 실패, 원본 유지: expected string or bytes-like object, got 'AsyncMock'
ERROR    core.graph_builder:graph_builder.py:124 LLM 호출 중 오류 발생: expected string or bytes-like object, got 'AsyncMock'
WARNING  core.graph_builder:graph_builder.py:542 [RAG] [REWRITE] 모든 시도 실패, 원본 유지: expected string or bytes-like object, got 'AsyncMock'
ERROR    core.graph_builder:graph_builder.py:124 LLM 호출 중 오류 발생: expected string or bytes-like object, got 'AsyncMock'
WARNING  core.graph_builder:graph_builder.py:542 [RAG] [REWRITE] 모든 시도 실패, 원본 유지: expected string or bytes-like object, got 'AsyncMock'
ERROR    core.graph_builder:graph_builder.py:124 LLM 호출 중 오류 발생: expected string or bytes-like object, got 'AsyncMock'
WARNING  core.graph_builder:graph_builder.py:542 [RAG] [REWRITE] 모든 시도 실패, 원본 유지: expected string or bytes-like object, got 'AsyncMock'
ERROR    core.graph_builder:graph_builder.py:124 LLM 호출 중 오류 발생: expected string or bytes-like object, got 'AsyncMock'
WARNING  core.graph_builder:graph_builder.py:542 [RAG] [REWRITE] 모든 시도 실패, 원본 유지: expected string or bytes-like object, got 'AsyncMock'
ERROR    core.graph_builder:graph_builder.py:124 LLM 호출 중 오류 발생: expected string or bytes-like object, got 'AsyncMock'
WARNING  core.graph_builder:graph_builder.py:542 [RAG] [REWRITE] 모든 시도 실패, 원본 유지: expected string or bytes-like object, got 'AsyncMock'
ERROR    core.graph_builder:graph_builder.py:124 LLM 호출 중 오류 발생: expected string or bytes-like object, got 'AsyncMock'
WARNING  core.graph_builder:graph_builder.py:542 [RAG] [REWRITE] 모든 시도 실패, 원본 유지: expected string or bytes-like object, got 'AsyncMock'
ERROR    core.graph_builder:graph_builder.py:124 LLM 호출 중 오류 발생: expected string or bytes-like object, got 'AsyncMock'
WARNING  core.graph_builder:graph_builder.py:542 [RAG] [REWRITE] 모든 시도 실패, 원본 유지: expected string or bytes-like object, got 'AsyncMock'
ERROR    core.graph_builder:graph_builder.py:124 LLM 호출 중 오류 발생: expected string or bytes-like object, got 'AsyncMock'
WARNING  core.graph_builder:graph_builder.py:542 [RAG] [REWRITE] 모든 시도 실패, 원본 유지: expected string or bytes-like object, got 'AsyncMock'
ERROR    core.graph_builder:graph_builder.py:124 LLM 호출 중 오류 발생: expected string or bytes-like object, got 'AsyncMock'
WARNING  core.graph_builder:graph_builder.py:542 [RAG] [REWRITE] 모든 시도 실패, 원본 유지: expected string or bytes-like object, got 'AsyncMock'
ERROR    core.graph_builder:graph_builder.py:124 LLM 호출 중 오류 발생: expected string or bytes-like object, got 'AsyncMock'
WARNING  core.graph_builder:graph_builder.py:542 [RAG] [REWRITE] 모든 시도 실패, 원본 유지: expected string or bytes-like object, got 'AsyncMock'
ERROR    core.graph_builder:graph_builder.py:124 LLM 호출 중 오류 발생: expected string or bytes-like object, got 'AsyncMock'
WARNING  core.graph_builder:graph_builder.py:542 [RAG] [REWRITE] 모든 시도 실패, 원본 유지: expected string or bytes-like object, got 'AsyncMock'
ERROR    core.graph_builder:graph_builder.py:124 LLM 호출 중 오류 발생: expected string or bytes-like object, got 'AsyncMock'
WARNING  core.graph_builder:graph_builder.py:542 [RAG] [REWRITE] 모든 시도 실패, 원본 유지: expected string or bytes-like object, got 'AsyncMock'
ERROR    core.graph_builder:graph_builder.py:124 LLM 호출 중 오류 발생: expected string or bytes-like object, got 'AsyncMock'
WARNING  core.graph_builder:graph_builder.py:542 [RAG] [REWRITE] 모든 시도 실패, 원본 유지: expected string or bytes-like object, got 'AsyncMock'
ERROR    core.graph_builder:graph_builder.py:124 LLM 호출 중 오류 발생: expected string or bytes-like object, got 'AsyncMock'
WARNING  core.graph_builder:graph_builder.py:542 [RAG] [REWRITE] 모든 시도 실패, 원본 유지: expected string or bytes-like object, got 'AsyncMock'
ERROR    core.graph_builder:graph_builder.py:124 LLM 호출 중 오류 발생: expected string or bytes-like object, got 'AsyncMock'
WARNING  core.graph_builder:graph_builder.py:542 [RAG] [REWRITE] 모든 시도 실패, 원본 유지: expected string or bytes-like object, got 'AsyncMock'
ERROR    core.graph_builder:graph_builder.py:124 LLM 호출 중 오류 발생: expected string or bytes-like object, got 'AsyncMock'
WARNING  core.graph_builder:graph_builder.py:542 [RAG] [REWRITE] 모든 시도 실패, 원본 유지: expected string or bytes-like object, got 'AsyncMock'
ERROR    core.graph_builder:graph_builder.py:124 LLM 호출 중 오류 발생: expected string or bytes-like object, got 'AsyncMock'
WARNING  core.graph_builder:graph_builder.py:542 [RAG] [REWRITE] 모든 시도 실패, 원본 유지: expected string or bytes-like object, got 'AsyncMock'
ERROR    core.graph_builder:graph_builder.py:124 LLM 호출 중 오류 발생: expected string or bytes-like object, got 'AsyncMock'
WARNING  core.graph_builder:graph_builder.py:542 [RAG] [REWRITE] 모든 시도 실패, 원본 유지: expected string or bytes-like object, got 'AsyncMock'
ERROR    core.graph_builder:graph_builder.py:124 LLM 호출 중 오류 발생: expected string or bytes-like object, got 'AsyncMock'
WARNING  core.graph_builder:graph_builder.py:542 [RAG] [REWRITE] 모든 시도 실패, 원본 유지: expected string or bytes-like object, got 'AsyncMock'
ERROR    core.graph_builder:graph_builder.py:124 LLM 호출 중 오류 발생: expected string or bytes-like object, got 'AsyncMock'
WARNING  core.graph_builder:graph_builder.py:542 [RAG] [REWRITE] 모든 시도 실패, 원본 유지: expected string or bytes-like object, got 'AsyncMock'
ERROR    core.graph_builder:graph_builder.py:124 LLM 호출 중 오류 발생: expected string or bytes-like object, got 'AsyncMock'
WARNING  core.graph_builder:graph_builder.py:542 [RAG] [REWRITE] 모든 시도 실패, 원본 유지: expected string or bytes-like object, got 'AsyncMock'
ERROR    core.graph_builder:graph_builder.py:124 LLM 호출 중 오류 발생: expected string or bytes-like object, got 'AsyncMock'
WARNING  core.graph_builder:graph_builder.py:542 [RAG] [REWRITE] 모든 시도 실패, 원본 유지: expected string or bytes-like object, got 'AsyncMock'
ERROR    core.graph_builder:graph_builder.py:124 LLM 호출 중 오류 발생: expected string or bytes-like object, got 'AsyncMock'
WARNING  core.graph_builder:graph_builder.py:542 [RAG] [REWRITE] 모든 시도 실패, 원본 유지: expected string or bytes-like object, got 'AsyncMock'
ERROR    core.graph_builder:graph_builder.py:124 LLM 호출 중 오류 발생: expected string or bytes-like object, got 'AsyncMock'
WARNING  core.graph_builder:graph_builder.py:542 [RAG] [REWRITE] 모든 시도 실패, 원본 유지: expected string or bytes-like object, got 'AsyncMock'
ERROR    core.graph_builder:graph_builder.py:124 LLM 호출 중 오류 발생: expected string or bytes-like object, got 'AsyncMock'
WARNING  core.graph_builder:graph_builder.py:542 [RAG] [REWRITE] 모든 시도 실패, 원본 유지: expected string or bytes-like object, got 'AsyncMock'
ERROR    core.graph_builder:graph_builder.py:124 LLM 호출 중 오류 발생: expected string or bytes-like object, got 'AsyncMock'
WARNING  core.graph_builder:graph_builder.py:542 [RAG] [REWRITE] 모든 시도 실패, 원본 유지: expected string or bytes-like object, got 'AsyncMock'
ERROR    core.graph_builder:graph_builder.py:124 LLM 호출 중 오류 발생: expected string or bytes-like object, got 'AsyncMock'
WARNING  core.graph_builder:graph_builder.py:542 [RAG] [REWRITE] 모든 시도 실패, 원본 유지: expected string or bytes-like object, got 'AsyncMock'
ERROR    core.graph_builder:graph_builder.py:124 LLM 호출 중 오류 발생: expected string or bytes-like object, got 'AsyncMock'
WARNING  core.graph_builder:graph_builder.py:542 [RAG] [REWRITE] 모든 시도 실패, 원본 유지: expected string or bytes-like object, got 'AsyncMock'
ERROR    core.graph_builder:graph_builder.py:124 LLM 호출 중 오류 발생: expected string or bytes-like object, got 'AsyncMock'
WARNING  core.graph_builder:graph_builder.py:542 [RAG] [REWRITE] 모든 시도 실패, 원본 유지: expected string or bytes-like object, got 'AsyncMock'
ERROR    core.graph_builder:graph_builder.py:124 LLM 호출 중 오류 발생: expected string or bytes-like object, got 'AsyncMock'
WARNING  core.graph_builder:graph_builder.py:542 [RAG] [REWRITE] 모든 시도 실패, 원본 유지: expected string or bytes-like object, got 'AsyncMock'
ERROR    core.graph_builder:graph_builder.py:124 LLM 호출 중 오류 발생: expected string or bytes-like object, got 'AsyncMock'
WARNING  core.graph_builder:graph_builder.py:542 [RAG] [REWRITE] 모든 시도 실패, 원본 유지: expected string or bytes-like object, got 'AsyncMock'
ERROR    core.graph_builder:graph_builder.py:124 LLM 호출 중 오류 발생: expected string or bytes-like object, got 'AsyncMock'
WARNING  core.graph_builder:graph_builder.py:542 [RAG] [REWRITE] 모든 시도 실패, 원본 유지: expected string or bytes-like object, got 'AsyncMock'
ERROR    core.graph_builder:graph_builder.py:124 LLM 호출 중 오류 발생: expected string or bytes-like object, got 'AsyncMock'
WARNING  core.graph_builder:graph_builder.py:542 [RAG] [REWRITE] 모든 시도 실패, 원본 유지: expected string or bytes-like object, got 'AsyncMock'
ERROR    core.graph_builder:graph_builder.py:124 LLM 호출 중 오류 발생: expected string or bytes-like object, got 'AsyncMock'
WARNING  core.graph_builder:graph_builder.py:542 [RAG] [REWRITE] 모든 시도 실패, 원본 유지: expected string or bytes-like object, got 'AsyncMock'
ERROR    core.graph_builder:graph_builder.py:124 LLM 호출 중 오류 발생: expected string or bytes-like object, got 'AsyncMock'
WARNING  core.graph_builder:graph_builder.py:542 [RAG] [REWRITE] 모든 시도 실패, 원본 유지: expected string or bytes-like object, got 'AsyncMock'
ERROR    core.graph_builder:graph_builder.py:124 LLM 호출 중 오류 발생: expected string or bytes-like object, got 'AsyncMock'
WARNING  core.graph_builder:graph_builder.py:542 [RAG] [REWRITE] 모든 시도 실패, 원본 유지: expected string or bytes-like object, got 'AsyncMock'
ERROR    core.graph_builder:graph_builder.py:124 LLM 호출 중 오류 발생: expected string or bytes-like object, got 'AsyncMock'
WARNING  core.graph_builder:graph_builder.py:542 [RAG] [REWRITE] 모든 시도 실패, 원본 유지: expected string or bytes-like object, got 'AsyncMock'
ERROR    core.graph_builder:graph_builder.py:124 LLM 호출 중 오류 발생: expected string or bytes-like object, got 'AsyncMock'
WARNING  core.graph_builder:graph_builder.py:542 [RAG] [REWRITE] 모든 시도 실패, 원본 유지: expected string or bytes-like object, got 'AsyncMock'
ERROR    core.graph_builder:graph_builder.py:124 LLM 호출 중 오류 발생: expected string or bytes-like object, got 'AsyncMock'
WARNING  core.graph_builder:graph_builder.py:542 [RAG] [REWRITE] 모든 시도 실패, 원본 유지: expected string or bytes-like object, got 'AsyncMock'
ERROR    core.graph_builder:graph_builder.py:124 LLM 호출 중 오류 발생: expected string or bytes-like object, got 'AsyncMock'
WARNING  core.graph_builder:graph_builder.py:542 [RAG] [REWRITE] 모든 시도 실패, 원본 유지: expected string or bytes-like object, got 'AsyncMock'
ERROR    core.graph_builder:graph_builder.py:124 LLM 호출 중 오류 발생: expected string or bytes-like object, got 'AsyncMock'
WARNING  core.graph_builder:graph_builder.py:542 [RAG] [REWRITE] 모든 시도 실패, 원본 유지: expected string or bytes-like object, got 'AsyncMock'
ERROR    core.graph_builder:graph_builder.py:124 LLM 호출 중 오류 발생: expected string or bytes-like object, got 'AsyncMock'
WARNING  core.graph_builder:graph_builder.py:542 [RAG] [REWRITE] 모든 시도 실패, 원본 유지: expected string or bytes-like object, got 'AsyncMock'
ERROR    core.graph_builder:graph_builder.py:124 LLM 호출 중 오류 발생: expected string or bytes-like object, got 'AsyncMock'
WARNING  core.graph_builder:graph_builder.py:542 [RAG] [REWRITE] 모든 시도 실패, 원본 유지: expected string or bytes-like object, got 'AsyncMock'
ERROR    core.graph_builder:graph_builder.py:124 LLM 호출 중 오류 발생: expected string or bytes-like object, got 'AsyncMock'
WARNING  core.graph_builder:graph_builder.py:542 [RAG] [REWRITE] 모든 시도 실패, 원본 유지: expected string or bytes-like object, got 'AsyncMock'
ERROR    core.graph_builder:graph_builder.py:124 LLM 호출 중 오류 발생: expected string or bytes-like object, got 'AsyncMock'
WARNING  core.graph_builder:graph_builder.py:542 [RAG] [REWRITE] 모든 시도 실패, 원본 유지: expected string or bytes-like object, got 'AsyncMock'
ERROR    core.graph_builder:graph_builder.py:124 LLM 호출 중 오류 발생: expected string or bytes-like object, got 'AsyncMock'
WARNING  core.graph_builder:graph_builder.py:542 [RAG] [REWRITE] 모든 시도 실패, 원본 유지: expected string or bytes-like object, got 'AsyncMock'
ERROR    core.graph_builder:graph_builder.py:124 LLM 호출 중 오류 발생: expected string or bytes-like object, got 'AsyncMock'
WARNING  core.graph_builder:graph_builder.py:542 [RAG] [REWRITE] 모든 시도 실패, 원본 유지: expected string or bytes-like object, got 'AsyncMock'
ERROR    core.graph_builder:graph_builder.py:124 LLM 호출 중 오류 발생: expected string or bytes-like object, got 'AsyncMock'
WARNING  core.graph_builder:graph_builder.py:542 [RAG] [REWRITE] 모든 시도 실패, 원본 유지: expected string or bytes-like object, got 'AsyncMock'
ERROR    core.graph_builder:graph_builder.py:124 LLM 호출 중 오류 발생: expected string or bytes-like object, got 'AsyncMock'
WARNING  core.graph_builder:graph_builder.py:542 [RAG] [REWRITE] 모든 시도 실패, 원본 유지: expected string or bytes-like object, got 'AsyncMock'
ERROR    core.graph_builder:graph_builder.py:124 LLM 호출 중 오류 발생: expected string or bytes-like object, got 'AsyncMock'
WARNING  core.graph_builder:graph_builder.py:542 [RAG] [REWRITE] 모든 시도 실패, 원본 유지: expected string or bytes-like object, got 'AsyncMock'
ERROR    core.graph_builder:graph_builder.py:124 LLM 호출 중 오류 발생: expected string or bytes-like object, got 'AsyncMock'
WARNING  core.graph_builder:graph_builder.py:542 [RAG] [REWRITE] 모든 시도 실패, 원본 유지: expected string or bytes-like object, got 'AsyncMock'
ERROR    core.graph_builder:graph_builder.py:124 LLM 호출 중 오류 발생: expected string or bytes-like object, got 'AsyncMock'
WARNING  core.graph_builder:graph_builder.py:542 [RAG] [REWRITE] 모든 시도 실패, 원본 유지: expected string or bytes-like object, got 'AsyncMock'
ERROR    core.graph_builder:graph_builder.py:124 LLM 호출 중 오류 발생: expected string or bytes-like object, got 'AsyncMock'
WARNING  core.graph_builder:graph_builder.py:542 [RAG] [REWRITE] 모든 시도 실패, 원본 유지: expected string or bytes-like object, got 'AsyncMock'
ERROR    core.graph_builder:graph_builder.py:124 LLM 호출 중 오류 발생: expected string or bytes-like object, got 'AsyncMock'
WARNING  core.graph_builder:graph_builder.py:542 [RAG] [REWRITE] 모든 시도 실패, 원본 유지: expected string or bytes-like object, got 'AsyncMock'
ERROR    core.graph_builder:graph_builder.py:124 LLM 호출 중 오류 발생: expected string or bytes-like object, got 'AsyncMock'
WARNING  core.graph_builder:graph_builder.py:542 [RAG] [REWRITE] 모든 시도 실패, 원본 유지: expected string or bytes-like object, got 'AsyncMock'
ERROR    core.graph_builder:graph_builder.py:124 LLM 호출 중 오류 발생: expected string or bytes-like object, got 'AsyncMock'
WARNING  core.graph_builder:graph_builder.py:542 [RAG] [REWRITE] 모든 시도 실패, 원본 유지: expected string or bytes-like object, got 'AsyncMock'
ERROR    core.graph_builder:graph_builder.py:124 LLM 호출 중 오류 발생: expected string or bytes-like object, got 'AsyncMock'
WARNING  core.graph_builder:graph_builder.py:542 [RAG] [REWRITE] 모든 시도 실패, 원본 유지: expected string or bytes-like object, got 'AsyncMock'
ERROR    core.graph_builder:graph_builder.py:124 LLM 호출 중 오류 발생: expected string or bytes-like object, got 'AsyncMock'
WARNING  core.graph_builder:graph_builder.py:542 [RAG] [REWRITE] 모든 시도 실패, 원본 유지: expected string or bytes-like object, got 'AsyncMock'
ERROR    core.graph_builder:graph_builder.py:124 LLM 호출 중 오류 발생: expected string or bytes-like object, got 'AsyncMock'
WARNING  core.graph_builder:graph_builder.py:542 [RAG] [REWRITE] 모든 시도 실패, 원본 유지: expected string or bytes-like object, got 'AsyncMock'
ERROR    core.graph_builder:graph_builder.py:124 LLM 호출 중 오류 발생: expected string or bytes-like object, got 'AsyncMock'
WARNING  core.graph_builder:graph_builder.py:542 [RAG] [REWRITE] 모든 시도 실패, 원본 유지: expected string or bytes-like object, got 'AsyncMock'
ERROR    core.graph_builder:graph_builder.py:124 LLM 호출 중 오류 발생: expected string or bytes-like object, got 'AsyncMock'
WARNING  core.graph_builder:graph_builder.py:542 [RAG] [REWRITE] 모든 시도 실패, 원본 유지: expected string or bytes-like object, got 'AsyncMock'
ERROR    core.graph_builder:graph_builder.py:124 LLM 호출 중 오류 발생: expected string or bytes-like object, got 'AsyncMock'
WARNING  core.graph_builder:graph_builder.py:542 [RAG] [REWRITE] 모든 시도 실패, 원본 유지: expected string or bytes-like object, got 'AsyncMock'
ERROR    core.graph_builder:graph_builder.py:124 LLM 호출 중 오류 발생: expected string or bytes-like object, got 'AsyncMock'
WARNING  core.graph_builder:graph_builder.py:542 [RAG] [REWRITE] 모든 시도 실패, 원본 유지: expected string or bytes-like object, got 'AsyncMock'
ERROR    core.graph_builder:graph_builder.py:124 LLM 호출 중 오류 발생: expected string or bytes-like object, got 'AsyncMock'
WARNING  core.graph_builder:graph_builder.py:542 [RAG] [REWRITE] 모든 시도 실패, 원본 유지: expected string or bytes-like object, got 'AsyncMock'
ERROR    core.graph_builder:graph_builder.py:124 LLM 호출 중 오류 발생: expected string or bytes-like object, got 'AsyncMock'
WARNING  core.graph_builder:graph_builder.py:542 [RAG] [REWRITE] 모든 시도 실패, 원본 유지: expected string or bytes-like object, got 'AsyncMock'
ERROR    core.graph_builder:graph_builder.py:124 LLM 호출 중 오류 발생: expected string or bytes-like object, got 'AsyncMock'
WARNING  core.graph_builder:graph_builder.py:542 [RAG] [REWRITE] 모든 시도 실패, 원본 유지: expected string or bytes-like object, got 'AsyncMock'
ERROR    core.graph_builder:graph_builder.py:124 LLM 호출 중 오류 발생: expected string or bytes-like object, got 'AsyncMock'
WARNING  core.graph_builder:graph_builder.py:542 [RAG] [REWRITE] 모든 시도 실패, 원본 유지: expected string or bytes-like object, got 'AsyncMock'
ERROR    core.graph_builder:graph_builder.py:124 LLM 호출 중 오류 발생: expected string or bytes-like object, got 'AsyncMock'
WARNING  core.graph_builder:graph_builder.py:542 [RAG] [REWRITE] 모든 시도 실패, 원본 유지: expected string or bytes-like object, got 'AsyncMock'
ERROR    core.graph_builder:graph_builder.py:124 LLM 호출 중 오류 발생: expected string or bytes-like object, got 'AsyncMock'
WARNING  core.graph_builder:graph_builder.py:542 [RAG] [REWRITE] 모든 시도 실패, 원본 유지: expected string or bytes-like object, got 'AsyncMock'
ERROR    core.graph_builder:graph_builder.py:124 LLM 호출 중 오류 발생: expected string or bytes-like object, got 'AsyncMock'
WARNING  core.graph_builder:graph_builder.py:542 [RAG] [REWRITE] 모든 시도 실패, 원본 유지: expected string or bytes-like object, got 'AsyncMock'
ERROR    core.graph_builder:graph_builder.py:124 LLM 호출 중 오류 발생: expected string or bytes-like object, got 'AsyncMock'
WARNING  core.graph_builder:graph_builder.py:542 [RAG] [REWRITE] 모든 시도 실패, 원본 유지: expected string or bytes-like object, got 'AsyncMock'
ERROR    core.graph_builder:graph_builder.py:124 LLM 호출 중 오류 발생: expected string or bytes-like object, got 'AsyncMock'
WARNING  core.graph_builder:graph_builder.py:542 [RAG] [REWRITE] 모든 시도 실패, 원본 유지: expected string or bytes-like object, got 'AsyncMock'
ERROR    core.graph_builder:graph_builder.py:124 LLM 호출 중 오류 발생: expected string or bytes-like object, got 'AsyncMock'
WARNING  core.graph_builder:graph_builder.py:542 [RAG] [REWRITE] 모든 시도 실패, 원본 유지: expected string or bytes-like object, got 'AsyncMock'
ERROR    core.graph_builder:graph_builder.py:124 LLM 호출 중 오류 발생: expected string or bytes-like object, got 'AsyncMock'
WARNING  core.graph_builder:graph_builder.py:542 [RAG] [REWRITE] 모든 시도 실패, 원본 유지: expected string or bytes-like object, got 'AsyncMock'
ERROR    core.graph_builder:graph_builder.py:124 LLM 호출 중 오류 발생: expected string or bytes-like object, got 'AsyncMock'
WARNING  core.graph_builder:graph_builder.py:542 [RAG] [REWRITE] 모든 시도 실패, 원본 유지: expected string or bytes-like object, got 'AsyncMock'
ERROR    core.graph_builder:graph_builder.py:124 LLM 호출 중 오류 발생: expected string or bytes-like object, got 'AsyncMock'
WARNING  core.graph_builder:graph_builder.py:542 [RAG] [REWRITE] 모든 시도 실패, 원본 유지: expected string or bytes-like object, got 'AsyncMock'
ERROR    core.graph_builder:graph_builder.py:124 LLM 호출 중 오류 발생: expected string or bytes-like object, got 'AsyncMock'
WARNING  core.graph_builder:graph_builder.py:542 [RAG] [REWRITE] 모든 시도 실패, 원본 유지: expected string or bytes-like object, got 'AsyncMock'
ERROR    core.graph_builder:graph_builder.py:124 LLM 호출 중 오류 발생: expected string or bytes-like object, got 'AsyncMock'
WARNING  core.graph_builder:graph_builder.py:542 [RAG] [REWRITE] 모든 시도 실패, 원본 유지: expected string or bytes-like object, got 'AsyncMock'
ERROR    core.graph_builder:graph_builder.py:124 LLM 호출 중 오류 발생: expected string or bytes-like object, got 'AsyncMock'
WARNING  core.graph_builder:graph_builder.py:542 [RAG] [REWRITE] 모든 시도 실패, 원본 유지: expected string or bytes-like object, got 'AsyncMock'
ERROR    core.graph_builder:graph_builder.py:124 LLM 호출 중 오류 발생: expected string or bytes-like object, got 'AsyncMock'
WARNING  core.graph_builder:graph_builder.py:542 [RAG] [REWRITE] 모든 시도 실패, 원본 유지: expected string or bytes-like object, got 'AsyncMock'
ERROR    core.graph_builder:graph_builder.py:124 LLM 호출 중 오류 발생: expected string or bytes-like object, got 'AsyncMock'
WARNING  core.graph_builder:graph_builder.py:542 [RAG] [REWRITE] 모든 시도 실패, 원본 유지: expected string or bytes-like object, got 'AsyncMock'
ERROR    core.graph_builder:graph_builder.py:124 LLM 호출 중 오류 발생: expected string or bytes-like object, got 'AsyncMock'
WARNING  core.graph_builder:graph_builder.py:542 [RAG] [REWRITE] 모든 시도 실패, 원본 유지: expected string or bytes-like object, got 'AsyncMock'
ERROR    core.graph_builder:graph_builder.py:124 LLM 호출 중 오류 발생: expected string or bytes-like object, got 'AsyncMock'
WARNING  core.graph_builder:graph_builder.py:542 [RAG] [REWRITE] 모든 시도 실패, 원본 유지: expected string or bytes-like object, got 'AsyncMock'
ERROR    core.graph_builder:graph_builder.py:124 LLM 호출 중 오류 발생: expected string or bytes-like object, got 'AsyncMock'
WARNING  core.graph_builder:graph_builder.py:542 [RAG] [REWRITE] 모든 시도 실패, 원본 유지: expected string or bytes-like object, got 'AsyncMock'
ERROR    core.graph_builder:graph_builder.py:124 LLM 호출 중 오류 발생: expected string or bytes-like object, got 'AsyncMock'
WARNING  core.graph_builder:graph_builder.py:542 [RAG] [REWRITE] 모든 시도 실패, 원본 유지: expected string or bytes-like object, got 'AsyncMock'
ERROR    core.graph_builder:graph_builder.py:124 LLM 호출 중 오류 발생: expected string or bytes-like object, got 'AsyncMock'
WARNING  core.graph_builder:graph_builder.py:542 [RAG] [REWRITE] 모든 시도 실패, 원본 유지: expected string or bytes-like object, got 'AsyncMock'
ERROR    core.graph_builder:graph_builder.py:124 LLM 호출 중 오류 발생: expected string or bytes-like object, got 'AsyncMock'
WARNING  core.graph_builder:graph_builder.py:542 [RAG] [REWRITE] 모든 시도 실패, 원본 유지: expected string or bytes-like object, got 'AsyncMock'
ERROR    core.graph_builder:graph_builder.py:124 LLM 호출 중 오류 발생: expected string or bytes-like object, got 'AsyncMock'
WARNING  core.graph_builder:graph_builder.py:542 [RAG] [REWRITE] 모든 시도 실패, 원본 유지: expected string or bytes-like object, got 'AsyncMock'
ERROR    core.graph_builder:graph_builder.py:124 LLM 호출 중 오류 발생: expected string or bytes-like object, got 'AsyncMock'
WARNING  core.graph_builder:graph_builder.py:542 [RAG] [REWRITE] 모든 시도 실패, 원본 유지: expected string or bytes-like object, got 'AsyncMock'
ERROR    core.graph_builder:graph_builder.py:124 LLM 호출 중 오류 발생: expected string or bytes-like object, got 'AsyncMock'
WARNING  core.graph_builder:graph_builder.py:542 [RAG] [REWRITE] 모든 시도 실패, 원본 유지: expected string or bytes-like object, got 'AsyncMock'
ERROR    core.graph_builder:graph_builder.py:124 LLM 호출 중 오류 발생: expected string or bytes-like object, got 'AsyncMock'
WARNING  core.graph_builder:graph_builder.py:542 [RAG] [REWRITE] 모든 시도 실패, 원본 유지: expected string or bytes-like object, got 'AsyncMock'
ERROR    core.graph_builder:graph_builder.py:124 LLM 호출 중 오류 발생: expected string or bytes-like object, got 'AsyncMock'
WARNING  core.graph_builder:graph_builder.py:542 [RAG] [REWRITE] 모든 시도 실패, 원본 유지: expected string or bytes-like object, got 'AsyncMock'
ERROR    core.graph_builder:graph_builder.py:124 LLM 호출 중 오류 발생: expected string or bytes-like object, got 'AsyncMock'
WARNING  core.graph_builder:graph_builder.py:542 [RAG] [REWRITE] 모든 시도 실패, 원본 유지: expected string or bytes-like object, got 'AsyncMock'
ERROR    core.graph_builder:graph_builder.py:124 LLM 호출 중 오류 발생: expected string or bytes-like object, got 'AsyncMock'
WARNING  core.graph_builder:graph_builder.py:542 [RAG] [REWRITE] 모든 시도 실패, 원본 유지: expected string or bytes-like object, got 'AsyncMock'
ERROR    core.graph_builder:graph_builder.py:124 LLM 호출 중 오류 발생: expected string or bytes-like object, got 'AsyncMock'
WARNING  core.graph_builder:graph_builder.py:542 [RAG] [REWRITE] 모든 시도 실패, 원본 유지: expected string or bytes-like object, got 'AsyncMock'
ERROR    core.graph_builder:graph_builder.py:124 LLM 호출 중 오류 발생: expected string or bytes-like object, got 'AsyncMock'
WARNING  core.graph_builder:graph_builder.py:542 [RAG] [REWRITE] 모든 시도 실패, 원본 유지: expected string or bytes-like object, got 'AsyncMock'
ERROR    core.graph_builder:graph_builder.py:124 LLM 호출 중 오류 발생: expected string or bytes-like object, got 'AsyncMock'
WARNING  core.graph_builder:graph_builder.py:542 [RAG] [REWRITE] 모든 시도 실패, 원본 유지: expected string or bytes-like object, got 'AsyncMock'
ERROR    core.graph_builder:graph_builder.py:124 LLM 호출 중 오류 발생: expected string or bytes-like object, got 'AsyncMock'
WARNING  core.graph_builder:graph_builder.py:542 [RAG] [REWRITE] 모든 시도 실패, 원본 유지: expected string or bytes-like object, got 'AsyncMock'
ERROR    core.graph_builder:graph_builder.py:124 LLM 호출 중 오류 발생: expected string or bytes-like object, got 'AsyncMock'
WARNING  core.graph_builder:graph_builder.py:542 [RAG] [REWRITE] 모든 시도 실패, 원본 유지: expected string or bytes-like object, got 'AsyncMock'
ERROR    core.graph_builder:graph_builder.py:124 LLM 호출 중 오류 발생: expected string or bytes-like object, got 'AsyncMock'
WARNING  core.graph_builder:graph_builder.py:542 [RAG] [REWRITE] 모든 시도 실패, 원본 유지: expected string or bytes-like object, got 'AsyncMock'
ERROR    core.graph_builder:graph_builder.py:124 LLM 호출 중 오류 발생: expected string or bytes-like object, got 'AsyncMock'
WARNING  core.graph_builder:graph_builder.py:542 [RAG] [REWRITE] 모든 시도 실패, 원본 유지: expected string or bytes-like object, got 'AsyncMock'
ERROR    core.graph_builder:graph_builder.py:124 LLM 호출 중 오류 발생: expected string or bytes-like object, got 'AsyncMock'
WARNING  core.graph_builder:graph_builder.py:542 [RAG] [REWRITE] 모든 시도 실패, 원본 유지: expected string or bytes-like object, got 'AsyncMock'
ERROR    core.graph_builder:graph_builder.py:124 LLM 호출 중 오류 발생: expected string or bytes-like object, got 'AsyncMock'
WARNING  core.graph_builder:graph_builder.py:542 [RAG] [REWRITE] 모든 시도 실패, 원본 유지: expected string or bytes-like object, got 'AsyncMock'
ERROR    core.graph_builder:graph_builder.py:124 LLM 호출 중 오류 발생: expected string or bytes-like object, got 'AsyncMock'
WARNING  core.graph_builder:graph_builder.py:542 [RAG] [REWRITE] 모든 시도 실패, 원본 유지: expected string or bytes-like object, got 'AsyncMock'
ERROR    core.graph_builder:graph_builder.py:124 LLM 호출 중 오류 발생: expected string or bytes-like object, got 'AsyncMock'
WARNING  core.graph_builder:graph_builder.py:542 [RAG] [REWRITE] 모든 시도 실패, 원본 유지: expected string or bytes-like object, got 'AsyncMock'
ERROR    core.graph_builder:graph_builder.py:124 LLM 호출 중 오류 발생: expected string or bytes-like object, got 'AsyncMock'
WARNING  core.graph_builder:graph_builder.py:542 [RAG] [REWRITE] 모든 시도 실패, 원본 유지: expected string or bytes-like object, got 'AsyncMock'
ERROR    core.graph_builder:graph_builder.py:124 LLM 호출 중 오류 발생: expected string or bytes-like object, got 'AsyncMock'
WARNING  core.graph_builder:graph_builder.py:542 [RAG] [REWRITE] 모든 시도 실패, 원본 유지: expected string or bytes-like object, got 'AsyncMock'
ERROR    core.graph_builder:graph_builder.py:124 LLM 호출 중 오류 발생: expected string or bytes-like object, got 'AsyncMock'
WARNING  core.graph_builder:graph_builder.py:542 [RAG] [REWRITE] 모든 시도 실패, 원본 유지: expected string or bytes-like object, got 'AsyncMock'
ERROR    core.graph_builder:graph_builder.py:124 LLM 호출 중 오류 발생: expected string or bytes-like object, got 'AsyncMock'
WARNING  core.graph_builder:graph_builder.py:542 [RAG] [REWRITE] 모든 시도 실패, 원본 유지: expected string or bytes-like object, got 'AsyncMock'
ERROR    core.graph_builder:graph_builder.py:124 LLM 호출 중 오류 발생: expected string or bytes-like object, got 'AsyncMock'
WARNING  core.graph_builder:graph_builder.py:542 [RAG] [REWRITE] 모든 시도 실패, 원본 유지: expected string or bytes-like object, got 'AsyncMock'
ERROR    core.graph_builder:graph_builder.py:124 LLM 호출 중 오류 발생: expected string or bytes-like object, got 'AsyncMock'
WARNING  core.graph_builder:graph_builder.py:542 [RAG] [REWRITE] 모든 시도 실패, 원본 유지: expected string or bytes-like object, got 'AsyncMock'
ERROR    core.graph_builder:graph_builder.py:124 LLM 호출 중 오류 발생: expected string or bytes-like object, got 'AsyncMock'
WARNING  core.graph_builder:graph_builder.py:542 [RAG] [REWRITE] 모든 시도 실패, 원본 유지: expected string or bytes-like object, got 'AsyncMock'
ERROR    core.graph_builder:graph_builder.py:124 LLM 호출 중 오류 발생: expected string or bytes-like object, got 'AsyncMock'
WARNING  core.graph_builder:graph_builder.py:542 [RAG] [REWRITE] 모든 시도 실패, 원본 유지: expected string or bytes-like object, got 'AsyncMock'
ERROR    core.graph_builder:graph_builder.py:124 LLM 호출 중 오류 발생: expected string or bytes-like object, got 'AsyncMock'
WARNING  core.graph_builder:graph_builder.py:542 [RAG] [REWRITE] 모든 시도 실패, 원본 유지: expected string or bytes-like object, got 'AsyncMock'
ERROR    core.graph_builder:graph_builder.py:124 LLM 호출 중 오류 발생: expected string or bytes-like object, got 'AsyncMock'
WARNING  core.graph_builder:graph_builder.py:542 [RAG] [REWRITE] 모든 시도 실패, 원본 유지: expected string or bytes-like object, got 'AsyncMock'
ERROR    core.graph_builder:graph_builder.py:124 LLM 호출 중 오류 발생: expected string or bytes-like object, got 'AsyncMock'
WARNING  core.graph_builder:graph_builder.py:542 [RAG] [REWRITE] 모든 시도 실패, 원본 유지: expected string or bytes-like object, got 'AsyncMock'
ERROR    core.graph_builder:graph_builder.py:124 LLM 호출 중 오류 발생: expected string or bytes-like object, got 'AsyncMock'
WARNING  core.graph_builder:graph_builder.py:542 [RAG] [REWRITE] 모든 시도 실패, 원본 유지: expected string or bytes-like object, got 'AsyncMock'
ERROR    core.graph_builder:graph_builder.py:124 LLM 호출 중 오류 발생: expected string or bytes-like object, got 'AsyncMock'
WARNING  core.graph_builder:graph_builder.py:542 [RAG] [REWRITE] 모든 시도 실패, 원본 유지: expected string or bytes-like object, got 'AsyncMock'
ERROR    core.graph_builder:graph_builder.py:124 LLM 호출 중 오류 발생: expected string or bytes-like object, got 'AsyncMock'
WARNING  core.graph_builder:graph_builder.py:542 [RAG] [REWRITE] 모든 시도 실패, 원본 유지: expected string or bytes-like object, got 'AsyncMock'
ERROR    core.graph_builder:graph_builder.py:124 LLM 호출 중 오류 발생: expected string or bytes-like object, got 'AsyncMock'
WARNING  core.graph_builder:graph_builder.py:542 [RAG] [REWRITE] 모든 시도 실패, 원본 유지: expected string or bytes-like object, got 'AsyncMock'
ERROR    core.graph_builder:graph_builder.py:124 LLM 호출 중 오류 발생: expected string or bytes-like object, got 'AsyncMock'
WARNING  core.graph_builder:graph_builder.py:542 [RAG] [REWRITE] 모든 시도 실패, 원본 유지: expected string or bytes-like object, got 'AsyncMock'
ERROR    core.graph_builder:graph_builder.py:124 LLM 호출 중 오류 발생: expected string or bytes-like object, got 'AsyncMock'
WARNING  core.graph_builder:graph_builder.py:542 [RAG] [REWRITE] 모든 시도 실패, 원본 유지: expected string or bytes-like object, got 'AsyncMock'
ERROR    core.graph_builder:graph_builder.py:124 LLM 호출 중 오류 발생: expected string or bytes-like object, got 'AsyncMock'
WARNING  core.graph_builder:graph_builder.py:542 [RAG] [REWRITE] 모든 시도 실패, 원본 유지: expected string or bytes-like object, got 'AsyncMock'
ERROR    core.graph_builder:graph_builder.py:124 LLM 호출 중 오류 발생: expected string or bytes-like object, got 'AsyncMock'
WARNING  core.graph_builder:graph_builder.py:542 [RAG] [REWRITE] 모든 시도 실패, 원본 유지: expected string or bytes-like object, got 'AsyncMock'
ERROR    core.graph_builder:graph_builder.py:124 LLM 호출 중 오류 발생: expected string or bytes-like object, got 'AsyncMock'
WARNING  core.graph_builder:graph_builder.py:542 [RAG] [REWRITE] 모든 시도 실패, 원본 유지: expected string or bytes-like object, got 'AsyncMock'
ERROR    core.graph_builder:graph_builder.py:124 LLM 호출 중 오류 발생: expected string or bytes-like object, got 'AsyncMock'
WARNING  core.graph_builder:graph_builder.py:542 [RAG] [REWRITE] 모든 시도 실패, 원본 유지: expected string or bytes-like object, got 'AsyncMock'
ERROR    core.graph_builder:graph_builder.py:124 LLM 호출 중 오류 발생: expected string or bytes-like object, got 'AsyncMock'
WARNING  core.graph_builder:graph_builder.py:542 [RAG] [REWRITE] 모든 시도 실패, 원본 유지: expected string or bytes-like object, got 'AsyncMock'
ERROR    core.graph_builder:graph_builder.py:124 LLM 호출 중 오류 발생: expected string or bytes-like object, got 'AsyncMock'
WARNING  core.graph_builder:graph_builder.py:542 [RAG] [REWRITE] 모든 시도 실패, 원본 유지: expected string or bytes-like object, got 'AsyncMock'
ERROR    core.graph_builder:graph_builder.py:124 LLM 호출 중 오류 발생: expected string or bytes-like object, got 'AsyncMock'
WARNING  core.graph_builder:graph_builder.py:542 [RAG] [REWRITE] 모든 시도 실패, 원본 유지: expected string or bytes-like object, got 'AsyncMock'
ERROR    core.graph_builder:graph_builder.py:124 LLM 호출 중 오류 발생: expected string or bytes-like object, got 'AsyncMock'
WARNING  core.graph_builder:graph_builder.py:542 [RAG] [REWRITE] 모든 시도 실패, 원본 유지: expected string or bytes-like object, got 'AsyncMock'
ERROR    core.graph_builder:graph_builder.py:124 LLM 호출 중 오류 발생: expected string or bytes-like object, got 'AsyncMock'
WARNING  core.graph_builder:graph_builder.py:542 [RAG] [REWRITE] 모든 시도 실패, 원본 유지: expected string or bytes-like object, got 'AsyncMock'
ERROR    core.graph_builder:graph_builder.py:124 LLM 호출 중 오류 발생: expected string or bytes-like object, got 'AsyncMock'
WARNING  core.graph_builder:graph_builder.py:542 [RAG] [REWRITE] 모든 시도 실패, 원본 유지: expected string or bytes-like object, got 'AsyncMock'
ERROR    core.graph_builder:graph_builder.py:124 LLM 호출 중 오류 발생: expected string or bytes-like object, got 'AsyncMock'
WARNING  core.graph_builder:graph_builder.py:542 [RAG] [REWRITE] 모든 시도 실패, 원본 유지: expected string or bytes-like object, got 'AsyncMock'
ERROR    core.graph_builder:graph_builder.py:124 LLM 호출 중 오류 발생: expected string or bytes-like object, got 'AsyncMock'
WARNING  core.graph_builder:graph_builder.py:542 [RAG] [REWRITE] 모든 시도 실패, 원본 유지: expected string or bytes-like object, got 'AsyncMock'
ERROR    core.graph_builder:graph_builder.py:124 LLM 호출 중 오류 발생: expected string or bytes-like object, got 'AsyncMock'
WARNING  core.graph_builder:graph_builder.py:542 [RAG] [REWRITE] 모든 시도 실패, 원본 유지: expected string or bytes-like object, got 'AsyncMock'
ERROR    core.graph_builder:graph_builder.py:124 LLM 호출 중 오류 발생: expected string or bytes-like object, got 'AsyncMock'
WARNING  core.graph_builder:graph_builder.py:542 [RAG] [REWRITE] 모든 시도 실패, 원본 유지: expected string or bytes-like object, got 'AsyncMock'
ERROR    core.graph_builder:graph_builder.py:124 LLM 호출 중 오류 발생: expected string or bytes-like object, got 'AsyncMock'
WARNING  core.graph_builder:graph_builder.py:542 [RAG] [REWRITE] 모든 시도 실패, 원본 유지: expected string or bytes-like object, got 'AsyncMock'
ERROR    core.graph_builder:graph_builder.py:124 LLM 호출 중 오류 발생: expected string or bytes-like object, got 'AsyncMock'
WARNING  core.graph_builder:graph_builder.py:542 [RAG] [REWRITE] 모든 시도 실패, 원본 유지: expected string or bytes-like object, got 'AsyncMock'
ERROR    core.graph_builder:graph_builder.py:124 LLM 호출 중 오류 발생: expected string or bytes-like object, got 'AsyncMock'
WARNING  core.graph_builder:graph_builder.py:542 [RAG] [REWRITE] 모든 시도 실패, 원본 유지: expected string or bytes-like object, got 'AsyncMock'
ERROR    core.graph_builder:graph_builder.py:124 LLM 호출 중 오류 발생: expected string or bytes-like object, got 'AsyncMock'
WARNING  core.graph_builder:graph_builder.py:542 [RAG] [REWRITE] 모든 시도 실패, 원본 유지: expected string or bytes-like object, got 'AsyncMock'
ERROR    core.graph_builder:graph_builder.py:124 LLM 호출 중 오류 발생: expected string or bytes-like object, got 'AsyncMock'
WARNING  core.graph_builder:graph_builder.py:542 [RAG] [REWRITE] 모든 시도 실패, 원본 유지: expected string or bytes-like object, got 'AsyncMock'
ERROR    core.graph_builder:graph_builder.py:124 LLM 호출 중 오류 발생: expected string or bytes-like object, got 'AsyncMock'
WARNING  core.graph_builder:graph_builder.py:542 [RAG] [REWRITE] 모든 시도 실패, 원본 유지: expected string or bytes-like object, got 'AsyncMock'
ERROR    core.graph_builder:graph_builder.py:124 LLM 호출 중 오류 발생: expected string or bytes-like object, got 'AsyncMock'
WARNING  core.graph_builder:graph_builder.py:542 [RAG] [REWRITE] 모든 시도 실패, 원본 유지: expected string or bytes-like object, got 'AsyncMock'
ERROR    core.graph_builder:graph_builder.py:124 LLM 호출 중 오류 발생: expected string or bytes-like object, got 'AsyncMock'
WARNING  core.graph_builder:graph_builder.py:542 [RAG] [REWRITE] 모든 시도 실패, 원본 유지: expected string or bytes-like object, got 'AsyncMock'
ERROR    core.graph_builder:graph_builder.py:124 LLM 호출 중 오류 발생: expected string or bytes-like object, got 'AsyncMock'
WARNING  core.graph_builder:graph_builder.py:542 [RAG] [REWRITE] 모든 시도 실패, 원본 유지: expected string or bytes-like object, got 'AsyncMock'
ERROR    core.graph_builder:graph_builder.py:124 LLM 호출 중 오류 발생: expected string or bytes-like object, got 'AsyncMock'
WARNING  core.graph_builder:graph_builder.py:542 [RAG] [REWRITE] 모든 시도 실패, 원본 유지: expected string or bytes-like object, got 'AsyncMock'
ERROR    core.graph_builder:graph_builder.py:124 LLM 호출 중 오류 발생: expected string or bytes-like object, got 'AsyncMock'
WARNING  core.graph_builder:graph_builder.py:542 [RAG] [REWRITE] 모든 시도 실패, 원본 유지: expected string or bytes-like object, got 'AsyncMock'
ERROR    core.graph_builder:graph_builder.py:124 LLM 호출 중 오류 발생: expected string or bytes-like object, got 'AsyncMock'
WARNING  core.graph_builder:graph_builder.py:542 [RAG] [REWRITE] 모든 시도 실패, 원본 유지: expected string or bytes-like object, got 'AsyncMock'
ERROR    core.graph_builder:graph_builder.py:124 LLM 호출 중 오류 발생: expected string or bytes-like object, got 'AsyncMock'
WARNING  core.graph_builder:graph_builder.py:542 [RAG] [REWRITE] 모든 시도 실패, 원본 유지: expected string or bytes-like object, got 'AsyncMock'
ERROR    core.graph_builder:graph_builder.py:124 LLM 호출 중 오류 발생: expected string or bytes-like object, got 'AsyncMock'
WARNING  core.graph_builder:graph_builder.py:542 [RAG] [REWRITE] 모든 시도 실패, 원본 유지: expected string or bytes-like object, got 'AsyncMock'
ERROR    core.graph_builder:graph_builder.py:124 LLM 호출 중 오류 발생: expected string or bytes-like object, got 'AsyncMock'
WARNING  core.graph_builder:graph_builder.py:542 [RAG] [REWRITE] 모든 시도 실패, 원본 유지: expected string or bytes-like object, got 'AsyncMock'
ERROR    core.graph_builder:graph_builder.py:124 LLM 호출 중 오류 발생: expected string or bytes-like object, got 'AsyncMock'
WARNING  core.graph_builder:graph_builder.py:542 [RAG] [REWRITE] 모든 시도 실패, 원본 유지: expected string or bytes-like object, got 'AsyncMock'
ERROR    core.graph_builder:graph_builder.py:124 LLM 호출 중 오류 발생: expected string or bytes-like object, got 'AsyncMock'
WARNING  core.graph_builder:graph_builder.py:542 [RAG] [REWRITE] 모든 시도 실패, 원본 유지: expected string or bytes-like object, got 'AsyncMock'
ERROR    core.graph_builder:graph_builder.py:124 LLM 호출 중 오류 발생: expected string or bytes-like object, got 'AsyncMock'
WARNING  core.graph_builder:graph_builder.py:542 [RAG] [REWRITE] 모든 시도 실패, 원본 유지: expected string or bytes-like object, got 'AsyncMock'
ERROR    core.graph_builder:graph_builder.py:124 LLM 호출 중 오류 발생: expected string or bytes-like object, got 'AsyncMock'
WARNING  core.graph_builder:graph_builder.py:542 [RAG] [REWRITE] 모든 시도 실패, 원본 유지: expected string or bytes-like object, got 'AsyncMock'
ERROR    core.graph_builder:graph_builder.py:124 LLM 호출 중 오류 발생: expected string or bytes-like object, got 'AsyncMock'
WARNING  core.graph_builder:graph_builder.py:542 [RAG] [REWRITE] 모든 시도 실패, 원본 유지: expected string or bytes-like object, got 'AsyncMock'
ERROR    core.graph_builder:graph_builder.py:124 LLM 호출 중 오류 발생: expected string or bytes-like object, got 'AsyncMock'
WARNING  core.graph_builder:graph_builder.py:542 [RAG] [REWRITE] 모든 시도 실패, 원본 유지: expected string or bytes-like object, got 'AsyncMock'
ERROR    core.graph_builder:graph_builder.py:124 LLM 호출 중 오류 발생: expected string or bytes-like object, got 'AsyncMock'
WARNING  core.graph_builder:graph_builder.py:542 [RAG] [REWRITE] 모든 시도 실패, 원본 유지: expected string or bytes-like object, got 'AsyncMock'
ERROR    core.graph_builder:graph_builder.py:124 LLM 호출 중 오류 발생: expected string or bytes-like object, got 'AsyncMock'
WARNING  core.graph_builder:graph_builder.py:542 [RAG] [REWRITE] 모든 시도 실패, 원본 유지: expected string or bytes-like object, got 'AsyncMock'
ERROR    core.graph_builder:graph_builder.py:124 LLM 호출 중 오류 발생: expected string or bytes-like object, got 'AsyncMock'
WARNING  core.graph_builder:graph_builder.py:542 [RAG] [REWRITE] 모든 시도 실패, 원본 유지: expected string or bytes-like object, got 'AsyncMock'
ERROR    core.graph_builder:graph_builder.py:124 LLM 호출 중 오류 발생: expected string or bytes-like object, got 'AsyncMock'
WARNING  core.graph_builder:graph_builder.py:542 [RAG] [REWRITE] 모든 시도 실패, 원본 유지: expected string or bytes-like object, got 'AsyncMock'
ERROR    core.graph_builder:graph_builder.py:124 LLM 호출 중 오류 발생: expected string or bytes-like object, got 'AsyncMock'
WARNING  core.graph_builder:graph_builder.py:542 [RAG] [REWRITE] 모든 시도 실패, 원본 유지: expected string or bytes-like object, got 'AsyncMock'
ERROR    core.graph_builder:graph_builder.py:124 LLM 호출 중 오류 발생: expected string or bytes-like object, got 'AsyncMock'
WARNING  core.graph_builder:graph_builder.py:542 [RAG] [REWRITE] 모든 시도 실패, 원본 유지: expected string or bytes-like object, got 'AsyncMock'
ERROR    core.graph_builder:graph_builder.py:124 LLM 호출 중 오류 발생: expected string or bytes-like object, got 'AsyncMock'
WARNING  core.graph_builder:graph_builder.py:542 [RAG] [REWRITE] 모든 시도 실패, 원본 유지: expected string or bytes-like object, got 'AsyncMock'
ERROR    core.graph_builder:graph_builder.py:124 LLM 호출 중 오류 발생: expected string or bytes-like object, got 'AsyncMock'
WARNING  core.graph_builder:graph_builder.py:542 [RAG] [REWRITE] 모든 시도 실패, 원본 유지: expected string or bytes-like object, got 'AsyncMock'
ERROR    core.graph_builder:graph_builder.py:124 LLM 호출 중 오류 발생: expected string or bytes-like object, got 'AsyncMock'
WARNING  core.graph_builder:graph_builder.py:542 [RAG] [REWRITE] 모든 시도 실패, 원본 유지: expected string or bytes-like object, got 'AsyncMock'
ERROR    core.graph_builder:graph_builder.py:124 LLM 호출 중 오류 발생: expected string or bytes-like object, got 'AsyncMock'
WARNING  core.graph_builder:graph_builder.py:542 [RAG] [REWRITE] 모든 시도 실패, 원본 유지: expected string or bytes-like object, got 'AsyncMock'
ERROR    core.graph_builder:graph_builder.py:124 LLM 호출 중 오류 발생: expected string or bytes-like object, got 'AsyncMock'
WARNING  core.graph_builder:graph_builder.py:542 [RAG] [REWRITE] 모든 시도 실패, 원본 유지: expected string or bytes-like object, got 'AsyncMock'
ERROR    core.graph_builder:graph_builder.py:124 LLM 호출 중 오류 발생: expected string or bytes-like object, got 'AsyncMock'
WARNING  core.graph_builder:graph_builder.py:542 [RAG] [REWRITE] 모든 시도 실패, 원본 유지: expected string or bytes-like object, got 'AsyncMock'
ERROR    core.graph_builder:graph_builder.py:124 LLM 호출 중 오류 발생: expected string or bytes-like object, got 'AsyncMock'
WARNING  core.graph_builder:graph_builder.py:542 [RAG] [REWRITE] 모든 시도 실패, 원본 유지: expected string or bytes-like object, got 'AsyncMock'
ERROR    core.graph_builder:graph_builder.py:124 LLM 호출 중 오류 발생: expected string or bytes-like object, got 'AsyncMock'
WARNING  core.graph_builder:graph_builder.py:542 [RAG] [REWRITE] 모든 시도 실패, 원본 유지: expected string or bytes-like object, got 'AsyncMock'
ERROR    core.graph_builder:graph_builder.py:124 LLM 호출 중 오류 발생: expected string or bytes-like object, got 'AsyncMock'
WARNING  core.graph_builder:graph_builder.py:542 [RAG] [REWRITE] 모든 시도 실패, 원본 유지: expected string or bytes-like object, got 'AsyncMock'
ERROR    core.graph_builder:graph_builder.py:124 LLM 호출 중 오류 발생: expected string or bytes-like object, got 'AsyncMock'
WARNING  core.graph_builder:graph_builder.py:542 [RAG] [REWRITE] 모든 시도 실패, 원본 유지: expected string or bytes-like object, got 'AsyncMock'
ERROR    core.graph_builder:graph_builder.py:124 LLM 호출 중 오류 발생: expected string or bytes-like object, got 'AsyncMock'
WARNING  core.graph_builder:graph_builder.py:542 [RAG] [REWRITE] 모든 시도 실패, 원본 유지: expected string or bytes-like object, got 'AsyncMock'
ERROR    core.graph_builder:graph_builder.py:124 LLM 호출 중 오류 발생: expected string or bytes-like object, got 'AsyncMock'
WARNING  core.graph_builder:graph_builder.py:542 [RAG] [REWRITE] 모든 시도 실패, 원본 유지: expected string or bytes-like object, got 'AsyncMock'
ERROR    core.graph_builder:graph_builder.py:124 LLM 호출 중 오류 발생: expected string or bytes-like object, got 'AsyncMock'
WARNING  core.graph_builder:graph_builder.py:542 [RAG] [REWRITE] 모든 시도 실패, 원본 유지: expected string or bytes-like object, got 'AsyncMock'
ERROR    core.graph_builder:graph_builder.py:124 LLM 호출 중 오류 발생: expected string or bytes-like object, got 'AsyncMock'
WARNING  core.graph_builder:graph_builder.py:542 [RAG] [REWRITE] 모든 시도 실패, 원본 유지: expected string or bytes-like object, got 'AsyncMock'
ERROR    core.graph_builder:graph_builder.py:124 LLM 호출 중 오류 발생: expected string or bytes-like object, got 'AsyncMock'
WARNING  core.graph_builder:graph_builder.py:542 [RAG] [REWRITE] 모든 시도 실패, 원본 유지: expected string or bytes-like object, got 'AsyncMock'
ERROR    core.graph_builder:graph_builder.py:124 LLM 호출 중 오류 발생: expected string or bytes-like object, got 'AsyncMock'
WARNING  core.graph_builder:graph_builder.py:542 [RAG] [REWRITE] 모든 시도 실패, 원본 유지: expected string or bytes-like object, got 'AsyncMock'
ERROR    core.graph_builder:graph_builder.py:124 LLM 호출 중 오류 발생: expected string or bytes-like object, got 'AsyncMock'
WARNING  core.graph_builder:graph_builder.py:542 [RAG] [REWRITE] 모든 시도 실패, 원본 유지: expected string or bytes-like object, got 'AsyncMock'
ERROR    core.graph_builder:graph_builder.py:124 LLM 호출 중 오류 발생: expected string or bytes-like object, got 'AsyncMock'
WARNING  core.graph_builder:graph_builder.py:542 [RAG] [REWRITE] 모든 시도 실패, 원본 유지: expected string or bytes-like object, got 'AsyncMock'
ERROR    core.graph_builder:graph_builder.py:124 LLM 호출 중 오류 발생: expected string or bytes-like object, got 'AsyncMock'
WARNING  core.graph_builder:graph_builder.py:542 [RAG] [REWRITE] 모든 시도 실패, 원본 유지: expected string or bytes-like object, got 'AsyncMock'
ERROR    core.graph_builder:graph_builder.py:124 LLM 호출 중 오류 발생: expected string or bytes-like object, got 'AsyncMock'
WARNING  core.graph_builder:graph_builder.py:542 [RAG] [REWRITE] 모든 시도 실패, 원본 유지: expected string or bytes-like object, got 'AsyncMock'
ERROR    core.graph_builder:graph_builder.py:124 LLM 호출 중 오류 발생: expected string or bytes-like object, got 'AsyncMock'
WARNING  core.graph_builder:graph_builder.py:542 [RAG] [REWRITE] 모든 시도 실패, 원본 유지: expected string or bytes-like object, got 'AsyncMock'
ERROR    core.graph_builder:graph_builder.py:124 LLM 호출 중 오류 발생: expected string or bytes-like object, got 'AsyncMock'
WARNING  core.graph_builder:graph_builder.py:542 [RAG] [REWRITE] 모든 시도 실패, 원본 유지: expected string or bytes-like object, got 'AsyncMock'
ERROR    core.graph_builder:graph_builder.py:124 LLM 호출 중 오류 발생: expected string or bytes-like object, got 'AsyncMock'
WARNING  core.graph_builder:graph_builder.py:542 [RAG] [REWRITE] 모든 시도 실패, 원본 유지: expected string or bytes-like object, got 'AsyncMock'
ERROR    core.graph_builder:graph_builder.py:124 LLM 호출 중 오류 발생: expected string or bytes-like object, got 'AsyncMock'
WARNING  core.graph_builder:graph_builder.py:542 [RAG] [REWRITE] 모든 시도 실패, 원본 유지: expected string or bytes-like object, got 'AsyncMock'
ERROR    core.graph_builder:graph_builder.py:124 LLM 호출 중 오류 발생: expected string or bytes-like object, got 'AsyncMock'
WARNING  core.graph_builder:graph_builder.py:542 [RAG] [REWRITE] 모든 시도 실패, 원본 유지: expected string or bytes-like object, got 'AsyncMock'
ERROR    core.graph_builder:graph_builder.py:124 LLM 호출 중 오류 발생: expected string or bytes-like object, got 'AsyncMock'
WARNING  core.graph_builder:graph_builder.py:542 [RAG] [REWRITE] 모든 시도 실패, 원본 유지: expected string or bytes-like object, got 'AsyncMock'
ERROR    core.graph_builder:graph_builder.py:124 LLM 호출 중 오류 발생: expected string or bytes-like object, got 'AsyncMock'
WARNING  core.graph_builder:graph_builder.py:542 [RAG] [REWRITE] 모든 시도 실패, 원본 유지: expected string or bytes-like object, got 'AsyncMock'
ERROR    core.graph_builder:graph_builder.py:124 LLM 호출 중 오류 발생: expected string or bytes-like object, got 'AsyncMock'
WARNING  core.graph_builder:graph_builder.py:542 [RAG] [REWRITE] 모든 시도 실패, 원본 유지: expected string or bytes-like object, got 'AsyncMock'
ERROR    core.graph_builder:graph_builder.py:124 LLM 호출 중 오류 발생: expected string or bytes-like object, got 'AsyncMock'
WARNING  core.graph_builder:graph_builder.py:542 [RAG] [REWRITE] 모든 시도 실패, 원본 유지: expected string or bytes-like object, got 'AsyncMock'
ERROR    core.graph_builder:graph_builder.py:124 LLM 호출 중 오류 발생: expected string or bytes-like object, got 'AsyncMock'
WARNING  core.graph_builder:graph_builder.py:542 [RAG] [REWRITE] 모든 시도 실패, 원본 유지: expected string or bytes-like object, got 'AsyncMock'
ERROR    core.graph_builder:graph_builder.py:124 LLM 호출 중 오류 발생: expected string or bytes-like object, got 'AsyncMock'
WARNING  core.graph_builder:graph_builder.py:542 [RAG] [REWRITE] 모든 시도 실패, 원본 유지: expected string or bytes-like object, got 'AsyncMock'
ERROR    core.graph_builder:graph_builder.py:124 LLM 호출 중 오류 발생: expected string or bytes-like object, got 'AsyncMock'
WARNING  core.graph_builder:graph_builder.py:542 [RAG] [REWRITE] 모든 시도 실패, 원본 유지: expected string or bytes-like object, got 'AsyncMock'
ERROR    core.graph_builder:graph_builder.py:124 LLM 호출 중 오류 발생: expected string or bytes-like object, got 'AsyncMock'
WARNING  core.graph_builder:graph_builder.py:542 [RAG] [REWRITE] 모든 시도 실패, 원본 유지: expected string or bytes-like object, got 'AsyncMock'
ERROR    core.graph_builder:graph_builder.py:124 LLM 호출 중 오류 발생: expected string or bytes-like object, got 'AsyncMock'
WARNING  core.graph_builder:graph_builder.py:542 [RAG] [REWRITE] 모든 시도 실패, 원본 유지: expected string or bytes-like object, got 'AsyncMock'
ERROR    core.graph_builder:graph_builder.py:124 LLM 호출 중 오류 발생: expected string or bytes-like object, got 'AsyncMock'
WARNING  core.graph_builder:graph_builder.py:542 [RAG] [REWRITE] 모든 시도 실패, 원본 유지: expected string or bytes-like object, got 'AsyncMock'
ERROR    core.graph_builder:graph_builder.py:124 LLM 호출 중 오류 발생: expected string or bytes-like object, got 'AsyncMock'
WARNING  core.graph_builder:graph_builder.py:542 [RAG] [REWRITE] 모든 시도 실패, 원본 유지: expected string or bytes-like object, got 'AsyncMock'
ERROR    core.graph_builder:graph_builder.py:124 LLM 호출 중 오류 발생: expected string or bytes-like object, got 'AsyncMock'
WARNING  core.graph_builder:graph_builder.py:542 [RAG] [REWRITE] 모든 시도 실패, 원본 유지: expected string or bytes-like object, got 'AsyncMock'
ERROR    core.graph_builder:graph_builder.py:124 LLM 호출 중 오류 발생: expected string or bytes-like object, got 'AsyncMock'
WARNING  core.graph_builder:graph_builder.py:542 [RAG] [REWRITE] 모든 시도 실패, 원본 유지: expected string or bytes-like object, got 'AsyncMock'
ERROR    core.graph_builder:graph_builder.py:124 LLM 호출 중 오류 발생: expected string or bytes-like object, got 'AsyncMock'
WARNING  core.graph_builder:graph_builder.py:542 [RAG] [REWRITE] 모든 시도 실패, 원본 유지: expected string or bytes-like object, got 'AsyncMock'
ERROR    core.graph_builder:graph_builder.py:124 LLM 호출 중 오류 발생: expected string or bytes-like object, got 'AsyncMock'
WARNING  core.graph_builder:graph_builder.py:542 [RAG] [REWRITE] 모든 시도 실패, 원본 유지: expected string or bytes-like object, got 'AsyncMock'
ERROR    core.graph_builder:graph_builder.py:124 LLM 호출 중 오류 발생: expected string or bytes-like object, got 'AsyncMock'
WARNING  core.graph_builder:graph_builder.py:542 [RAG] [REWRITE] 모든 시도 실패, 원본 유지: expected string or bytes-like object, got 'AsyncMock'
ERROR    core.graph_builder:graph_builder.py:124 LLM 호출 중 오류 발생: expected string or bytes-like object, got 'AsyncMock'
WARNING  core.graph_builder:graph_builder.py:542 [RAG] [REWRITE] 모든 시도 실패, 원본 유지: expected string or bytes-like object, got 'AsyncMock'
ERROR    core.graph_builder:graph_builder.py:124 LLM 호출 중 오류 발생: expected string or bytes-like object, got 'AsyncMock'
WARNING  core.graph_builder:graph_builder.py:542 [RAG] [REWRITE] 모든 시도 실패, 원본 유지: expected string or bytes-like object, got 'AsyncMock'
ERROR    core.graph_builder:graph_builder.py:124 LLM 호출 중 오류 발생: expected string or bytes-like object, got 'AsyncMock'
WARNING  core.graph_builder:graph_builder.py:542 [RAG] [REWRITE] 모든 시도 실패, 원본 유지: expected string or bytes-like object, got 'AsyncMock'
ERROR    core.graph_builder:graph_builder.py:124 LLM 호출 중 오류 발생: expected string or bytes-like object, got 'AsyncMock'
WARNING  core.graph_builder:graph_builder.py:542 [RAG] [REWRITE] 모든 시도 실패, 원본 유지: expected string or bytes-like object, got 'AsyncMock'
ERROR    core.graph_builder:graph_builder.py:124 LLM 호출 중 오류 발생: expected string or bytes-like object, got 'AsyncMock'
WARNING  core.graph_builder:graph_builder.py:542 [RAG] [REWRITE] 모든 시도 실패, 원본 유지: expected string or bytes-like object, got 'AsyncMock'
ERROR    core.graph_builder:graph_builder.py:124 LLM 호출 중 오류 발생: expected string or bytes-like object, got 'AsyncMock'
WARNING  core.graph_builder:graph_builder.py:542 [RAG] [REWRITE] 모든 시도 실패, 원본 유지: expected string or bytes-like object, got 'AsyncMock'
ERROR    core.graph_builder:graph_builder.py:124 LLM 호출 중 오류 발생: expected string or bytes-like object, got 'AsyncMock'
WARNING  core.graph_builder:graph_builder.py:542 [RAG] [REWRITE] 모든 시도 실패, 원본 유지: expected string or bytes-like object, got 'AsyncMock'
ERROR    core.graph_builder:graph_builder.py:124 LLM 호출 중 오류 발생: expected string or bytes-like object, got 'AsyncMock'
WARNING  core.graph_builder:graph_builder.py:542 [RAG] [REWRITE] 모든 시도 실패, 원본 유지: expected string or bytes-like object, got 'AsyncMock'
ERROR    core.graph_builder:graph_builder.py:124 LLM 호출 중 오류 발생: expected string or bytes-like object, got 'AsyncMock'
WARNING  core.graph_builder:graph_builder.py:542 [RAG] [REWRITE] 모든 시도 실패, 원본 유지: expected string or bytes-like object, got 'AsyncMock'
ERROR    core.graph_builder:graph_builder.py:124 LLM 호출 중 오류 발생: expected string or bytes-like object, got 'AsyncMock'
WARNING  core.graph_builder:graph_builder.py:542 [RAG] [REWRITE] 모든 시도 실패, 원본 유지: expected string or bytes-like object, got 'AsyncMock'
ERROR    core.graph_builder:graph_builder.py:124 LLM 호출 중 오류 발생: expected string or bytes-like object, got 'AsyncMock'
WARNING  core.graph_builder:graph_builder.py:542 [RAG] [REWRITE] 모든 시도 실패, 원본 유지: expected string or bytes-like object, got 'AsyncMock'
ERROR    core.graph_builder:graph_builder.py:124 LLM 호출 중 오류 발생: expected string or bytes-like object, got 'AsyncMock'
WARNING  core.graph_builder:graph_builder.py:542 [RAG] [REWRITE] 모든 시도 실패, 원본 유지: expected string or bytes-like object, got 'AsyncMock'
ERROR    core.graph_builder:graph_builder.py:124 LLM 호출 중 오류 발생: expected string or bytes-like object, got 'AsyncMock'
WARNING  core.graph_builder:graph_builder.py:542 [RAG] [REWRITE] 모든 시도 실패, 원본 유지: expected string or bytes-like object, got 'AsyncMock'
ERROR    core.graph_builder:graph_builder.py:124 LLM 호출 중 오류 발생: expected string or bytes-like object, got 'AsyncMock'
WARNING  core.graph_builder:graph_builder.py:542 [RAG] [REWRITE] 모든 시도 실패, 원본 유지: expected string or bytes-like object, got 'AsyncMock'
ERROR    core.graph_builder:graph_builder.py:124 LLM 호출 중 오류 발생: expected string or bytes-like object, got 'AsyncMock'
WARNING  core.graph_builder:graph_builder.py:542 [RAG] [REWRITE] 모든 시도 실패, 원본 유지: expected string or bytes-like object, got 'AsyncMock'
ERROR    core.graph_builder:graph_builder.py:124 LLM 호출 중 오류 발생: expected string or bytes-like object, got 'AsyncMock'
WARNING  core.graph_builder:graph_builder.py:542 [RAG] [REWRITE] 모든 시도 실패, 원본 유지: expected string or bytes-like object, got 'AsyncMock'
ERROR    core.graph_builder:graph_builder.py:124 LLM 호출 중 오류 발생: expected string or bytes-like object, got 'AsyncMock'
WARNING  core.graph_builder:graph_builder.py:542 [RAG] [REWRITE] 모든 시도 실패, 원본 유지: expected string or bytes-like object, got 'AsyncMock'
ERROR    core.graph_builder:graph_builder.py:124 LLM 호출 중 오류 발생: expected string or bytes-like object, got 'AsyncMock'
WARNING  core.graph_builder:graph_builder.py:542 [RAG] [REWRITE] 모든 시도 실패, 원본 유지: expected string or bytes-like object, got 'AsyncMock'
ERROR    core.graph_builder:graph_builder.py:124 LLM 호출 중 오류 발생: expected string or bytes-like object, got 'AsyncMock'
WARNING  core.graph_builder:graph_builder.py:542 [RAG] [REWRITE] 모든 시도 실패, 원본 유지: expected string or bytes-like object, got 'AsyncMock'
ERROR    core.graph_builder:graph_builder.py:124 LLM 호출 중 오류 발생: expected string or bytes-like object, got 'AsyncMock'
WARNING  core.graph_builder:graph_builder.py:542 [RAG] [REWRITE] 모든 시도 실패, 원본 유지: expected string or bytes-like object, got 'AsyncMock'
ERROR    core.graph_builder:graph_builder.py:124 LLM 호출 중 오류 발생: expected string or bytes-like object, got 'AsyncMock'
WARNING  core.graph_builder:graph_builder.py:542 [RAG] [REWRITE] 모든 시도 실패, 원본 유지: expected string or bytes-like object, got 'AsyncMock'
ERROR    core.graph_builder:graph_builder.py:124 LLM 호출 중 오류 발생: expected string or bytes-like object, got 'AsyncMock'
WARNING  core.graph_builder:graph_builder.py:542 [RAG] [REWRITE] 모든 시도 실패, 원본 유지: expected string or bytes-like object, got 'AsyncMock'
ERROR    core.graph_builder:graph_builder.py:124 LLM 호출 중 오류 발생: expected string or bytes-like object, got 'AsyncMock'
WARNING  core.graph_builder:graph_builder.py:542 [RAG] [REWRITE] 모든 시도 실패, 원본 유지: expected string or bytes-like object, got 'AsyncMock'
ERROR    core.graph_builder:graph_builder.py:124 LLM 호출 중 오류 발생: expected string or bytes-like object, got 'AsyncMock'
WARNING  core.graph_builder:graph_builder.py:542 [RAG] [REWRITE] 모든 시도 실패, 원본 유지: expected string or bytes-like object, got 'AsyncMock'
ERROR    core.graph_builder:graph_builder.py:124 LLM 호출 중 오류 발생: expected string or bytes-like object, got 'AsyncMock'
WARNING  core.graph_builder:graph_builder.py:542 [RAG] [REWRITE] 모든 시도 실패, 원본 유지: expected string or bytes-like object, got 'AsyncMock'
ERROR    core.graph_builder:graph_builder.py:124 LLM 호출 중 오류 발생: expected string or bytes-like object, got 'AsyncMock'
WARNING  core.graph_builder:graph_builder.py:542 [RAG] [REWRITE] 모든 시도 실패, 원본 유지: expected string or bytes-like object, got 'AsyncMock'
ERROR    core.graph_builder:graph_builder.py:124 LLM 호출 중 오류 발생: expected string or bytes-like object, got 'AsyncMock'
WARNING  core.graph_builder:graph_builder.py:542 [RAG] [REWRITE] 모든 시도 실패, 원본 유지: expected string or bytes-like object, got 'AsyncMock'
ERROR    core.graph_builder:graph_builder.py:124 LLM 호출 중 오류 발생: expected string or bytes-like object, got 'AsyncMock'
WARNING  core.graph_builder:graph_builder.py:542 [RAG] [REWRITE] 모든 시도 실패, 원본 유지: expected string or bytes-like object, got 'AsyncMock'
ERROR    core.graph_builder:graph_builder.py:124 LLM 호출 중 오류 발생: expected string or bytes-like object, got 'AsyncMock'
WARNING  core.graph_builder:graph_builder.py:542 [RAG] [REWRITE] 모든 시도 실패, 원본 유지: expected string or bytes-like object, got 'AsyncMock'
ERROR    core.graph_builder:graph_builder.py:124 LLM 호출 중 오류 발생: expected string or bytes-like object, got 'AsyncMock'
WARNING  core.graph_builder:graph_builder.py:542 [RAG] [REWRITE] 모든 시도 실패, 원본 유지: expected string or bytes-like object, got 'AsyncMock'
ERROR    core.graph_builder:graph_builder.py:124 LLM 호출 중 오류 발생: expected string or bytes-like object, got 'AsyncMock'
WARNING  core.graph_builder:graph_builder.py:542 [RAG] [REWRITE] 모든 시도 실패, 원본 유지: expected string or bytes-like object, got 'AsyncMock'
ERROR    core.graph_builder:graph_builder.py:124 LLM 호출 중 오류 발생: expected string or bytes-like object, got 'AsyncMock'
WARNING  core.graph_builder:graph_builder.py:542 [RAG] [REWRITE] 모든 시도 실패, 원본 유지: expected string or bytes-like object, got 'AsyncMock'
ERROR    core.graph_builder:graph_builder.py:124 LLM 호출 중 오류 발생: expected string or bytes-like object, got 'AsyncMock'
WARNING  core.graph_builder:graph_builder.py:542 [RAG] [REWRITE] 모든 시도 실패, 원본 유지: expected string or bytes-like object, got 'AsyncMock'
ERROR    core.graph_builder:graph_builder.py:124 LLM 호출 중 오류 발생: expected string or bytes-like object, got 'AsyncMock'
WARNING  core.graph_builder:graph_builder.py:542 [RAG] [REWRITE] 모든 시도 실패, 원본 유지: expected string or bytes-like object, got 'AsyncMock'
ERROR    core.graph_builder:graph_builder.py:124 LLM 호출 중 오류 발생: expected string or bytes-like object, got 'AsyncMock'
WARNING  core.graph_builder:graph_builder.py:542 [RAG] [REWRITE] 모든 시도 실패, 원본 유지: expected string or bytes-like object, got 'AsyncMock'
ERROR    core.graph_builder:graph_builder.py:124 LLM 호출 중 오류 발생: expected string or bytes-like object, got 'AsyncMock'
WARNING  core.graph_builder:graph_builder.py:542 [RAG] [REWRITE] 모든 시도 실패, 원본 유지: expected string or bytes-like object, got 'AsyncMock'
ERROR    core.graph_builder:graph_builder.py:124 LLM 호출 중 오류 발생: expected string or bytes-like object, got 'AsyncMock'
WARNING  core.graph_builder:graph_builder.py:542 [RAG] [REWRITE] 모든 시도 실패, 원본 유지: expected string or bytes-like object, got 'AsyncMock'
ERROR    core.graph_builder:graph_builder.py:124 LLM 호출 중 오류 발생: expected string or bytes-like object, got 'AsyncMock'
WARNING  core.graph_builder:graph_builder.py:542 [RAG] [REWRITE] 모든 시도 실패, 원본 유지: expected string or bytes-like object, got 'AsyncMock'
ERROR    core.graph_builder:graph_builder.py:124 LLM 호출 중 오류 발생: expected string or bytes-like object, got 'AsyncMock'
WARNING  core.graph_builder:graph_builder.py:542 [RAG] [REWRITE] 모든 시도 실패, 원본 유지: expected string or bytes-like object, got 'AsyncMock'
ERROR    core.graph_builder:graph_builder.py:124 LLM 호출 중 오류 발생: expected string or bytes-like object, got 'AsyncMock'
WARNING  core.graph_builder:graph_builder.py:542 [RAG] [REWRITE] 모든 시도 실패, 원본 유지: expected string or bytes-like object, got 'AsyncMock'
ERROR    core.graph_builder:graph_builder.py:124 LLM 호출 중 오류 발생: expected string or bytes-like object, got 'AsyncMock'
WARNING  core.graph_builder:graph_builder.py:542 [RAG] [REWRITE] 모든 시도 실패, 원본 유지: expected string or bytes-like object, got 'AsyncMock'
ERROR    core.graph_builder:graph_builder.py:124 LLM 호출 중 오류 발생: expected string or bytes-like object, got 'AsyncMock'
WARNING  core.graph_builder:graph_builder.py:542 [RAG] [REWRITE] 모든 시도 실패, 원본 유지: expected string or bytes-like object, got 'AsyncMock'
ERROR    core.graph_builder:graph_builder.py:124 LLM 호출 중 오류 발생: expected string or bytes-like object, got 'AsyncMock'
WARNING  core.graph_builder:graph_builder.py:542 [RAG] [REWRITE] 모든 시도 실패, 원본 유지: expected string or bytes-like object, got 'AsyncMock'
ERROR    core.graph_builder:graph_builder.py:124 LLM 호출 중 오류 발생: expected string or bytes-like object, got 'AsyncMock'
WARNING  core.graph_builder:graph_builder.py:542 [RAG] [REWRITE] 모든 시도 실패, 원본 유지: expected string or bytes-like object, got 'AsyncMock'
ERROR    core.graph_builder:graph_builder.py:124 LLM 호출 중 오류 발생: expected string or bytes-like object, got 'AsyncMock'
WARNING  core.graph_builder:graph_builder.py:542 [RAG] [REWRITE] 모든 시도 실패, 원본 유지: expected string or bytes-like object, got 'AsyncMock'
ERROR    core.graph_builder:graph_builder.py:124 LLM 호출 중 오류 발생: expected string or bytes-like object, got 'AsyncMock'
WARNING  core.graph_builder:graph_builder.py:542 [RAG] [REWRITE] 모든 시도 실패, 원본 유지: expected string or bytes-like object, got 'AsyncMock'
ERROR    core.graph_builder:graph_builder.py:124 LLM 호출 중 오류 발생: expected string or bytes-like object, got 'AsyncMock'
WARNING  core.graph_builder:graph_builder.py:542 [RAG] [REWRITE] 모든 시도 실패, 원본 유지: expected string or bytes-like object, got 'AsyncMock'
ERROR    core.graph_builder:graph_builder.py:124 LLM 호출 중 오류 발생: expected string or bytes-like object, got 'AsyncMock'
WARNING  core.graph_builder:graph_builder.py:542 [RAG] [REWRITE] 모든 시도 실패, 원본 유지: expected string or bytes-like object, got 'AsyncMock'
ERROR    core.graph_builder:graph_builder.py:124 LLM 호출 중 오류 발생: expected string or bytes-like object, got 'AsyncMock'
WARNING  core.graph_builder:graph_builder.py:542 [RAG] [REWRITE] 모든 시도 실패, 원본 유지: expected string or bytes-like object, got 'AsyncMock'
ERROR    core.graph_builder:graph_builder.py:124 LLM 호출 중 오류 발생: expected string or bytes-like object, got 'AsyncMock'
WARNING  core.graph_builder:graph_builder.py:542 [RAG] [REWRITE] 모든 시도 실패, 원본 유지: expected string or bytes-like object, got 'AsyncMock'
ERROR    core.graph_builder:graph_builder.py:124 LLM 호출 중 오류 발생: expected string or bytes-like object, got 'AsyncMock'
WARNING  core.graph_builder:graph_builder.py:542 [RAG] [REWRITE] 모든 시도 실패, 원본 유지: expected string or bytes-like object, got 'AsyncMock'
ERROR    core.graph_builder:graph_builder.py:124 LLM 호출 중 오류 발생: expected string or bytes-like object, got 'AsyncMock'
WARNING  core.graph_builder:graph_builder.py:542 [RAG] [REWRITE] 모든 시도 실패, 원본 유지: expected string or bytes-like object, got 'AsyncMock'
ERROR    core.graph_builder:graph_builder.py:124 LLM 호출 중 오류 발생: expected string or bytes-like object, got 'AsyncMock'
WARNING  core.graph_builder:graph_builder.py:542 [RAG] [REWRITE] 모든 시도 실패, 원본 유지: expected string or bytes-like object, got 'AsyncMock'
ERROR    core.graph_builder:graph_builder.py:124 LLM 호출 중 오류 발생: expected string or bytes-like object, got 'AsyncMock'
WARNING  core.graph_builder:graph_builder.py:542 [RAG] [REWRITE] 모든 시도 실패, 원본 유지: expected string or bytes-like object, got 'AsyncMock'
ERROR    core.graph_builder:graph_builder.py:124 LLM 호출 중 오류 발생: expected string or bytes-like object, got 'AsyncMock'
WARNING  core.graph_builder:graph_builder.py:542 [RAG] [REWRITE] 모든 시도 실패, 원본 유지: expected string or bytes-like object, got 'AsyncMock'
ERROR    core.graph_builder:graph_builder.py:124 LLM 호출 중 오류 발생: expected string or bytes-like object, got 'AsyncMock'
WARNING  core.graph_builder:graph_builder.py:542 [RAG] [REWRITE] 모든 시도 실패, 원본 유지: expected string or bytes-like object, got 'AsyncMock'
ERROR    core.graph_builder:graph_builder.py:124 LLM 호출 중 오류 발생: expected string or bytes-like object, got 'AsyncMock'
WARNING  core.graph_builder:graph_builder.py:542 [RAG] [REWRITE] 모든 시도 실패, 원본 유지: expected string or bytes-like object, got 'AsyncMock'
ERROR    core.graph_builder:graph_builder.py:124 LLM 호출 중 오류 발생: expected string or bytes-like object, got 'AsyncMock'
WARNING  core.graph_builder:graph_builder.py:542 [RAG] [REWRITE] 모든 시도 실패, 원본 유지: expected string or bytes-like object, got 'AsyncMock'
ERROR    core.graph_builder:graph_builder.py:124 LLM 호출 중 오류 발생: expected string or bytes-like object, got 'AsyncMock'
WARNING  core.graph_builder:graph_builder.py:542 [RAG] [REWRITE] 모든 시도 실패, 원본 유지: expected string or bytes-like object, got 'AsyncMock'
ERROR    core.graph_builder:graph_builder.py:124 LLM 호출 중 오류 발생: expected string or bytes-like object, got 'AsyncMock'
WARNING  core.graph_builder:graph_builder.py:542 [RAG] [REWRITE] 모든 시도 실패, 원본 유지: expected string or bytes-like object, got 'AsyncMock'
ERROR    core.graph_builder:graph_builder.py:124 LLM 호출 중 오류 발생: expected string or bytes-like object, got 'AsyncMock'
WARNING  core.graph_builder:graph_builder.py:542 [RAG] [REWRITE] 모든 시도 실패, 원본 유지: expected string or bytes-like object, got 'AsyncMock'
ERROR    core.graph_builder:graph_builder.py:124 LLM 호출 중 오류 발생: expected string or bytes-like object, got 'AsyncMock'
WARNING  core.graph_builder:graph_builder.py:542 [RAG] [REWRITE] 모든 시도 실패, 원본 유지: expected string or bytes-like object, got 'AsyncMock'
ERROR    core.graph_builder:graph_builder.py:124 LLM 호출 중 오류 발생: expected string or bytes-like object, got 'AsyncMock'
WARNING  core.graph_builder:graph_builder.py:542 [RAG] [REWRITE] 모든 시도 실패, 원본 유지: expected string or bytes-like object, got 'AsyncMock'
ERROR    core.graph_builder:graph_builder.py:124 LLM 호출 중 오류 발생: expected string or bytes-like object, got 'AsyncMock'
WARNING  core.graph_builder:graph_builder.py:542 [RAG] [REWRITE] 모든 시도 실패, 원본 유지: expected string or bytes-like object, got 'AsyncMock'
ERROR    core.graph_builder:graph_builder.py:124 LLM 호출 중 오류 발생: expected string or bytes-like object, got 'AsyncMock'
WARNING  core.graph_builder:graph_builder.py:542 [RAG] [REWRITE] 모든 시도 실패, 원본 유지: expected string or bytes-like object, got 'AsyncMock'
ERROR    core.graph_builder:graph_builder.py:124 LLM 호출 중 오류 발생: expected string or bytes-like object, got 'AsyncMock'
WARNING  core.graph_builder:graph_builder.py:542 [RAG] [REWRITE] 모든 시도 실패, 원본 유지: expected string or bytes-like object, got 'AsyncMock'
ERROR    core.graph_builder:graph_builder.py:124 LLM 호출 중 오류 발생: expected string or bytes-like object, got 'AsyncMock'
WARNING  core.graph_builder:graph_builder.py:542 [RAG] [REWRITE] 모든 시도 실패, 원본 유지: expected string or bytes-like object, got 'AsyncMock'
ERROR    core.graph_builder:graph_builder.py:124 LLM 호출 중 오류 발생: expected string or bytes-like object, got 'AsyncMock'
WARNING  core.graph_builder:graph_builder.py:542 [RAG] [REWRITE] 모든 시도 실패, 원본 유지: expected string or bytes-like object, got 'AsyncMock'
ERROR    core.graph_builder:graph_builder.py:124 LLM 호출 중 오류 발생: expected string or bytes-like object, got 'AsyncMock'
WARNING  core.graph_builder:graph_builder.py:542 [RAG] [REWRITE] 모든 시도 실패, 원본 유지: expected string or bytes-like object, got 'AsyncMock'
ERROR    core.graph_builder:graph_builder.py:124 LLM 호출 중 오류 발생: expected string or bytes-like object, got 'AsyncMock'
WARNING  core.graph_builder:graph_builder.py:542 [RAG] [REWRITE] 모든 시도 실패, 원본 유지: expected string or bytes-like object, got 'AsyncMock'
ERROR    core.graph_builder:graph_builder.py:124 LLM 호출 중 오류 발생: expected string or bytes-like object, got 'AsyncMock'
WARNING  core.graph_builder:graph_builder.py:542 [RAG] [REWRITE] 모든 시도 실패, 원본 유지: expected string or bytes-like object, got 'AsyncMock'
ERROR    core.graph_builder:graph_builder.py:124 LLM 호출 중 오류 발생: expected string or bytes-like object, got 'AsyncMock'
WARNING  core.graph_builder:graph_builder.py:542 [RAG] [REWRITE] 모든 시도 실패, 원본 유지: expected string or bytes-like object, got 'AsyncMock'
ERROR    core.graph_builder:graph_builder.py:124 LLM 호출 중 오류 발생: expected string or bytes-like object, got 'AsyncMock'
WARNING  core.graph_builder:graph_builder.py:542 [RAG] [REWRITE] 모든 시도 실패, 원본 유지: expected string or bytes-like object, got 'AsyncMock'
ERROR    core.graph_builder:graph_builder.py:124 LLM 호출 중 오류 발생: expected string or bytes-like object, got 'AsyncMock'
WARNING  core.graph_builder:graph_builder.py:542 [RAG] [REWRITE] 모든 시도 실패, 원본 유지: expected string or bytes-like object, got 'AsyncMock'
ERROR    core.graph_builder:graph_builder.py:124 LLM 호출 중 오류 발생: expected string or bytes-like object, got 'AsyncMock'
WARNING  core.graph_builder:graph_builder.py:542 [RAG] [REWRITE] 모든 시도 실패, 원본 유지: expected string or bytes-like object, got 'AsyncMock'
ERROR    core.graph_builder:graph_builder.py:124 LLM 호출 중 오류 발생: expected string or bytes-like object, got 'AsyncMock'
WARNING  core.graph_builder:graph_builder.py:542 [RAG] [REWRITE] 모든 시도 실패, 원본 유지: expected string or bytes-like object, got 'AsyncMock'
ERROR    core.graph_builder:graph_builder.py:124 LLM 호출 중 오류 발생: expected string or bytes-like object, got 'AsyncMock'
WARNING  core.graph_builder:graph_builder.py:542 [RAG] [REWRITE] 모든 시도 실패, 원본 유지: expected string or bytes-like object, got 'AsyncMock'
ERROR    core.graph_builder:graph_builder.py:124 LLM 호출 중 오류 발생: expected string or bytes-like object, got 'AsyncMock'
WARNING  core.graph_builder:graph_builder.py:542 [RAG] [REWRITE] 모든 시도 실패, 원본 유지: expected string or bytes-like object, got 'AsyncMock'
ERROR    core.graph_builder:graph_builder.py:124 LLM 호출 중 오류 발생: expected string or bytes-like object, got 'AsyncMock'
WARNING  core.graph_builder:graph_builder.py:542 [RAG] [REWRITE] 모든 시도 실패, 원본 유지: expected string or bytes-like object, got 'AsyncMock'
ERROR    core.graph_builder:graph_builder.py:124 LLM 호출 중 오류 발생: expected string or bytes-like object, got 'AsyncMock'
WARNING  core.graph_builder:graph_builder.py:542 [RAG] [REWRITE] 모든 시도 실패, 원본 유지: expected string or bytes-like object, got 'AsyncMock'
ERROR    core.graph_builder:graph_builder.py:124 LLM 호출 중 오류 발생: expected string or bytes-like object, got 'AsyncMock'
WARNING  core.graph_builder:graph_builder.py:542 [RAG] [REWRITE] 모든 시도 실패, 원본 유지: expected string or bytes-like object, got 'AsyncMock'
ERROR    core.graph_builder:graph_builder.py:124 LLM 호출 중 오류 발생: expected string or bytes-like object, got 'AsyncMock'
WARNING  core.graph_builder:graph_builder.py:542 [RAG] [REWRITE] 모든 시도 실패, 원본 유지: expected string or bytes-like object, got 'AsyncMock'
ERROR    core.graph_builder:graph_builder.py:124 LLM 호출 중 오류 발생: expected string or bytes-like object, got 'AsyncMock'
WARNING  core.graph_builder:graph_builder.py:542 [RAG] [REWRITE] 모든 시도 실패, 원본 유지: expected string or bytes-like object, got 'AsyncMock'
ERROR    core.graph_builder:graph_builder.py:124 LLM 호출 중 오류 발생: expected string or bytes-like object, got 'AsyncMock'
WARNING  core.graph_builder:graph_builder.py:542 [RAG] [REWRITE] 모든 시도 실패, 원본 유지: expected string or bytes-like object, got 'AsyncMock'
ERROR    core.graph_builder:graph_builder.py:124 LLM 호출 중 오류 발생: expected string or bytes-like object, got 'AsyncMock'
WARNING  core.graph_builder:graph_builder.py:542 [RAG] [REWRITE] 모든 시도 실패, 원본 유지: expected string or bytes-like object, got 'AsyncMock'
ERROR    core.graph_builder:graph_builder.py:124 LLM 호출 중 오류 발생: expected string or bytes-like object, got 'AsyncMock'
WARNING  core.graph_builder:graph_builder.py:542 [RAG] [REWRITE] 모든 시도 실패, 원본 유지: expected string or bytes-like object, got 'AsyncMock'
ERROR    core.graph_builder:graph_builder.py:124 LLM 호출 중 오류 발생: expected string or bytes-like object, got 'AsyncMock'
WARNING  core.graph_builder:graph_builder.py:542 [RAG] [REWRITE] 모든 시도 실패, 원본 유지: expected string or bytes-like object, got 'AsyncMock'
ERROR    core.graph_builder:graph_builder.py:124 LLM 호출 중 오류 발생: expected string or bytes-like object, got 'AsyncMock'
WARNING  core.graph_builder:graph_builder.py:542 [RAG] [REWRITE] 모든 시도 실패, 원본 유지: expected string or bytes-like object, got 'AsyncMock'
ERROR    core.graph_builder:graph_builder.py:124 LLM 호출 중 오류 발생: expected string or bytes-like object, got 'AsyncMock'
WARNING  core.graph_builder:graph_builder.py:542 [RAG] [REWRITE] 모든 시도 실패, 원본 유지: expected string or bytes-like object, got 'AsyncMock'
ERROR    core.graph_builder:graph_builder.py:124 LLM 호출 중 오류 발생: expected string or bytes-like object, got 'AsyncMock'
WARNING  core.graph_builder:graph_builder.py:542 [RAG] [REWRITE] 모든 시도 실패, 원본 유지: expected string or bytes-like object, got 'AsyncMock'
ERROR    core.graph_builder:graph_builder.py:124 LLM 호출 중 오류 발생: expected string or bytes-like object, got 'AsyncMock'
WARNING  core.graph_builder:graph_builder.py:542 [RAG] [REWRITE] 모든 시도 실패, 원본 유지: expected string or bytes-like object, got 'AsyncMock'
ERROR    core.graph_builder:graph_builder.py:124 LLM 호출 중 오류 발생: expected string or bytes-like object, got 'AsyncMock'
WARNING  core.graph_builder:graph_builder.py:542 [RAG] [REWRITE] 모든 시도 실패, 원본 유지: expected string or bytes-like object, got 'AsyncMock'
ERROR    core.graph_builder:graph_builder.py:124 LLM 호출 중 오류 발생: expected string or bytes-like object, got 'AsyncMock'
WARNING  core.graph_builder:graph_builder.py:542 [RAG] [REWRITE] 모든 시도 실패, 원본 유지: expected string or bytes-like object, got 'AsyncMock'
ERROR    core.graph_builder:graph_builder.py:124 LLM 호출 중 오류 발생: expected string or bytes-like object, got 'AsyncMock'
WARNING  core.graph_builder:graph_builder.py:542 [RAG] [REWRITE] 모든 시도 실패, 원본 유지: expected string or bytes-like object, got 'AsyncMock'
ERROR    core.graph_builder:graph_builder.py:124 LLM 호출 중 오류 발생: expected string or bytes-like object, got 'AsyncMock'
WARNING  core.graph_builder:graph_builder.py:542 [RAG] [REWRITE] 모든 시도 실패, 원본 유지: expected string or bytes-like object, got 'AsyncMock'
ERROR    core.graph_builder:graph_builder.py:124 LLM 호출 중 오류 발생: expected string or bytes-like object, got 'AsyncMock'
WARNING  core.graph_builder:graph_builder.py:542 [RAG] [REWRITE] 모든 시도 실패, 원본 유지: expected string or bytes-like object, got 'AsyncMock'
ERROR    core.graph_builder:graph_builder.py:124 LLM 호출 중 오류 발생: expected string or bytes-like object, got 'AsyncMock'
WARNING  core.graph_builder:graph_builder.py:542 [RAG] [REWRITE] 모든 시도 실패, 원본 유지: expected string or bytes-like object, got 'AsyncMock'
ERROR    core.graph_builder:graph_builder.py:124 LLM 호출 중 오류 발생: expected string or bytes-like object, got 'AsyncMock'
WARNING  core.graph_builder:graph_builder.py:542 [RAG] [REWRITE] 모든 시도 실패, 원본 유지: expected string or bytes-like object, got 'AsyncMock'
ERROR    core.graph_builder:graph_builder.py:124 LLM 호출 중 오류 발생: expected string or bytes-like object, got 'AsyncMock'
WARNING  core.graph_builder:graph_builder.py:542 [RAG] [REWRITE] 모든 시도 실패, 원본 유지: expected string or bytes-like object, got 'AsyncMock'
ERROR    core.graph_builder:graph_builder.py:124 LLM 호출 중 오류 발생: expected string or bytes-like object, got 'AsyncMock'
WARNING  core.graph_builder:graph_builder.py:542 [RAG] [REWRITE] 모든 시도 실패, 원본 유지: expected string or bytes-like object, got 'AsyncMock'
ERROR    core.graph_builder:graph_builder.py:124 LLM 호출 중 오류 발생: expected string or bytes-like object, got 'AsyncMock'
WARNING  core.graph_builder:graph_builder.py:542 [RAG] [REWRITE] 모든 시도 실패, 원본 유지: expected string or bytes-like object, got 'AsyncMock'
ERROR    core.graph_builder:graph_builder.py:124 LLM 호출 중 오류 발생: expected string or bytes-like object, got 'AsyncMock'
WARNING  core.graph_builder:graph_builder.py:542 [RAG] [REWRITE] 모든 시도 실패, 원본 유지: expected string or bytes-like object, got 'AsyncMock'
ERROR    core.graph_builder:graph_builder.py:124 LLM 호출 중 오류 발생: expected string or bytes-like object, got 'AsyncMock'
WARNING  core.graph_builder:graph_builder.py:542 [RAG] [REWRITE] 모든 시도 실패, 원본 유지: expected string or bytes-like object, got 'AsyncMock'
ERROR    core.graph_builder:graph_builder.py:124 LLM 호출 중 오류 발생: expected string or bytes-like object, got 'AsyncMock'
WARNING  core.graph_builder:graph_builder.py:542 [RAG] [REWRITE] 모든 시도 실패, 원본 유지: expected string or bytes-like object, got 'AsyncMock'
ERROR    core.graph_builder:graph_builder.py:124 LLM 호출 중 오류 발생: expected string or bytes-like object, got 'AsyncMock'
WARNING  core.graph_builder:graph_builder.py:542 [RAG] [REWRITE] 모든 시도 실패, 원본 유지: expected string or bytes-like object, got 'AsyncMock'
ERROR    core.graph_builder:graph_builder.py:124 LLM 호출 중 오류 발생: expected string or bytes-like object, got 'AsyncMock'
WARNING  core.graph_builder:graph_builder.py:542 [RAG] [REWRITE] 모든 시도 실패, 원본 유지: expected string or bytes-like object, got 'AsyncMock'
ERROR    core.graph_builder:graph_builder.py:124 LLM 호출 중 오류 발생: expected string or bytes-like object, got 'AsyncMock'
WARNING  core.graph_builder:graph_builder.py:542 [RAG] [REWRITE] 모든 시도 실패, 원본 유지: expected string or bytes-like object, got 'AsyncMock'
ERROR    core.graph_builder:graph_builder.py:124 LLM 호출 중 오류 발생: expected string or bytes-like object, got 'AsyncMock'
WARNING  core.graph_builder:graph_builder.py:542 [RAG] [REWRITE] 모든 시도 실패, 원본 유지: expected string or bytes-like object, got 'AsyncMock'
ERROR    core.graph_builder:graph_builder.py:124 LLM 호출 중 오류 발생: expected string or bytes-like object, got 'AsyncMock'
WARNING  core.graph_builder:graph_builder.py:542 [RAG] [REWRITE] 모든 시도 실패, 원본 유지: expected string or bytes-like object, got 'AsyncMock'
ERROR    core.graph_builder:graph_builder.py:124 LLM 호출 중 오류 발생: expected string or bytes-like object, got 'AsyncMock'
WARNING  core.graph_builder:graph_builder.py:542 [RAG] [REWRITE] 모든 시도 실패, 원본 유지: expected string or bytes-like object, got 'AsyncMock'
ERROR    core.graph_builder:graph_builder.py:124 LLM 호출 중 오류 발생: expected string or bytes-like object, got 'AsyncMock'
WARNING  core.graph_builder:graph_builder.py:542 [RAG] [REWRITE] 모든 시도 실패, 원본 유지: expected string or bytes-like object, got 'AsyncMock'
ERROR    core.graph_builder:graph_builder.py:124 LLM 호출 중 오류 발생: expected string or bytes-like object, got 'AsyncMock'
WARNING  core.graph_builder:graph_builder.py:542 [RAG] [REWRITE] 모든 시도 실패, 원본 유지: expected string or bytes-like object, got 'AsyncMock'
ERROR    core.graph_builder:graph_builder.py:124 LLM 호출 중 오류 발생: expected string or bytes-like object, got 'AsyncMock'
WARNING  core.graph_builder:graph_builder.py:542 [RAG] [REWRITE] 모든 시도 실패, 원본 유지: expected string or bytes-like object, got 'AsyncMock'
ERROR    core.graph_builder:graph_builder.py:124 LLM 호출 중 오류 발생: expected string or bytes-like object, got 'AsyncMock'
WARNING  core.graph_builder:graph_builder.py:542 [RAG] [REWRITE] 모든 시도 실패, 원본 유지: expected string or bytes-like object, got 'AsyncMock'
ERROR    core.graph_builder:graph_builder.py:124 LLM 호출 중 오류 발생: expected string or bytes-like object, got 'AsyncMock'
WARNING  core.graph_builder:graph_builder.py:542 [RAG] [REWRITE] 모든 시도 실패, 원본 유지: expected string or bytes-like object, got 'AsyncMock'
ERROR    core.graph_builder:graph_builder.py:124 LLM 호출 중 오류 발생: expected string or bytes-like object, got 'AsyncMock'
WARNING  core.graph_builder:graph_builder.py:542 [RAG] [REWRITE] 모든 시도 실패, 원본 유지: expected string or bytes-like object, got 'AsyncMock'
ERROR    core.graph_builder:graph_builder.py:124 LLM 호출 중 오류 발생: expected string or bytes-like object, got 'AsyncMock'
WARNING  core.graph_builder:graph_builder.py:542 [RAG] [REWRITE] 모든 시도 실패, 원본 유지: expected string or bytes-like object, got 'AsyncMock'
ERROR    core.graph_builder:graph_builder.py:124 LLM 호출 중 오류 발생: expected string or bytes-like object, got 'AsyncMock'
WARNING  core.graph_builder:graph_builder.py:542 [RAG] [REWRITE] 모든 시도 실패, 원본 유지: expected string or bytes-like object, got 'AsyncMock'
ERROR    core.graph_builder:graph_builder.py:124 LLM 호출 중 오류 발생: expected string or bytes-like object, got 'AsyncMock'
WARNING  core.graph_builder:graph_builder.py:542 [RAG] [REWRITE] 모든 시도 실패, 원본 유지: expected string or bytes-like object, got 'AsyncMock'
ERROR    core.graph_builder:graph_builder.py:124 LLM 호출 중 오류 발생: expected string or bytes-like object, got 'AsyncMock'
WARNING  core.graph_builder:graph_builder.py:542 [RAG] [REWRITE] 모든 시도 실패, 원본 유지: expected string or bytes-like object, got 'AsyncMock'
ERROR    core.graph_builder:graph_builder.py:124 LLM 호출 중 오류 발생: expected string or bytes-like object, got 'AsyncMock'
WARNING  core.graph_builder:graph_builder.py:542 [RAG] [REWRITE] 모든 시도 실패, 원본 유지: expected string or bytes-like object, got 'AsyncMock'
ERROR    core.graph_builder:graph_builder.py:124 LLM 호출 중 오류 발생: expected string or bytes-like object, got 'AsyncMock'
WARNING  core.graph_builder:graph_builder.py:542 [RAG] [REWRITE] 모든 시도 실패, 원본 유지: expected string or bytes-like object, got 'AsyncMock'
ERROR    core.graph_builder:graph_builder.py:124 LLM 호출 중 오류 발생: expected string or bytes-like object, got 'AsyncMock'
WARNING  core.graph_builder:graph_builder.py:542 [RAG] [REWRITE] 모든 시도 실패, 원본 유지: expected string or bytes-like object, got 'AsyncMock'
ERROR    core.graph_builder:graph_builder.py:124 LLM 호출 중 오류 발생: expected string or bytes-like object, got 'AsyncMock'
WARNING  core.graph_builder:graph_builder.py:542 [RAG] [REWRITE] 모든 시도 실패, 원본 유지: expected string or bytes-like object, got 'AsyncMock'
ERROR    core.graph_builder:graph_builder.py:124 LLM 호출 중 오류 발생: expected string or bytes-like object, got 'AsyncMock'
WARNING  core.graph_builder:graph_builder.py:542 [RAG] [REWRITE] 모든 시도 실패, 원본 유지: expected string or bytes-like object, got 'AsyncMock'
ERROR    core.graph_builder:graph_builder.py:124 LLM 호출 중 오류 발생: expected string or bytes-like object, got 'AsyncMock'
WARNING  core.graph_builder:graph_builder.py:542 [RAG] [REWRITE] 모든 시도 실패, 원본 유지: expected string or bytes-like object, got 'AsyncMock'
ERROR    core.graph_builder:graph_builder.py:124 LLM 호출 중 오류 발생: expected string or bytes-like object, got 'AsyncMock'
WARNING  core.graph_builder:graph_builder.py:542 [RAG] [REWRITE] 모든 시도 실패, 원본 유지: expected string or bytes-like object, got 'AsyncMock'
ERROR    core.graph_builder:graph_builder.py:124 LLM 호출 중 오류 발생: expected string or bytes-like object, got 'AsyncMock'
WARNING  core.graph_builder:graph_builder.py:542 [RAG] [REWRITE] 모든 시도 실패, 원본 유지: expected string or bytes-like object, got 'AsyncMock'
ERROR    core.graph_builder:graph_builder.py:124 LLM 호출 중 오류 발생: expected string or bytes-like object, got 'AsyncMock'
WARNING  core.graph_builder:graph_builder.py:542 [RAG] [REWRITE] 모든 시도 실패, 원본 유지: expected string or bytes-like object, got 'AsyncMock'
ERROR    core.graph_builder:graph_builder.py:124 LLM 호출 중 오류 발생: expected string or bytes-like object, got 'AsyncMock'
WARNING  core.graph_builder:graph_builder.py:542 [RAG] [REWRITE] 모든 시도 실패, 원본 유지: expected string or bytes-like object, got 'AsyncMock'
ERROR    core.graph_builder:graph_builder.py:124 LLM 호출 중 오류 발생: expected string or bytes-like object, got 'AsyncMock'
WARNING  core.graph_builder:graph_builder.py:542 [RAG] [REWRITE] 모든 시도 실패, 원본 유지: expected string or bytes-like object, got 'AsyncMock'
ERROR    core.graph_builder:graph_builder.py:124 LLM 호출 중 오류 발생: expected string or bytes-like object, got 'AsyncMock'
WARNING  core.graph_builder:graph_builder.py:542 [RAG] [REWRITE] 모든 시도 실패, 원본 유지: expected string or bytes-like object, got 'AsyncMock'
ERROR    core.graph_builder:graph_builder.py:124 LLM 호출 중 오류 발생: expected string or bytes-like object, got 'AsyncMock'
WARNING  core.graph_builder:graph_builder.py:542 [RAG] [REWRITE] 모든 시도 실패, 원본 유지: expected string or bytes-like object, got 'AsyncMock'
ERROR    core.graph_builder:graph_builder.py:124 LLM 호출 중 오류 발생: expected string or bytes-like object, got 'AsyncMock'
WARNING  core.graph_builder:graph_builder.py:542 [RAG] [REWRITE] 모든 시도 실패, 원본 유지: expected string or bytes-like object, got 'AsyncMock'
ERROR    core.graph_builder:graph_builder.py:124 LLM 호출 중 오류 발생: expected string or bytes-like object, got 'AsyncMock'
WARNING  core.graph_builder:graph_builder.py:542 [RAG] [REWRITE] 모든 시도 실패, 원본 유지: expected string or bytes-like object, got 'AsyncMock'
ERROR    core.graph_builder:graph_builder.py:124 LLM 호출 중 오류 발생: expected string or bytes-like object, got 'AsyncMock'
WARNING  core.graph_builder:graph_builder.py:542 [RAG] [REWRITE] 모든 시도 실패, 원본 유지: expected string or bytes-like object, got 'AsyncMock'
ERROR    core.graph_builder:graph_builder.py:124 LLM 호출 중 오류 발생: expected string or bytes-like object, got 'AsyncMock'
WARNING  core.graph_builder:graph_builder.py:542 [RAG] [REWRITE] 모든 시도 실패, 원본 유지: expected string or bytes-like object, got 'AsyncMock'
ERROR    core.graph_builder:graph_builder.py:124 LLM 호출 중 오류 발생: expected string or bytes-like object, got 'AsyncMock'
WARNING  core.graph_builder:graph_builder.py:542 [RAG] [REWRITE] 모든 시도 실패, 원본 유지: expected string or bytes-like object, got 'AsyncMock'
ERROR    core.graph_builder:graph_builder.py:124 LLM 호출 중 오류 발생: expected string or bytes-like object, got 'AsyncMock'
WARNING  core.graph_builder:graph_builder.py:542 [RAG] [REWRITE] 모든 시도 실패, 원본 유지: expected string or bytes-like object, got 'AsyncMock'
ERROR    core.graph_builder:graph_builder.py:124 LLM 호출 중 오류 발생: expected string or bytes-like object, got 'AsyncMock'
WARNING  core.graph_builder:graph_builder.py:542 [RAG] [REWRITE] 모든 시도 실패, 원본 유지: expected string or bytes-like object, got 'AsyncMock'
ERROR    core.graph_builder:graph_builder.py:124 LLM 호출 중 오류 발생: expected string or bytes-like object, got 'AsyncMock'
WARNING  core.graph_builder:graph_builder.py:542 [RAG] [REWRITE] 모든 시도 실패, 원본 유지: expected string or bytes-like object, got 'AsyncMock'
ERROR    core.graph_builder:graph_builder.py:124 LLM 호출 중 오류 발생: expected string or bytes-like object, got 'AsyncMock'
WARNING  core.graph_builder:graph_builder.py:542 [RAG] [REWRITE] 모든 시도 실패, 원본 유지: expected string or bytes-like object, got 'AsyncMock'
ERROR    core.graph_builder:graph_builder.py:124 LLM 호출 중 오류 발생: expected string or bytes-like object, got 'AsyncMock'
WARNING  core.graph_builder:graph_builder.py:542 [RAG] [REWRITE] 모든 시도 실패, 원본 유지: expected string or bytes-like object, got 'AsyncMock'
ERROR    core.graph_builder:graph_builder.py:124 LLM 호출 중 오류 발생: expected string or bytes-like object, got 'AsyncMock'
WARNING  core.graph_builder:graph_builder.py:542 [RAG] [REWRITE] 모든 시도 실패, 원본 유지: expected string or bytes-like object, got 'AsyncMock'
ERROR    core.graph_builder:graph_builder.py:124 LLM 호출 중 오류 발생: expected string or bytes-like object, got 'AsyncMock'
WARNING  core.graph_builder:graph_builder.py:542 [RAG] [REWRITE] 모든 시도 실패, 원본 유지: expected string or bytes-like object, got 'AsyncMock'
ERROR    core.graph_builder:graph_builder.py:124 LLM 호출 중 오류 발생: expected string or bytes-like object, got 'AsyncMock'
WARNING  core.graph_builder:graph_builder.py:542 [RAG] [REWRITE] 모든 시도 실패, 원본 유지: expected string or bytes-like object, got 'AsyncMock'
ERROR    core.graph_builder:graph_builder.py:124 LLM 호출 중 오류 발생: expected string or bytes-like object, got 'AsyncMock'
WARNING  core.graph_builder:graph_builder.py:542 [RAG] [REWRITE] 모든 시도 실패, 원본 유지: expected string or bytes-like object, got 'AsyncMock'
ERROR    core.graph_builder:graph_builder.py:124 LLM 호출 중 오류 발생: expected string or bytes-like object, got 'AsyncMock'
WARNING  core.graph_builder:graph_builder.py:542 [RAG] [REWRITE] 모든 시도 실패, 원본 유지: expected string or bytes-like object, got 'AsyncMock'
ERROR    core.graph_builder:graph_builder.py:124 LLM 호출 중 오류 발생: expected string or bytes-like object, got 'AsyncMock'
WARNING  core.graph_builder:graph_builder.py:542 [RAG] [REWRITE] 모든 시도 실패, 원본 유지: expected string or bytes-like object, got 'AsyncMock'
ERROR    core.graph_builder:graph_builder.py:124 LLM 호출 중 오류 발생: expected string or bytes-like object, got 'AsyncMock'
WARNING  core.graph_builder:graph_builder.py:542 [RAG] [REWRITE] 모든 시도 실패, 원본 유지: expected string or bytes-like object, got 'AsyncMock'
ERROR    core.graph_builder:graph_builder.py:124 LLM 호출 중 오류 발생: expected string or bytes-like object, got 'AsyncMock'
WARNING  core.graph_builder:graph_builder.py:542 [RAG] [REWRITE] 모든 시도 실패, 원본 유지: expected string or bytes-like object, got 'AsyncMock'
ERROR    core.graph_builder:graph_builder.py:124 LLM 호출 중 오류 발생: expected string or bytes-like object, got 'AsyncMock'
WARNING  core.graph_builder:graph_builder.py:542 [RAG] [REWRITE] 모든 시도 실패, 원본 유지: expected string or bytes-like object, got 'AsyncMock'
ERROR    core.graph_builder:graph_builder.py:124 LLM 호출 중 오류 발생: expected string or bytes-like object, got 'AsyncMock'
WARNING  core.graph_builder:graph_builder.py:542 [RAG] [REWRITE] 모든 시도 실패, 원본 유지: expected string or bytes-like object, got 'AsyncMock'
ERROR    core.graph_builder:graph_builder.py:124 LLM 호출 중 오류 발생: expected string or bytes-like object, got 'AsyncMock'
WARNING  core.graph_builder:graph_builder.py:542 [RAG] [REWRITE] 모든 시도 실패, 원본 유지: expected string or bytes-like object, got 'AsyncMock'
ERROR    core.graph_builder:graph_builder.py:124 LLM 호출 중 오류 발생: expected string or bytes-like object, got 'AsyncMock'
WARNING  core.graph_builder:graph_builder.py:542 [RAG] [REWRITE] 모든 시도 실패, 원본 유지: expected string or bytes-like object, got 'AsyncMock'
ERROR    core.graph_builder:graph_builder.py:124 LLM 호출 중 오류 발생: expected string or bytes-like object, got 'AsyncMock'
WARNING  core.graph_builder:graph_builder.py:542 [RAG] [REWRITE] 모든 시도 실패, 원본 유지: expected string or bytes-like object, got 'AsyncMock'
ERROR    core.graph_builder:graph_builder.py:124 LLM 호출 중 오류 발생: expected string or bytes-like object, got 'AsyncMock'
WARNING  core.graph_builder:graph_builder.py:542 [RAG] [REWRITE] 모든 시도 실패, 원본 유지: expected string or bytes-like object, got 'AsyncMock'
ERROR    core.graph_builder:graph_builder.py:124 LLM 호출 중 오류 발생: expected string or bytes-like object, got 'AsyncMock'
WARNING  core.graph_builder:graph_builder.py:542 [RAG] [REWRITE] 모든 시도 실패, 원본 유지: expected string or bytes-like object, got 'AsyncMock'
ERROR    core.graph_builder:graph_builder.py:124 LLM 호출 중 오류 발생: expected string or bytes-like object, got 'AsyncMock'
WARNING  core.graph_builder:graph_builder.py:542 [RAG] [REWRITE] 모든 시도 실패, 원본 유지: expected string or bytes-like object, got 'AsyncMock'
ERROR    core.graph_builder:graph_builder.py:124 LLM 호출 중 오류 발생: expected string or bytes-like object, got 'AsyncMock'
WARNING  core.graph_builder:graph_builder.py:542 [RAG] [REWRITE] 모든 시도 실패, 원본 유지: expected string or bytes-like object, got 'AsyncMock'
ERROR    core.graph_builder:graph_builder.py:124 LLM 호출 중 오류 발생: expected string or bytes-like object, got 'AsyncMock'
WARNING  core.graph_builder:graph_builder.py:542 [RAG] [REWRITE] 모든 시도 실패, 원본 유지: expected string or bytes-like object, got 'AsyncMock'
ERROR    core.graph_builder:graph_builder.py:124 LLM 호출 중 오류 발생: expected string or bytes-like object, got 'AsyncMock'
WARNING  core.graph_builder:graph_builder.py:542 [RAG] [REWRITE] 모든 시도 실패, 원본 유지: expected string or bytes-like object, got 'AsyncMock'
ERROR    core.graph_builder:graph_builder.py:124 LLM 호출 중 오류 발생: expected string or bytes-like object, got 'AsyncMock'
WARNING  core.graph_builder:graph_builder.py:542 [RAG] [REWRITE] 모든 시도 실패, 원본 유지: expected string or bytes-like object, got 'AsyncMock'
ERROR    core.graph_builder:graph_builder.py:124 LLM 호출 중 오류 발생: expected string or bytes-like object, got 'AsyncMock'
WARNING  core.graph_builder:graph_builder.py:542 [RAG] [REWRITE] 모든 시도 실패, 원본 유지: expected string or bytes-like object, got 'AsyncMock'
ERROR    core.graph_builder:graph_builder.py:124 LLM 호출 중 오류 발생: expected string or bytes-like object, got 'AsyncMock'
WARNING  core.graph_builder:graph_builder.py:542 [RAG] [REWRITE] 모든 시도 실패, 원본 유지: expected string or bytes-like object, got 'AsyncMock'
ERROR    core.graph_builder:graph_builder.py:124 LLM 호출 중 오류 발생: expected string or bytes-like object, got 'AsyncMock'
WARNING  core.graph_builder:graph_builder.py:542 [RAG] [REWRITE] 모든 시도 실패, 원본 유지: expected string or bytes-like object, got 'AsyncMock'
ERROR    core.graph_builder:graph_builder.py:124 LLM 호출 중 오류 발생: expected string or bytes-like object, got 'AsyncMock'
WARNING  core.graph_builder:graph_builder.py:542 [RAG] [REWRITE] 모든 시도 실패, 원본 유지: expected string or bytes-like object, got 'AsyncMock'
ERROR    core.graph_builder:graph_builder.py:124 LLM 호출 중 오류 발생: expected string or bytes-like object, got 'AsyncMock'
WARNING  core.graph_builder:graph_builder.py:542 [RAG] [REWRITE] 모든 시도 실패, 원본 유지: expected string or bytes-like object, got 'AsyncMock'
ERROR    core.graph_builder:graph_builder.py:124 LLM 호출 중 오류 발생: expected string or bytes-like object, got 'AsyncMock'
WARNING  core.graph_builder:graph_builder.py:542 [RAG] [REWRITE] 모든 시도 실패, 원본 유지: expected string or bytes-like object, got 'AsyncMock'
ERROR    core.graph_builder:graph_builder.py:124 LLM 호출 중 오류 발생: expected string or bytes-like object, got 'AsyncMock'
WARNING  core.graph_builder:graph_builder.py:542 [RAG] [REWRITE] 모든 시도 실패, 원본 유지: expected string or bytes-like object, got 'AsyncMock'
ERROR    core.graph_builder:graph_builder.py:124 LLM 호출 중 오류 발생: expected string or bytes-like object, got 'AsyncMock'
WARNING  core.graph_builder:graph_builder.py:542 [RAG] [REWRITE] 모든 시도 실패, 원본 유지: expected string or bytes-like object, got 'AsyncMock'
ERROR    core.graph_builder:graph_builder.py:124 LLM 호출 중 오류 발생: expected string or bytes-like object, got 'AsyncMock'
WARNING  core.graph_builder:graph_builder.py:542 [RAG] [REWRITE] 모든 시도 실패, 원본 유지: expected string or bytes-like object, got 'AsyncMock'
ERROR    core.graph_builder:graph_builder.py:124 LLM 호출 중 오류 발생: expected string or bytes-like object, got 'AsyncMock'
WARNING  core.graph_builder:graph_builder.py:542 [RAG] [REWRITE] 모든 시도 실패, 원본 유지: expected string or bytes-like object, got 'AsyncMock'
ERROR    core.graph_builder:graph_builder.py:124 LLM 호출 중 오류 발생: expected string or bytes-like object, got 'AsyncMock'
WARNING  core.graph_builder:graph_builder.py:542 [RAG] [REWRITE] 모든 시도 실패, 원본 유지: expected string or bytes-like object, got 'AsyncMock'
ERROR    core.graph_builder:graph_builder.py:124 LLM 호출 중 오류 발생: expected string or bytes-like object, got 'AsyncMock'
WARNING  core.graph_builder:graph_builder.py:542 [RAG] [REWRITE] 모든 시도 실패, 원본 유지: expected string or bytes-like object, got 'AsyncMock'
ERROR    core.graph_builder:graph_builder.py:124 LLM 호출 중 오류 발생: expected string or bytes-like object, got 'AsyncMock'
WARNING  core.graph_builder:graph_builder.py:542 [RAG] [REWRITE] 모든 시도 실패, 원본 유지: expected string or bytes-like object, got 'AsyncMock'
ERROR    core.graph_builder:graph_builder.py:124 LLM 호출 중 오류 발생: expected string or bytes-like object, got 'AsyncMock'
WARNING  core.graph_builder:graph_builder.py:542 [RAG] [REWRITE] 모든 시도 실패, 원본 유지: expected string or bytes-like object, got 'AsyncMock'
ERROR    core.graph_builder:graph_builder.py:124 LLM 호출 중 오류 발생: expected string or bytes-like object, got 'AsyncMock'
WARNING  core.graph_builder:graph_builder.py:542 [RAG] [REWRITE] 모든 시도 실패, 원본 유지: expected string or bytes-like object, got 'AsyncMock'
ERROR    core.graph_builder:graph_builder.py:124 LLM 호출 중 오류 발생: expected string or bytes-like object, got 'AsyncMock'
WARNING  core.graph_builder:graph_builder.py:542 [RAG] [REWRITE] 모든 시도 실패, 원본 유지: expected string or bytes-like object, got 'AsyncMock'
ERROR    core.graph_builder:graph_builder.py:124 LLM 호출 중 오류 발생: expected string or bytes-like object, got 'AsyncMock'
WARNING  core.graph_builder:graph_builder.py:542 [RAG] [REWRITE] 모든 시도 실패, 원본 유지: expected string or bytes-like object, got 'AsyncMock'
ERROR    core.graph_builder:graph_builder.py:124 LLM 호출 중 오류 발생: expected string or bytes-like object, got 'AsyncMock'
WARNING  core.graph_builder:graph_builder.py:542 [RAG] [REWRITE] 모든 시도 실패, 원본 유지: expected string or bytes-like object, got 'AsyncMock'
ERROR    core.graph_builder:graph_builder.py:124 LLM 호출 중 오류 발생: expected string or bytes-like object, got 'AsyncMock'
WARNING  core.graph_builder:graph_builder.py:542 [RAG] [REWRITE] 모든 시도 실패, 원본 유지: expected string or bytes-like object, got 'AsyncMock'
ERROR    core.graph_builder:graph_builder.py:124 LLM 호출 중 오류 발생: expected string or bytes-like object, got 'AsyncMock'
WARNING  core.graph_builder:graph_builder.py:542 [RAG] [REWRITE] 모든 시도 실패, 원본 유지: expected string or bytes-like object, got 'AsyncMock'
ERROR    core.graph_builder:graph_builder.py:124 LLM 호출 중 오류 발생: expected string or bytes-like object, got 'AsyncMock'
WARNING  core.graph_builder:graph_builder.py:542 [RAG] [REWRITE] 모든 시도 실패, 원본 유지: expected string or bytes-like object, got 'AsyncMock'
ERROR    core.graph_builder:graph_builder.py:124 LLM 호출 중 오류 발생: expected string or bytes-like object, got 'AsyncMock'
WARNING  core.graph_builder:graph_builder.py:542 [RAG] [REWRITE] 모든 시도 실패, 원본 유지: expected string or bytes-like object, got 'AsyncMock'
ERROR    core.graph_builder:graph_builder.py:124 LLM 호출 중 오류 발생: expected string or bytes-like object, got 'AsyncMock'
WARNING  core.graph_builder:graph_builder.py:542 [RAG] [REWRITE] 모든 시도 실패, 원본 유지: expected string or bytes-like object, got 'AsyncMock'
ERROR    core.graph_builder:graph_builder.py:124 LLM 호출 중 오류 발생: expected string or bytes-like object, got 'AsyncMock'
WARNING  core.graph_builder:graph_builder.py:542 [RAG] [REWRITE] 모든 시도 실패, 원본 유지: expected string or bytes-like object, got 'AsyncMock'
ERROR    core.graph_builder:graph_builder.py:124 LLM 호출 중 오류 발생: expected string or bytes-like object, got 'AsyncMock'
WARNING  core.graph_builder:graph_builder.py:542 [RAG] [REWRITE] 모든 시도 실패, 원본 유지: expected string or bytes-like object, got 'AsyncMock'
ERROR    core.graph_builder:graph_builder.py:124 LLM 호출 중 오류 발생: expected string or bytes-like object, got 'AsyncMock'
WARNING  core.graph_builder:graph_builder.py:542 [RAG] [REWRITE] 모든 시도 실패, 원본 유지: expected string or bytes-like object, got 'AsyncMock'
ERROR    core.graph_builder:graph_builder.py:124 LLM 호출 중 오류 발생: expected string or bytes-like object, got 'AsyncMock'
WARNING  core.graph_builder:graph_builder.py:542 [RAG] [REWRITE] 모든 시도 실패, 원본 유지: expected string or bytes-like object, got 'AsyncMock'
ERROR    core.graph_builder:graph_builder.py:124 LLM 호출 중 오류 발생: expected string or bytes-like object, got 'AsyncMock'
WARNING  core.graph_builder:graph_builder.py:542 [RAG] [REWRITE] 모든 시도 실패, 원본 유지: expected string or bytes-like object, got 'AsyncMock'
ERROR    core.graph_builder:graph_builder.py:124 LLM 호출 중 오류 발생: expected string or bytes-like object, got 'AsyncMock'
WARNING  core.graph_builder:graph_builder.py:542 [RAG] [REWRITE] 모든 시도 실패, 원본 유지: expected string or bytes-like object, got 'AsyncMock'
ERROR    core.graph_builder:graph_builder.py:124 LLM 호출 중 오류 발생: expected string or bytes-like object, got 'AsyncMock'
WARNING  core.graph_builder:graph_builder.py:542 [RAG] [REWRITE] 모든 시도 실패, 원본 유지: expected string or bytes-like object, got 'AsyncMock'
ERROR    core.graph_builder:graph_builder.py:124 LLM 호출 중 오류 발생: expected string or bytes-like object, got 'AsyncMock'
WARNING  core.graph_builder:graph_builder.py:542 [RAG] [REWRITE] 모든 시도 실패, 원본 유지: expected string or bytes-like object, got 'AsyncMock'
ERROR    core.graph_builder:graph_builder.py:124 LLM 호출 중 오류 발생: expected string or bytes-like object, got 'AsyncMock'
WARNING  core.graph_builder:graph_builder.py:542 [RAG] [REWRITE] 모든 시도 실패, 원본 유지: expected string or bytes-like object, got 'AsyncMock'
ERROR    core.graph_builder:graph_builder.py:124 LLM 호출 중 오류 발생: expected string or bytes-like object, got 'AsyncMock'
WARNING  core.graph_builder:graph_builder.py:542 [RAG] [REWRITE] 모든 시도 실패, 원본 유지: expected string or bytes-like object, got 'AsyncMock'
ERROR    core.graph_builder:graph_builder.py:124 LLM 호출 중 오류 발생: expected string or bytes-like object, got 'AsyncMock'
WARNING  core.graph_builder:graph_builder.py:542 [RAG] [REWRITE] 모든 시도 실패, 원본 유지: expected string or bytes-like object, got 'AsyncMock'
ERROR    core.graph_builder:graph_builder.py:124 LLM 호출 중 오류 발생: expected string or bytes-like object, got 'AsyncMock'
WARNING  core.graph_builder:graph_builder.py:542 [RAG] [REWRITE] 모든 시도 실패, 원본 유지: expected string or bytes-like object, got 'AsyncMock'
ERROR    core.graph_builder:graph_builder.py:124 LLM 호출 중 오류 발생: expected string or bytes-like object, got 'AsyncMock'
WARNING  core.graph_builder:graph_builder.py:542 [RAG] [REWRITE] 모든 시도 실패, 원본 유지: expected string or bytes-like object, got 'AsyncMock'
ERROR    core.graph_builder:graph_builder.py:124 LLM 호출 중 오류 발생: expected string or bytes-like object, got 'AsyncMock'
WARNING  core.graph_builder:graph_builder.py:542 [RAG] [REWRITE] 모든 시도 실패, 원본 유지: expected string or bytes-like object, got 'AsyncMock'
ERROR    core.graph_builder:graph_builder.py:124 LLM 호출 중 오류 발생: expected string or bytes-like object, got 'AsyncMock'
WARNING  core.graph_builder:graph_builder.py:542 [RAG] [REWRITE] 모든 시도 실패, 원본 유지: expected string or bytes-like object, got 'AsyncMock'
ERROR    core.graph_builder:graph_builder.py:124 LLM 호출 중 오류 발생: expected string or bytes-like object, got 'AsyncMock'
WARNING  core.graph_builder:graph_builder.py:542 [RAG] [REWRITE] 모든 시도 실패, 원본 유지: expected string or bytes-like object, got 'AsyncMock'
ERROR    core.graph_builder:graph_builder.py:124 LLM 호출 중 오류 발생: expected string or bytes-like object, got 'AsyncMock'
WARNING  core.graph_builder:graph_builder.py:542 [RAG] [REWRITE] 모든 시도 실패, 원본 유지: expected string or bytes-like object, got 'AsyncMock'
ERROR    core.graph_builder:graph_builder.py:124 LLM 호출 중 오류 발생: expected string or bytes-like object, got 'AsyncMock'
WARNING  core.graph_builder:graph_builder.py:542 [RAG] [REWRITE] 모든 시도 실패, 원본 유지: expected string or bytes-like object, got 'AsyncMock'
ERROR    core.graph_builder:graph_builder.py:124 LLM 호출 중 오류 발생: expected string or bytes-like object, got 'AsyncMock'
WARNING  core.graph_builder:graph_builder.py:542 [RAG] [REWRITE] 모든 시도 실패, 원본 유지: expected string or bytes-like object, got 'AsyncMock'
ERROR    core.graph_builder:graph_builder.py:124 LLM 호출 중 오류 발생: expected string or bytes-like object, got 'AsyncMock'
WARNING  core.graph_builder:graph_builder.py:542 [RAG] [REWRITE] 모든 시도 실패, 원본 유지: expected string or bytes-like object, got 'AsyncMock'
ERROR    core.graph_builder:graph_builder.py:124 LLM 호출 중 오류 발생: expected string or bytes-like object, got 'AsyncMock'
WARNING  core.graph_builder:graph_builder.py:542 [RAG] [REWRITE] 모든 시도 실패, 원본 유지: expected string or bytes-like object, got 'AsyncMock'
ERROR    core.graph_builder:graph_builder.py:124 LLM 호출 중 오류 발생: expected string or bytes-like object, got 'AsyncMock'
WARNING  core.graph_builder:graph_builder.py:542 [RAG] [REWRITE] 모든 시도 실패, 원본 유지: expected string or bytes-like object, got 'AsyncMock'
ERROR    core.graph_builder:graph_builder.py:124 LLM 호출 중 오류 발생: expected string or bytes-like object, got 'AsyncMock'
WARNING  core.graph_builder:graph_builder.py:542 [RAG] [REWRITE] 모든 시도 실패, 원본 유지: expected string or bytes-like object, got 'AsyncMock'
ERROR    core.graph_builder:graph_builder.py:124 LLM 호출 중 오류 발생: expected string or bytes-like object, got 'AsyncMock'
WARNING  core.graph_builder:graph_builder.py:542 [RAG] [REWRITE] 모든 시도 실패, 원본 유지: expected string or bytes-like object, got 'AsyncMock'
ERROR    core.graph_builder:graph_builder.py:124 LLM 호출 중 오류 발생: expected string or bytes-like object, got 'AsyncMock'
WARNING  core.graph_builder:graph_builder.py:542 [RAG] [REWRITE] 모든 시도 실패, 원본 유지: expected string or bytes-like object, got 'AsyncMock'
ERROR    core.graph_builder:graph_builder.py:124 LLM 호출 중 오류 발생: expected string or bytes-like object, got 'AsyncMock'
WARNING  core.graph_builder:graph_builder.py:542 [RAG] [REWRITE] 모든 시도 실패, 원본 유지: expected string or bytes-like object, got 'AsyncMock'
ERROR    core.graph_builder:graph_builder.py:124 LLM 호출 중 오류 발생: expected string or bytes-like object, got 'AsyncMock'
WARNING  core.graph_builder:graph_builder.py:542 [RAG] [REWRITE] 모든 시도 실패, 원본 유지: expected string or bytes-like object, got 'AsyncMock'
ERROR    core.graph_builder:graph_builder.py:124 LLM 호출 중 오류 발생: expected string or bytes-like object, got 'AsyncMock'
WARNING  core.graph_builder:graph_builder.py:542 [RAG] [REWRITE] 모든 시도 실패, 원본 유지: expected string or bytes-like object, got 'AsyncMock'
ERROR    core.graph_builder:graph_builder.py:124 LLM 호출 중 오류 발생: expected string or bytes-like object, got 'AsyncMock'
WARNING  core.graph_builder:graph_builder.py:542 [RAG] [REWRITE] 모든 시도 실패, 원본 유지: expected string or bytes-like object, got 'AsyncMock'
ERROR    core.graph_builder:graph_builder.py:124 LLM 호출 중 오류 발생: expected string or bytes-like object, got 'AsyncMock'
WARNING  core.graph_builder:graph_builder.py:542 [RAG] [REWRITE] 모든 시도 실패, 원본 유지: expected string or bytes-like object, got 'AsyncMock'
ERROR    core.graph_builder:graph_builder.py:124 LLM 호출 중 오류 발생: expected string or bytes-like object, got 'AsyncMock'
WARNING  core.graph_builder:graph_builder.py:542 [RAG] [REWRITE] 모든 시도 실패, 원본 유지: expected string or bytes-like object, got 'AsyncMock'
ERROR    core.graph_builder:graph_builder.py:124 LLM 호출 중 오류 발생: expected string or bytes-like object, got 'AsyncMock'
WARNING  core.graph_builder:graph_builder.py:542 [RAG] [REWRITE] 모든 시도 실패, 원본 유지: expected string or bytes-like object, got 'AsyncMock'
ERROR    core.graph_builder:graph_builder.py:124 LLM 호출 중 오류 발생: expected string or bytes-like object, got 'AsyncMock'
WARNING  core.graph_builder:graph_builder.py:542 [RAG] [REWRITE] 모든 시도 실패, 원본 유지: expected string or bytes-like object, got 'AsyncMock'
ERROR    core.graph_builder:graph_builder.py:124 LLM 호출 중 오류 발생: expected string or bytes-like object, got 'AsyncMock'
WARNING  core.graph_builder:graph_builder.py:542 [RAG] [REWRITE] 모든 시도 실패, 원본 유지: expected string or bytes-like object, got 'AsyncMock'
ERROR    core.graph_builder:graph_builder.py:124 LLM 호출 중 오류 발생: expected string or bytes-like object, got 'AsyncMock'
WARNING  core.graph_builder:graph_builder.py:542 [RAG] [REWRITE] 모든 시도 실패, 원본 유지: expected string or bytes-like object, got 'AsyncMock'
ERROR    core.graph_builder:graph_builder.py:124 LLM 호출 중 오류 발생: expected string or bytes-like object, got 'AsyncMock'
WARNING  core.graph_builder:graph_builder.py:542 [RAG] [REWRITE] 모든 시도 실패, 원본 유지: expected string or bytes-like object, got 'AsyncMock'
ERROR    core.graph_builder:graph_builder.py:124 LLM 호출 중 오류 발생: expected string or bytes-like object, got 'AsyncMock'
WARNING  core.graph_builder:graph_builder.py:542 [RAG] [REWRITE] 모든 시도 실패, 원본 유지: expected string or bytes-like object, got 'AsyncMock'
ERROR    core.graph_builder:graph_builder.py:124 LLM 호출 중 오류 발생: expected string or bytes-like object, got 'AsyncMock'
WARNING  core.graph_builder:graph_builder.py:542 [RAG] [REWRITE] 모든 시도 실패, 원본 유지: expected string or bytes-like object, got 'AsyncMock'
ERROR    core.graph_builder:graph_builder.py:124 LLM 호출 중 오류 발생: expected string or bytes-like object, got 'AsyncMock'
WARNING  core.graph_builder:graph_builder.py:542 [RAG] [REWRITE] 모든 시도 실패, 원본 유지: expected string or bytes-like object, got 'AsyncMock'
ERROR    core.graph_builder:graph_builder.py:124 LLM 호출 중 오류 발생: expected string or bytes-like object, got 'AsyncMock'
WARNING  core.graph_builder:graph_builder.py:542 [RAG] [REWRITE] 모든 시도 실패, 원본 유지: expected string or bytes-like object, got 'AsyncMock'
ERROR    core.graph_builder:graph_builder.py:124 LLM 호출 중 오류 발생: expected string or bytes-like object, got 'AsyncMock'
WARNING  core.graph_builder:graph_builder.py:542 [RAG] [REWRITE] 모든 시도 실패, 원본 유지: expected string or bytes-like object, got 'AsyncMock'
ERROR    core.graph_builder:graph_builder.py:124 LLM 호출 중 오류 발생: expected string or bytes-like object, got 'AsyncMock'
WARNING  core.graph_builder:graph_builder.py:542 [RAG] [REWRITE] 모든 시도 실패, 원본 유지: expected string or bytes-like object, got 'AsyncMock'
ERROR    core.graph_builder:graph_builder.py:124 LLM 호출 중 오류 발생: expected string or bytes-like object, got 'AsyncMock'
WARNING  core.graph_builder:graph_builder.py:542 [RAG] [REWRITE] 모든 시도 실패, 원본 유지: expected string or bytes-like object, got 'AsyncMock'
ERROR    core.graph_builder:graph_builder.py:124 LLM 호출 중 오류 발생: expected string or bytes-like object, got 'AsyncMock'
WARNING  core.graph_builder:graph_builder.py:542 [RAG] [REWRITE] 모든 시도 실패, 원본 유지: expected string or bytes-like object, got 'AsyncMock'
ERROR    core.graph_builder:graph_builder.py:124 LLM 호출 중 오류 발생: expected string or bytes-like object, got 'AsyncMock'
WARNING  core.graph_builder:graph_builder.py:542 [RAG] [REWRITE] 모든 시도 실패, 원본 유지: expected string or bytes-like object, got 'AsyncMock'
ERROR    core.graph_builder:graph_builder.py:124 LLM 호출 중 오류 발생: expected string or bytes-like object, got 'AsyncMock'
WARNING  core.graph_builder:graph_builder.py:542 [RAG] [REWRITE] 모든 시도 실패, 원본 유지: expected string or bytes-like object, got 'AsyncMock'
ERROR    core.graph_builder:graph_builder.py:124 LLM 호출 중 오류 발생: expected string or bytes-like object, got 'AsyncMock'
WARNING  core.graph_builder:graph_builder.py:542 [RAG] [REWRITE] 모든 시도 실패, 원본 유지: expected string or bytes-like object, got 'AsyncMock'
ERROR    core.graph_builder:graph_builder.py:124 LLM 호출 중 오류 발생: expected string or bytes-like object, got 'AsyncMock'
WARNING  core.graph_builder:graph_builder.py:542 [RAG] [REWRITE] 모든 시도 실패, 원본 유지: expected string or bytes-like object, got 'AsyncMock'
ERROR    core.graph_builder:graph_builder.py:124 LLM 호출 중 오류 발생: expected string or bytes-like object, got 'AsyncMock'
WARNING  core.graph_builder:graph_builder.py:542 [RAG] [REWRITE] 모든 시도 실패, 원본 유지: expected string or bytes-like object, got 'AsyncMock'
ERROR    core.graph_builder:graph_builder.py:124 LLM 호출 중 오류 발생: expected string or bytes-like object, got 'AsyncMock'
WARNING  core.graph_builder:graph_builder.py:542 [RAG] [REWRITE] 모든 시도 실패, 원본 유지: expected string or bytes-like object, got 'AsyncMock'
ERROR    core.graph_builder:graph_builder.py:124 LLM 호출 중 오류 발생: expected string or bytes-like object, got 'AsyncMock'
WARNING  core.graph_builder:graph_builder.py:542 [RAG] [REWRITE] 모든 시도 실패, 원본 유지: expected string or bytes-like object, got 'AsyncMock'
ERROR    core.graph_builder:graph_builder.py:124 LLM 호출 중 오류 발생: expected string or bytes-like object, got 'AsyncMock'
WARNING  core.graph_builder:graph_builder.py:542 [RAG] [REWRITE] 모든 시도 실패, 원본 유지: expected string or bytes-like object, got 'AsyncMock'
ERROR    core.graph_builder:graph_builder.py:124 LLM 호출 중 오류 발생: expected string or bytes-like object, got 'AsyncMock'
WARNING  core.graph_builder:graph_builder.py:542 [RAG] [REWRITE] 모든 시도 실패, 원본 유지: expected string or bytes-like object, got 'AsyncMock'
ERROR    core.graph_builder:graph_builder.py:124 LLM 호출 중 오류 발생: expected string or bytes-like object, got 'AsyncMock'
WARNING  core.graph_builder:graph_builder.py:542 [RAG] [REWRITE] 모든 시도 실패, 원본 유지: expected string or bytes-like object, got 'AsyncMock'
ERROR    core.graph_builder:graph_builder.py:124 LLM 호출 중 오류 발생: expected string or bytes-like object, got 'AsyncMock'
WARNING  core.graph_builder:graph_builder.py:542 [RAG] [REWRITE] 모든 시도 실패, 원본 유지: expected string or bytes-like object, got 'AsyncMock'
ERROR    core.graph_builder:graph_builder.py:124 LLM 호출 중 오류 발생: expected string or bytes-like object, got 'AsyncMock'
WARNING  core.graph_builder:graph_builder.py:542 [RAG] [REWRITE] 모든 시도 실패, 원본 유지: expected string or bytes-like object, got 'AsyncMock'
ERROR    core.graph_builder:graph_builder.py:124 LLM 호출 중 오류 발생: expected string or bytes-like object, got 'AsyncMock'
WARNING  core.graph_builder:graph_builder.py:542 [RAG] [REWRITE] 모든 시도 실패, 원본 유지: expected string or bytes-like object, got 'AsyncMock'
ERROR    core.graph_builder:graph_builder.py:124 LLM 호출 중 오류 발생: expected string or bytes-like object, got 'AsyncMock'
WARNING  core.graph_builder:graph_builder.py:542 [RAG] [REWRITE] 모든 시도 실패, 원본 유지: expected string or bytes-like object, got 'AsyncMock'
ERROR    core.graph_builder:graph_builder.py:124 LLM 호출 중 오류 발생: expected string or bytes-like object, got 'AsyncMock'
WARNING  core.graph_builder:graph_builder.py:542 [RAG] [REWRITE] 모든 시도 실패, 원본 유지: expected string or bytes-like object, got 'AsyncMock'
ERROR    core.graph_builder:graph_builder.py:124 LLM 호출 중 오류 발생: expected string or bytes-like object, got 'AsyncMock'
WARNING  core.graph_builder:graph_builder.py:542 [RAG] [REWRITE] 모든 시도 실패, 원본 유지: expected string or bytes-like object, got 'AsyncMock'
ERROR    core.graph_builder:graph_builder.py:124 LLM 호출 중 오류 발생: expected string or bytes-like object, got 'AsyncMock'
WARNING  core.graph_builder:graph_builder.py:542 [RAG] [REWRITE] 모든 시도 실패, 원본 유지: expected string or bytes-like object, got 'AsyncMock'
ERROR    core.graph_builder:graph_builder.py:124 LLM 호출 중 오류 발생: expected string or bytes-like object, got 'AsyncMock'
WARNING  core.graph_builder:graph_builder.py:542 [RAG] [REWRITE] 모든 시도 실패, 원본 유지: expected string or bytes-like object, got 'AsyncMock'
ERROR    core.graph_builder:graph_builder.py:124 LLM 호출 중 오류 발생: expected string or bytes-like object, got 'AsyncMock'
WARNING  core.graph_builder:graph_builder.py:542 [RAG] [REWRITE] 모든 시도 실패, 원본 유지: expected string or bytes-like object, got 'AsyncMock'
ERROR    core.graph_builder:graph_builder.py:124 LLM 호출 중 오류 발생: expected string or bytes-like object, got 'AsyncMock'
WARNING  core.graph_builder:graph_builder.py:542 [RAG] [REWRITE] 모든 시도 실패, 원본 유지: expected string or bytes-like object, got 'AsyncMock'
ERROR    core.graph_builder:graph_builder.py:124 LLM 호출 중 오류 발생: expected string or bytes-like object, got 'AsyncMock'
WARNING  core.graph_builder:graph_builder.py:542 [RAG] [REWRITE] 모든 시도 실패, 원본 유지: expected string or bytes-like object, got 'AsyncMock'
ERROR    core.graph_builder:graph_builder.py:124 LLM 호출 중 오류 발생: expected string or bytes-like object, got 'AsyncMock'
WARNING  core.graph_builder:graph_builder.py:542 [RAG] [REWRITE] 모든 시도 실패, 원본 유지: expected string or bytes-like object, got 'AsyncMock'
ERROR    core.graph_builder:graph_builder.py:124 LLM 호출 중 오류 발생: expected string or bytes-like object, got 'AsyncMock'
WARNING  core.graph_builder:graph_builder.py:542 [RAG] [REWRITE] 모든 시도 실패, 원본 유지: expected string or bytes-like object, got 'AsyncMock'
ERROR    core.graph_builder:graph_builder.py:124 LLM 호출 중 오류 발생: expected string or bytes-like object, got 'AsyncMock'
WARNING  core.graph_builder:graph_builder.py:542 [RAG] [REWRITE] 모든 시도 실패, 원본 유지: expected string or bytes-like object, got 'AsyncMock'
ERROR    core.graph_builder:graph_builder.py:124 LLM 호출 중 오류 발생: expected string or bytes-like object, got 'AsyncMock'
WARNING  core.graph_builder:graph_builder.py:542 [RAG] [REWRITE] 모든 시도 실패, 원본 유지: expected string or bytes-like object, got 'AsyncMock'
ERROR    core.graph_builder:graph_builder.py:124 LLM 호출 중 오류 발생: expected string or bytes-like object, got 'AsyncMock'
WARNING  core.graph_builder:graph_builder.py:542 [RAG] [REWRITE] 모든 시도 실패, 원본 유지: expected string or bytes-like object, got 'AsyncMock'
ERROR    core.graph_builder:graph_builder.py:124 LLM 호출 중 오류 발생: expected string or bytes-like object, got 'AsyncMock'
WARNING  core.graph_builder:graph_builder.py:542 [RAG] [REWRITE] 모든 시도 실패, 원본 유지: expected string or bytes-like object, got 'AsyncMock'
ERROR    core.graph_builder:graph_builder.py:124 LLM 호출 중 오류 발생: expected string or bytes-like object, got 'AsyncMock'
WARNING  core.graph_builder:graph_builder.py:542 [RAG] [REWRITE] 모든 시도 실패, 원본 유지: expected string or bytes-like object, got 'AsyncMock'
ERROR    core.graph_builder:graph_builder.py:124 LLM 호출 중 오류 발생: expected string or bytes-like object, got 'AsyncMock'
WARNING  core.graph_builder:graph_builder.py:542 [RAG] [REWRITE] 모든 시도 실패, 원본 유지: expected string or bytes-like object, got 'AsyncMock'
ERROR    core.graph_builder:graph_builder.py:124 LLM 호출 중 오류 발생: expected string or bytes-like object, got 'AsyncMock'
WARNING  core.graph_builder:graph_builder.py:542 [RAG] [REWRITE] 모든 시도 실패, 원본 유지: expected string or bytes-like object, got 'AsyncMock'
ERROR    core.graph_builder:graph_builder.py:124 LLM 호출 중 오류 발생: expected string or bytes-like object, got 'AsyncMock'
WARNING  core.graph_builder:graph_builder.py:542 [RAG] [REWRITE] 모든 시도 실패, 원본 유지: expected string or bytes-like object, got 'AsyncMock'
ERROR    core.graph_builder:graph_builder.py:124 LLM 호출 중 오류 발생: expected string or bytes-like object, got 'AsyncMock'
WARNING  core.graph_builder:graph_builder.py:542 [RAG] [REWRITE] 모든 시도 실패, 원본 유지: expected string or bytes-like object, got 'AsyncMock'
ERROR    core.graph_builder:graph_builder.py:124 LLM 호출 중 오류 발생: expected string or bytes-like object, got 'AsyncMock'
WARNING  core.graph_builder:graph_builder.py:542 [RAG] [REWRITE] 모든 시도 실패, 원본 유지: expected string or bytes-like object, got 'AsyncMock'
ERROR    core.graph_builder:graph_builder.py:124 LLM 호출 중 오류 발생: expected string or bytes-like object, got 'AsyncMock'
WARNING  core.graph_builder:graph_builder.py:542 [RAG] [REWRITE] 모든 시도 실패, 원본 유지: expected string or bytes-like object, got 'AsyncMock'
ERROR    core.graph_builder:graph_builder.py:124 LLM 호출 중 오류 발생: expected string or bytes-like object, got 'AsyncMock'
WARNING  core.graph_builder:graph_builder.py:542 [RAG] [REWRITE] 모든 시도 실패, 원본 유지: expected string or bytes-like object, got 'AsyncMock'
ERROR    core.graph_builder:graph_builder.py:124 LLM 호출 중 오류 발생: expected string or bytes-like object, got 'AsyncMock'
WARNING  core.graph_builder:graph_builder.py:542 [RAG] [REWRITE] 모든 시도 실패, 원본 유지: expected string or bytes-like object, got 'AsyncMock'
ERROR    core.graph_builder:graph_builder.py:124 LLM 호출 중 오류 발생: expected string or bytes-like object, got 'AsyncMock'
WARNING  core.graph_builder:graph_builder.py:542 [RAG] [REWRITE] 모든 시도 실패, 원본 유지: expected string or bytes-like object, got 'AsyncMock'
ERROR    core.graph_builder:graph_builder.py:124 LLM 호출 중 오류 발생: expected string or bytes-like object, got 'AsyncMock'
WARNING  core.graph_builder:graph_builder.py:542 [RAG] [REWRITE] 모든 시도 실패, 원본 유지: expected string or bytes-like object, got 'AsyncMock'
ERROR    core.graph_builder:graph_builder.py:124 LLM 호출 중 오류 발생: expected string or bytes-like object, got 'AsyncMock'
WARNING  core.graph_builder:graph_builder.py:542 [RAG] [REWRITE] 모든 시도 실패, 원본 유지: expected string or bytes-like object, got 'AsyncMock'
ERROR    core.graph_builder:graph_builder.py:124 LLM 호출 중 오류 발생: expected string or bytes-like object, got 'AsyncMock'
WARNING  core.graph_builder:graph_builder.py:542 [RAG] [REWRITE] 모든 시도 실패, 원본 유지: expected string or bytes-like object, got 'AsyncMock'
ERROR    core.graph_builder:graph_builder.py:124 LLM 호출 중 오류 발생: expected string or bytes-like object, got 'AsyncMock'
WARNING  core.graph_builder:graph_builder.py:542 [RAG] [REWRITE] 모든 시도 실패, 원본 유지: expected string or bytes-like object, got 'AsyncMock'
ERROR    core.graph_builder:graph_builder.py:124 LLM 호출 중 오류 발생: expected string or bytes-like object, got 'AsyncMock'
WARNING  core.graph_builder:graph_builder.py:542 [RAG] [REWRITE] 모든 시도 실패, 원본 유지: expected string or bytes-like object, got 'AsyncMock'
ERROR    core.graph_builder:graph_builder.py:124 LLM 호출 중 오류 발생: expected string or bytes-like object, got 'AsyncMock'
WARNING  core.graph_builder:graph_builder.py:542 [RAG] [REWRITE] 모든 시도 실패, 원본 유지: expected string or bytes-like object, got 'AsyncMock'
ERROR    core.graph_builder:graph_builder.py:124 LLM 호출 중 오류 발생: expected string or bytes-like object, got 'AsyncMock'
WARNING  core.graph_builder:graph_builder.py:542 [RAG] [REWRITE] 모든 시도 실패, 원본 유지: expected string or bytes-like object, got 'AsyncMock'
ERROR    core.graph_builder:graph_builder.py:124 LLM 호출 중 오류 발생: expected string or bytes-like object, got 'AsyncMock'
WARNING  core.graph_builder:graph_builder.py:542 [RAG] [REWRITE] 모든 시도 실패, 원본 유지: expected string or bytes-like object, got 'AsyncMock'
ERROR    core.graph_builder:graph_builder.py:124 LLM 호출 중 오류 발생: expected string or bytes-like object, got 'AsyncMock'
WARNING  core.graph_builder:graph_builder.py:542 [RAG] [REWRITE] 모든 시도 실패, 원본 유지: expected string or bytes-like object, got 'AsyncMock'
ERROR    core.graph_builder:graph_builder.py:124 LLM 호출 중 오류 발생: expected string or bytes-like object, got 'AsyncMock'
WARNING  core.graph_builder:graph_builder.py:542 [RAG] [REWRITE] 모든 시도 실패, 원본 유지: expected string or bytes-like object, got 'AsyncMock'
ERROR    core.graph_builder:graph_builder.py:124 LLM 호출 중 오류 발생: expected string or bytes-like object, got 'AsyncMock'
WARNING  core.graph_builder:graph_builder.py:542 [RAG] [REWRITE] 모든 시도 실패, 원본 유지: expected string or bytes-like object, got 'AsyncMock'
ERROR    core.graph_builder:graph_builder.py:124 LLM 호출 중 오류 발생: expected string or bytes-like object, got 'AsyncMock'
WARNING  core.graph_builder:graph_builder.py:542 [RAG] [REWRITE] 모든 시도 실패, 원본 유지: expected string or bytes-like object, got 'AsyncMock'
ERROR    core.graph_builder:graph_builder.py:124 LLM 호출 중 오류 발생: expected string or bytes-like object, got 'AsyncMock'
WARNING  core.graph_builder:graph_builder.py:542 [RAG] [REWRITE] 모든 시도 실패, 원본 유지: expected string or bytes-like object, got 'AsyncMock'
ERROR    core.graph_builder:graph_builder.py:124 LLM 호출 중 오류 발생: expected string or bytes-like object, got 'AsyncMock'
WARNING  core.graph_builder:graph_builder.py:542 [RAG] [REWRITE] 모든 시도 실패, 원본 유지: expected string or bytes-like object, got 'AsyncMock'
ERROR    core.graph_builder:graph_builder.py:124 LLM 호출 중 오류 발생: expected string or bytes-like object, got 'AsyncMock'
WARNING  core.graph_builder:graph_builder.py:542 [RAG] [REWRITE] 모든 시도 실패, 원본 유지: expected string or bytes-like object, got 'AsyncMock'
ERROR    core.graph_builder:graph_builder.py:124 LLM 호출 중 오류 발생: expected string or bytes-like object, got 'AsyncMock'
WARNING  core.graph_builder:graph_builder.py:542 [RAG] [REWRITE] 모든 시도 실패, 원본 유지: expected string or bytes-like object, got 'AsyncMock'
ERROR    core.graph_builder:graph_builder.py:124 LLM 호출 중 오류 발생: expected string or bytes-like object, got 'AsyncMock'
WARNING  core.graph_builder:graph_builder.py:542 [RAG] [REWRITE] 모든 시도 실패, 원본 유지: expected string or bytes-like object, got 'AsyncMock'
ERROR    core.graph_builder:graph_builder.py:124 LLM 호출 중 오류 발생: expected string or bytes-like object, got 'AsyncMock'
WARNING  core.graph_builder:graph_builder.py:542 [RAG] [REWRITE] 모든 시도 실패, 원본 유지: expected string or bytes-like object, got 'AsyncMock'
ERROR    core.graph_builder:graph_builder.py:124 LLM 호출 중 오류 발생: expected string or bytes-like object, got 'AsyncMock'
WARNING  core.graph_builder:graph_builder.py:542 [RAG] [REWRITE] 모든 시도 실패, 원본 유지: expected string or bytes-like object, got 'AsyncMock'
ERROR    core.graph_builder:graph_builder.py:124 LLM 호출 중 오류 발생: expected string or bytes-like object, got 'AsyncMock'
WARNING  core.graph_builder:graph_builder.py:542 [RAG] [REWRITE] 모든 시도 실패, 원본 유지: expected string or bytes-like object, got 'AsyncMock'
ERROR    core.graph_builder:graph_builder.py:124 LLM 호출 중 오류 발생: expected string or bytes-like object, got 'AsyncMock'
WARNING  core.graph_builder:graph_builder.py:542 [RAG] [REWRITE] 모든 시도 실패, 원본 유지: expected string or bytes-like object, got 'AsyncMock'
ERROR    core.graph_builder:graph_builder.py:124 LLM 호출 중 오류 발생: expected string or bytes-like object, got 'AsyncMock'
WARNING  core.graph_builder:graph_builder.py:542 [RAG] [REWRITE] 모든 시도 실패, 원본 유지: expected string or bytes-like object, got 'AsyncMock'
ERROR    core.graph_builder:graph_builder.py:124 LLM 호출 중 오류 발생: expected string or bytes-like object, got 'AsyncMock'
WARNING  core.graph_builder:graph_builder.py:542 [RAG] [REWRITE] 모든 시도 실패, 원본 유지: expected string or bytes-like object, got 'AsyncMock'
ERROR    core.graph_builder:graph_builder.py:124 LLM 호출 중 오류 발생: expected string or bytes-like object, got 'AsyncMock'
WARNING  core.graph_builder:graph_builder.py:542 [RAG] [REWRITE] 모든 시도 실패, 원본 유지: expected string or bytes-like object, got 'AsyncMock'
ERROR    core.graph_builder:graph_builder.py:124 LLM 호출 중 오류 발생: expected string or bytes-like object, got 'AsyncMock'
WARNING  core.graph_builder:graph_builder.py:542 [RAG] [REWRITE] 모든 시도 실패, 원본 유지: expected string or bytes-like object, got 'AsyncMock'
ERROR    core.graph_builder:graph_builder.py:124 LLM 호출 중 오류 발생: expected string or bytes-like object, got 'AsyncMock'
WARNING  core.graph_builder:graph_builder.py:542 [RAG] [REWRITE] 모든 시도 실패, 원본 유지: expected string or bytes-like object, got 'AsyncMock'
ERROR    core.graph_builder:graph_builder.py:124 LLM 호출 중 오류 발생: expected string or bytes-like object, got 'AsyncMock'
WARNING  core.graph_builder:graph_builder.py:542 [RAG] [REWRITE] 모든 시도 실패, 원본 유지: expected string or bytes-like object, got 'AsyncMock'
ERROR    core.graph_builder:graph_builder.py:124 LLM 호출 중 오류 발생: expected string or bytes-like object, got 'AsyncMock'
WARNING  core.graph_builder:graph_builder.py:542 [RAG] [REWRITE] 모든 시도 실패, 원본 유지: expected string or bytes-like object, got 'AsyncMock'
ERROR    core.graph_builder:graph_builder.py:124 LLM 호출 중 오류 발생: expected string or bytes-like object, got 'AsyncMock'
WARNING  core.graph_builder:graph_builder.py:542 [RAG] [REWRITE] 모든 시도 실패, 원본 유지: expected string or bytes-like object, got 'AsyncMock'
ERROR    core.graph_builder:graph_builder.py:124 LLM 호출 중 오류 발생: expected string or bytes-like object, got 'AsyncMock'
WARNING  core.graph_builder:graph_builder.py:542 [RAG] [REWRITE] 모든 시도 실패, 원본 유지: expected string or bytes-like object, got 'AsyncMock'
ERROR    core.graph_builder:graph_builder.py:124 LLM 호출 중 오류 발생: expected string or bytes-like object, got 'AsyncMock'
WARNING  core.graph_builder:graph_builder.py:542 [RAG] [REWRITE] 모든 시도 실패, 원본 유지: expected string or bytes-like object, got 'AsyncMock'
ERROR    core.graph_builder:graph_builder.py:124 LLM 호출 중 오류 발생: expected string or bytes-like object, got 'AsyncMock'
WARNING  core.graph_builder:graph_builder.py:542 [RAG] [REWRITE] 모든 시도 실패, 원본 유지: expected string or bytes-like object, got 'AsyncMock'
ERROR    core.graph_builder:graph_builder.py:124 LLM 호출 중 오류 발생: expected string or bytes-like object, got 'AsyncMock'
WARNING  core.graph_builder:graph_builder.py:542 [RAG] [REWRITE] 모든 시도 실패, 원본 유지: expected string or bytes-like object, got 'AsyncMock'
ERROR    core.graph_builder:graph_builder.py:124 LLM 호출 중 오류 발생: expected string or bytes-like object, got 'AsyncMock'
WARNING  core.graph_builder:graph_builder.py:542 [RAG] [REWRITE] 모든 시도 실패, 원본 유지: expected string or bytes-like object, got 'AsyncMock'
ERROR    core.graph_builder:graph_builder.py:124 LLM 호출 중 오류 발생: expected string or bytes-like object, got 'AsyncMock'
WARNING  core.graph_builder:graph_builder.py:542 [RAG] [REWRITE] 모든 시도 실패, 원본 유지: expected string or bytes-like object, got 'AsyncMock'
ERROR    core.graph_builder:graph_builder.py:124 LLM 호출 중 오류 발생: expected string or bytes-like object, got 'AsyncMock'
WARNING  core.graph_builder:graph_builder.py:542 [RAG] [REWRITE] 모든 시도 실패, 원본 유지: expected string or bytes-like object, got 'AsyncMock'
ERROR    core.graph_builder:graph_builder.py:124 LLM 호출 중 오류 발생: expected string or bytes-like object, got 'AsyncMock'
WARNING  core.graph_builder:graph_builder.py:542 [RAG] [REWRITE] 모든 시도 실패, 원본 유지: expected string or bytes-like object, got 'AsyncMock'
ERROR    core.graph_builder:graph_builder.py:124 LLM 호출 중 오류 발생: expected string or bytes-like object, got 'AsyncMock'
WARNING  core.graph_builder:graph_builder.py:542 [RAG] [REWRITE] 모든 시도 실패, 원본 유지: expected string or bytes-like object, got 'AsyncMock'
ERROR    core.graph_builder:graph_builder.py:124 LLM 호출 중 오류 발생: expected string or bytes-like object, got 'AsyncMock'
WARNING  core.graph_builder:graph_builder.py:542 [RAG] [REWRITE] 모든 시도 실패, 원본 유지: expected string or bytes-like object, got 'AsyncMock'
ERROR    core.graph_builder:graph_builder.py:124 LLM 호출 중 오류 발생: expected string or bytes-like object, got 'AsyncMock'
WARNING  core.graph_builder:graph_builder.py:542 [RAG] [REWRITE] 모든 시도 실패, 원본 유지: expected string or bytes-like object, got 'AsyncMock'
ERROR    core.graph_builder:graph_builder.py:124 LLM 호출 중 오류 발생: expected string or bytes-like object, got 'AsyncMock'
WARNING  core.graph_builder:graph_builder.py:542 [RAG] [REWRITE] 모든 시도 실패, 원본 유지: expected string or bytes-like object, got 'AsyncMock'
ERROR    core.graph_builder:graph_builder.py:124 LLM 호출 중 오류 발생: expected string or bytes-like object, got 'AsyncMock'
WARNING  core.graph_builder:graph_builder.py:542 [RAG] [REWRITE] 모든 시도 실패, 원본 유지: expected string or bytes-like object, got 'AsyncMock'
ERROR    core.graph_builder:graph_builder.py:124 LLM 호출 중 오류 발생: expected string or bytes-like object, got 'AsyncMock'
WARNING  core.graph_builder:graph_builder.py:542 [RAG] [REWRITE] 모든 시도 실패, 원본 유지: expected string or bytes-like object, got 'AsyncMock'
ERROR    core.graph_builder:graph_builder.py:124 LLM 호출 중 오류 발생: expected string or bytes-like object, got 'AsyncMock'
WARNING  core.graph_builder:graph_builder.py:542 [RAG] [REWRITE] 모든 시도 실패, 원본 유지: expected string or bytes-like object, got 'AsyncMock'
ERROR    core.graph_builder:graph_builder.py:124 LLM 호출 중 오류 발생: expected string or bytes-like object, got 'AsyncMock'
WARNING  core.graph_builder:graph_builder.py:542 [RAG] [REWRITE] 모든 시도 실패, 원본 유지: expected string or bytes-like object, got 'AsyncMock'
ERROR    core.graph_builder:graph_builder.py:124 LLM 호출 중 오류 발생: expected string or bytes-like object, got 'AsyncMock'
WARNING  core.graph_builder:graph_builder.py:542 [RAG] [REWRITE] 모든 시도 실패, 원본 유지: expected string or bytes-like object, got 'AsyncMock'
ERROR    core.graph_builder:graph_builder.py:124 LLM 호출 중 오류 발생: expected string or bytes-like object, got 'AsyncMock'
WARNING  core.graph_builder:graph_builder.py:542 [RAG] [REWRITE] 모든 시도 실패, 원본 유지: expected string or bytes-like object, got 'AsyncMock'
ERROR    core.graph_builder:graph_builder.py:124 LLM 호출 중 오류 발생: expected string or bytes-like object, got 'AsyncMock'
WARNING  core.graph_builder:graph_builder.py:542 [RAG] [REWRITE] 모든 시도 실패, 원본 유지: expected string or bytes-like object, got 'AsyncMock'
ERROR    core.graph_builder:graph_builder.py:124 LLM 호출 중 오류 발생: expected string or bytes-like object, got 'AsyncMock'
WARNING  core.graph_builder:graph_builder.py:542 [RAG] [REWRITE] 모든 시도 실패, 원본 유지: expected string or bytes-like object, got 'AsyncMock'
ERROR    core.graph_builder:graph_builder.py:124 LLM 호출 중 오류 발생: expected string or bytes-like object, got 'AsyncMock'
WARNING  core.graph_builder:graph_builder.py:542 [RAG] [REWRITE] 모든 시도 실패, 원본 유지: expected string or bytes-like object, got 'AsyncMock'
ERROR    core.graph_builder:graph_builder.py:124 LLM 호출 중 오류 발생: expected string or bytes-like object, got 'AsyncMock'
WARNING  core.graph_builder:graph_builder.py:542 [RAG] [REWRITE] 모든 시도 실패, 원본 유지: expected string or bytes-like object, got 'AsyncMock'
ERROR    core.graph_builder:graph_builder.py:124 LLM 호출 중 오류 발생: expected string or bytes-like object, got 'AsyncMock'
WARNING  core.graph_builder:graph_builder.py:542 [RAG] [REWRITE] 모든 시도 실패, 원본 유지: expected string or bytes-like object, got 'AsyncMock'
ERROR    core.graph_builder:graph_builder.py:124 LLM 호출 중 오류 발생: expected string or bytes-like object, got 'AsyncMock'
WARNING  core.graph_builder:graph_builder.py:542 [RAG] [REWRITE] 모든 시도 실패, 원본 유지: expected string or bytes-like object, got 'AsyncMock'
ERROR    core.graph_builder:graph_builder.py:124 LLM 호출 중 오류 발생: expected string or bytes-like object, got 'AsyncMock'
WARNING  core.graph_builder:graph_builder.py:542 [RAG] [REWRITE] 모든 시도 실패, 원본 유지: expected string or bytes-like object, got 'AsyncMock'
ERROR    core.graph_builder:graph_builder.py:124 LLM 호출 중 오류 발생: expected string or bytes-like object, got 'AsyncMock'
WARNING  core.graph_builder:graph_builder.py:542 [RAG] [REWRITE] 모든 시도 실패, 원본 유지: expected string or bytes-like object, got 'AsyncMock'
ERROR    core.graph_builder:graph_builder.py:124 LLM 호출 중 오류 발생: expected string or bytes-like object, got 'AsyncMock'
WARNING  core.graph_builder:graph_builder.py:542 [RAG] [REWRITE] 모든 시도 실패, 원본 유지: expected string or bytes-like object, got 'AsyncMock'
ERROR    core.graph_builder:graph_builder.py:124 LLM 호출 중 오류 발생: expected string or bytes-like object, got 'AsyncMock'
WARNING  core.graph_builder:graph_builder.py:542 [RAG] [REWRITE] 모든 시도 실패, 원본 유지: expected string or bytes-like object, got 'AsyncMock'
ERROR    core.graph_builder:graph_builder.py:124 LLM 호출 중 오류 발생: expected string or bytes-like object, got 'AsyncMock'
WARNING  core.graph_builder:graph_builder.py:542 [RAG] [REWRITE] 모든 시도 실패, 원본 유지: expected string or bytes-like object, got 'AsyncMock'
ERROR    core.graph_builder:graph_builder.py:124 LLM 호출 중 오류 발생: expected string or bytes-like object, got 'AsyncMock'
WARNING  core.graph_builder:graph_builder.py:542 [RAG] [REWRITE] 모든 시도 실패, 원본 유지: expected string or bytes-like object, got 'AsyncMock'
ERROR    core.graph_builder:graph_builder.py:124 LLM 호출 중 오류 발생: expected string or bytes-like object, got 'AsyncMock'
WARNING  core.graph_builder:graph_builder.py:542 [RAG] [REWRITE] 모든 시도 실패, 원본 유지: expected string or bytes-like object, got 'AsyncMock'
ERROR    core.graph_builder:graph_builder.py:124 LLM 호출 중 오류 발생: expected string or bytes-like object, got 'AsyncMock'
WARNING  core.graph_builder:graph_builder.py:542 [RAG] [REWRITE] 모든 시도 실패, 원본 유지: expected string or bytes-like object, got 'AsyncMock'
ERROR    core.graph_builder:graph_builder.py:124 LLM 호출 중 오류 발생: expected string or bytes-like object, got 'AsyncMock'
WARNING  core.graph_builder:graph_builder.py:542 [RAG] [REWRITE] 모든 시도 실패, 원본 유지: expected string or bytes-like object, got 'AsyncMock'
ERROR    core.graph_builder:graph_builder.py:124 LLM 호출 중 오류 발생: expected string or bytes-like object, got 'AsyncMock'
WARNING  core.graph_builder:graph_builder.py:542 [RAG] [REWRITE] 모든 시도 실패, 원본 유지: expected string or bytes-like object, got 'AsyncMock'
ERROR    core.graph_builder:graph_builder.py:124 LLM 호출 중 오류 발생: expected string or bytes-like object, got 'AsyncMock'
WARNING  core.graph_builder:graph_builder.py:542 [RAG] [REWRITE] 모든 시도 실패, 원본 유지: expected string or bytes-like object, got 'AsyncMock'
ERROR    core.graph_builder:graph_builder.py:124 LLM 호출 중 오류 발생: expected string or bytes-like object, got 'AsyncMock'
WARNING  core.graph_builder:graph_builder.py:542 [RAG] [REWRITE] 모든 시도 실패, 원본 유지: expected string or bytes-like object, got 'AsyncMock'
ERROR    core.graph_builder:graph_builder.py:124 LLM 호출 중 오류 발생: expected string or bytes-like object, got 'AsyncMock'
WARNING  core.graph_builder:graph_builder.py:542 [RAG] [REWRITE] 모든 시도 실패, 원본 유지: expected string or bytes-like object, got 'AsyncMock'
ERROR    core.graph_builder:graph_builder.py:124 LLM 호출 중 오류 발생: expected string or bytes-like object, got 'AsyncMock'
WARNING  core.graph_builder:graph_builder.py:542 [RAG] [REWRITE] 모든 시도 실패, 원본 유지: expected string or bytes-like object, got 'AsyncMock'
ERROR    core.graph_builder:graph_builder.py:124 LLM 호출 중 오류 발생: expected string or bytes-like object, got 'AsyncMock'
WARNING  core.graph_builder:graph_builder.py:542 [RAG] [REWRITE] 모든 시도 실패, 원본 유지: expected string or bytes-like object, got 'AsyncMock'
ERROR    core.graph_builder:graph_builder.py:124 LLM 호출 중 오류 발생: expected string or bytes-like object, got 'AsyncMock'
WARNING  core.graph_builder:graph_builder.py:542 [RAG] [REWRITE] 모든 시도 실패, 원본 유지: expected string or bytes-like object, got 'AsyncMock'
ERROR    core.graph_builder:graph_builder.py:124 LLM 호출 중 오류 발생: expected string or bytes-like object, got 'AsyncMock'
WARNING  core.graph_builder:graph_builder.py:542 [RAG] [REWRITE] 모든 시도 실패, 원본 유지: expected string or bytes-like object, got 'AsyncMock'
ERROR    core.graph_builder:graph_builder.py:124 LLM 호출 중 오류 발생: expected string or bytes-like object, got 'AsyncMock'
WARNING  core.graph_builder:graph_builder.py:542 [RAG] [REWRITE] 모든 시도 실패, 원본 유지: expected string or bytes-like object, got 'AsyncMock'
ERROR    core.graph_builder:graph_builder.py:124 LLM 호출 중 오류 발생: expected string or bytes-like object, got 'AsyncMock'
WARNING  core.graph_builder:graph_builder.py:542 [RAG] [REWRITE] 모든 시도 실패, 원본 유지: expected string or bytes-like object, got 'AsyncMock'
ERROR    core.graph_builder:graph_builder.py:124 LLM 호출 중 오류 발생: expected string or bytes-like object, got 'AsyncMock'
WARNING  core.graph_builder:graph_builder.py:542 [RAG] [REWRITE] 모든 시도 실패, 원본 유지: expected string or bytes-like object, got 'AsyncMock'
ERROR    core.graph_builder:graph_builder.py:124 LLM 호출 중 오류 발생: expected string or bytes-like object, got 'AsyncMock'
WARNING  core.graph_builder:graph_builder.py:542 [RAG] [REWRITE] 모든 시도 실패, 원본 유지: expected string or bytes-like object, got 'AsyncMock'
ERROR    core.graph_builder:graph_builder.py:124 LLM 호출 중 오류 발생: expected string or bytes-like object, got 'AsyncMock'
WARNING  core.graph_builder:graph_builder.py:542 [RAG] [REWRITE] 모든 시도 실패, 원본 유지: expected string or bytes-like object, got 'AsyncMock'
ERROR    core.graph_builder:graph_builder.py:124 LLM 호출 중 오류 발생: expected string or bytes-like object, got 'AsyncMock'
WARNING  core.graph_builder:graph_builder.py:542 [RAG] [REWRITE] 모든 시도 실패, 원본 유지: expected string or bytes-like object, got 'AsyncMock'
ERROR    core.graph_builder:graph_builder.py:124 LLM 호출 중 오류 발생: expected string or bytes-like object, got 'AsyncMock'
WARNING  core.graph_builder:graph_builder.py:542 [RAG] [REWRITE] 모든 시도 실패, 원본 유지: expected string or bytes-like object, got 'AsyncMock'
ERROR    core.graph_builder:graph_builder.py:124 LLM 호출 중 오류 발생: expected string or bytes-like object, got 'AsyncMock'
WARNING  core.graph_builder:graph_builder.py:542 [RAG] [REWRITE] 모든 시도 실패, 원본 유지: expected string or bytes-like object, got 'AsyncMock'
ERROR    core.graph_builder:graph_builder.py:124 LLM 호출 중 오류 발생: expected string or bytes-like object, got 'AsyncMock'
WARNING  core.graph_builder:graph_builder.py:542 [RAG] [REWRITE] 모든 시도 실패, 원본 유지: expected string or bytes-like object, got 'AsyncMock'
ERROR    core.graph_builder:graph_builder.py:124 LLM 호출 중 오류 발생: expected string or bytes-like object, got 'AsyncMock'
WARNING  core.graph_builder:graph_builder.py:542 [RAG] [REWRITE] 모든 시도 실패, 원본 유지: expected string or bytes-like object, got 'AsyncMock'
ERROR    core.graph_builder:graph_builder.py:124 LLM 호출 중 오류 발생: expected string or bytes-like object, got 'AsyncMock'
WARNING  core.graph_builder:graph_builder.py:542 [RAG] [REWRITE] 모든 시도 실패, 원본 유지: expected string or bytes-like object, got 'AsyncMock'
ERROR    core.graph_builder:graph_builder.py:124 LLM 호출 중 오류 발생: expected string or bytes-like object, got 'AsyncMock'
WARNING  core.graph_builder:graph_builder.py:542 [RAG] [REWRITE] 모든 시도 실패, 원본 유지: expected string or bytes-like object, got 'AsyncMock'
ERROR    core.graph_builder:graph_builder.py:124 LLM 호출 중 오류 발생: expected string or bytes-like object, got 'AsyncMock'
WARNING  core.graph_builder:graph_builder.py:542 [RAG] [REWRITE] 모든 시도 실패, 원본 유지: expected string or bytes-like object, got 'AsyncMock'
ERROR    core.graph_builder:graph_builder.py:124 LLM 호출 중 오류 발생: expected string or bytes-like object, got 'AsyncMock'
WARNING  core.graph_builder:graph_builder.py:542 [RAG] [REWRITE] 모든 시도 실패, 원본 유지: expected string or bytes-like object, got 'AsyncMock'
ERROR    core.graph_builder:graph_builder.py:124 LLM 호출 중 오류 발생: expected string or bytes-like object, got 'AsyncMock'
WARNING  core.graph_builder:graph_builder.py:542 [RAG] [REWRITE] 모든 시도 실패, 원본 유지: expected string or bytes-like object, got 'AsyncMock'
ERROR    core.graph_builder:graph_builder.py:124 LLM 호출 중 오류 발생: expected string or bytes-like object, got 'AsyncMock'
WARNING  core.graph_builder:graph_builder.py:542 [RAG] [REWRITE] 모든 시도 실패, 원본 유지: expected string or bytes-like object, got 'AsyncMock'
ERROR    core.graph_builder:graph_builder.py:124 LLM 호출 중 오류 발생: expected string or bytes-like object, got 'AsyncMock'
WARNING  core.graph_builder:graph_builder.py:542 [RAG] [REWRITE] 모든 시도 실패, 원본 유지: expected string or bytes-like object, got 'AsyncMock'
ERROR    core.graph_builder:graph_builder.py:124 LLM 호출 중 오류 발생: expected string or bytes-like object, got 'AsyncMock'
WARNING  core.graph_builder:graph_builder.py:542 [RAG] [REWRITE] 모든 시도 실패, 원본 유지: expected string or bytes-like object, got 'AsyncMock'
ERROR    core.graph_builder:graph_builder.py:124 LLM 호출 중 오류 발생: expected string or bytes-like object, got 'AsyncMock'
WARNING  core.graph_builder:graph_builder.py:542 [RAG] [REWRITE] 모든 시도 실패, 원본 유지: expected string or bytes-like object, got 'AsyncMock'
ERROR    core.graph_builder:graph_builder.py:124 LLM 호출 중 오류 발생: expected string or bytes-like object, got 'AsyncMock'
WARNING  core.graph_builder:graph_builder.py:542 [RAG] [REWRITE] 모든 시도 실패, 원본 유지: expected string or bytes-like object, got 'AsyncMock'
ERROR    core.graph_builder:graph_builder.py:124 LLM 호출 중 오류 발생: expected string or bytes-like object, got 'AsyncMock'
WARNING  core.graph_builder:graph_builder.py:542 [RAG] [REWRITE] 모든 시도 실패, 원본 유지: expected string or bytes-like object, got 'AsyncMock'
ERROR    core.graph_builder:graph_builder.py:124 LLM 호출 중 오류 발생: expected string or bytes-like object, got 'AsyncMock'
WARNING  core.graph_builder:graph_builder.py:542 [RAG] [REWRITE] 모든 시도 실패, 원본 유지: expected string or bytes-like object, got 'AsyncMock'
ERROR    core.graph_builder:graph_builder.py:124 LLM 호출 중 오류 발생: expected string or bytes-like object, got 'AsyncMock'
WARNING  core.graph_builder:graph_builder.py:542 [RAG] [REWRITE] 모든 시도 실패, 원본 유지: expected string or bytes-like object, got 'AsyncMock'
ERROR    core.graph_builder:graph_builder.py:124 LLM 호출 중 오류 발생: expected string or bytes-like object, got 'AsyncMock'
WARNING  core.graph_builder:graph_builder.py:542 [RAG] [REWRITE] 모든 시도 실패, 원본 유지: expected string or bytes-like object, got 'AsyncMock'
ERROR    core.graph_builder:graph_builder.py:124 LLM 호출 중 오류 발생: expected string or bytes-like object, got 'AsyncMock'
WARNING  core.graph_builder:graph_builder.py:542 [RAG] [REWRITE] 모든 시도 실패, 원본 유지: expected string or bytes-like object, got 'AsyncMock'
ERROR    core.graph_builder:graph_builder.py:124 LLM 호출 중 오류 발생: expected string or bytes-like object, got 'AsyncMock'
WARNING  core.graph_builder:graph_builder.py:542 [RAG] [REWRITE] 모든 시도 실패, 원본 유지: expected string or bytes-like object, got 'AsyncMock'
ERROR    core.graph_builder:graph_builder.py:124 LLM 호출 중 오류 발생: expected string or bytes-like object, got 'AsyncMock'
WARNING  core.graph_builder:graph_builder.py:542 [RAG] [REWRITE] 모든 시도 실패, 원본 유지: expected string or bytes-like object, got 'AsyncMock'
ERROR    core.graph_builder:graph_builder.py:124 LLM 호출 중 오류 발생: expected string or bytes-like object, got 'AsyncMock'
WARNING  core.graph_builder:graph_builder.py:542 [RAG] [REWRITE] 모든 시도 실패, 원본 유지: expected string or bytes-like object, got 'AsyncMock'
ERROR    core.graph_builder:graph_builder.py:124 LLM 호출 중 오류 발생: expected string or bytes-like object, got 'AsyncMock'
WARNING  core.graph_builder:graph_builder.py:542 [RAG] [REWRITE] 모든 시도 실패, 원본 유지: expected string or bytes-like object, got 'AsyncMock'
ERROR    core.graph_builder:graph_builder.py:124 LLM 호출 중 오류 발생: expected string or bytes-like object, got 'AsyncMock'
WARNING  core.graph_builder:graph_builder.py:542 [RAG] [REWRITE] 모든 시도 실패, 원본 유지: expected string or bytes-like object, got 'AsyncMock'
ERROR    core.graph_builder:graph_builder.py:124 LLM 호출 중 오류 발생: expected string or bytes-like object, got 'AsyncMock'
WARNING  core.graph_builder:graph_builder.py:542 [RAG] [REWRITE] 모든 시도 실패, 원본 유지: expected string or bytes-like object, got 'AsyncMock'
ERROR    core.graph_builder:graph_builder.py:124 LLM 호출 중 오류 발생: expected string or bytes-like object, got 'AsyncMock'
WARNING  core.graph_builder:graph_builder.py:542 [RAG] [REWRITE] 모든 시도 실패, 원본 유지: expected string or bytes-like object, got 'AsyncMock'
ERROR    core.graph_builder:graph_builder.py:124 LLM 호출 중 오류 발생: expected string or bytes-like object, got 'AsyncMock'
WARNING  core.graph_builder:graph_builder.py:542 [RAG] [REWRITE] 모든 시도 실패, 원본 유지: expected string or bytes-like object, got 'AsyncMock'
ERROR    core.graph_builder:graph_builder.py:124 LLM 호출 중 오류 발생: expected string or bytes-like object, got 'AsyncMock'
WARNING  core.graph_builder:graph_builder.py:542 [RAG] [REWRITE] 모든 시도 실패, 원본 유지: expected string or bytes-like object, got 'AsyncMock'
ERROR    core.graph_builder:graph_builder.py:124 LLM 호출 중 오류 발생: expected string or bytes-like object, got 'AsyncMock'
WARNING  core.graph_builder:graph_builder.py:542 [RAG] [REWRITE] 모든 시도 실패, 원본 유지: expected string or bytes-like object, got 'AsyncMock'
ERROR    core.graph_builder:graph_builder.py:124 LLM 호출 중 오류 발생: expected string or bytes-like object, got 'AsyncMock'
WARNING  core.graph_builder:graph_builder.py:542 [RAG] [REWRITE] 모든 시도 실패, 원본 유지: expected string or bytes-like object, got 'AsyncMock'
ERROR    core.graph_builder:graph_builder.py:124 LLM 호출 중 오류 발생: expected string or bytes-like object, got 'AsyncMock'
WARNING  core.graph_builder:graph_builder.py:542 [RAG] [REWRITE] 모든 시도 실패, 원본 유지: expected string or bytes-like object, got 'AsyncMock'
ERROR    core.graph_builder:graph_builder.py:124 LLM 호출 중 오류 발생: expected string or bytes-like object, got 'AsyncMock'
WARNING  core.graph_builder:graph_builder.py:542 [RAG] [REWRITE] 모든 시도 실패, 원본 유지: expected string or bytes-like object, got 'AsyncMock'
ERROR    core.graph_builder:graph_builder.py:124 LLM 호출 중 오류 발생: expected string or bytes-like object, got 'AsyncMock'
WARNING  core.graph_builder:graph_builder.py:542 [RAG] [REWRITE] 모든 시도 실패, 원본 유지: expected string or bytes-like object, got 'AsyncMock'
ERROR    core.graph_builder:graph_builder.py:124 LLM 호출 중 오류 발생: expected string or bytes-like object, got 'AsyncMock'
WARNING  core.graph_builder:graph_builder.py:542 [RAG] [REWRITE] 모든 시도 실패, 원본 유지: expected string or bytes-like object, got 'AsyncMock'
ERROR    core.graph_builder:graph_builder.py:124 LLM 호출 중 오류 발생: expected string or bytes-like object, got 'AsyncMock'
WARNING  core.graph_builder:graph_builder.py:542 [RAG] [REWRITE] 모든 시도 실패, 원본 유지: expected string or bytes-like object, got 'AsyncMock'
ERROR    core.graph_builder:graph_builder.py:124 LLM 호출 중 오류 발생: expected string or bytes-like object, got 'AsyncMock'
WARNING  core.graph_builder:graph_builder.py:542 [RAG] [REWRITE] 모든 시도 실패, 원본 유지: expected string or bytes-like object, got 'AsyncMock'
ERROR    core.graph_builder:graph_builder.py:124 LLM 호출 중 오류 발생: expected string or bytes-like object, got 'AsyncMock'
WARNING  core.graph_builder:graph_builder.py:542 [RAG] [REWRITE] 모든 시도 실패, 원본 유지: expected string or bytes-like object, got 'AsyncMock'
ERROR    core.graph_builder:graph_builder.py:124 LLM 호출 중 오류 발생: expected string or bytes-like object, got 'AsyncMock'
WARNING  core.graph_builder:graph_builder.py:542 [RAG] [REWRITE] 모든 시도 실패, 원본 유지: expected string or bytes-like object, got 'AsyncMock'
ERROR    core.graph_builder:graph_builder.py:124 LLM 호출 중 오류 발생: expected string or bytes-like object, got 'AsyncMock'
WARNING  core.graph_builder:graph_builder.py:542 [RAG] [REWRITE] 모든 시도 실패, 원본 유지: expected string or bytes-like object, got 'AsyncMock'
ERROR    core.graph_builder:graph_builder.py:124 LLM 호출 중 오류 발생: expected string or bytes-like object, got 'AsyncMock'
WARNING  core.graph_builder:graph_builder.py:542 [RAG] [REWRITE] 모든 시도 실패, 원본 유지: expected string or bytes-like object, got 'AsyncMock'
ERROR    core.graph_builder:graph_builder.py:124 LLM 호출 중 오류 발생: expected string or bytes-like object, got 'AsyncMock'
WARNING  core.graph_builder:graph_builder.py:542 [RAG] [REWRITE] 모든 시도 실패, 원본 유지: expected string or bytes-like object, got 'AsyncMock'
ERROR    core.graph_builder:graph_builder.py:124 LLM 호출 중 오류 발생: expected string or bytes-like object, got 'AsyncMock'
WARNING  core.graph_builder:graph_builder.py:542 [RAG] [REWRITE] 모든 시도 실패, 원본 유지: expected string or bytes-like object, got 'AsyncMock'
ERROR    core.graph_builder:graph_builder.py:124 LLM 호출 중 오류 발생: expected string or bytes-like object, got 'AsyncMock'
WARNING  core.graph_builder:graph_builder.py:542 [RAG] [REWRITE] 모든 시도 실패, 원본 유지: expected string or bytes-like object, got 'AsyncMock'
ERROR    core.graph_builder:graph_builder.py:124 LLM 호출 중 오류 발생: expected string or bytes-like object, got 'AsyncMock'
WARNING  core.graph_builder:graph_builder.py:542 [RAG] [REWRITE] 모든 시도 실패, 원본 유지: expected string or bytes-like object, got 'AsyncMock'
ERROR    core.graph_builder:graph_builder.py:124 LLM 호출 중 오류 발생: expected string or bytes-like object, got 'AsyncMock'
WARNING  core.graph_builder:graph_builder.py:542 [RAG] [REWRITE] 모든 시도 실패, 원본 유지: expected string or bytes-like object, got 'AsyncMock'
ERROR    core.graph_builder:graph_builder.py:124 LLM 호출 중 오류 발생: expected string or bytes-like object, got 'AsyncMock'
WARNING  core.graph_builder:graph_builder.py:542 [RAG] [REWRITE] 모든 시도 실패, 원본 유지: expected string or bytes-like object, got 'AsyncMock'
ERROR    core.graph_builder:graph_builder.py:124 LLM 호출 중 오류 발생: expected string or bytes-like object, got 'AsyncMock'
WARNING  core.graph_builder:graph_builder.py:542 [RAG] [REWRITE] 모든 시도 실패, 원본 유지: expected string or bytes-like object, got 'AsyncMock'
ERROR    core.graph_builder:graph_builder.py:124 LLM 호출 중 오류 발생: expected string or bytes-like object, got 'AsyncMock'
WARNING  core.graph_builder:graph_builder.py:542 [RAG] [REWRITE] 모든 시도 실패, 원본 유지: expected string or bytes-like object, got 'AsyncMock'
ERROR    core.graph_builder:graph_builder.py:124 LLM 호출 중 오류 발생: expected string or bytes-like object, got 'AsyncMock'
WARNING  core.graph_builder:graph_builder.py:542 [RAG] [REWRITE] 모든 시도 실패, 원본 유지: expected string or bytes-like object, got 'AsyncMock'
ERROR    core.graph_builder:graph_builder.py:124 LLM 호출 중 오류 발생: expected string or bytes-like object, got 'AsyncMock'
WARNING  core.graph_builder:graph_builder.py:542 [RAG] [REWRITE] 모든 시도 실패, 원본 유지: expected string or bytes-like object, got 'AsyncMock'
ERROR    core.graph_builder:graph_builder.py:124 LLM 호출 중 오류 발생: expected string or bytes-like object, got 'AsyncMock'
WARNING  core.graph_builder:graph_builder.py:542 [RAG] [REWRITE] 모든 시도 실패, 원본 유지: expected string or bytes-like object, got 'AsyncMock'
ERROR    core.graph_builder:graph_builder.py:124 LLM 호출 중 오류 발생: expected string or bytes-like object, got 'AsyncMock'
WARNING  core.graph_builder:graph_builder.py:542 [RAG] [REWRITE] 모든 시도 실패, 원본 유지: expected string or bytes-like object, got 'AsyncMock'
ERROR    core.graph_builder:graph_builder.py:124 LLM 호출 중 오류 발생: expected string or bytes-like object, got 'AsyncMock'
WARNING  core.graph_builder:graph_builder.py:542 [RAG] [REWRITE] 모든 시도 실패, 원본 유지: expected string or bytes-like object, got 'AsyncMock'
ERROR    core.graph_builder:graph_builder.py:124 LLM 호출 중 오류 발생: expected string or bytes-like object, got 'AsyncMock'
WARNING  core.graph_builder:graph_builder.py:542 [RAG] [REWRITE] 모든 시도 실패, 원본 유지: expected string or bytes-like object, got 'AsyncMock'
ERROR    core.graph_builder:graph_builder.py:124 LLM 호출 중 오류 발생: expected string or bytes-like object, got 'AsyncMock'
WARNING  core.graph_builder:graph_builder.py:542 [RAG] [REWRITE] 모든 시도 실패, 원본 유지: expected string or bytes-like object, got 'AsyncMock'
ERROR    core.graph_builder:graph_builder.py:124 LLM 호출 중 오류 발생: expected string or bytes-like object, got 'AsyncMock'
WARNING  core.graph_builder:graph_builder.py:542 [RAG] [REWRITE] 모든 시도 실패, 원본 유지: expected string or bytes-like object, got 'AsyncMock'
ERROR    core.graph_builder:graph_builder.py:124 LLM 호출 중 오류 발생: expected string or bytes-like object, got 'AsyncMock'
WARNING  core.graph_builder:graph_builder.py:542 [RAG] [REWRITE] 모든 시도 실패, 원본 유지: expected string or bytes-like object, got 'AsyncMock'
ERROR    core.graph_builder:graph_builder.py:124 LLM 호출 중 오류 발생: expected string or bytes-like object, got 'AsyncMock'
WARNING  core.graph_builder:graph_builder.py:542 [RAG] [REWRITE] 모든 시도 실패, 원본 유지: expected string or bytes-like object, got 'AsyncMock'
ERROR    core.graph_builder:graph_builder.py:124 LLM 호출 중 오류 발생: expected string or bytes-like object, got 'AsyncMock'
WARNING  core.graph_builder:graph_builder.py:542 [RAG] [REWRITE] 모든 시도 실패, 원본 유지: expected string or bytes-like object, got 'AsyncMock'
ERROR    core.graph_builder:graph_builder.py:124 LLM 호출 중 오류 발생: expected string or bytes-like object, got 'AsyncMock'
WARNING  core.graph_builder:graph_builder.py:542 [RAG] [REWRITE] 모든 시도 실패, 원본 유지: expected string or bytes-like object, got 'AsyncMock'
ERROR    core.graph_builder:graph_builder.py:124 LLM 호출 중 오류 발생: expected string or bytes-like object, got 'AsyncMock'
WARNING  core.graph_builder:graph_builder.py:542 [RAG] [REWRITE] 모든 시도 실패, 원본 유지: expected string or bytes-like object, got 'AsyncMock'
ERROR    core.graph_builder:graph_builder.py:124 LLM 호출 중 오류 발생: expected string or bytes-like object, got 'AsyncMock'
WARNING  core.graph_builder:graph_builder.py:542 [RAG] [REWRITE] 모든 시도 실패, 원본 유지: expected string or bytes-like object, got 'AsyncMock'
ERROR    core.graph_builder:graph_builder.py:124 LLM 호출 중 오류 발생: expected string or bytes-like object, got 'AsyncMock'
WARNING  core.graph_builder:graph_builder.py:542 [RAG] [REWRITE] 모든 시도 실패, 원본 유지: expected string or bytes-like object, got 'AsyncMock'
ERROR    core.graph_builder:graph_builder.py:124 LLM 호출 중 오류 발생: expected string or bytes-like object, got 'AsyncMock'
WARNING  core.graph_builder:graph_builder.py:542 [RAG] [REWRITE] 모든 시도 실패, 원본 유지: expected string or bytes-like object, got 'AsyncMock'
ERROR    core.graph_builder:graph_builder.py:124 LLM 호출 중 오류 발생: expected string or bytes-like object, got 'AsyncMock'
WARNING  core.graph_builder:graph_builder.py:542 [RAG] [REWRITE] 모든 시도 실패, 원본 유지: expected string or bytes-like object, got 'AsyncMock'
ERROR    core.graph_builder:graph_builder.py:124 LLM 호출 중 오류 발생: expected string or bytes-like object, got 'AsyncMock'
WARNING  core.graph_builder:graph_builder.py:542 [RAG] [REWRITE] 모든 시도 실패, 원본 유지: expected string or bytes-like object, got 'AsyncMock'
ERROR    core.graph_builder:graph_builder.py:124 LLM 호출 중 오류 발생: expected string or bytes-like object, got 'AsyncMock'
WARNING  core.graph_builder:graph_builder.py:542 [RAG] [REWRITE] 모든 시도 실패, 원본 유지: expected string or bytes-like object, got 'AsyncMock'
ERROR    core.graph_builder:graph_builder.py:124 LLM 호출 중 오류 발생: expected string or bytes-like object, got 'AsyncMock'
WARNING  core.graph_builder:graph_builder.py:542 [RAG] [REWRITE] 모든 시도 실패, 원본 유지: expected string or bytes-like object, got 'AsyncMock'
ERROR    core.graph_builder:graph_builder.py:124 LLM 호출 중 오류 발생: expected string or bytes-like object, got 'AsyncMock'
WARNING  core.graph_builder:graph_builder.py:542 [RAG] [REWRITE] 모든 시도 실패, 원본 유지: expected string or bytes-like object, got 'AsyncMock'
ERROR    core.graph_builder:graph_builder.py:124 LLM 호출 중 오류 발생: expected string or bytes-like object, got 'AsyncMock'
WARNING  core.graph_builder:graph_builder.py:542 [RAG] [REWRITE] 모든 시도 실패, 원본 유지: expected string or bytes-like object, got 'AsyncMock'
ERROR    core.graph_builder:graph_builder.py:124 LLM 호출 중 오류 발생: expected string or bytes-like object, got 'AsyncMock'
WARNING  core.graph_builder:graph_builder.py:542 [RAG] [REWRITE] 모든 시도 실패, 원본 유지: expected string or bytes-like object, got 'AsyncMock'
ERROR    core.graph_builder:graph_builder.py:124 LLM 호출 중 오류 발생: expected string or bytes-like object, got 'AsyncMock'
WARNING  core.graph_builder:graph_builder.py:542 [RAG] [REWRITE] 모든 시도 실패, 원본 유지: expected string or bytes-like object, got 'AsyncMock'
ERROR    core.graph_builder:graph_builder.py:124 LLM 호출 중 오류 발생: expected string or bytes-like object, got 'AsyncMock'
WARNING  core.graph_builder:graph_builder.py:542 [RAG] [REWRITE] 모든 시도 실패, 원본 유지: expected string or bytes-like object, got 'AsyncMock'
ERROR    core.graph_builder:graph_builder.py:124 LLM 호출 중 오류 발생: expected string or bytes-like object, got 'AsyncMock'
WARNING  core.graph_builder:graph_builder.py:542 [RAG] [REWRITE] 모든 시도 실패, 원본 유지: expected string or bytes-like object, got 'AsyncMock'
ERROR    core.graph_builder:graph_builder.py:124 LLM 호출 중 오류 발생: expected string or bytes-like object, got 'AsyncMock'
WARNING  core.graph_builder:graph_builder.py:542 [RAG] [REWRITE] 모든 시도 실패, 원본 유지: expected string or bytes-like object, got 'AsyncMock'
ERROR    core.graph_builder:graph_builder.py:124 LLM 호출 중 오류 발생: expected string or bytes-like object, got 'AsyncMock'
WARNING  core.graph_builder:graph_builder.py:542 [RAG] [REWRITE] 모든 시도 실패, 원본 유지: expected string or bytes-like object, got 'AsyncMock'
ERROR    core.graph_builder:graph_builder.py:124 LLM 호출 중 오류 발생: expected string or bytes-like object, got 'AsyncMock'
WARNING  core.graph_builder:graph_builder.py:542 [RAG] [REWRITE] 모든 시도 실패, 원본 유지: expected string or bytes-like object, got 'AsyncMock'
ERROR    core.graph_builder:graph_builder.py:124 LLM 호출 중 오류 발생: expected string or bytes-like object, got 'AsyncMock'
WARNING  core.graph_builder:graph_builder.py:542 [RAG] [REWRITE] 모든 시도 실패, 원본 유지: expected string or bytes-like object, got 'AsyncMock'
ERROR    core.graph_builder:graph_builder.py:124 LLM 호출 중 오류 발생: expected string or bytes-like object, got 'AsyncMock'
WARNING  core.graph_builder:graph_builder.py:542 [RAG] [REWRITE] 모든 시도 실패, 원본 유지: expected string or bytes-like object, got 'AsyncMock'
ERROR    core.graph_builder:graph_builder.py:124 LLM 호출 중 오류 발생: expected string or bytes-like object, got 'AsyncMock'
WARNING  core.graph_builder:graph_builder.py:542 [RAG] [REWRITE] 모든 시도 실패, 원본 유지: expected string or bytes-like object, got 'AsyncMock'
ERROR    core.graph_builder:graph_builder.py:124 LLM 호출 중 오류 발생: expected string or bytes-like object, got 'AsyncMock'
WARNING  core.graph_builder:graph_builder.py:542 [RAG] [REWRITE] 모든 시도 실패, 원본 유지: expected string or bytes-like object, got 'AsyncMock'
ERROR    core.graph_builder:graph_builder.py:124 LLM 호출 중 오류 발생: expected string or bytes-like object, got 'AsyncMock'
WARNING  core.graph_builder:graph_builder.py:542 [RAG] [REWRITE] 모든 시도 실패, 원본 유지: expected string or bytes-like object, got 'AsyncMock'
ERROR    core.graph_builder:graph_builder.py:124 LLM 호출 중 오류 발생: expected string or bytes-like object, got 'AsyncMock'
WARNING  core.graph_builder:graph_builder.py:542 [RAG] [REWRITE] 모든 시도 실패, 원본 유지: expected string or bytes-like object, got 'AsyncMock'
ERROR    core.graph_builder:graph_builder.py:124 LLM 호출 중 오류 발생: expected string or bytes-like object, got 'AsyncMock'
WARNING  core.graph_builder:graph_builder.py:542 [RAG] [REWRITE] 모든 시도 실패, 원본 유지: expected string or bytes-like object, got 'AsyncMock'
ERROR    core.graph_builder:graph_builder.py:124 LLM 호출 중 오류 발생: expected string or bytes-like object, got 'AsyncMock'
WARNING  core.graph_builder:graph_builder.py:542 [RAG] [REWRITE] 모든 시도 실패, 원본 유지: expected string or bytes-like object, got 'AsyncMock'
ERROR    core.graph_builder:graph_builder.py:124 LLM 호출 중 오류 발생: expected string or bytes-like object, got 'AsyncMock'
WARNING  core.graph_builder:graph_builder.py:542 [RAG] [REWRITE] 모든 시도 실패, 원본 유지: expected string or bytes-like object, got 'AsyncMock'
ERROR    core.graph_builder:graph_builder.py:124 LLM 호출 중 오류 발생: expected string or bytes-like object, got 'AsyncMock'
WARNING  core.graph_builder:graph_builder.py:542 [RAG] [REWRITE] 모든 시도 실패, 원본 유지: expected string or bytes-like object, got 'AsyncMock'
ERROR    core.graph_builder:graph_builder.py:124 LLM 호출 중 오류 발생: expected string or bytes-like object, got 'AsyncMock'
WARNING  core.graph_builder:graph_builder.py:542 [RAG] [REWRITE] 모든 시도 실패, 원본 유지: expected string or bytes-like object, got 'AsyncMock'
ERROR    core.graph_builder:graph_builder.py:124 LLM 호출 중 오류 발생: expected string or bytes-like object, got 'AsyncMock'
WARNING  core.graph_builder:graph_builder.py:542 [RAG] [REWRITE] 모든 시도 실패, 원본 유지: expected string or bytes-like object, got 'AsyncMock'
ERROR    core.graph_builder:graph_builder.py:124 LLM 호출 중 오류 발생: expected string or bytes-like object, got 'AsyncMock'
WARNING  core.graph_builder:graph_builder.py:542 [RAG] [REWRITE] 모든 시도 실패, 원본 유지: expected string or bytes-like object, got 'AsyncMock'
ERROR    core.graph_builder:graph_builder.py:124 LLM 호출 중 오류 발생: expected string or bytes-like object, got 'AsyncMock'
WARNING  core.graph_builder:graph_builder.py:542 [RAG] [REWRITE] 모든 시도 실패, 원본 유지: expected string or bytes-like object, got 'AsyncMock'
ERROR    core.graph_builder:graph_builder.py:124 LLM 호출 중 오류 발생: expected string or bytes-like object, got 'AsyncMock'
WARNING  core.graph_builder:graph_builder.py:542 [RAG] [REWRITE] 모든 시도 실패, 원본 유지: expected string or bytes-like object, got 'AsyncMock'
ERROR    core.graph_builder:graph_builder.py:124 LLM 호출 중 오류 발생: expected string or bytes-like object, got 'AsyncMock'
WARNING  core.graph_builder:graph_builder.py:542 [RAG] [REWRITE] 모든 시도 실패, 원본 유지: expected string or bytes-like object, got 'AsyncMock'
ERROR    core.graph_builder:graph_builder.py:124 LLM 호출 중 오류 발생: expected string or bytes-like object, got 'AsyncMock'
WARNING  core.graph_builder:graph_builder.py:542 [RAG] [REWRITE] 모든 시도 실패, 원본 유지: expected string or bytes-like object, got 'AsyncMock'
ERROR    core.graph_builder:graph_builder.py:124 LLM 호출 중 오류 발생: expected string or bytes-like object, got 'AsyncMock'
WARNING  core.graph_builder:graph_builder.py:542 [RAG] [REWRITE] 모든 시도 실패, 원본 유지: expected string or bytes-like object, got 'AsyncMock'
ERROR    core.graph_builder:graph_builder.py:124 LLM 호출 중 오류 발생: expected string or bytes-like object, got 'AsyncMock'
WARNING  core.graph_builder:graph_builder.py:542 [RAG] [REWRITE] 모든 시도 실패, 원본 유지: expected string or bytes-like object, got 'AsyncMock'
ERROR    core.graph_builder:graph_builder.py:124 LLM 호출 중 오류 발생: expected string or bytes-like object, got 'AsyncMock'
WARNING  core.graph_builder:graph_builder.py:542 [RAG] [REWRITE] 모든 시도 실패, 원본 유지: expected string or bytes-like object, got 'AsyncMock'
ERROR    core.graph_builder:graph_builder.py:124 LLM 호출 중 오류 발생: expected string or bytes-like object, got 'AsyncMock'
WARNING  core.graph_builder:graph_builder.py:542 [RAG] [REWRITE] 모든 시도 실패, 원본 유지: expected string or bytes-like object, got 'AsyncMock'
ERROR    core.graph_builder:graph_builder.py:124 LLM 호출 중 오류 발생: expected string or bytes-like object, got 'AsyncMock'
WARNING  core.graph_builder:graph_builder.py:542 [RAG] [REWRITE] 모든 시도 실패, 원본 유지: expected string or bytes-like object, got 'AsyncMock'
ERROR    core.graph_builder:graph_builder.py:124 LLM 호출 중 오류 발생: expected string or bytes-like object, got 'AsyncMock'
WARNING  core.graph_builder:graph_builder.py:542 [RAG] [REWRITE] 모든 시도 실패, 원본 유지: expected string or bytes-like object, got 'AsyncMock'
ERROR    core.graph_builder:graph_builder.py:124 LLM 호출 중 오류 발생: expected string or bytes-like object, got 'AsyncMock'
WARNING  core.graph_builder:graph_builder.py:542 [RAG] [REWRITE] 모든 시도 실패, 원본 유지: expected string or bytes-like object, got 'AsyncMock'
ERROR    core.graph_builder:graph_builder.py:124 LLM 호출 중 오류 발생: expected string or bytes-like object, got 'AsyncMock'
WARNING  core.graph_builder:graph_builder.py:542 [RAG] [REWRITE] 모든 시도 실패, 원본 유지: expected string or bytes-like object, got 'AsyncMock'
ERROR    core.graph_builder:graph_builder.py:124 LLM 호출 중 오류 발생: expected string or bytes-like object, got 'AsyncMock'
WARNING  core.graph_builder:graph_builder.py:542 [RAG] [REWRITE] 모든 시도 실패, 원본 유지: expected string or bytes-like object, got 'AsyncMock'
ERROR    core.graph_builder:graph_builder.py:124 LLM 호출 중 오류 발생: expected string or bytes-like object, got 'AsyncMock'
WARNING  core.graph_builder:graph_builder.py:542 [RAG] [REWRITE] 모든 시도 실패, 원본 유지: expected string or bytes-like object, got 'AsyncMock'
ERROR    core.graph_builder:graph_builder.py:124 LLM 호출 중 오류 발생: expected string or bytes-like object, got 'AsyncMock'
WARNING  core.graph_builder:graph_builder.py:542 [RAG] [REWRITE] 모든 시도 실패, 원본 유지: expected string or bytes-like object, got 'AsyncMock'
ERROR    core.graph_builder:graph_builder.py:124 LLM 호출 중 오류 발생: expected string or bytes-like object, got 'AsyncMock'
WARNING  core.graph_builder:graph_builder.py:542 [RAG] [REWRITE] 모든 시도 실패, 원본 유지: expected string or bytes-like object, got 'AsyncMock'
ERROR    core.graph_builder:graph_builder.py:124 LLM 호출 중 오류 발생: expected string or bytes-like object, got 'AsyncMock'
WARNING  core.graph_builder:graph_builder.py:542 [RAG] [REWRITE] 모든 시도 실패, 원본 유지: expected string or bytes-like object, got 'AsyncMock'
ERROR    core.graph_builder:graph_builder.py:124 LLM 호출 중 오류 발생: expected string or bytes-like object, got 'AsyncMock'
WARNING  core.graph_builder:graph_builder.py:542 [RAG] [REWRITE] 모든 시도 실패, 원본 유지: expected string or bytes-like object, got 'AsyncMock'
ERROR    core.graph_builder:graph_builder.py:124 LLM 호출 중 오류 발생: expected string or bytes-like object, got 'AsyncMock'
WARNING  core.graph_builder:graph_builder.py:542 [RAG] [REWRITE] 모든 시도 실패, 원본 유지: expected string or bytes-like object, got 'AsyncMock'
ERROR    core.graph_builder:graph_builder.py:124 LLM 호출 중 오류 발생: expected string or bytes-like object, got 'AsyncMock'
WARNING  core.graph_builder:graph_builder.py:542 [RAG] [REWRITE] 모든 시도 실패, 원본 유지: expected string or bytes-like object, got 'AsyncMock'
ERROR    core.graph_builder:graph_builder.py:124 LLM 호출 중 오류 발생: expected string or bytes-like object, got 'AsyncMock'
WARNING  core.graph_builder:graph_builder.py:542 [RAG] [REWRITE] 모든 시도 실패, 원본 유지: expected string or bytes-like object, got 'AsyncMock'
ERROR    core.graph_builder:graph_builder.py:124 LLM 호출 중 오류 발생: expected string or bytes-like object, got 'AsyncMock'
WARNING  core.graph_builder:graph_builder.py:542 [RAG] [REWRITE] 모든 시도 실패, 원본 유지: expected string or bytes-like object, got 'AsyncMock'
ERROR    core.graph_builder:graph_builder.py:124 LLM 호출 중 오류 발생: expected string or bytes-like object, got 'AsyncMock'
WARNING  core.graph_builder:graph_builder.py:542 [RAG] [REWRITE] 모든 시도 실패, 원본 유지: expected string or bytes-like object, got 'AsyncMock'
ERROR    core.graph_builder:graph_builder.py:124 LLM 호출 중 오류 발생: expected string or bytes-like object, got 'AsyncMock'
WARNING  core.graph_builder:graph_builder.py:542 [RAG] [REWRITE] 모든 시도 실패, 원본 유지: expected string or bytes-like object, got 'AsyncMock'
ERROR    core.graph_builder:graph_builder.py:124 LLM 호출 중 오류 발생: expected string or bytes-like object, got 'AsyncMock'
WARNING  core.graph_builder:graph_builder.py:542 [RAG] [REWRITE] 모든 시도 실패, 원본 유지: expected string or bytes-like object, got 'AsyncMock'
ERROR    core.graph_builder:graph_builder.py:124 LLM 호출 중 오류 발생: expected string or bytes-like object, got 'AsyncMock'
WARNING  core.graph_builder:graph_builder.py:542 [RAG] [REWRITE] 모든 시도 실패, 원본 유지: expected string or bytes-like object, got 'AsyncMock'
ERROR    core.graph_builder:graph_builder.py:124 LLM 호출 중 오류 발생: expected string or bytes-like object, got 'AsyncMock'
WARNING  core.graph_builder:graph_builder.py:542 [RAG] [REWRITE] 모든 시도 실패, 원본 유지: expected string or bytes-like object, got 'AsyncMock'
ERROR    core.graph_builder:graph_builder.py:124 LLM 호출 중 오류 발생: expected string or bytes-like object, got 'AsyncMock'
WARNING  core.graph_builder:graph_builder.py:542 [RAG] [REWRITE] 모든 시도 실패, 원본 유지: expected string or bytes-like object, got 'AsyncMock'
ERROR    core.graph_builder:graph_builder.py:124 LLM 호출 중 오류 발생: expected string or bytes-like object, got 'AsyncMock'
WARNING  core.graph_builder:graph_builder.py:542 [RAG] [REWRITE] 모든 시도 실패, 원본 유지: expected string or bytes-like object, got 'AsyncMock'
ERROR    core.graph_builder:graph_builder.py:124 LLM 호출 중 오류 발생: expected string or bytes-like object, got 'AsyncMock'
WARNING  core.graph_builder:graph_builder.py:542 [RAG] [REWRITE] 모든 시도 실패, 원본 유지: expected string or bytes-like object, got 'AsyncMock'
ERROR    core.graph_builder:graph_builder.py:124 LLM 호출 중 오류 발생: expected string or bytes-like object, got 'AsyncMock'
WARNING  core.graph_builder:graph_builder.py:542 [RAG] [REWRITE] 모든 시도 실패, 원본 유지: expected string or bytes-like object, got 'AsyncMock'
ERROR    core.graph_builder:graph_builder.py:124 LLM 호출 중 오류 발생: expected string or bytes-like object, got 'AsyncMock'
WARNING  core.graph_builder:graph_builder.py:542 [RAG] [REWRITE] 모든 시도 실패, 원본 유지: expected string or bytes-like object, got 'AsyncMock'
ERROR    core.graph_builder:graph_builder.py:124 LLM 호출 중 오류 발생: expected string or bytes-like object, got 'AsyncMock'
WARNING  core.graph_builder:graph_builder.py:542 [RAG] [REWRITE] 모든 시도 실패, 원본 유지: expected string or bytes-like object, got 'AsyncMock'
ERROR    core.graph_builder:graph_builder.py:124 LLM 호출 중 오류 발생: expected string or bytes-like object, got 'AsyncMock'
WARNING  core.graph_builder:graph_builder.py:542 [RAG] [REWRITE] 모든 시도 실패, 원본 유지: expected string or bytes-like object, got 'AsyncMock'
ERROR    core.graph_builder:graph_builder.py:124 LLM 호출 중 오류 발생: expected string or bytes-like object, got 'AsyncMock'
WARNING  core.graph_builder:graph_builder.py:542 [RAG] [REWRITE] 모든 시도 실패, 원본 유지: expected string or bytes-like object, got 'AsyncMock'
ERROR    core.graph_builder:graph_builder.py:124 LLM 호출 중 오류 발생: expected string or bytes-like object, got 'AsyncMock'
WARNING  core.graph_builder:graph_builder.py:542 [RAG] [REWRITE] 모든 시도 실패, 원본 유지: expected string or bytes-like object, got 'AsyncMock'
ERROR    core.graph_builder:graph_builder.py:124 LLM 호출 중 오류 발생: expected string or bytes-like object, got 'AsyncMock'
WARNING  core.graph_builder:graph_builder.py:542 [RAG] [REWRITE] 모든 시도 실패, 원본 유지: expected string or bytes-like object, got 'AsyncMock'
ERROR    core.graph_builder:graph_builder.py:124 LLM 호출 중 오류 발생: expected string or bytes-like object, got 'AsyncMock'
WARNING  core.graph_builder:graph_builder.py:542 [RAG] [REWRITE] 모든 시도 실패, 원본 유지: expected string or bytes-like object, got 'AsyncMock'
ERROR    core.graph_builder:graph_builder.py:124 LLM 호출 중 오류 발생: expected string or bytes-like object, got 'AsyncMock'
WARNING  core.graph_builder:graph_builder.py:542 [RAG] [REWRITE] 모든 시도 실패, 원본 유지: expected string or bytes-like object, got 'AsyncMock'
ERROR    core.graph_builder:graph_builder.py:124 LLM 호출 중 오류 발생: expected string or bytes-like object, got 'AsyncMock'
WARNING  core.graph_builder:graph_builder.py:542 [RAG] [REWRITE] 모든 시도 실패, 원본 유지: expected string or bytes-like object, got 'AsyncMock'
ERROR    core.graph_builder:graph_builder.py:124 LLM 호출 중 오류 발생: expected string or bytes-like object, got 'AsyncMock'
WARNING  core.graph_builder:graph_builder.py:542 [RAG] [REWRITE] 모든 시도 실패, 원본 유지: expected string or bytes-like object, got 'AsyncMock'
ERROR    core.graph_builder:graph_builder.py:124 LLM 호출 중 오류 발생: expected string or bytes-like object, got 'AsyncMock'
WARNING  core.graph_builder:graph_builder.py:542 [RAG] [REWRITE] 모든 시도 실패, 원본 유지: expected string or bytes-like object, got 'AsyncMock'
ERROR    core.graph_builder:graph_builder.py:124 LLM 호출 중 오류 발생: expected string or bytes-like object, got 'AsyncMock'
WARNING  core.graph_builder:graph_builder.py:542 [RAG] [REWRITE] 모든 시도 실패, 원본 유지: expected string or bytes-like object, got 'AsyncMock'
ERROR    core.graph_builder:graph_builder.py:124 LLM 호출 중 오류 발생: expected string or bytes-like object, got 'AsyncMock'
WARNING  core.graph_builder:graph_builder.py:542 [RAG] [REWRITE] 모든 시도 실패, 원본 유지: expected string or bytes-like object, got 'AsyncMock'
ERROR    core.graph_builder:graph_builder.py:124 LLM 호출 중 오류 발생: expected string or bytes-like object, got 'AsyncMock'
WARNING  core.graph_builder:graph_builder.py:542 [RAG] [REWRITE] 모든 시도 실패, 원본 유지: expected string or bytes-like object, got 'AsyncMock'
ERROR    core.graph_builder:graph_builder.py:124 LLM 호출 중 오류 발생: expected string or bytes-like object, got 'AsyncMock'
WARNING  core.graph_builder:graph_builder.py:542 [RAG] [REWRITE] 모든 시도 실패, 원본 유지: expected string or bytes-like object, got 'AsyncMock'
ERROR    core.graph_builder:graph_builder.py:124 LLM 호출 중 오류 발생: expected string or bytes-like object, got 'AsyncMock'
WARNING  core.graph_builder:graph_builder.py:542 [RAG] [REWRITE] 모든 시도 실패, 원본 유지: expected string or bytes-like object, got 'AsyncMock'
ERROR    core.graph_builder:graph_builder.py:124 LLM 호출 중 오류 발생: expected string or bytes-like object, got 'AsyncMock'
WARNING  core.graph_builder:graph_builder.py:542 [RAG] [REWRITE] 모든 시도 실패, 원본 유지: expected string or bytes-like object, got 'AsyncMock'
ERROR    core.graph_builder:graph_builder.py:124 LLM 호출 중 오류 발생: expected string or bytes-like object, got 'AsyncMock'
WARNING  core.graph_builder:graph_builder.py:542 [RAG] [REWRITE] 모든 시도 실패, 원본 유지: expected string or bytes-like object, got 'AsyncMock'
ERROR    core.graph_builder:graph_builder.py:124 LLM 호출 중 오류 발생: expected string or bytes-like object, got 'AsyncMock'
WARNING  core.graph_builder:graph_builder.py:542 [RAG] [REWRITE] 모든 시도 실패, 원본 유지: expected string or bytes-like object, got 'AsyncMock'
ERROR    core.graph_builder:graph_builder.py:124 LLM 호출 중 오류 발생: expected string or bytes-like object, got 'AsyncMock'
WARNING  core.graph_builder:graph_builder.py:542 [RAG] [REWRITE] 모든 시도 실패, 원본 유지: expected string or bytes-like object, got 'AsyncMock'
ERROR    core.graph_builder:graph_builder.py:124 LLM 호출 중 오류 발생: expected string or bytes-like object, got 'AsyncMock'
WARNING  core.graph_builder:graph_builder.py:542 [RAG] [REWRITE] 모든 시도 실패, 원본 유지: expected string or bytes-like object, got 'AsyncMock'
ERROR    core.graph_builder:graph_builder.py:124 LLM 호출 중 오류 발생: expected string or bytes-like object, got 'AsyncMock'
WARNING  core.graph_builder:graph_builder.py:542 [RAG] [REWRITE] 모든 시도 실패, 원본 유지: expected string or bytes-like object, got 'AsyncMock'
ERROR    core.graph_builder:graph_builder.py:124 LLM 호출 중 오류 발생: expected string or bytes-like object, got 'AsyncMock'
WARNING  core.graph_builder:graph_builder.py:542 [RAG] [REWRITE] 모든 시도 실패, 원본 유지: expected string or bytes-like object, got 'AsyncMock'
ERROR    core.graph_builder:graph_builder.py:124 LLM 호출 중 오류 발생: expected string or bytes-like object, got 'AsyncMock'
WARNING  core.graph_builder:graph_builder.py:542 [RAG] [REWRITE] 모든 시도 실패, 원본 유지: expected string or bytes-like object, got 'AsyncMock'
ERROR    core.graph_builder:graph_builder.py:124 LLM 호출 중 오류 발생: expected string or bytes-like object, got 'AsyncMock'
WARNING  core.graph_builder:graph_builder.py:542 [RAG] [REWRITE] 모든 시도 실패, 원본 유지: expected string or bytes-like object, got 'AsyncMock'
ERROR    core.graph_builder:graph_builder.py:124 LLM 호출 중 오류 발생: expected string or bytes-like object, got 'AsyncMock'
WARNING  core.graph_builder:graph_builder.py:542 [RAG] [REWRITE] 모든 시도 실패, 원본 유지: expected string or bytes-like object, got 'AsyncMock'
ERROR    core.graph_builder:graph_builder.py:124 LLM 호출 중 오류 발생: expected string or bytes-like object, got 'AsyncMock'
WARNING  core.graph_builder:graph_builder.py:542 [RAG] [REWRITE] 모든 시도 실패, 원본 유지: expected string or bytes-like object, got 'AsyncMock'
ERROR    core.graph_builder:graph_builder.py:124 LLM 호출 중 오류 발생: expected string or bytes-like object, got 'AsyncMock'
WARNING  core.graph_builder:graph_builder.py:542 [RAG] [REWRITE] 모든 시도 실패, 원본 유지: expected string or bytes-like object, got 'AsyncMock'
ERROR    core.graph_builder:graph_builder.py:124 LLM 호출 중 오류 발생: expected string or bytes-like object, got 'AsyncMock'
WARNING  core.graph_builder:graph_builder.py:542 [RAG] [REWRITE] 모든 시도 실패, 원본 유지: expected string or bytes-like object, got 'AsyncMock'
ERROR    core.graph_builder:graph_builder.py:124 LLM 호출 중 오류 발생: expected string or bytes-like object, got 'AsyncMock'
WARNING  core.graph_builder:graph_builder.py:542 [RAG] [REWRITE] 모든 시도 실패, 원본 유지: expected string or bytes-like object, got 'AsyncMock'
ERROR    core.graph_builder:graph_builder.py:124 LLM 호출 중 오류 발생: expected string or bytes-like object, got 'AsyncMock'
WARNING  core.graph_builder:graph_builder.py:542 [RAG] [REWRITE] 모든 시도 실패, 원본 유지: expected string or bytes-like object, got 'AsyncMock'
ERROR    core.graph_builder:graph_builder.py:124 LLM 호출 중 오류 발생: expected string or bytes-like object, got 'AsyncMock'
WARNING  core.graph_builder:graph_builder.py:542 [RAG] [REWRITE] 모든 시도 실패, 원본 유지: expected string or bytes-like object, got 'AsyncMock'
ERROR    core.graph_builder:graph_builder.py:124 LLM 호출 중 오류 발생: expected string or bytes-like object, got 'AsyncMock'
WARNING  core.graph_builder:graph_builder.py:542 [RAG] [REWRITE] 모든 시도 실패, 원본 유지: expected string or bytes-like object, got 'AsyncMock'
ERROR    core.graph_builder:graph_builder.py:124 LLM 호출 중 오류 발생: expected string or bytes-like object, got 'AsyncMock'
WARNING  core.graph_builder:graph_builder.py:542 [RAG] [REWRITE] 모든 시도 실패, 원본 유지: expected string or bytes-like object, got 'AsyncMock'
ERROR    core.graph_builder:graph_builder.py:124 LLM 호출 중 오류 발생: expected string or bytes-like object, got 'AsyncMock'
WARNING  core.graph_builder:graph_builder.py:542 [RAG] [REWRITE] 모든 시도 실패, 원본 유지: expected string or bytes-like object, got 'AsyncMock'
ERROR    core.graph_builder:graph_builder.py:124 LLM 호출 중 오류 발생: expected string or bytes-like object, got 'AsyncMock'
WARNING  core.graph_builder:graph_builder.py:542 [RAG] [REWRITE] 모든 시도 실패, 원본 유지: expected string or bytes-like object, got 'AsyncMock'
ERROR    core.graph_builder:graph_builder.py:124 LLM 호출 중 오류 발생: expected string or bytes-like object, got 'AsyncMock'
WARNING  core.graph_builder:graph_builder.py:542 [RAG] [REWRITE] 모든 시도 실패, 원본 유지: expected string or bytes-like object, got 'AsyncMock'
ERROR    core.graph_builder:graph_builder.py:124 LLM 호출 중 오류 발생: expected string or bytes-like object, got 'AsyncMock'
WARNING  core.graph_builder:graph_builder.py:542 [RAG] [REWRITE] 모든 시도 실패, 원본 유지: expected string or bytes-like object, got 'AsyncMock'
ERROR    core.graph_builder:graph_builder.py:124 LLM 호출 중 오류 발생: expected string or bytes-like object, got 'AsyncMock'
WARNING  core.graph_builder:graph_builder.py:542 [RAG] [REWRITE] 모든 시도 실패, 원본 유지: expected string or bytes-like object, got 'AsyncMock'
ERROR    core.graph_builder:graph_builder.py:124 LLM 호출 중 오류 발생: expected string or bytes-like object, got 'AsyncMock'
WARNING  core.graph_builder:graph_builder.py:542 [RAG] [REWRITE] 모든 시도 실패, 원본 유지: expected string or bytes-like object, got 'AsyncMock'
ERROR    core.graph_builder:graph_builder.py:124 LLM 호출 중 오류 발생: expected string or bytes-like object, got 'AsyncMock'
WARNING  core.graph_builder:graph_builder.py:542 [RAG] [REWRITE] 모든 시도 실패, 원본 유지: expected string or bytes-like object, got 'AsyncMock'
ERROR    core.graph_builder:graph_builder.py:124 LLM 호출 중 오류 발생: expected string or bytes-like object, got 'AsyncMock'
WARNING  core.graph_builder:graph_builder.py:542 [RAG] [REWRITE] 모든 시도 실패, 원본 유지: expected string or bytes-like object, got 'AsyncMock'
ERROR    core.graph_builder:graph_builder.py:124 LLM 호출 중 오류 발생: expected string or bytes-like object, got 'AsyncMock'
WARNING  core.graph_builder:graph_builder.py:542 [RAG] [REWRITE] 모든 시도 실패, 원본 유지: expected string or bytes-like object, got 'AsyncMock'
ERROR    core.graph_builder:graph_builder.py:124 LLM 호출 중 오류 발생: expected string or bytes-like object, got 'AsyncMock'
WARNING  core.graph_builder:graph_builder.py:542 [RAG] [REWRITE] 모든 시도 실패, 원본 유지: expected string or bytes-like object, got 'AsyncMock'
ERROR    core.graph_builder:graph_builder.py:124 LLM 호출 중 오류 발생: expected string or bytes-like object, got 'AsyncMock'
WARNING  core.graph_builder:graph_builder.py:542 [RAG] [REWRITE] 모든 시도 실패, 원본 유지: expected string or bytes-like object, got 'AsyncMock'
ERROR    core.graph_builder:graph_builder.py:124 LLM 호출 중 오류 발생: expected string or bytes-like object, got 'AsyncMock'
WARNING  core.graph_builder:graph_builder.py:542 [RAG] [REWRITE] 모든 시도 실패, 원본 유지: expected string or bytes-like object, got 'AsyncMock'
ERROR    core.graph_builder:graph_builder.py:124 LLM 호출 중 오류 발생: expected string or bytes-like object, got 'AsyncMock'
WARNING  core.graph_builder:graph_builder.py:542 [RAG] [REWRITE] 모든 시도 실패, 원본 유지: expected string or bytes-like object, got 'AsyncMock'
ERROR    core.graph_builder:graph_builder.py:124 LLM 호출 중 오류 발생: expected string or bytes-like object, got 'AsyncMock'
WARNING  core.graph_builder:graph_builder.py:542 [RAG] [REWRITE] 모든 시도 실패, 원본 유지: expected string or bytes-like object, got 'AsyncMock'
ERROR    core.graph_builder:graph_builder.py:124 LLM 호출 중 오류 발생: expected string or bytes-like object, got 'AsyncMock'
WARNING  core.graph_builder:graph_builder.py:542 [RAG] [REWRITE] 모든 시도 실패, 원본 유지: expected string or bytes-like object, got 'AsyncMock'
ERROR    core.graph_builder:graph_builder.py:124 LLM 호출 중 오류 발생: expected string or bytes-like object, got 'AsyncMock'
WARNING  core.graph_builder:graph_builder.py:542 [RAG] [REWRITE] 모든 시도 실패, 원본 유지: expected string or bytes-like object, got 'AsyncMock'
ERROR    core.graph_builder:graph_builder.py:124 LLM 호출 중 오류 발생: expected string or bytes-like object, got 'AsyncMock'
WARNING  core.graph_builder:graph_builder.py:542 [RAG] [REWRITE] 모든 시도 실패, 원본 유지: expected string or bytes-like object, got 'AsyncMock'
ERROR    core.graph_builder:graph_builder.py:124 LLM 호출 중 오류 발생: expected string or bytes-like object, got 'AsyncMock'
WARNING  core.graph_builder:graph_builder.py:542 [RAG] [REWRITE] 모든 시도 실패, 원본 유지: expected string or bytes-like object, got 'AsyncMock'
ERROR    core.graph_builder:graph_builder.py:124 LLM 호출 중 오류 발생: expected string or bytes-like object, got 'AsyncMock'
WARNING  core.graph_builder:graph_builder.py:542 [RAG] [REWRITE] 모든 시도 실패, 원본 유지: expected string or bytes-like object, got 'AsyncMock'
ERROR    core.graph_builder:graph_builder.py:124 LLM 호출 중 오류 발생: expected string or bytes-like object, got 'AsyncMock'
WARNING  core.graph_builder:graph_builder.py:542 [RAG] [REWRITE] 모든 시도 실패, 원본 유지: expected string or bytes-like object, got 'AsyncMock'
ERROR    core.graph_builder:graph_builder.py:124 LLM 호출 중 오류 발생: expected string or bytes-like object, got 'AsyncMock'
WARNING  core.graph_builder:graph_builder.py:542 [RAG] [REWRITE] 모든 시도 실패, 원본 유지: expected string or bytes-like object, got 'AsyncMock'
ERROR    core.graph_builder:graph_builder.py:124 LLM 호출 중 오류 발생: expected string or bytes-like object, got 'AsyncMock'
WARNING  core.graph_builder:graph_builder.py:542 [RAG] [REWRITE] 모든 시도 실패, 원본 유지: expected string or bytes-like object, got 'AsyncMock'
ERROR    core.graph_builder:graph_builder.py:124 LLM 호출 중 오류 발생: expected string or bytes-like object, got 'AsyncMock'
WARNING  core.graph_builder:graph_builder.py:542 [RAG] [REWRITE] 모든 시도 실패, 원본 유지: expected string or bytes-like object, got 'AsyncMock'
ERROR    core.graph_builder:graph_builder.py:124 LLM 호출 중 오류 발생: expected string or bytes-like object, got 'AsyncMock'
WARNING  core.graph_builder:graph_builder.py:542 [RAG] [REWRITE] 모든 시도 실패, 원본 유지: expected string or bytes-like object, got 'AsyncMock'
ERROR    core.graph_builder:graph_builder.py:124 LLM 호출 중 오류 발생: expected string or bytes-like object, got 'AsyncMock'
WARNING  core.graph_builder:graph_builder.py:542 [RAG] [REWRITE] 모든 시도 실패, 원본 유지: expected string or bytes-like object, got 'AsyncMock'
ERROR    core.graph_builder:graph_builder.py:124 LLM 호출 중 오류 발생: expected string or bytes-like object, got 'AsyncMock'
WARNING  core.graph_builder:graph_builder.py:542 [RAG] [REWRITE] 모든 시도 실패, 원본 유지: expected string or bytes-like object, got 'AsyncMock'
ERROR    core.graph_builder:graph_builder.py:124 LLM 호출 중 오류 발생: expected string or bytes-like object, got 'AsyncMock'
WARNING  core.graph_builder:graph_builder.py:542 [RAG] [REWRITE] 모든 시도 실패, 원본 유지: expected string or bytes-like object, got 'AsyncMock'
ERROR    core.graph_builder:graph_builder.py:124 LLM 호출 중 오류 발생: expected string or bytes-like object, got 'AsyncMock'
WARNING  core.graph_builder:graph_builder.py:542 [RAG] [REWRITE] 모든 시도 실패, 원본 유지: expected string or bytes-like object, got 'AsyncMock'
ERROR    core.graph_builder:graph_builder.py:124 LLM 호출 중 오류 발생: expected string or bytes-like object, got 'AsyncMock'
WARNING  core.graph_builder:graph_builder.py:542 [RAG] [REWRITE] 모든 시도 실패, 원본 유지: expected string or bytes-like object, got 'AsyncMock'
ERROR    core.graph_builder:graph_builder.py:124 LLM 호출 중 오류 발생: expected string or bytes-like object, got 'AsyncMock'
WARNING  core.graph_builder:graph_builder.py:542 [RAG] [REWRITE] 모든 시도 실패, 원본 유지: expected string or bytes-like object, got 'AsyncMock'
ERROR    core.graph_builder:graph_builder.py:124 LLM 호출 중 오류 발생: expected string or bytes-like object, got 'AsyncMock'
WARNING  core.graph_builder:graph_builder.py:542 [RAG] [REWRITE] 모든 시도 실패, 원본 유지: expected string or bytes-like object, got 'AsyncMock'
ERROR    core.graph_builder:graph_builder.py:124 LLM 호출 중 오류 발생: expected string or bytes-like object, got 'AsyncMock'
WARNING  core.graph_builder:graph_builder.py:542 [RAG] [REWRITE] 모든 시도 실패, 원본 유지: expected string or bytes-like object, got 'AsyncMock'
ERROR    core.graph_builder:graph_builder.py:124 LLM 호출 중 오류 발생: expected string or bytes-like object, got 'AsyncMock'
WARNING  core.graph_builder:graph_builder.py:542 [RAG] [REWRITE] 모든 시도 실패, 원본 유지: expected string or bytes-like object, got 'AsyncMock'
ERROR    core.graph_builder:graph_builder.py:124 LLM 호출 중 오류 발생: expected string or bytes-like object, got 'AsyncMock'
WARNING  core.graph_builder:graph_builder.py:542 [RAG] [REWRITE] 모든 시도 실패, 원본 유지: expected string or bytes-like object, got 'AsyncMock'
ERROR    core.graph_builder:graph_builder.py:124 LLM 호출 중 오류 발생: expected string or bytes-like object, got 'AsyncMock'
WARNING  core.graph_builder:graph_builder.py:542 [RAG] [REWRITE] 모든 시도 실패, 원본 유지: expected string or bytes-like object, got 'AsyncMock'
ERROR    core.graph_builder:graph_builder.py:124 LLM 호출 중 오류 발생: expected string or bytes-like object, got 'AsyncMock'
WARNING  core.graph_builder:graph_builder.py:542 [RAG] [REWRITE] 모든 시도 실패, 원본 유지: expected string or bytes-like object, got 'AsyncMock'
ERROR    core.graph_builder:graph_builder.py:124 LLM 호출 중 오류 발생: expected string or bytes-like object, got 'AsyncMock'
WARNING  core.graph_builder:graph_builder.py:542 [RAG] [REWRITE] 모든 시도 실패, 원본 유지: expected string or bytes-like object, got 'AsyncMock'
ERROR    core.graph_builder:graph_builder.py:124 LLM 호출 중 오류 발생: expected string or bytes-like object, got 'AsyncMock'
WARNING  core.graph_builder:graph_builder.py:542 [RAG] [REWRITE] 모든 시도 실패, 원본 유지: expected string or bytes-like object, got 'AsyncMock'
ERROR    core.graph_builder:graph_builder.py:124 LLM 호출 중 오류 발생: expected string or bytes-like object, got 'AsyncMock'
WARNING  core.graph_builder:graph_builder.py:542 [RAG] [REWRITE] 모든 시도 실패, 원본 유지: expected string or bytes-like object, got 'AsyncMock'
ERROR    core.graph_builder:graph_builder.py:124 LLM 호출 중 오류 발생: expected string or bytes-like object, got 'AsyncMock'
WARNING  core.graph_builder:graph_builder.py:542 [RAG] [REWRITE] 모든 시도 실패, 원본 유지: expected string or bytes-like object, got 'AsyncMock'
ERROR    core.graph_builder:graph_builder.py:124 LLM 호출 중 오류 발생: expected string or bytes-like object, got 'AsyncMock'
WARNING  core.graph_builder:graph_builder.py:542 [RAG] [REWRITE] 모든 시도 실패, 원본 유지: expected string or bytes-like object, got 'AsyncMock'
ERROR    core.graph_builder:graph_builder.py:124 LLM 호출 중 오류 발생: expected string or bytes-like object, got 'AsyncMock'
WARNING  core.graph_builder:graph_builder.py:542 [RAG] [REWRITE] 모든 시도 실패, 원본 유지: expected string or bytes-like object, got 'AsyncMock'
ERROR    core.graph_builder:graph_builder.py:124 LLM 호출 중 오류 발생: expected string or bytes-like object, got 'AsyncMock'
WARNING  core.graph_builder:graph_builder.py:542 [RAG] [REWRITE] 모든 시도 실패, 원본 유지: expected string or bytes-like object, got 'AsyncMock'
ERROR    core.graph_builder:graph_builder.py:124 LLM 호출 중 오류 발생: expected string or bytes-like object, got 'AsyncMock'
WARNING  core.graph_builder:graph_builder.py:542 [RAG] [REWRITE] 모든 시도 실패, 원본 유지: expected string or bytes-like object, got 'AsyncMock'
ERROR    core.graph_builder:graph_builder.py:124 LLM 호출 중 오류 발생: expected string or bytes-like object, got 'AsyncMock'
WARNING  core.graph_builder:graph_builder.py:542 [RAG] [REWRITE] 모든 시도 실패, 원본 유지: expected string or bytes-like object, got 'AsyncMock'
ERROR    core.graph_builder:graph_builder.py:124 LLM 호출 중 오류 발생: expected string or bytes-like object, got 'AsyncMock'
WARNING  core.graph_builder:graph_builder.py:542 [RAG] [REWRITE] 모든 시도 실패, 원본 유지: expected string or bytes-like object, got 'AsyncMock'
ERROR    core.graph_builder:graph_builder.py:124 LLM 호출 중 오류 발생: expected string or bytes-like object, got 'AsyncMock'
WARNING  core.graph_builder:graph_builder.py:542 [RAG] [REWRITE] 모든 시도 실패, 원본 유지: expected string or bytes-like object, got 'AsyncMock'
ERROR    core.graph_builder:graph_builder.py:124 LLM 호출 중 오류 발생: expected string or bytes-like object, got 'AsyncMock'
WARNING  core.graph_builder:graph_builder.py:542 [RAG] [REWRITE] 모든 시도 실패, 원본 유지: expected string or bytes-like object, got 'AsyncMock'
ERROR    core.graph_builder:graph_builder.py:124 LLM 호출 중 오류 발생: expected string or bytes-like object, got 'AsyncMock'
WARNING  core.graph_builder:graph_builder.py:542 [RAG] [REWRITE] 모든 시도 실패, 원본 유지: expected string or bytes-like object, got 'AsyncMock'
ERROR    core.graph_builder:graph_builder.py:124 LLM 호출 중 오류 발생: expected string or bytes-like object, got 'AsyncMock'
WARNING  core.graph_builder:graph_builder.py:542 [RAG] [REWRITE] 모든 시도 실패, 원본 유지: expected string or bytes-like object, got 'AsyncMock'
ERROR    core.graph_builder:graph_builder.py:124 LLM 호출 중 오류 발생: expected string or bytes-like object, got 'AsyncMock'
WARNING  core.graph_builder:graph_builder.py:542 [RAG] [REWRITE] 모든 시도 실패, 원본 유지: expected string or bytes-like object, got 'AsyncMock'
ERROR    core.graph_builder:graph_builder.py:124 LLM 호출 중 오류 발생: expected string or bytes-like object, got 'AsyncMock'
WARNING  core.graph_builder:graph_builder.py:542 [RAG] [REWRITE] 모든 시도 실패, 원본 유지: expected string or bytes-like object, got 'AsyncMock'
ERROR    core.graph_builder:graph_builder.py:124 LLM 호출 중 오류 발생: expected string or bytes-like object, got 'AsyncMock'
WARNING  core.graph_builder:graph_builder.py:542 [RAG] [REWRITE] 모든 시도 실패, 원본 유지: expected string or bytes-like object, got 'AsyncMock'
ERROR    core.graph_builder:graph_builder.py:124 LLM 호출 중 오류 발생: expected string or bytes-like object, got 'AsyncMock'
WARNING  core.graph_builder:graph_builder.py:542 [RAG] [REWRITE] 모든 시도 실패, 원본 유지: expected string or bytes-like object, got 'AsyncMock'
ERROR    core.graph_builder:graph_builder.py:124 LLM 호출 중 오류 발생: expected string or bytes-like object, got 'AsyncMock'
WARNING  core.graph_builder:graph_builder.py:542 [RAG] [REWRITE] 모든 시도 실패, 원본 유지: expected string or bytes-like object, got 'AsyncMock'
ERROR    core.graph_builder:graph_builder.py:124 LLM 호출 중 오류 발생: expected string or bytes-like object, got 'AsyncMock'
WARNING  core.graph_builder:graph_builder.py:542 [RAG] [REWRITE] 모든 시도 실패, 원본 유지: expected string or bytes-like object, got 'AsyncMock'
ERROR    core.graph_builder:graph_builder.py:124 LLM 호출 중 오류 발생: expected string or bytes-like object, got 'AsyncMock'
WARNING  core.graph_builder:graph_builder.py:542 [RAG] [REWRITE] 모든 시도 실패, 원본 유지: expected string or bytes-like object, got 'AsyncMock'
ERROR    core.graph_builder:graph_builder.py:124 LLM 호출 중 오류 발생: expected string or bytes-like object, got 'AsyncMock'
WARNING  core.graph_builder:graph_builder.py:542 [RAG] [REWRITE] 모든 시도 실패, 원본 유지: expected string or bytes-like object, got 'AsyncMock'
ERROR    core.graph_builder:graph_builder.py:124 LLM 호출 중 오류 발생: expected string or bytes-like object, got 'AsyncMock'
WARNING  core.graph_builder:graph_builder.py:542 [RAG] [REWRITE] 모든 시도 실패, 원본 유지: expected string or bytes-like object, got 'AsyncMock'
ERROR    core.graph_builder:graph_builder.py:124 LLM 호출 중 오류 발생: expected string or bytes-like object, got 'AsyncMock'
WARNING  core.graph_builder:graph_builder.py:542 [RAG] [REWRITE] 모든 시도 실패, 원본 유지: expected string or bytes-like object, got 'AsyncMock'
ERROR    core.graph_builder:graph_builder.py:124 LLM 호출 중 오류 발생: expected string or bytes-like object, got 'AsyncMock'
WARNING  core.graph_builder:graph_builder.py:542 [RAG] [REWRITE] 모든 시도 실패, 원본 유지: expected string or bytes-like object, got 'AsyncMock'
ERROR    core.graph_builder:graph_builder.py:124 LLM 호출 중 오류 발생: expected string or bytes-like object, got 'AsyncMock'
WARNING  core.graph_builder:graph_builder.py:542 [RAG] [REWRITE] 모든 시도 실패, 원본 유지: expected string or bytes-like object, got 'AsyncMock'
ERROR    core.graph_builder:graph_builder.py:124 LLM 호출 중 오류 발생: expected string or bytes-like object, got 'AsyncMock'
WARNING  core.graph_builder:graph_builder.py:542 [RAG] [REWRITE] 모든 시도 실패, 원본 유지: expected string or bytes-like object, got 'AsyncMock'
ERROR    core.graph_builder:graph_builder.py:124 LLM 호출 중 오류 발생: expected string or bytes-like object, got 'AsyncMock'
WARNING  core.graph_builder:graph_builder.py:542 [RAG] [REWRITE] 모든 시도 실패, 원본 유지: expected string or bytes-like object, got 'AsyncMock'
ERROR    core.graph_builder:graph_builder.py:124 LLM 호출 중 오류 발생: expected string or bytes-like object, got 'AsyncMock'
WARNING  core.graph_builder:graph_builder.py:542 [RAG] [REWRITE] 모든 시도 실패, 원본 유지: expected string or bytes-like object, got 'AsyncMock'
ERROR    core.graph_builder:graph_builder.py:124 LLM 호출 중 오류 발생: expected string or bytes-like object, got 'AsyncMock'
WARNING  core.graph_builder:graph_builder.py:542 [RAG] [REWRITE] 모든 시도 실패, 원본 유지: expected string or bytes-like object, got 'AsyncMock'
ERROR    core.graph_builder:graph_builder.py:124 LLM 호출 중 오류 발생: expected string or bytes-like object, got 'AsyncMock'
WARNING  core.graph_builder:graph_builder.py:542 [RAG] [REWRITE] 모든 시도 실패, 원본 유지: expected string or bytes-like object, got 'AsyncMock'
ERROR    core.graph_builder:graph_builder.py:124 LLM 호출 중 오류 발생: expected string or bytes-like object, got 'AsyncMock'
WARNING  core.graph_builder:graph_builder.py:542 [RAG] [REWRITE] 모든 시도 실패, 원본 유지: expected string or bytes-like object, got 'AsyncMock'
ERROR    core.graph_builder:graph_builder.py:124 LLM 호출 중 오류 발생: expected string or bytes-like object, got 'AsyncMock'
WARNING  core.graph_builder:graph_builder.py:542 [RAG] [REWRITE] 모든 시도 실패, 원본 유지: expected string or bytes-like object, got 'AsyncMock'
ERROR    core.graph_builder:graph_builder.py:124 LLM 호출 중 오류 발생: expected string or bytes-like object, got 'AsyncMock'
WARNING  core.graph_builder:graph_builder.py:542 [RAG] [REWRITE] 모든 시도 실패, 원본 유지: expected string or bytes-like object, got 'AsyncMock'
ERROR    core.graph_builder:graph_builder.py:124 LLM 호출 중 오류 발생: expected string or bytes-like object, got 'AsyncMock'
WARNING  core.graph_builder:graph_builder.py:542 [RAG] [REWRITE] 모든 시도 실패, 원본 유지: expected string or bytes-like object, got 'AsyncMock'
ERROR    core.graph_builder:graph_builder.py:124 LLM 호출 중 오류 발생: expected string or bytes-like object, got 'AsyncMock'
WARNING  core.graph_builder:graph_builder.py:542 [RAG] [REWRITE] 모든 시도 실패, 원본 유지: expected string or bytes-like object, got 'AsyncMock'
ERROR    core.graph_builder:graph_builder.py:124 LLM 호출 중 오류 발생: expected string or bytes-like object, got 'AsyncMock'
WARNING  core.graph_builder:graph_builder.py:542 [RAG] [REWRITE] 모든 시도 실패, 원본 유지: expected string or bytes-like object, got 'AsyncMock'
ERROR    core.graph_builder:graph_builder.py:124 LLM 호출 중 오류 발생: expected string or bytes-like object, got 'AsyncMock'
WARNING  core.graph_builder:graph_builder.py:542 [RAG] [REWRITE] 모든 시도 실패, 원본 유지: expected string or bytes-like object, got 'AsyncMock'
ERROR    core.graph_builder:graph_builder.py:124 LLM 호출 중 오류 발생: expected string or bytes-like object, got 'AsyncMock'
WARNING  core.graph_builder:graph_builder.py:542 [RAG] [REWRITE] 모든 시도 실패, 원본 유지: expected string or bytes-like object, got 'AsyncMock'
ERROR    core.graph_builder:graph_builder.py:124 LLM 호출 중 오류 발생: expected string or bytes-like object, got 'AsyncMock'
WARNING  core.graph_builder:graph_builder.py:542 [RAG] [REWRITE] 모든 시도 실패, 원본 유지: expected string or bytes-like object, got 'AsyncMock'
ERROR    core.graph_builder:graph_builder.py:124 LLM 호출 중 오류 발생: expected string or bytes-like object, got 'AsyncMock'
WARNING  core.graph_builder:graph_builder.py:542 [RAG] [REWRITE] 모든 시도 실패, 원본 유지: expected string or bytes-like object, got 'AsyncMock'
ERROR    core.graph_builder:graph_builder.py:124 LLM 호출 중 오류 발생: expected string or bytes-like object, got 'AsyncMock'
WARNING  core.graph_builder:graph_builder.py:542 [RAG] [REWRITE] 모든 시도 실패, 원본 유지: expected string or bytes-like object, got 'AsyncMock'
ERROR    core.graph_builder:graph_builder.py:124 LLM 호출 중 오류 발생: expected string or bytes-like object, got 'AsyncMock'
WARNING  core.graph_builder:graph_builder.py:542 [RAG] [REWRITE] 모든 시도 실패, 원본 유지: expected string or bytes-like object, got 'AsyncMock'
ERROR    core.graph_builder:graph_builder.py:124 LLM 호출 중 오류 발생: expected string or bytes-like object, got 'AsyncMock'
WARNING  core.graph_builder:graph_builder.py:542 [RAG] [REWRITE] 모든 시도 실패, 원본 유지: expected string or bytes-like object, got 'AsyncMock'
ERROR    core.graph_builder:graph_builder.py:124 LLM 호출 중 오류 발생: expected string or bytes-like object, got 'AsyncMock'
WARNING  core.graph_builder:graph_builder.py:542 [RAG] [REWRITE] 모든 시도 실패, 원본 유지: expected string or bytes-like object, got 'AsyncMock'
ERROR    core.graph_builder:graph_builder.py:124 LLM 호출 중 오류 발생: expected string or bytes-like object, got 'AsyncMock'
WARNING  core.graph_builder:graph_builder.py:542 [RAG] [REWRITE] 모든 시도 실패, 원본 유지: expected string or bytes-like object, got 'AsyncMock'
ERROR    core.graph_builder:graph_builder.py:124 LLM 호출 중 오류 발생: expected string or bytes-like object, got 'AsyncMock'
WARNING  core.graph_builder:graph_builder.py:542 [RAG] [REWRITE] 모든 시도 실패, 원본 유지: expected string or bytes-like object, got 'AsyncMock'
ERROR    core.graph_builder:graph_builder.py:124 LLM 호출 중 오류 발생: expected string or bytes-like object, got 'AsyncMock'
WARNING  core.graph_builder:graph_builder.py:542 [RAG] [REWRITE] 모든 시도 실패, 원본 유지: expected string or bytes-like object, got 'AsyncMock'
ERROR    core.graph_builder:graph_builder.py:124 LLM 호출 중 오류 발생: expected string or bytes-like object, got 'AsyncMock'
WARNING  core.graph_builder:graph_builder.py:542 [RAG] [REWRITE] 모든 시도 실패, 원본 유지: expected string or bytes-like object, got 'AsyncMock'
ERROR    core.graph_builder:graph_builder.py:124 LLM 호출 중 오류 발생: expected string or bytes-like object, got 'AsyncMock'
WARNING  core.graph_builder:graph_builder.py:542 [RAG] [REWRITE] 모든 시도 실패, 원본 유지: expected string or bytes-like object, got 'AsyncMock'
ERROR    core.graph_builder:graph_builder.py:124 LLM 호출 중 오류 발생: expected string or bytes-like object, got 'AsyncMock'
WARNING  core.graph_builder:graph_builder.py:542 [RAG] [REWRITE] 모든 시도 실패, 원본 유지: expected string or bytes-like object, got 'AsyncMock'
ERROR    core.graph_builder:graph_builder.py:124 LLM 호출 중 오류 발생: expected string or bytes-like object, got 'AsyncMock'
WARNING  core.graph_builder:graph_builder.py:542 [RAG] [REWRITE] 모든 시도 실패, 원본 유지: expected string or bytes-like object, got 'AsyncMock'
ERROR    core.graph_builder:graph_builder.py:124 LLM 호출 중 오류 발생: expected string or bytes-like object, got 'AsyncMock'
WARNING  core.graph_builder:graph_builder.py:542 [RAG] [REWRITE] 모든 시도 실패, 원본 유지: expected string or bytes-like object, got 'AsyncMock'
ERROR    core.graph_builder:graph_builder.py:124 LLM 호출 중 오류 발생: expected string or bytes-like object, got 'AsyncMock'
WARNING  core.graph_builder:graph_builder.py:542 [RAG] [REWRITE] 모든 시도 실패, 원본 유지: expected string or bytes-like object, got 'AsyncMock'
ERROR    core.graph_builder:graph_builder.py:124 LLM 호출 중 오류 발생: expected string or bytes-like object, got 'AsyncMock'
WARNING  core.graph_builder:graph_builder.py:542 [RAG] [REWRITE] 모든 시도 실패, 원본 유지: expected string or bytes-like object, got 'AsyncMock'
=========================== short test summary info ===========================
FAILED tests/unit/test_graph_flow.py::test_workflow_cache_hit_path - TypeErro...
============================= 1 failed in 24.50s ==============================
