============================= test session starts =============================
platform win32 -- Python 3.12.7, pytest-8.3.2, pluggy-1.6.0 -- C:\Users\darkzard05\AppData\Local\Programs\Python\Python312\python.exe
cachedir: .pytest_cache
rootdir: C:\Users\darkzard05\hy\rag-system-ollama
plugins: anyio-4.8.0, cov-5.0.0, mock-3.14.0
collecting ... collected 23 items

tests/test_asyncio_optimization.py::TestAsyncConfig::test_async_config_custom_values PASSED [  4%]
tests/test_asyncio_optimization.py::TestAsyncConfig::test_async_config_default_values PASSED [  8%]
tests/test_asyncio_optimization.py::TestAsyncSemaphore::test_semaphore_multiple_concurrent PASSED [ 13%]
tests/test_asyncio_optimization.py::TestAsyncSemaphore::test_semaphore_single_acquisition PASSED [ 17%]
tests/test_asyncio_optimization.py::TestConcurrentQueryExpander::test_expand_single_query_helper PASSED [ 21%]
tests/test_asyncio_optimization.py::TestConcurrentQueryExpander::test_expansion_error_handling PASSED [ 26%]
tests/test_asyncio_optimization.py::TestConcurrentQueryExpander::test_expansion_with_timeout PASSED [ 30%]
tests/test_asyncio_optimization.py::TestConcurrentQueryExpander::test_multiple_queries_expansion PASSED [ 34%]
tests/test_asyncio_optimization.py::TestConcurrentQueryExpander::test_single_query_expansion PASSED [ 39%]
tests/test_asyncio_optimization.py::TestConcurrentDocumentRetriever::test_deduplication FAILED [ 43%]
tests/test_asyncio_optimization.py::TestConcurrentDocumentRetriever::test_no_deduplication PASSED [ 47%]
tests/test_asyncio_optimization.py::TestConcurrentDocumentRetriever::test_parallel_retrieval PASSED [ 52%]
tests/test_asyncio_optimization.py::TestConcurrentDocumentRetriever::test_retrieval_with_timeout PASSED [ 56%]
tests/test_asyncio_optimization.py::TestConcurrentDocumentReranker::test_batch_processing PASSED [ 60%]
tests/test_asyncio_optimization.py::TestConcurrentDocumentReranker::test_parallel_reranking PASSED [ 65%]
tests/test_asyncio_optimization.py::TestConcurrentDocumentReranker::test_reranking_with_timeout PASSED [ 69%]
tests/test_asyncio_optimization.py::TestConcurrentDocumentReranker::test_top_k_selection PASSED [ 73%]
tests/test_asyncio_optimization.py::TestConcurrentEmbeddingGenerator::test_batch_embedding_generation PASSED [ 78%]
tests/test_asyncio_optimization.py::TestConcurrentEmbeddingGenerator::test_cache_clearing PASSED [ 82%]
tests/test_asyncio_optimization.py::TestConcurrentEmbeddingGenerator::test_embedding_caching PASSED [ 86%]
tests/test_asyncio_optimization.py::TestConcurrentEmbeddingGenerator::test_parallel_embedding_generation PASSED [ 91%]
tests/test_asyncio_optimization.py::TestGlobalInstances::test_global_config_management PASSED [ 95%]
tests/test_asyncio_optimization.py::TestIntegration::test_full_pipeline PASSED [100%]

================================== FAILURES ===================================
_____________ TestConcurrentDocumentRetriever.test_deduplication ______________
tests\test_asyncio_optimization.py:218: in test_deduplication
    asyncio.run(_test())
..\..\AppData\Local\Programs\Python\Python312\Lib\asyncio\runners.py:194: in run
    return runner.run(main)
..\..\AppData\Local\Programs\Python\Python312\Lib\asyncio\runners.py:118: in run
    return self._loop.run_until_complete(task)
..\..\AppData\Local\Programs\Python\Python312\Lib\asyncio\base_events.py:687: in run_until_complete
    return future.result()
tests\test_asyncio_optimization.py:215: in _test
    self.assertEqual(len(docs), 1)
E   AssertionError: 2 != 1
=========================== short test summary info ===========================
FAILED tests/test_asyncio_optimization.py::TestConcurrentDocumentRetriever::test_deduplication
======================== 1 failed, 22 passed in 2.74s =========================
